03-28 18:32:34.048  1260  3178 I chatty  : uid=1000(system) NetworkStats expire 1 line
03-28 18:33:18.471  1260  1311 I chatty  : uid=1000(system) android.fg expire 2 lines
03-28 18:33:18.529  1260  3533 I chatty  : uid=1000(system) Binder:1260_6 expire 3 lines
03-28 18:33:46.944  1260  2836 I chatty  : uid=1000(system) AlarmManager expire 4 lines
03-28 18:33:46.965  1260  1290 I chatty  : uid=1000(system) ActivityManager expire 17 lines
03-28 18:33:47.031  1260  6808 I chatty  : uid=1000(system) Binder:1260_12 expire 11 lines
03-28 18:33:47.103 17578 17578 W ContextImpl: Calling a method in the system process without a qualified user: android.app.ContextImpl.startService:1362 android.content.ContextWrapper.startService:613 android.content.ContextWrapper.startService:613 com.sonymobile.smartcharger.chargingintelligentservice.ChargeStateLogger.onReceive:54 android.app.ActivityThread.handleReceiver:3085 
03-28 18:33:47.117  1260  4187 I chatty  : uid=1000(system) Binder:1260_E expire 3 lines
03-28 18:33:47.158  1260  3908 I chatty  : uid=1000(system) Binder:1260_A expire 5 lines
03-28 18:33:47.296  1260  6812 I chatty  : uid=1000(system) Binder:1260_15 expire 12 lines
03-28 18:33:47.316  1260  6597 I chatty  : uid=1000(system) Binder:1260_11 expire 4 lines
03-28 18:33:49.773  1260  2838 I chatty  : uid=1000(system) InputReader expire 1 line
03-28 18:33:49.773  1260  1317 I chatty  : uid=1000(system) PowerManagerSer expire 2 lines
03-28 18:33:49.774  1260  1313 I chatty  : uid=1000(system) android.display expire 1 line
03-28 18:33:49.779  1260  1260 I chatty  : uid=1000 system_server expire 1 line
03-28 18:33:49.850  1260  3189 I chatty  : uid=1000(system) WifiStateMachin expire 5 lines
03-28 18:33:50.029  1260  4162 I chatty  : uid=1000(system) Binder:1260_B expire 11 lines
03-28 18:33:50.031  1260  3616 I chatty  : uid=1000(system) Binder:1260_8 expire 4 lines
03-28 18:33:50.044  1260  3615 I chatty  : uid=1000(system) Binder:1260_7 expire 1 line
03-28 18:33:50.062  1260  6813 I chatty  : uid=1000(system) Binder:1260_16 expire 1 line
03-28 18:33:51.482  3287  3287 V KeyguardDisplayManager: hide
03-28 18:33:51.490  1260  4164 I chatty  : uid=1000(system) Binder:1260_C expire 4 lines
03-28 18:33:51.501   467   476 D VoldCryptCmdListener: cryptfs getpwtype
03-28 18:33:51.501  1260  2841 I chatty  : uid=1000(system) CryptdConnector expire 1 line
03-28 18:33:51.583  1260  4186 I chatty  : uid=1000(system) Binder:1260_D expire 19 lines
03-28 18:33:52.098  1260  4330 I chatty  : uid=1000(system) Binder:1260_F expire 2 lines
03-28 18:33:52.107  1260  3213 I chatty  : uid=1000(system) Binder:1260_3 expire 5 lines
03-28 18:33:54.152  1260  3263 I chatty  : uid=1000(system) Binder:1260_4 expire 2 lines
03-28 18:33:57.562  1260  6810 I chatty  : uid=1000(system) Binder:1260_13 expire 3 lines
03-28 18:33:57.567  1260  6814 I chatty  : uid=1000(system) Binder:1260_17 expire 1 line
03-28 18:33:57.598  1260  6811 I chatty  : uid=1000(system) Binder:1260_14 expire 10 lines
03-28 18:34:02.384  1260  3532 I chatty  : uid=1000(system) Binder:1260_5 expire 2 lines
03-28 18:34:02.392  1260  3693 I chatty  : uid=1000(system) Binder:1260_9 expire 1 line
03-28 18:34:36.169  1260  3178 I chatty  : uid=1000(system) NetworkStats expire 1 line
03-28 18:35:06.374  1260  2837 I chatty  : uid=1000(system) InputDispatcher expire 2 lines
03-28 18:35:06.375  1260  1290 I chatty  : uid=1000(system) ActivityManager expire 11 lines
03-28 18:35:06.784  1260  6814 I chatty  : uid=1000(system) Binder:1260_17 expire 3 lines
03-28 18:35:06.817  1260  3532 I chatty  : uid=1000(system) Binder:1260_5 expire 3 lines
03-28 18:35:06.821  1260  4330 I chatty  : uid=1000(system) Binder:1260_F expire 4 lines
03-28 18:35:06.826  1260  4164 I chatty  : uid=1000(system) Binder:1260_C expire 4 lines
03-28 18:35:07.663  1260  2838 I chatty  : uid=1000(system) InputReader expire 3 lines
03-28 18:35:08.055  1260  1313 I chatty  : uid=1000(system) android.display expire 6 lines
03-28 18:35:08.245  1260  1317 I chatty  : uid=1000(system) PowerManagerSer expire 4 lines
03-28 18:35:08.250  1260  1260 I chatty  : uid=1000 system_server expire 9 lines
03-28 18:35:08.382  3287  3287 V KeyguardStatusView: refresh statusview showing:true
03-28 18:35:08.396  3287  3287 V KeyguardDisplayManager: show
03-28 18:35:08.448  1260  5387 I chatty  : uid=1000(system) Binder:1260_10 expire 3 lines
03-28 18:35:08.603  1260  3263 I chatty  : uid=1000(system) Binder:1260_4 expire 1 line
03-28 18:35:16.435  1260  3615 I chatty  : uid=1000(system) Binder:1260_7 expire 2 lines
03-28 18:35:17.344  1260  1275 I chatty  : uid=1000(system) Binder:1260_1 expire 1 line
03-28 18:35:17.402  1260  1276 I chatty  : uid=1000(system) Binder:1260_2 expire 2 lines
03-28 18:35:20.183  1260  3533 I chatty  : uid=1000(system) Binder:1260_6 expire 1 line
03-28 18:35:20.183  1260  3693 I chatty  : uid=1000(system) Binder:1260_9 expire 4 lines
03-28 18:35:20.186  1260  4187 I chatty  : uid=1000(system) Binder:1260_E expire 3 lines
03-28 18:35:20.200  1260  3908 I chatty  : uid=1000(system) Binder:1260_A expire 2 lines
03-28 18:35:20.237  1260  6810 I chatty  : uid=1000(system) Binder:1260_13 expire 6 lines
03-28 18:35:20.867  3287  3287 V KeyguardDisplayManager: hide
03-28 18:35:20.870  1260  6813 I chatty  : uid=1000(system) Binder:1260_16 expire 6 lines
03-28 18:35:20.976  1260  6808 I chatty  : uid=1000(system) Binder:1260_12 expire 2 lines
03-28 18:35:24.502  1260  3189 I chatty  : uid=1000(system) WifiStateMachin expire 1 line
03-28 18:35:36.930  1260  4162 I chatty  : uid=1000(system) Binder:1260_B expire 2 lines
03-28 18:35:53.993  1260  1294 I chatty  : uid=1000(system) batterystats-sy expire 4 lines
03-28 18:36:00.001  1260  2836 I chatty  : uid=1000(system) AlarmManager expire 11 lines
03-28 18:36:00.142  1260  3616 I chatty  : uid=1000(system) Binder:1260_8 expire 1 line
03-28 18:37:19.157  3287  3287 V KeyguardStatusView: refresh statusview showing:true
03-28 18:37:19.172  3287  3287 V KeyguardDisplayManager: show
03-28 18:37:50.470  1260  1311 I chatty  : uid=1000(system) android.fg expire 20 lines
03-28 18:37:50.473  1260  6812 I chatty  : uid=1000(system) Binder:1260_15 expire 3 lines
03-28 18:38:47.275  1260  4186 I chatty  : uid=1000(system) Binder:1260_D expire 1 line
03-28 18:39:19.130  1260  6597 I chatty  : uid=1000(system) Binder:1260_11 expire 2 lines
03-28 18:40:02.865 13600 13695 W ContextImpl: Calling a method in the system process without a qualified user: android.app.ContextImpl.bindService:1426 android.content.ContextWrapper.bindService:636 com.google.android.gms.common.stats.zzb.zza:-1 com.google.android.gms.common.stats.zzb.zza:-1 com.google.android.gms.ads.identifier.AdvertisingIdClient.zzp:-1 
03-28 18:40:31.038  1260  1290 I chatty  : uid=1000(system) ActivityManager expire 4 lines
03-28 18:41:16.244  1260  3213 I chatty  : uid=1000(system) Binder:1260_3 expire 2 lines
03-28 18:43:31.863  1260  1294 I chatty  : uid=1000(system) batterystats-sy expire 7 lines
03-28 18:43:31.945  1260  1290 I chatty  : uid=1000(system) ActivityManager expire 17 lines
03-28 18:43:31.948  1260  3532 I chatty  : uid=1000(system) Binder:1260_5 expire 3 lines
03-28 18:43:45.530  1260  2836 I chatty  : uid=1000(system) AlarmManager expire 5 lines
03-28 18:43:45.628 17578 17578 W ContextImpl: Calling a method in the system process without a qualified user: android.app.ContextImpl.startService:1362 android.content.ContextWrapper.startService:613 android.content.ContextWrapper.startService:613 com.sonymobile.smartcharger.chargingintelligentservice.ChargeStateLogger.onReceive:54 android.app.ActivityThread.handleReceiver:3085 
03-28 18:43:45.633  1260  3615 I chatty  : uid=1000(system) Binder:1260_7 expire 3 lines
03-28 18:43:56.670  1260  1311 I chatty  : uid=1000(system) android.fg expire 32 lines
03-28 18:43:56.679  1260  5387 I chatty  : uid=1000(system) Binder:1260_10 expire 4 lines
03-28 18:44:16.986  1260  4162 I chatty  : uid=1000(system) Binder:1260_B expire 5 lines
03-28 18:44:17.017  1260  6810 I chatty  : uid=1000(system) Binder:1260_13 expire 1 line
03-28 18:44:50.152  1260  6811 I chatty  : uid=1000(system) Binder:1260_14 expire 4 lines
03-28 18:44:50.234  1260  1314 I chatty  : uid=1000(system) CpuTracker expire 1 line
03-28 18:45:02.145  1260  3908 I chatty  : uid=1000(system) Binder:1260_A expire 4 lines
03-28 18:45:08.035  1260  1260 I chatty  : uid=1000 system_server expire 8 lines
03-28 18:45:22.072  1260  1275 I chatty  : uid=1000(system) Binder:1260_1 expire 2 lines
03-28 18:45:29.179  1260  6814 I chatty  : uid=1000(system) Binder:1260_17 expire 6 lines
03-28 18:45:47.305  1260  4187 I chatty  : uid=1000(system) Binder:1260_E expire 1 line
03-28 18:46:08.350  4172  4276 W ContextImpl: Calling a method in the system process without a qualified user: android.app.ContextImpl.bindService:1426 android.content.ContextWrapper.bindService:636 com.google.android.gms.ads.identifier.AdvertisingIdClient.h:-1 com.google.android.gms.ads.identifier.AdvertisingIdClient.b:-1 com.google.android.gms.ads.identifier.AdvertisingIdClient.getAdvertisingIdInfo:-1 
03-28 18:46:16.840  1260  6808 I chatty  : uid=1000(system) Binder:1260_12 expire 2 lines
03-28 18:47:17.012  1260  1276 I chatty  : uid=1000(system) Binder:1260_2 expire 3 lines
03-28 18:47:37.552  1260  4186 I chatty  : uid=1000(system) Binder:1260_D expire 2 lines
03-28 18:48:47.945  1260  3616 I chatty  : uid=1000(system) Binder:1260_8 expire 2 lines
03-28 18:49:57.270  1260  6813 I chatty  : uid=1000(system) Binder:1260_16 expire 1 line
03-28 18:50:12.312  1260  3693 I chatty  : uid=1000(system) Binder:1260_9 expire 2 lines
03-28 18:50:38.113  1260  4164 I chatty  : uid=1000(system) Binder:1260_C expire 3 lines
03-28 18:51:08.414  1260  1289 I chatty  : uid=1000(system) android.bg expire 1 line
03-28 18:51:40.083  1260  3263 I chatty  : uid=1000(system) Binder:1260_4 expire 1 line
03-28 18:52:30.160  1260  6812 I chatty  : uid=1000(system) Binder:1260_15 expire 1 line
03-28 18:53:41.583  1260  4330 I chatty  : uid=1000(system) Binder:1260_F expire 3 lines
03-28 18:53:41.797  1260  6597 I chatty  : uid=1000(system) Binder:1260_11 expire 2 lines
03-28 18:53:46.682  1260  2838 I chatty  : uid=1000(system) InputReader expire 1 line
03-28 18:53:46.684  1260  1317 I chatty  : uid=1000(system) PowerManagerSer expire 2 lines
03-28 18:53:46.685  1260  1313 I chatty  : uid=1000(system) android.display expire 1 line
03-28 18:53:46.850  1260  3533 I chatty  : uid=1000(system) Binder:1260_6 expire 1 line
03-28 18:53:47.000  1260  3189 I chatty  : uid=1000(system) WifiStateMachin expire 1 line
03-28 18:53:47.830  3287  3287 V KeyguardDisplayManager: hide
03-28 18:53:47.848  1260  1290 I chatty  : uid=1000(system) ActivityManager expire 5 lines
03-28 18:53:47.959  1260  5387 I chatty  : uid=1000(system) Binder:1260_10 expire 9 lines
03-28 18:53:50.446  1260  4330 I chatty  : uid=1000(system) Binder:1260_F expire 3 lines
03-28 18:53:50.449  1260  4187 I chatty  : uid=1000(system) Binder:1260_E expire 7 lines
03-28 18:53:50.457  1260  6813 I chatty  : uid=1000(system) Binder:1260_16 expire 2 lines
03-28 18:53:50.460  1260  1276 I chatty  : uid=1000(system) Binder:1260_2 expire 4 lines
03-28 18:53:50.476  1260  6812 I chatty  : uid=1000(system) Binder:1260_15 expire 2 lines
03-28 18:53:50.505  1260  4162 I chatty  : uid=1000(system) Binder:1260_B expire 7 lines
03-28 18:53:50.512  1260  4186 I chatty  : uid=1000(system) Binder:1260_D expire 6 lines
03-28 18:53:50.516  1260  3532 I chatty  : uid=1000(system) Binder:1260_5 expire 4 lines
03-28 18:53:50.812  1260  3615 I chatty  : uid=1000(system) Binder:1260_7 expire 5 lines
03-28 18:53:50.828  1260  6810 I chatty  : uid=1000(system) Binder:1260_13 expire 5 lines
03-28 18:53:51.602  1260  3693 I chatty  : uid=1000(system) Binder:1260_9 expire 5 lines
03-28 18:53:53.004  1260  1275 I chatty  : uid=1000(system) Binder:1260_1 expire 10 lines
03-28 18:53:54.974  1260  6808 I chatty  : uid=1000(system) Binder:1260_12 expire 9 lines
03-28 18:53:56.818  1260  3908 I chatty  : uid=1000(system) Binder:1260_A expire 7 lines
03-28 18:53:58.897  1260  3213 I chatty  : uid=1000(system) Binder:1260_3 expire 5 lines
03-28 18:53:59.015  1260  3263 I chatty  : uid=1000(system) Binder:1260_4 expire 3 lines
03-28 18:53:59.056  1260  4164 I chatty  : uid=1000(system) Binder:1260_C expire 7 lines
03-28 18:54:00.001  1260  2836 I chatty  : uid=1000(system) AlarmManager expire 2 lines
03-28 18:54:00.196  1260  6811 I chatty  : uid=1000(system) Binder:1260_14 expire 5 lines
03-28 18:54:08.926  1260  3533 I chatty  : uid=1000(system) Binder:1260_6 expire 2 lines
03-28 18:54:11.662  1260  6597 I chatty  : uid=1000(system) Binder:1260_11 expire 4 lines
03-28 18:54:18.263  1260  3616 I chatty  : uid=1000(system) Binder:1260_8 expire 1 line
03-28 18:54:27.802  1260  1260 I chatty  : uid=1000 system_server expire 1 line
03-28 18:55:02.257  1260  6814 I chatty  : uid=1000(system) Binder:1260_17 expire 1 line
03-28 18:55:02.927 13600 13695 W ContextImpl: Calling a method in the system process without a qualified user: android.app.ContextImpl.bindService:1426 android.content.ContextWrapper.bindService:636 com.google.android.gms.common.stats.zzb.zza:-1 com.google.android.gms.common.stats.zzb.zza:-1 com.google.android.gms.ads.identifier.AdvertisingIdClient.zzp:-1 
03-28 18:55:16.642  1260  1313 I chatty  : uid=1000(system) android.display expire 5 lines
03-28 18:55:38.866  1260  6811 I chatty  : uid=1000(system) Binder:1260_14 expire 5 lines
03-28 18:55:43.153  1260  3693 I chatty  : uid=1000(system) Binder:1260_9 expire 4 lines
03-28 18:55:43.908  1260  3263 I chatty  : uid=1000(system) Binder:1260_4 expire 4 lines
03-28 18:55:44.349  1260  6597 I chatty  : uid=1000(system) Binder:1260_11 expire 4 lines
03-28 18:55:45.348  1260  5387 I chatty  : uid=1000(system) Binder:1260_10 expire 1 line
03-28 18:55:46.320  1260  4162 I chatty  : uid=1000(system) Binder:1260_B expire 8 lines
03-28 18:55:46.646  1260  3532 I chatty  : uid=1000(system) Binder:1260_5 expire 3 lines
03-28 18:55:46.781  1260  3615 I chatty  : uid=1000(system) Binder:1260_7 expire 5 lines
03-28 18:55:46.913  1260  6812 I chatty  : uid=1000(system) Binder:1260_15 expire 4 lines
03-28 18:55:47.493  1260  4330 I chatty  : uid=1000(system) Binder:1260_F expire 4 lines
03-28 18:55:48.122  1260  4187 I chatty  : uid=1000(system) Binder:1260_E expire 3 lines
03-28 18:55:48.886  1260  6813 I chatty  : uid=1000(system) Binder:1260_16 expire 3 lines
03-28 18:55:49.135  1260  3213 I chatty  : uid=1000(system) Binder:1260_3 expire 6 lines
03-28 18:56:00.001  1260  2836 I chatty  : uid=1000(system) AlarmManager expire 4 lines
03-28 18:56:00.130  1260  4186 I chatty  : uid=1000(system) Binder:1260_D expire 5 lines
03-28 18:56:44.699  1260  4164 I chatty  : uid=1000(system) Binder:1260_C expire 7 lines
03-28 18:56:44.723  1260  1290 I chatty  : uid=1000(system) ActivityManager expire 10 lines
03-28 18:56:44.805  1260  3533 I chatty  : uid=1000(system) Binder:1260_6 expire 8 lines
03-28 18:56:44.848  1260  1275 I chatty  : uid=1000(system) Binder:1260_1 expire 1 line
03-28 18:56:44.871  1260  1276 I chatty  : uid=1000(system) Binder:1260_2 expire 13 lines
03-28 18:56:45.070  3304  3335 E ActivityThread: Failed to find provider info for com.facebook.appmanager.oxygen.nekodirect.progress
03-28 18:57:15.464  1260  1260 I chatty  : uid=1000 system_server expire 3 lines
03-28 18:57:45.867  1260  6808 I chatty  : uid=1000(system) Binder:1260_12 expire 2 lines
03-28 18:57:59.885  1260  3616 I chatty  : uid=1000(system) Binder:1260_8 expire 1 line
03-28 18:57:59.928  1260  6814 I chatty  : uid=1000(system) Binder:1260_17 expire 4 lines
03-28 18:58:02.292  1260  1317 I chatty  : uid=1000(system) PowerManagerSer expire 5 lines
03-28 18:58:03.207  1260  6810 I chatty  : uid=1000(system) Binder:1260_13 expire 4 lines
03-28 18:58:07.388  3287  3287 V KeyguardStatusView: refresh statusview showing:true
03-28 18:58:07.404  3287  3287 V KeyguardDisplayManager: show
03-28 18:58:14.570  1260  2838 I chatty  : uid=1000(system) InputReader expire 1 line
03-28 18:58:14.923  1260  3908 I chatty  : uid=1000(system) Binder:1260_A expire 3 lines
03-28 18:58:16.023  1260  1289 I chatty  : uid=1000(system) android.bg expire 1 line
03-28 18:58:16.062  3287  3287 V KeyguardDisplayManager: hide
03-28 18:58:17.349  5207  5207 D ActivityThread: Loading provider contacts;com.android.contacts: com.android.providers.contacts.SemcContactsProvider2
03-28 18:58:17.874  1260  1290 I chatty  : uid=1000(system) ActivityManager expire 6 lines
03-28 18:58:19.185  1260  3189 I chatty  : uid=1000(system) WifiStateMachin expire 1 line
03-28 18:58:22.636  1260  6814 I chatty  : uid=1000(system) Binder:1260_17 expire 11 lines
03-28 18:58:22.936  1260  5387 I chatty  : uid=1000(system) Binder:1260_10 expire 2 lines
03-28 18:58:23.312  1260  6597 I chatty  : uid=1000(system) Binder:1260_11 expire 13 lines
03-28 18:58:23.742  1260  3615 I chatty  : uid=1000(system) Binder:1260_7 expire 3 lines
03-28 18:58:24.225  1260  1275 I chatty  : uid=1000(system) Binder:1260_1 expire 4 lines
03-28 18:58:24.618  1260  4164 I chatty  : uid=1000(system) Binder:1260_C expire 3 lines
03-28 18:58:28.053  1260  3616 I chatty  : uid=1000(system) Binder:1260_8 expire 11 lines
03-28 18:58:30.330  1260  6810 I chatty  : uid=1000(system) Binder:1260_13 expire 11 lines
03-28 18:58:31.373  1260  6813 I chatty  : uid=1000(system) Binder:1260_16 expire 4 lines
03-28 18:58:31.374  1260  4330 I chatty  : uid=1000(system) Binder:1260_F expire 3 lines
03-28 18:58:31.380  1260  6812 I chatty  : uid=1000(system) Binder:1260_15 expire 3 lines
03-28 18:58:31.384  1260  1276 I chatty  : uid=1000(system) Binder:1260_2 expire 11 lines
03-28 18:58:34.524  1260  3908 I chatty  : uid=1000(system) Binder:1260_A expire 2 lines
03-28 18:58:36.374  1260  3532 I chatty  : uid=1000(system) Binder:1260_5 expire 2 lines
03-28 18:58:36.392  1260  3213 I chatty  : uid=1000(system) Binder:1260_3 expire 5 lines
03-28 18:58:36.401  1260  4162 I chatty  : uid=1000(system) Binder:1260_B expire 3 lines
03-28 18:58:36.406  1260  4187 I chatty  : uid=1000(system) Binder:1260_E expire 2 lines
03-28 18:58:45.874  1260  3533 I chatty  : uid=1000(system) Binder:1260_6 expire 2 lines
03-28 18:58:45.895  1260  3263 I chatty  : uid=1000(system) Binder:1260_4 expire 2 lines
03-28 18:58:48.708  1260  2836 I chatty  : uid=1000(system) AlarmManager expire 8 lines
03-28 18:58:48.777  1260  3178 I chatty  : uid=1000(system) NetworkStats expire 2 lines
03-28 18:58:48.803 17578 17578 W ContextImpl: Calling a method in the system process without a qualified user: android.app.ContextImpl.startService:1362 android.content.ContextWrapper.startService:613 android.content.ContextWrapper.startService:613 com.sonymobile.smartcharger.chargingintelligentservice.ChargeStateLogger.onReceive:54 android.app.ActivityThread.handleReceiver:3085 
03-28 18:58:48.808  1260  6811 I chatty  : uid=1000(system) Binder:1260_14 expire 2 lines
03-28 18:58:48.828  1260  4186 I chatty  : uid=1000(system) Binder:1260_D expire 1 line
03-28 18:58:48.854  1260  3616 I chatty  : uid=1000(system) Binder:1260_8 expire 2 lines
03-28 18:58:48.905  1260  1260 I chatty  : uid=1000 system_server expire 3 lines
03-28 18:58:49.356  1260  6814 I chatty  : uid=1000(system) Binder:1260_17 expire 1 line
03-28 18:58:58.941  1260  1276 I chatty  : uid=1000(system) Binder:1260_2 expire 1 line
03-28 18:58:59.439  1260  3693 I chatty  : uid=1000(system) Binder:1260_9 expire 1 line
03-28 18:59:03.727  1260  2838 I chatty  : uid=1000(system) InputReader expire 1 line
03-28 18:59:03.771  1260  6597 I chatty  : uid=1000(system) Binder:1260_11 expire 2 lines
03-28 18:59:04.124  1260  1313 I chatty  : uid=1000(system) android.display expire 1 line
03-28 18:59:04.319  1260  1317 I chatty  : uid=1000(system) PowerManagerSer expire 1 line
03-28 18:59:04.432  3287  3287 V KeyguardStatusView: refresh statusview showing:true
03-28 18:59:04.454  3287  3287 V KeyguardDisplayManager: show
03-28 18:59:19.750  1260  1311 I chatty  : uid=1000(system) android.fg expire 4 lines
03-28 18:59:19.869  1260  6808 I chatty  : uid=1000(system) Binder:1260_12 expire 1 line
03-28 18:59:39.712  1260  6810 I chatty  : uid=1000(system) Binder:1260_13 expire 1 line
03-28 18:59:54.447  1260  1294 E BatteryStatsService: no controller energy info supplied
03-28 18:59:54.467  1260  1294 E KernelCpuSpeedReader: Failed to read cpu-freq: /sys/devices/system/cpu/cpu4/cpufreq/stats/time_in_state (No such file or directory)
03-28 18:59:54.491  1260  1294 E BatteryStatsService: modem info is invalid: ModemActivityInfo{ mTimestamp=16749365 mSleepTimeMs=0 mIdleTimeMs=472393 mTxTimeMs[]=[10, 12, 2, 0, 0] mRxTimeMs=-24 mEnergyUsed=0}
03-28 18:59:54.520  1260  1290 W ProcessCpuTracker: Skipping unknown process pid 6757
03-28 18:59:58.750  1260  1311 I BroadcastQueue: am_broadcast_enqueue: [background,1,Intent { act=android.net.conn.DATA_ACTIVITY_CHANGE flg=0x10 (has extras) },1]
03-28 18:59:58.753  1260  6810 I BroadcastQueue: am_broadcast_finished: [background,1,Intent { act=android.net.conn.DATA_ACTIVITY_CHANGE flg=0x10 (has extras) }]
03-28 19:00:04.926  1260  1311 I BroadcastQueue: am_broadcast_enqueue: [background,1,Intent { act=android.net.conn.DATA_ACTIVITY_CHANGE flg=0x10 (has extras) },1]
03-28 19:00:04.928  1260  3533 I BroadcastQueue: am_broadcast_finished: [background,1,Intent { act=android.net.conn.DATA_ACTIVITY_CHANGE flg=0x10 (has extras) }]
03-28 19:00:12.414  1260  2836 I BroadcastQueue: am_broadcast_enqueue: [foreground,1,Intent { act=android.intent.action.TIME_TICK flg=0x50000014 (has extras) },15]
03-28 19:00:12.419  1260  2836 I BroadcastQueue: am_broadcast_enqueue: [background,1,Intent { act=com.google.android.gms.gcm.ACTION_CHECK_QUEUE flg=0x14 (has extras) },1]
03-28 19:00:12.437  1260  3532 I BroadcastQueue: am_broadcast_finished: [background,1,Intent { act=com.google.android.gms.gcm.ACTION_CHECK_QUEUE flg=0x14 (has extras) }]
03-28 19:00:12.604  1260  3213 I BroadcastQueue: am_broadcast_finished: [foreground,1,Intent { act=android.intent.action.TIME_TICK flg=0x50000014 (has extras) }]
03-28 19:00:19.467  1260  2838 I PowerManagerService: Waking up from sleep (uid 1000)...
03-28 19:00:19.468  1260  1260 I BroadcastQueue: am_broadcast_enqueue: [foreground,1,Intent { act=android.intent.action.SCREEN_ON flg=0x50000010 },38]
03-28 19:00:19.470  1260  1317 I DisplayPowerController: Blocking screen on until initial contents have been drawn.
03-28 19:00:19.473  1260  1313 I DisplayManagerService: Display device changed state: "cran intgr", ON
03-28 19:00:19.671  1260  1317 I DisplayPowerController: Unblocked screen on after 201 ms
03-28 19:00:19.749  1260  4162 W ActivityManager: Permission Denial: Accessing service ComponentInfo{com.sonyericsson.album/com.sonymobile.somcmediarouter.provider.dlna.DlnaMediaRouteProviderService} from pid=5438, uid=10047 that is not exported from uid 10084
03-28 19:00:19.752  1260  5387 W ActivityManager: Permission Denial: Accessing service ComponentInfo{com.sonyericsson.music/com.sonymobile.somcmediarouter.provider.dlna.DlnaMediaRouteProviderService} from pid=5438, uid=10047 that is not exported from uid 10064
03-28 19:00:19.753  1260  3213 I BroadcastQueue: am_broadcast_finished: [foreground,1,Intent { act=android.intent.action.SCREEN_ON flg=0x50000010 }]
03-28 19:00:19.767  1260  3532 I BroadcastQueue: am_broadcast_enqueue: [background,0,Intent { act=android.net.conn.CONNECTIVITY_CHANGE flg=0x4000010 (has extras) },1]
03-28 19:00:19.768  1260  1290 I BroadcastQueue: am_broadcast_finished: [background,0,Intent { act=android.net.conn.CONNECTIVITY_CHANGE flg=0x4000010 (has extras) }]
03-28 19:00:19.785  1260  4164 I BroadcastQueue: am_broadcast_enqueue: [background,0,Intent { act=android.net.conn.CONNECTIVITY_CHANGE flg=0x4000010 (has extras) },1]
03-28 19:00:19.786  1260  1290 I BroadcastQueue: am_broadcast_finished: [background,0,Intent { act=android.net.conn.CONNECTIVITY_CHANGE flg=0x4000010 (has extras) }]
03-28 19:00:19.813  1260  3533 I BroadcastQueue: am_broadcast_enqueue: [background,0,Intent { act=android.net.conn.CONNECTIVITY_CHANGE flg=0x4000010 (has extras) },1]
03-28 19:00:19.813  1260  1290 I BroadcastQueue: am_broadcast_finished: [background,0,Intent { act=android.net.conn.CONNECTIVITY_CHANGE flg=0x4000010 (has extras) }]
03-28 19:00:20.801  3287  3287 V KeyguardDisplayManager: hide
03-28 19:00:20.806  1260  6811 I BroadcastQueue: am_broadcast_enqueue: [background,0,Intent { act=android.intent.action.USER_PRESENT flg=0x24000010 },13]
03-28 19:00:20.806  1260  6811 I BroadcastQueue: am_broadcast_enqueue: [background,1,Intent { act=android.intent.action.USER_PRESENT flg=0x24000010 },10]
03-28 19:00:20.807  1260  1290 I BroadcastQueue: am_broadcast_finished: [background,0,Intent { act=android.intent.action.USER_PRESENT flg=0x24000010 }]
03-28 19:00:20.834  1260  1275 W InputMethodManagerService: Window already focused, ignoring focus gain of: com.android.internal.view.IInputMethodClient$Stub$Proxy@6788fcc attribute=null, token = android.os.BinderProxy@5aa582c
03-28 19:00:20.879  1260  3693 W BroadcastQueue: Permission Denial: broadcasting Intent { act=android.intent.action.USER_PRESENT flg=0x24000010 } from com.android.systemui (pid=3287, uid=10076) is not exported from uid 10055 due to receiver com.sonymobile.mx.android/.receivers.StopMessageReceiver
03-28 19:00:20.898  1260  6810 I BroadcastQueue: am_broadcast_finished: [background,1,Intent { act=android.intent.action.USER_PRESENT flg=0x24000010 }]
03-28 19:00:21.991  1260  3213 I BroadcastQueue: am_broadcast_enqueue: [background,1,Intent { act=com.facebook.orca.notify.ACTION_CLEAR_THREAD flg=0x10 pkg=com.facebook.orca (has extras) },1]
03-28 19:00:21.995  1260  3263 I BroadcastQueue: am_broadcast_enqueue: [background,1,Intent { act=com.facebook.orca.notify.ACTION_CLEAR_FRIEND_INSTALL flg=0x10 pkg=com.facebook.orca (has extras) },1]
03-28 19:00:22.038  1260  4162 I BroadcastQueue: am_broadcast_finished: [background,1,Intent { act=com.facebook.orca.notify.ACTION_CLEAR_THREAD flg=0x10 pkg=com.facebook.orca (has extras) }]
03-28 19:00:22.046  1260  4162 I BroadcastQueue: am_broadcast_finished: [background,1,Intent { act=com.facebook.orca.notify.ACTION_CLEAR_FRIEND_INSTALL flg=0x10 pkg=com.facebook.orca (has extras) }]
03-28 19:00:22.359  1260  6811 I BroadcastQueue: am_broadcast_enqueue: [background,1,Intent { act=com.facebook.orca.notify.ACTION_CLEAR_THREAD flg=0x10 pkg=com.facebook.orca (has extras) },1]
03-28 19:00:22.362  1260  6814 I BroadcastQueue: am_broadcast_enqueue: [background,1,Intent { act=com.facebook.orca.notify.ACTION_CLEAR_FRIEND_INSTALL flg=0x10 pkg=com.facebook.orca (has extras) },1]
03-28 19:00:22.371  1260  6808 I BroadcastQueue: am_broadcast_finished: [background,1,Intent { act=com.facebook.orca.notify.ACTION_CLEAR_THREAD flg=0x10 pkg=com.facebook.orca (has extras) }]
03-28 19:00:22.390  1260  6810 I BroadcastQueue: am_broadcast_finished: [background,1,Intent { act=com.facebook.orca.notify.ACTION_CLEAR_FRIEND_INSTALL flg=0x10 pkg=com.facebook.orca (has extras) }]
03-28 19:00:23.398  1260  6812 I WindowManager: Destroying surface Surface(name=PopupWindow:5d61397) called by com.android.server.wm.WindowStateAnimator.destroySurface:2022 com.android.server.wm.WindowStateAnimator.destroySurfaceLocked:889 com.android.server.wm.WindowState.removeLocked:1449 com.android.server.wm.WindowManagerService.removeWindowInnerLocked:2501 com.android.server.wm.WindowManagerService.removeWindowLocked:2459 com.android.server.wm.WindowManagerService.removeWindowLocked:2328 com.android.server.wm.WindowManagerService.removeWindow:2323 com.android.server.wm.Session.remove:193 
03-28 19:00:24.039  1260  1276 I WindowManager: Destroying surface Surface(name=PopupWindow:5d61397) called by com.android.server.wm.WindowStateAnimator.destroySurface:2022 com.android.server.wm.WindowStateAnimator.destroySurfaceLocked:889 com.android.server.wm.WindowState.removeLocked:1449 com.android.server.wm.WindowManagerService.removeWindowInnerLocked:2501 com.android.server.wm.WindowManagerService.removeWindowLocked:2459 com.android.server.wm.WindowManagerService.removeWindowLocked:2328 com.android.server.wm.WindowManagerService.removeWindow:2323 com.android.server.wm.Session.remove:193 
03-28 19:00:24.096  1260  3189 I BroadcastQueue: am_broadcast_enqueue: [background,0,Intent { act=android.net.wifi.SCAN_RESULTS flg=0x4000010 (has extras) },3]
03-28 19:00:24.099  1260  1290 I BroadcastQueue: am_broadcast_finished: [background,0,Intent { act=android.net.wifi.SCAN_RESULTS flg=0x4000010 (has extras) }]
03-28 19:00:25.322  1260  3213 I WindowManager: Destroying surface Surface(name=PopupWindow:5d61397) called by com.android.server.wm.WindowStateAnimator.destroySurface:2022 com.android.server.wm.WindowStateAnimator.destroySurfaceLocked:889 com.android.server.wm.WindowState.removeLocked:1449 com.android.server.wm.WindowManagerService.removeWindowInnerLocked:2501 com.android.server.wm.WindowManagerService.removeWindowLocked:2459 com.android.server.wm.WindowManagerService.removeWindowLocked:2328 com.android.server.wm.WindowManagerService.removeWindow:2323 com.android.server.wm.Session.remove:193 
03-28 19:00:25.711  1260  4162 I WindowManager: Destroying surface Surface(name=PopupWindow:cc8e613) called by com.android.server.wm.WindowStateAnimator.destroySurface:2022 com.android.server.wm.WindowStateAnimator.destroySurfaceLocked:889 com.android.server.wm.WindowState.removeLocked:1449 com.android.server.wm.WindowManagerService.removeWindowInnerLocked:2501 com.android.server.wm.WindowManagerService.removeWindowLocked:2459 com.android.server.wm.WindowManagerService.removeWindowLocked:2328 com.android.server.wm.WindowManagerService.removeWindow:2323 com.android.server.wm.Session.remove:193 
03-28 19:00:26.123  1260  3213 I WindowManager: Destroying surface Surface(name=PopupWindow:cc8e613) called by com.android.server.wm.WindowStateAnimator.destroySurface:2022 com.android.server.wm.WindowStateAnimator.destroySurfaceLocked:889 com.android.server.wm.WindowState.removeLocked:1449 com.android.server.wm.WindowManagerService.removeWindowInnerLocked:2501 com.android.server.wm.WindowManagerService.removeWindowLocked:2459 com.android.server.wm.WindowManagerService.removeWindowLocked:2328 com.android.server.wm.WindowManagerService.removeWindow:2323 com.android.server.wm.Session.remove:193 
03-28 19:00:26.489  1260  4164 I WindowManager: Destroying surface Surface(name=PopupWindow:cc8e613) called by com.android.server.wm.WindowStateAnimator.destroySurface:2022 com.android.server.wm.WindowStateAnimator.destroySurfaceLocked:889 com.android.server.wm.WindowState.removeLocked:1449 com.android.server.wm.WindowManagerService.removeWindowInnerLocked:2501 com.android.server.wm.WindowManagerService.removeWindowLocked:2459 com.android.server.wm.WindowManagerService.removeWindowLocked:2328 com.android.server.wm.WindowManagerService.removeWindow:2323 com.android.server.wm.Session.remove:193 
03-28 19:00:26.574  1260  4162 I WindowManager: Destroying surface Surface(name=PopupWindow:cc8e613) called by com.android.server.wm.WindowStateAnimator.destroySurface:2022 com.android.server.wm.WindowStateAnimator.destroySurfaceLocked:889 com.android.server.wm.WindowState.removeLocked:1449 com.android.server.wm.WindowManagerService.removeWindowInnerLocked:2501 com.android.server.wm.WindowManagerService.removeWindowLocked:2459 com.android.server.wm.WindowManagerService.removeWindowLocked:2328 com.android.server.wm.WindowManagerService.removeWindow:2323 com.android.server.wm.Session.remove:193 
03-28 19:00:26.728  1260  3533 I WindowManager: Destroying surface Surface(name=PopupWindow:cc8e613) called by com.android.server.wm.WindowStateAnimator.destroySurface:2022 com.android.server.wm.WindowStateAnimator.destroySurfaceLocked:889 com.android.server.wm.WindowState.removeLocked:1449 com.android.server.wm.WindowManagerService.removeWindowInnerLocked:2501 com.android.server.wm.WindowManagerService.removeWindowLocked:2459 com.android.server.wm.WindowManagerService.removeWindowLocked:2328 com.android.server.wm.WindowManagerService.removeWindow:2323 com.android.server.wm.Session.remove:193 
03-28 19:00:27.262  1260  6808 I WindowManager: Destroying surface Surface(name=PopupWindow:cc8e613) called by com.android.server.wm.WindowStateAnimator.destroySurface:2022 com.android.server.wm.WindowStateAnimator.destroySurfaceLocked:889 com.android.server.wm.WindowState.removeLocked:1449 com.android.server.wm.WindowManagerService.removeWindowInnerLocked:2501 com.android.server.wm.WindowManagerService.removeWindowLocked:2459 com.android.server.wm.WindowManagerService.removeWindowLocked:2328 com.android.server.wm.WindowManagerService.removeWindow:2323 com.android.server.wm.Session.remove:193 
03-28 19:00:28.153  1260  3908 I WindowManager: Destroying surface Surface(name=PopupWindow:cc8e613) called by com.android.server.wm.WindowStateAnimator.destroySurface:2022 com.android.server.wm.WindowStateAnimator.destroySurfaceLocked:889 com.android.server.wm.WindowState.removeLocked:1449 com.android.server.wm.WindowManagerService.removeWindowInnerLocked:2501 com.android.server.wm.WindowManagerService.removeWindowLocked:2459 com.android.server.wm.WindowManagerService.removeWindowLocked:2328 com.android.server.wm.WindowManagerService.removeWindow:2323 com.android.server.wm.Session.remove:193 
03-28 19:00:28.459  1260  4162 I WindowManager: Destroying surface Surface(name=PopupWindow:cc8e613) called by com.android.server.wm.WindowStateAnimator.destroySurface:2022 com.android.server.wm.WindowStateAnimator.destroySurfaceLocked:889 com.android.server.wm.WindowState.removeLocked:1449 com.android.server.wm.WindowManagerService.removeWindowInnerLocked:2501 com.android.server.wm.WindowManagerService.removeWindowLocked:2459 com.android.server.wm.WindowManagerService.removeWindowLocked:2328 com.android.server.wm.WindowManagerService.removeWindow:2323 com.android.server.wm.Session.remove:193 
03-28 19:00:29.461  1260  6813 I WindowManager: Destroying surface Surface(name=PopupWindow:cc8e613) called by com.android.server.wm.WindowStateAnimator.destroySurface:2022 com.android.server.wm.WindowStateAnimator.destroySurfaceLocked:889 com.android.server.wm.WindowState.removeLocked:1449 com.android.server.wm.WindowManagerService.removeWindowInnerLocked:2501 com.android.server.wm.WindowManagerService.removeWindowLocked:2459 com.android.server.wm.WindowManagerService.removeWindowLocked:2328 com.android.server.wm.WindowManagerService.removeWindow:2323 com.android.server.wm.Session.remove:193 
03-28 19:00:29.792  1260  3533 I WindowManager: Destroying surface Surface(name=PopupWindow:5d61397) called by com.android.server.wm.WindowStateAnimator.destroySurface:2022 com.android.server.wm.WindowStateAnimator.destroySurfaceLocked:889 com.android.server.wm.WindowState.removeLocked:1449 com.android.server.wm.WindowManagerService.removeWindowInnerLocked:2501 com.android.server.wm.WindowManagerService.removeWindowLocked:2459 com.android.server.wm.WindowManagerService.removeWindowLocked:2328 com.android.server.wm.WindowManagerService.removeWindow:2323 com.android.server.wm.Session.remove:193 
03-28 19:00:30.124  1260  3263 I WindowManager: Destroying surface Surface(name=PopupWindow:cc8e613) called by com.android.server.wm.WindowStateAnimator.destroySurface:2022 com.android.server.wm.WindowStateAnimator.destroySurfaceLocked:889 com.android.server.wm.WindowState.removeLocked:1449 com.android.server.wm.WindowManagerService.removeWindowInnerLocked:2501 com.android.server.wm.WindowManagerService.removeWindowLocked:2459 com.android.server.wm.WindowManagerService.removeWindowLocked:2328 com.android.server.wm.WindowManagerService.removeWindow:2323 com.android.server.wm.Session.remove:193 
03-28 19:00:31.945  1260  1276 I WindowManager: Destroying surface Surface(name=PopupWindow:cc8e613) called by com.android.server.wm.WindowStateAnimator.destroySurface:2022 com.android.server.wm.WindowStateAnimator.destroySurfaceLocked:889 com.android.server.wm.WindowState.removeLocked:1449 com.android.server.wm.WindowManagerService.removeWindowInnerLocked:2501 com.android.server.wm.WindowManagerService.removeWindowLocked:2459 com.android.server.wm.WindowManagerService.removeWindowLocked:2328 com.android.server.wm.WindowManagerService.removeWindow:2323 com.android.server.wm.Session.remove:193 
03-28 19:00:32.078  1260  6808 I WindowManager: Destroying surface Surface(name=PopupWindow:cc8e613) called by com.android.server.wm.WindowStateAnimator.destroySurface:2022 com.android.server.wm.WindowStateAnimator.destroySurfaceLocked:889 com.android.server.wm.WindowState.removeLocked:1449 com.android.server.wm.WindowManagerService.removeWindowInnerLocked:2501 com.android.server.wm.WindowManagerService.removeWindowLocked:2459 com.android.server.wm.WindowManagerService.removeWindowLocked:2328 com.android.server.wm.WindowManagerService.removeWindow:2323 com.android.server.wm.Session.remove:193 
03-28 19:00:32.311  1260  4164 I WindowManager: Destroying surface Surface(name=PopupWindow:cc8e613) called by com.android.server.wm.WindowStateAnimator.destroySurface:2022 com.android.server.wm.WindowStateAnimator.destroySurfaceLocked:889 com.android.server.wm.WindowState.removeLocked:1449 com.android.server.wm.WindowManagerService.removeWindowInnerLocked:2501 com.android.server.wm.WindowManagerService.removeWindowLocked:2459 com.android.server.wm.WindowManagerService.removeWindowLocked:2328 com.android.server.wm.WindowManagerService.removeWindow:2323 com.android.server.wm.Session.remove:193 
03-28 19:00:32.575  1260  3213 I WindowManager: Destroying surface Surface(name=PopupWindow:cc8e613) called by com.android.server.wm.WindowStateAnimator.destroySurface:2022 com.android.server.wm.WindowStateAnimator.destroySurfaceLocked:889 com.android.server.wm.WindowState.removeLocked:1449 com.android.server.wm.WindowManagerService.removeWindowInnerLocked:2501 com.android.server.wm.WindowManagerService.removeWindowLocked:2459 com.android.server.wm.WindowManagerService.removeWindowLocked:2328 com.android.server.wm.WindowManagerService.removeWindow:2323 com.android.server.wm.Session.remove:193 
03-28 19:00:34.937  1260  6810 I WindowManager: Destroying surface Surface(name=PopupWindow:cc8e613) called by com.android.server.wm.WindowStateAnimator.destroySurface:2022 com.android.server.wm.WindowStateAnimator.destroySurfaceLocked:889 com.android.server.wm.WindowState.removeLocked:1449 com.android.server.wm.WindowManagerService.removeWindowInnerLocked:2501 com.android.server.wm.WindowManagerService.removeWindowLocked:2459 com.android.server.wm.WindowManagerService.removeWindowLocked:2328 com.android.server.wm.WindowManagerService.removeWindow:2323 com.android.server.wm.Session.remove:193 
03-28 19:00:35.465  1260  3616 I WindowManager: Destroying surface Surface(name=PopupWindow:cc8e613) called by com.android.server.wm.WindowStateAnimator.destroySurface:2022 com.android.server.wm.WindowStateAnimator.destroySurfaceLocked:889 com.android.server.wm.WindowState.removeLocked:1449 com.android.server.wm.WindowManagerService.removeWindowInnerLocked:2501 com.android.server.wm.WindowManagerService.removeWindowLocked:2459 com.android.server.wm.WindowManagerService.removeWindowLocked:2328 com.android.server.wm.WindowManagerService.removeWindow:2323 com.android.server.wm.Session.remove:193 
03-28 19:00:35.540  1260  6810 I WindowManager: Destroying surface Surface(name=PopupWindow:5d61397) called by com.android.server.wm.WindowStateAnimator.destroySurface:2022 com.android.server.wm.WindowStateAnimator.destroySurfaceLocked:889 com.android.server.wm.WindowState.removeLocked:1449 com.android.server.wm.WindowManagerService.removeWindowInnerLocked:2501 com.android.server.wm.WindowManagerService.removeWindowLocked:2459 com.android.server.wm.WindowManagerService.removeWindowLocked:2328 com.android.server.wm.WindowManagerService.removeWindow:2323 com.android.server.wm.Session.remove:193 
03-28 19:00:35.678  1260  6813 I WindowManager: Destroying surface Surface(name=PopupWindow:5d61397) called by com.android.server.wm.WindowStateAnimator.destroySurface:2022 com.android.server.wm.WindowStateAnimator.destroySurfaceLocked:889 com.android.server.wm.WindowState.removeLocked:1449 com.android.server.wm.WindowManagerService.removeWindowInnerLocked:2501 com.android.server.wm.WindowManagerService.removeWindowLocked:2459 com.android.server.wm.WindowManagerService.removeWindowLocked:2328 com.android.server.wm.WindowManagerService.removeWindow:2323 com.android.server.wm.Session.remove:193 
03-28 19:00:36.349  1260  6808 I WindowManager: Destroying surface Surface(name=PopupWindow:5d61397) called by com.android.server.wm.WindowStateAnimator.destroySurface:2022 com.android.server.wm.WindowStateAnimator.destroySurfaceLocked:889 com.android.server.wm.WindowState.removeLocked:1449 com.android.server.wm.WindowManagerService.removeWindowInnerLocked:2501 com.android.server.wm.WindowManagerService.removeWindowLocked:2459 com.android.server.wm.WindowManagerService.removeWindowLocked:2328 com.android.server.wm.WindowManagerService.removeWindow:2323 com.android.server.wm.Session.remove:193 
03-28 19:00:36.872  1260  6597 I WindowManager: Destroying surface Surface(name=SurfaceView - InputMethod) called by com.android.server.wm.WindowStateAnimator.destroyDeferredSurfaceLocked:918 com.android.server.wm.WindowManagerService.performDeferredDestroyWindow:3137 com.android.server.wm.Session.performDeferredDestroy:225 android.view.IWindowSession$Stub.onTransact:398 com.android.server.wm.Session.onTransact:136 android.os.Binder.execTransact:565 <bottom of call stack> <bottom of call stack> 
03-28 19:00:37.207  1260  2838 I PowerManagerService: Going to sleep due to power button (uid 1000)...
03-28 19:00:37.302  1260  6812 I WindowManager: Destroying surface Surface(name=SurfaceView - InputMethod) called by com.android.server.wm.WindowStateAnimator.destroyDeferredSurfaceLocked:918 com.android.server.wm.WindowManagerService.performDeferredDestroyWindow:3137 com.android.server.wm.Session.performDeferredDestroy:225 android.view.IWindowSession$Stub.onTransact:398 com.android.server.wm.Session.onTransact:136 android.os.Binder.execTransact:565 <bottom of call stack> <bottom of call stack> 
03-28 19:00:37.544  1260  1313 I DisplayManagerService: Display device changed state: "cran intgr", OFF
03-28 19:00:37.726  1260  1317 I PowerManagerService: Sleeping (uid 1000)...
03-28 19:00:37.728  1260  1260 I BroadcastQueue: am_broadcast_enqueue: [foreground,1,Intent { act=android.intent.action.SCREEN_OFF flg=0x50000010 },45]
03-28 19:00:37.818  1260  3693 I WindowManager: Destroying surface Surface(name=SurfaceView - InputMethod) called by com.android.server.wm.WindowStateAnimator.destroyDeferredSurfaceLocked:918 com.android.server.wm.WindowManagerService.performDeferredDestroyWindow:3137 com.android.server.wm.Session.performDeferredDestroy:225 android.view.IWindowSession$Stub.onTransact:398 com.android.server.wm.Session.onTransact:136 android.os.Binder.execTransact:565 <bottom of call stack> <bottom of call stack> 
03-28 19:00:37.822  1260  4162 I WindowManager: Destroying surface Surface(name=InputMethod) called by com.android.server.wm.WindowStateAnimator.destroySurface:2022 com.android.server.wm.WindowStateAnimator.destroySurfaceLocked:889 com.android.server.wm.WindowState.destroyOrSaveSurface:2073 com.android.server.wm.WindowManagerService.tryStartExitingAnimation:3040 com.android.server.wm.WindowManagerService.relayoutWindow:2920 com.android.server.wm.Session.relayout:215 android.view.IWindowSession$Stub.onTransact:286 com.android.server.wm.Session.onTransact:136 
03-28 19:00:37.838  3287  3287 V KeyguardStatusView: refresh statusview showing:true
03-28 19:00:37.854  3287  3287 V KeyguardDisplayManager: show
03-28 19:00:37.920  1260  3532 I WindowManager: Destroying surface Surface(name=NavigationBar) called by com.android.server.wm.WindowStateAnimator.destroySurface:2022 com.android.server.wm.WindowStateAnimator.destroySurfaceLocked:889 com.android.server.wm.WindowState.destroyOrSaveSurface:2073 com.android.server.wm.WindowManagerService.tryStartExitingAnimation:3040 com.android.server.wm.WindowManagerService.relayoutWindow:2920 com.android.server.wm.Session.relayout:215 android.view.IWindowSession$Stub.onTransact:286 com.android.server.wm.Session.onTransact:136 
03-28 19:00:38.085  1260  3616 I BroadcastQueue: am_broadcast_finished: [foreground,1,Intent { act=android.intent.action.SCREEN_OFF flg=0x50000010 }]
03-28 19:00:44.002  1260  6811 I BroadcastQueue: am_broadcast_enqueue: [background,1,Intent { act=android.intent.action.BADGE_COUNT_UPDATE flg=0x10 (has extras) },1]
03-28 19:00:44.014  1260  1276 I BroadcastQueue: am_broadcast_finished: [background,1,Intent { act=android.intent.action.BADGE_COUNT_UPDATE flg=0x10 (has extras) }]
03-28 19:00:52.038  1260  1260 I BroadcastQueue: am_broadcast_enqueue: [background,0,Intent { act=android.intent.action.BATTERY_CHANGED flg=0x60000010 (has extras) },20]
03-28 19:00:52.044  1260  1290 I BroadcastQueue: am_broadcast_finished: [background,0,Intent { act=android.intent.action.BATTERY_CHANGED flg=0x60000010 (has extras) }]
03-28 19:01:08.424  4172  4276 W ContextImpl: Calling a method in the system process without a qualified user: android.app.ContextImpl.bindService:1426 android.content.ContextWrapper.bindService:636 com.google.android.gms.ads.identifier.AdvertisingIdClient.h:-1 com.google.android.gms.ads.identifier.AdvertisingIdClient.b:-1 com.google.android.gms.ads.identifier.AdvertisingIdClient.getAdvertisingIdInfo:-1 
03-28 19:01:10.150  1260  1311 I BroadcastQueue: am_broadcast_enqueue: [background,1,Intent { act=android.net.conn.DATA_ACTIVITY_CHANGE flg=0x10 (has extras) },1]
03-28 19:01:10.152  1260  1275 I BroadcastQueue: am_broadcast_finished: [background,1,Intent { act=android.net.conn.DATA_ACTIVITY_CHANGE flg=0x10 (has extras) }]
03-28 19:01:20.602  1260  1311 I BroadcastQueue: am_broadcast_enqueue: [background,1,Intent { act=android.net.conn.DATA_ACTIVITY_CHANGE flg=0x10 (has extras) },1]
03-28 19:01:20.604  1260  1275 I BroadcastQueue: am_broadcast_finished: [background,1,Intent { act=android.net.conn.DATA_ACTIVITY_CHANGE flg=0x10 (has extras) }]
03-28 19:01:46.745  1260  2836 I BroadcastQueue: am_broadcast_enqueue: [foreground,1,Intent { act=android.intent.action.TIME_TICK flg=0x50000014 (has extras) },15]
03-28 19:01:46.746  1260  2836 I BroadcastQueue: am_broadcast_enqueue: [background,1,Intent { act=X.289.ACTION_ALARM.com.facebook.katana.Mqtt_Wakeup flg=0x14 pkg=com.facebook.katana (has extras) },1]
03-28 19:01:46.760  1260  3615 I BroadcastQueue: am_broadcast_finished: [background,1,Intent { act=X.289.ACTION_ALARM.com.facebook.katana.Mqtt_Wakeup flg=0x14 pkg=com.facebook.katana (has extras) }]
03-28 19:01:46.944  1260  3532 I BroadcastQueue: am_broadcast_finished: [foreground,1,Intent { act=android.intent.action.TIME_TICK flg=0x50000014 (has extras) }]
03-28 19:01:55.271  1260  1311 I BroadcastQueue: am_broadcast_enqueue: [background,1,Intent { act=android.net.conn.DATA_ACTIVITY_CHANGE flg=0x10 (has extras) },1]
03-28 19:01:55.274  1260  6808 I BroadcastQueue: am_broadcast_finished: [background,1,Intent { act=android.net.conn.DATA_ACTIVITY_CHANGE flg=0x10 (has extras) }]
03-28 19:01:55.426  1260  1260 I BroadcastQueue: am_broadcast_enqueue: [background,0,Intent { act=android.intent.action.BATTERY_CHANGED flg=0x60000010 (has extras) },20]
03-28 19:01:55.431  1260  1290 I BroadcastQueue: am_broadcast_finished: [background,0,Intent { act=android.intent.action.BATTERY_CHANGED flg=0x60000010 (has extras) }]
03-28 19:02:08.526  1260  1311 I BroadcastQueue: am_broadcast_enqueue: [background,1,Intent { act=android.net.conn.DATA_ACTIVITY_CHANGE flg=0x10 (has extras) },1]
03-28 19:02:08.528  1260  3616 I BroadcastQueue: am_broadcast_finished: [background,1,Intent { act=android.net.conn.DATA_ACTIVITY_CHANGE flg=0x10 (has extras) }]
03-28 19:02:18.826  1260  2838 I PowerManagerService: Waking up from sleep (uid 1000)...
03-28 19:02:18.826  1260  1317 I DisplayPowerController: Blocking screen on until initial contents have been drawn.
03-28 19:02:18.827  1260  1313 I DisplayManagerService: Display device changed state: "cran intgr", ON
03-28 19:02:18.832  1260  1260 I BroadcastQueue: am_broadcast_enqueue: [foreground,1,Intent { act=android.intent.action.SCREEN_ON flg=0x50000010 },38]
03-28 19:02:18.860  1260  1260 I BroadcastQueue: am_broadcast_enqueue: [foreground,1,Intent { act=android.intent.action.TIME_TICK flg=0x50000014 (has extras) },15]
03-28 19:02:19.021  1260  1317 I DisplayPowerController: Unblocked screen on after 195 ms
03-28 19:02:19.092  1260  3532 W ActivityManager: Permission Denial: Accessing service ComponentInfo{com.sonyericsson.album/com.sonymobile.somcmediarouter.provider.dlna.DlnaMediaRouteProviderService} from pid=5438, uid=10047 that is not exported from uid 10084
03-28 19:02:19.100  1260  3908 W ActivityManager: Permission Denial: Accessing service ComponentInfo{com.sonyericsson.music/com.sonymobile.somcmediarouter.provider.dlna.DlnaMediaRouteProviderService} from pid=5438, uid=10047 that is not exported from uid 10064
03-28 19:02:19.101  1260  6597 I BroadcastQueue: am_broadcast_finished: [foreground,1,Intent { act=android.intent.action.SCREEN_ON flg=0x50000010 }]
03-28 19:02:19.119  1260  4162 I BroadcastQueue: am_broadcast_enqueue: [background,0,Intent { act=android.net.conn.CONNECTIVITY_CHANGE flg=0x4000010 (has extras) },1]
03-28 19:02:19.119  1260  1290 I BroadcastQueue: am_broadcast_finished: [background,0,Intent { act=android.net.conn.CONNECTIVITY_CHANGE flg=0x4000010 (has extras) }]
