03-28 17:29:00.456  1260  3533 I WindowManager: Destroying surface Surface(name=com.facebook.orca/com.facebook.messenger.intents.SecureIntentHandlerActivity) called by com.android.server.wm.WindowStateAnimator.destroySurface:2022 com.android.server.wm.WindowStateAnimator.destroySurfaceLocked:889 com.android.server.wm.WindowState.removeLocked:1449 com.android.server.wm.WindowManagerService.removeWindowInnerLocked:2501 com.android.server.wm.WindowManagerService.removeWindowLocked:2459 com.android.server.wm.WindowManagerService.removeWindowLocked:2328 com.android.server.wm.WindowManagerService.removeWindow:2323 com.android.server.wm.Session.remove:193 
03-28 17:29:00.532  3287  3287 V KeyguardDisplayManager: hide
03-28 17:29:00.534  1260  3263 I BroadcastQueue: am_broadcast_enqueue: [background,0,Intent { act=android.intent.action.USER_PRESENT flg=0x24000010 },14]
03-28 17:29:00.534  1260  3263 I BroadcastQueue: am_broadcast_enqueue: [background,1,Intent { act=android.intent.action.USER_PRESENT flg=0x24000010 },10]
03-28 17:29:00.537  1260  1290 I BroadcastQueue: am_broadcast_finished: [background,0,Intent { act=android.intent.action.USER_PRESENT flg=0x24000010 }]
03-28 17:29:00.555  1260  4330 I BroadcastQueue: am_broadcast_enqueue: [background,0,Intent { act=android.intent.action.USER_PRESENT flg=0x24000010 },13]
03-28 17:29:00.555  1260  4330 I BroadcastQueue: am_broadcast_enqueue: [background,1,Intent { act=android.intent.action.USER_PRESENT flg=0x24000010 },10]
03-28 17:29:00.561  1260  1290 I BroadcastQueue: am_broadcast_finished: [background,0,Intent { act=android.intent.action.USER_PRESENT flg=0x24000010 }]
03-28 17:29:00.589  1260  3263 W BroadcastQueue: Permission Denial: broadcasting Intent { act=android.intent.action.USER_PRESENT flg=0x24000010 } from com.android.systemui (pid=3287, uid=10076) is not exported from uid 10055 due to receiver com.sonymobile.mx.android/.receivers.StopMessageReceiver
03-28 17:29:00.608  1260  3532 I BroadcastQueue: am_broadcast_finished: [background,1,Intent { act=android.intent.action.USER_PRESENT flg=0x24000010 }]
03-28 17:29:00.635  1260  4187 W BroadcastQueue: Permission Denial: broadcasting Intent { act=android.intent.action.USER_PRESENT flg=0x24000010 } from com.android.systemui (pid=3287, uid=10076) is not exported from uid 10055 due to receiver com.sonymobile.mx.android/.receivers.StopMessageReceiver
03-28 17:29:00.646  1260  3615 I BroadcastQueue: am_broadcast_finished: [background,1,Intent { act=android.intent.action.USER_PRESENT flg=0x24000010 }]
03-28 17:29:00.698  1260  4186 I BroadcastQueue: am_broadcast_finished: [foreground,1,Intent { act=android.intent.action.TIME_TICK flg=0x50000014 (has extras) }]
03-28 17:29:01.165  1260  4187 I BroadcastQueue: am_broadcast_enqueue: [background,1,Intent { act=com.facebook.orca.notify.ACTION_CLEAR_THREAD flg=0x10 pkg=com.facebook.orca (has extras) },1]
03-28 17:29:01.167  1260  4186 I BroadcastQueue: am_broadcast_enqueue: [background,1,Intent { act=com.facebook.orca.notify.ACTION_CLEAR_FRIEND_INSTALL flg=0x10 pkg=com.facebook.orca (has extras) },1]
03-28 17:29:01.194  1260  6597 I BroadcastQueue: am_broadcast_finished: [background,1,Intent { act=com.facebook.orca.notify.ACTION_CLEAR_THREAD flg=0x10 pkg=com.facebook.orca (has extras) }]
03-28 17:29:01.220  1260  6812 I BroadcastQueue: am_broadcast_finished: [background,1,Intent { act=com.facebook.orca.notify.ACTION_CLEAR_FRIEND_INSTALL flg=0x10 pkg=com.facebook.orca (has extras) }]
03-28 17:29:01.549  1260  4186 I BroadcastQueue: am_broadcast_enqueue: [background,1,Intent { act=com.facebook.orca.notify.ACTION_CLEAR_THREAD flg=0x10 pkg=com.facebook.orca (has extras) },1]
03-28 17:29:01.550  1260  4164 I BroadcastQueue: am_broadcast_enqueue: [background,1,Intent { act=com.facebook.orca.notify.ACTION_CLEAR_FRIEND_INSTALL flg=0x10 pkg=com.facebook.orca (has extras) },1]
03-28 17:29:01.554  1260  3533 I BroadcastQueue: am_broadcast_finished: [background,1,Intent { act=com.facebook.orca.notify.ACTION_CLEAR_THREAD flg=0x10 pkg=com.facebook.orca (has extras) }]
03-28 17:29:01.560  1260  6813 I BroadcastQueue: am_broadcast_finished: [background,1,Intent { act=com.facebook.orca.notify.ACTION_CLEAR_FRIEND_INSTALL flg=0x10 pkg=com.facebook.orca (has extras) }]
03-28 17:29:01.783  1260  3616 I WindowManager: Destroying surface Surface(name=com.facebook.orca/com.facebook.common.keyguard.KeyguardPendingIntentActivity) called by com.android.server.wm.WindowStateAnimator.destroySurface:2022 com.android.server.wm.WindowStateAnimator.destroySurfaceLocked:889 com.android.server.wm.WindowState.removeLocked:1449 com.android.server.wm.WindowManagerService.removeWindowInnerLocked:2501 com.android.server.wm.WindowManagerService.removeWindowLocked:2459 com.android.server.wm.WindowManagerService.removeWindowLocked:2328 com.android.server.wm.WindowManagerService.removeWindow:2323 com.android.server.wm.Session.remove:193 
03-28 17:29:02.246  1260  5387 I BroadcastQueue: am_broadcast_enqueue: [background,1,Intent { act=android.intent.action.BADGE_COUNT_UPDATE flg=0x10 (has extras) },1]
03-28 17:29:02.250  1260  4186 I BroadcastQueue: am_broadcast_finished: [background,1,Intent { act=android.intent.action.BADGE_COUNT_UPDATE flg=0x10 (has extras) }]
03-28 17:29:02.491  1260  3616 I WindowManager: Destroying surface Surface(name=PopupWindow:f648ae1) called by com.android.server.wm.WindowStateAnimator.destroySurface:2022 com.android.server.wm.WindowStateAnimator.destroySurfaceLocked:889 com.android.server.wm.WindowState.removeLocked:1449 com.android.server.wm.WindowManagerService.removeWindowInnerLocked:2501 com.android.server.wm.WindowManagerService.removeWindowLocked:2459 com.android.server.wm.WindowManagerService.removeWindowLocked:2328 com.android.server.wm.WindowManagerService.removeWindow:2323 com.android.server.wm.Session.remove:193 
03-28 17:29:03.448  1260  3189 I BroadcastQueue: am_broadcast_enqueue: [background,0,Intent { act=android.net.wifi.SCAN_RESULTS flg=0x4000010 (has extras) },3]
03-28 17:29:03.449  1260  1290 I BroadcastQueue: am_broadcast_finished: [background,0,Intent { act=android.net.wifi.SCAN_RESULTS flg=0x4000010 (has extras) }]
03-28 17:29:03.624  1260  3213 I WindowManager: Destroying surface Surface(name=PopupWindow:f648ae1) called by com.android.server.wm.WindowStateAnimator.destroySurface:2022 com.android.server.wm.WindowStateAnimator.destroySurfaceLocked:889 com.android.server.wm.WindowState.removeLocked:1449 com.android.server.wm.WindowManagerService.removeWindowInnerLocked:2501 com.android.server.wm.WindowManagerService.removeWindowLocked:2459 com.android.server.wm.WindowManagerService.removeWindowLocked:2328 com.android.server.wm.WindowManagerService.removeWindow:2323 com.android.server.wm.Session.remove:193 
03-28 17:29:03.905  1260  3532 I WindowManager: Destroying surface Surface(name=PopupWindow:f648ae1) called by com.android.server.wm.WindowStateAnimator.destroySurface:2022 com.android.server.wm.WindowStateAnimator.destroySurfaceLocked:889 com.android.server.wm.WindowState.removeLocked:1449 com.android.server.wm.WindowManagerService.removeWindowInnerLocked:2501 com.android.server.wm.WindowManagerService.removeWindowLocked:2459 com.android.server.wm.WindowManagerService.removeWindowLocked:2328 com.android.server.wm.WindowManagerService.removeWindow:2323 com.android.server.wm.Session.remove:193 
03-28 17:29:04.264  1260  5387 I WindowManager: Destroying surface Surface(name=PopupWindow:f648ae1) called by com.android.server.wm.WindowStateAnimator.destroySurface:2022 com.android.server.wm.WindowStateAnimator.destroySurfaceLocked:889 com.android.server.wm.WindowState.removeLocked:1449 com.android.server.wm.WindowManagerService.removeWindowInnerLocked:2501 com.android.server.wm.WindowManagerService.removeWindowLocked:2459 com.android.server.wm.WindowManagerService.removeWindowLocked:2328 com.android.server.wm.WindowManagerService.removeWindow:2323 com.android.server.wm.Session.remove:193 
03-28 17:29:04.519  1260  5387 I WindowManager: Destroying surface Surface(name=PopupWindow:1d625f2) called by com.android.server.wm.WindowStateAnimator.destroySurface:2022 com.android.server.wm.WindowStateAnimator.destroySurfaceLocked:889 com.android.server.wm.WindowState.removeLocked:1449 com.android.server.wm.WindowManagerService.removeWindowInnerLocked:2501 com.android.server.wm.WindowManagerService.removeWindowLocked:2459 com.android.server.wm.WindowManagerService.removeWindowLocked:2328 com.android.server.wm.WindowManagerService.removeWindow:2323 com.android.server.wm.Session.remove:193 
03-28 17:29:05.158  1260  3213 I WindowManager: Destroying surface Surface(name=PopupWindow:1d625f2) called by com.android.server.wm.WindowStateAnimator.destroySurface:2022 com.android.server.wm.WindowStateAnimator.destroySurfaceLocked:889 com.android.server.wm.WindowState.removeLocked:1449 com.android.server.wm.WindowManagerService.removeWindowInnerLocked:2501 com.android.server.wm.WindowManagerService.removeWindowLocked:2459 com.android.server.wm.WindowManagerService.removeWindowLocked:2328 com.android.server.wm.WindowManagerService.removeWindow:2323 com.android.server.wm.Session.remove:193 
03-28 17:29:05.396  1260  4330 I WindowManager: Destroying surface Surface(name=PopupWindow:f648ae1) called by com.android.server.wm.WindowStateAnimator.destroySurface:2022 com.android.server.wm.WindowStateAnimator.destroySurfaceLocked:889 com.android.server.wm.WindowState.removeLocked:1449 com.android.server.wm.WindowManagerService.removeWindowInnerLocked:2501 com.android.server.wm.WindowManagerService.removeWindowLocked:2459 com.android.server.wm.WindowManagerService.removeWindowLocked:2328 com.android.server.wm.WindowManagerService.removeWindow:2323 com.android.server.wm.Session.remove:193 
03-28 17:29:06.705  1260  4187 I WindowManager: Destroying surface Surface(name=PopupWindow:f648ae1) called by com.android.server.wm.WindowStateAnimator.destroySurface:2022 com.android.server.wm.WindowStateAnimator.destroySurfaceLocked:889 com.android.server.wm.WindowState.removeLocked:1449 com.android.server.wm.WindowManagerService.removeWindowInnerLocked:2501 com.android.server.wm.WindowManagerService.removeWindowLocked:2459 com.android.server.wm.WindowManagerService.removeWindowLocked:2328 com.android.server.wm.WindowManagerService.removeWindow:2323 com.android.server.wm.Session.remove:193 
03-28 17:29:07.311  1260  1276 I WindowManager: Destroying surface Surface(name=PopupWindow:f648ae1) called by com.android.server.wm.WindowStateAnimator.destroySurface:2022 com.android.server.wm.WindowStateAnimator.destroySurfaceLocked:889 com.android.server.wm.WindowState.removeLocked:1449 com.android.server.wm.WindowManagerService.removeWindowInnerLocked:2501 com.android.server.wm.WindowManagerService.removeWindowLocked:2459 com.android.server.wm.WindowManagerService.removeWindowLocked:2328 com.android.server.wm.WindowManagerService.removeWindow:2323 com.android.server.wm.Session.remove:193 
03-28 17:29:07.633  1260  1276 I WindowManager: Destroying surface Surface(name=PopupWindow:f648ae1) called by com.android.server.wm.WindowStateAnimator.destroySurface:2022 com.android.server.wm.WindowStateAnimator.destroySurfaceLocked:889 com.android.server.wm.WindowState.removeLocked:1449 com.android.server.wm.WindowManagerService.removeWindowInnerLocked:2501 com.android.server.wm.WindowManagerService.removeWindowLocked:2459 com.android.server.wm.WindowManagerService.removeWindowLocked:2328 com.android.server.wm.WindowManagerService.removeWindow:2323 com.android.server.wm.Session.remove:193 
03-28 17:29:07.974  1260  6597 I WindowManager: Destroying surface Surface(name=PopupWindow:f648ae1) called by com.android.server.wm.WindowStateAnimator.destroySurface:2022 com.android.server.wm.WindowStateAnimator.destroySurfaceLocked:889 com.android.server.wm.WindowState.removeLocked:1449 com.android.server.wm.WindowManagerService.removeWindowInnerLocked:2501 com.android.server.wm.WindowManagerService.removeWindowLocked:2459 com.android.server.wm.WindowManagerService.removeWindowLocked:2328 com.android.server.wm.WindowManagerService.removeWindow:2323 com.android.server.wm.Session.remove:193 
03-28 17:29:08.437  1260  3615 I WindowManager: Destroying surface Surface(name=PopupWindow:f648ae1) called by com.android.server.wm.WindowStateAnimator.destroySurface:2022 com.android.server.wm.WindowStateAnimator.destroySurfaceLocked:889 com.android.server.wm.WindowState.removeLocked:1449 com.android.server.wm.WindowManagerService.removeWindowInnerLocked:2501 com.android.server.wm.WindowManagerService.removeWindowLocked:2459 com.android.server.wm.WindowManagerService.removeWindowLocked:2328 com.android.server.wm.WindowManagerService.removeWindow:2323 com.android.server.wm.Session.remove:193 
03-28 17:29:08.943  1260  3615 I WindowManager: Destroying surface Surface(name=PopupWindow:f648ae1) called by com.android.server.wm.WindowStateAnimator.destroySurface:2022 com.android.server.wm.WindowStateAnimator.destroySurfaceLocked:889 com.android.server.wm.WindowState.removeLocked:1449 com.android.server.wm.WindowManagerService.removeWindowInnerLocked:2501 com.android.server.wm.WindowManagerService.removeWindowLocked:2459 com.android.server.wm.WindowManagerService.removeWindowLocked:2328 com.android.server.wm.WindowManagerService.removeWindow:2323 com.android.server.wm.Session.remove:193 
03-28 17:29:09.239  1260  3533 I WindowManager: Destroying surface Surface(name=PopupWindow:f648ae1) called by com.android.server.wm.WindowStateAnimator.destroySurface:2022 com.android.server.wm.WindowStateAnimator.destroySurfaceLocked:889 com.android.server.wm.WindowState.removeLocked:1449 com.android.server.wm.WindowManagerService.removeWindowInnerLocked:2501 com.android.server.wm.WindowManagerService.removeWindowLocked:2459 com.android.server.wm.WindowManagerService.removeWindowLocked:2328 com.android.server.wm.WindowManagerService.removeWindow:2323 com.android.server.wm.Session.remove:193 
03-28 17:29:10.149  1260  3693 I WindowManager: Destroying surface Surface(name=PopupWindow:f648ae1) called by com.android.server.wm.WindowStateAnimator.destroySurface:2022 com.android.server.wm.WindowStateAnimator.destroySurfaceLocked:889 com.android.server.wm.WindowState.removeLocked:1449 com.android.server.wm.WindowManagerService.removeWindowInnerLocked:2501 com.android.server.wm.WindowManagerService.removeWindowLocked:2459 com.android.server.wm.WindowManagerService.removeWindowLocked:2328 com.android.server.wm.WindowManagerService.removeWindow:2323 com.android.server.wm.Session.remove:193 
03-28 17:29:10.444  1260  3908 I WindowManager: Destroying surface Surface(name=PopupWindow:f648ae1) called by com.android.server.wm.WindowStateAnimator.destroySurface:2022 com.android.server.wm.WindowStateAnimator.destroySurfaceLocked:889 com.android.server.wm.WindowState.removeLocked:1449 com.android.server.wm.WindowManagerService.removeWindowInnerLocked:2501 com.android.server.wm.WindowManagerService.removeWindowLocked:2459 com.android.server.wm.WindowManagerService.removeWindowLocked:2328 com.android.server.wm.WindowManagerService.removeWindow:2323 com.android.server.wm.Session.remove:193 
03-28 17:29:11.494  1260  3532 I WindowManager: Destroying surface Surface(name=PopupWindow:f648ae1) called by com.android.server.wm.WindowStateAnimator.destroySurface:2022 com.android.server.wm.WindowStateAnimator.destroySurfaceLocked:889 com.android.server.wm.WindowState.removeLocked:1449 com.android.server.wm.WindowManagerService.removeWindowInnerLocked:2501 com.android.server.wm.WindowManagerService.removeWindowLocked:2459 com.android.server.wm.WindowManagerService.removeWindowLocked:2328 com.android.server.wm.WindowManagerService.removeWindow:2323 com.android.server.wm.Session.remove:193 
03-28 17:29:11.808  1260  3213 I WindowManager: Destroying surface Surface(name=PopupWindow:f648ae1) called by com.android.server.wm.WindowStateAnimator.destroySurface:2022 com.android.server.wm.WindowStateAnimator.destroySurfaceLocked:889 com.android.server.wm.WindowState.removeLocked:1449 com.android.server.wm.WindowManagerService.removeWindowInnerLocked:2501 com.android.server.wm.WindowManagerService.removeWindowLocked:2459 com.android.server.wm.WindowManagerService.removeWindowLocked:2328 com.android.server.wm.WindowManagerService.removeWindow:2323 com.android.server.wm.Session.remove:193 
03-28 17:29:12.521  1260  3263 I WindowManager: Destroying surface Surface(name=PopupWindow:f648ae1) called by com.android.server.wm.WindowStateAnimator.destroySurface:2022 com.android.server.wm.WindowStateAnimator.destroySurfaceLocked:889 com.android.server.wm.WindowState.removeLocked:1449 com.android.server.wm.WindowManagerService.removeWindowInnerLocked:2501 com.android.server.wm.WindowManagerService.removeWindowLocked:2459 com.android.server.wm.WindowManagerService.removeWindowLocked:2328 com.android.server.wm.WindowManagerService.removeWindow:2323 com.android.server.wm.Session.remove:193 
03-28 17:29:12.802  1260  6811 I WindowManager: Destroying surface Surface(name=PopupWindow:f648ae1) called by com.android.server.wm.WindowStateAnimator.destroySurface:2022 com.android.server.wm.WindowStateAnimator.destroySurfaceLocked:889 com.android.server.wm.WindowState.removeLocked:1449 com.android.server.wm.WindowManagerService.removeWindowInnerLocked:2501 com.android.server.wm.WindowManagerService.removeWindowLocked:2459 com.android.server.wm.WindowManagerService.removeWindowLocked:2328 com.android.server.wm.WindowManagerService.removeWindow:2323 com.android.server.wm.Session.remove:193 
03-28 17:29:13.326  1260  3213 I WindowManager: Destroying surface Surface(name=PopupWindow:f648ae1) called by com.android.server.wm.WindowStateAnimator.destroySurface:2022 com.android.server.wm.WindowStateAnimator.destroySurfaceLocked:889 com.android.server.wm.WindowState.removeLocked:1449 com.android.server.wm.WindowManagerService.removeWindowInnerLocked:2501 com.android.server.wm.WindowManagerService.removeWindowLocked:2459 com.android.server.wm.WindowManagerService.removeWindowLocked:2328 com.android.server.wm.WindowManagerService.removeWindow:2323 com.android.server.wm.Session.remove:193 
03-28 17:29:16.729  1260  6808 I WindowManager: Destroying surface Surface(name=PopupWindow:f648ae1) called by com.android.server.wm.WindowStateAnimator.destroySurface:2022 com.android.server.wm.WindowStateAnimator.destroySurfaceLocked:889 com.android.server.wm.WindowState.removeLocked:1449 com.android.server.wm.WindowManagerService.removeWindowInnerLocked:2501 com.android.server.wm.WindowManagerService.removeWindowLocked:2459 com.android.server.wm.WindowManagerService.removeWindowLocked:2328 com.android.server.wm.WindowManagerService.removeWindow:2323 com.android.server.wm.Session.remove:193 
03-28 17:29:17.543  1260  3213 I WindowManager: Destroying surface Surface(name=PopupWindow:f648ae1) called by com.android.server.wm.WindowStateAnimator.destroySurface:2022 com.android.server.wm.WindowStateAnimator.destroySurfaceLocked:889 com.android.server.wm.WindowState.removeLocked:1449 com.android.server.wm.WindowManagerService.removeWindowInnerLocked:2501 com.android.server.wm.WindowManagerService.removeWindowLocked:2459 com.android.server.wm.WindowManagerService.removeWindowLocked:2328 com.android.server.wm.WindowManagerService.removeWindow:2323 com.android.server.wm.Session.remove:193 
03-28 17:29:18.009  1260  4187 I WindowManager: Destroying surface Surface(name=PopupWindow:f648ae1) called by com.android.server.wm.WindowStateAnimator.destroySurface:2022 com.android.server.wm.WindowStateAnimator.destroySurfaceLocked:889 com.android.server.wm.WindowState.removeLocked:1449 com.android.server.wm.WindowManagerService.removeWindowInnerLocked:2501 com.android.server.wm.WindowManagerService.removeWindowLocked:2459 com.android.server.wm.WindowManagerService.removeWindowLocked:2328 com.android.server.wm.WindowManagerService.removeWindow:2323 com.android.server.wm.Session.remove:193 
03-28 17:29:18.320  1260  3263 I WindowManager: Destroying surface Surface(name=PopupWindow:f648ae1) called by com.android.server.wm.WindowStateAnimator.destroySurface:2022 com.android.server.wm.WindowStateAnimator.destroySurfaceLocked:889 com.android.server.wm.WindowState.removeLocked:1449 com.android.server.wm.WindowManagerService.removeWindowInnerLocked:2501 com.android.server.wm.WindowManagerService.removeWindowLocked:2459 com.android.server.wm.WindowManagerService.removeWindowLocked:2328 com.android.server.wm.WindowManagerService.removeWindow:2323 com.android.server.wm.Session.remove:193 
03-28 17:29:18.609  1260  6812 I WindowManager: Destroying surface Surface(name=PopupWindow:f648ae1) called by com.android.server.wm.WindowStateAnimator.destroySurface:2022 com.android.server.wm.WindowStateAnimator.destroySurfaceLocked:889 com.android.server.wm.WindowState.removeLocked:1449 com.android.server.wm.WindowManagerService.removeWindowInnerLocked:2501 com.android.server.wm.WindowManagerService.removeWindowLocked:2459 com.android.server.wm.WindowManagerService.removeWindowLocked:2328 com.android.server.wm.WindowManagerService.removeWindow:2323 com.android.server.wm.Session.remove:193 
03-28 17:29:19.091  1260  4330 I WindowManager: Destroying surface Surface(name=PopupWindow:f648ae1) called by com.android.server.wm.WindowStateAnimator.destroySurface:2022 com.android.server.wm.WindowStateAnimator.destroySurfaceLocked:889 com.android.server.wm.WindowState.removeLocked:1449 com.android.server.wm.WindowManagerService.removeWindowInnerLocked:2501 com.android.server.wm.WindowManagerService.removeWindowLocked:2459 com.android.server.wm.WindowManagerService.removeWindowLocked:2328 com.android.server.wm.WindowManagerService.removeWindow:2323 com.android.server.wm.Session.remove:193 
03-28 17:29:19.564  1260  6814 I WindowManager: Destroying surface Surface(name=PopupWindow:f648ae1) called by com.android.server.wm.WindowStateAnimator.destroySurface:2022 com.android.server.wm.WindowStateAnimator.destroySurfaceLocked:889 com.android.server.wm.WindowState.removeLocked:1449 com.android.server.wm.WindowManagerService.removeWindowInnerLocked:2501 com.android.server.wm.WindowManagerService.removeWindowLocked:2459 com.android.server.wm.WindowManagerService.removeWindowLocked:2328 com.android.server.wm.WindowManagerService.removeWindow:2323 com.android.server.wm.Session.remove:193 
03-28 17:29:21.069  1260  3615 I WindowManager: Destroying surface Surface(name=PopupWindow:f648ae1) called by com.android.server.wm.WindowStateAnimator.destroySurface:2022 com.android.server.wm.WindowStateAnimator.destroySurfaceLocked:889 com.android.server.wm.WindowState.removeLocked:1449 com.android.server.wm.WindowManagerService.removeWindowInnerLocked:2501 com.android.server.wm.WindowManagerService.removeWindowLocked:2459 com.android.server.wm.WindowManagerService.removeWindowLocked:2328 com.android.server.wm.WindowManagerService.removeWindow:2323 com.android.server.wm.Session.remove:193 
03-28 17:29:21.379  1260  6812 I WindowManager: Destroying surface Surface(name=PopupWindow:f648ae1) called by com.android.server.wm.WindowStateAnimator.destroySurface:2022 com.android.server.wm.WindowStateAnimator.destroySurfaceLocked:889 com.android.server.wm.WindowState.removeLocked:1449 com.android.server.wm.WindowManagerService.removeWindowInnerLocked:2501 com.android.server.wm.WindowManagerService.removeWindowLocked:2459 com.android.server.wm.WindowManagerService.removeWindowLocked:2328 com.android.server.wm.WindowManagerService.removeWindow:2323 com.android.server.wm.Session.remove:193 
03-28 17:29:21.682  1260  4330 I WindowManager: Destroying surface Surface(name=PopupWindow:f648ae1) called by com.android.server.wm.WindowStateAnimator.destroySurface:2022 com.android.server.wm.WindowStateAnimator.destroySurfaceLocked:889 com.android.server.wm.WindowState.removeLocked:1449 com.android.server.wm.WindowManagerService.removeWindowInnerLocked:2501 com.android.server.wm.WindowManagerService.removeWindowLocked:2459 com.android.server.wm.WindowManagerService.removeWindowLocked:2328 com.android.server.wm.WindowManagerService.removeWindow:2323 com.android.server.wm.Session.remove:193 
03-28 17:29:21.930  1260  6597 I WindowManager: Destroying surface Surface(name=PopupWindow:f648ae1) called by com.android.server.wm.WindowStateAnimator.destroySurface:2022 com.android.server.wm.WindowStateAnimator.destroySurfaceLocked:889 com.android.server.wm.WindowState.removeLocked:1449 com.android.server.wm.WindowManagerService.removeWindowInnerLocked:2501 com.android.server.wm.WindowManagerService.removeWindowLocked:2459 com.android.server.wm.WindowManagerService.removeWindowLocked:2328 com.android.server.wm.WindowManagerService.removeWindow:2323 com.android.server.wm.Session.remove:193 
03-28 17:29:22.692  1260  1276 I WindowManager: Destroying surface Surface(name=SurfaceView - InputMethod) called by com.android.server.wm.WindowStateAnimator.destroyDeferredSurfaceLocked:918 com.android.server.wm.WindowManagerService.performDeferredDestroyWindow:3137 com.android.server.wm.Session.performDeferredDestroy:225 android.view.IWindowSession$Stub.onTransact:398 com.android.server.wm.Session.onTransact:136 android.os.Binder.execTransact:565 <bottom of call stack> <bottom of call stack> 
03-28 17:29:23.794  1260  6597 I WindowManager: Destroying surface Surface(name=SurfaceView - InputMethod) called by com.android.server.wm.WindowStateAnimator.destroyDeferredSurfaceLocked:918 com.android.server.wm.WindowManagerService.performDeferredDestroyWindow:3137 com.android.server.wm.Session.performDeferredDestroy:225 android.view.IWindowSession$Stub.onTransact:398 com.android.server.wm.Session.onTransact:136 android.os.Binder.execTransact:565 <bottom of call stack> <bottom of call stack> 
03-28 17:29:23.797  1260  4330 I WindowManager: Destroying surface Surface(name=InputMethod) called by com.android.server.wm.WindowStateAnimator.destroySurface:2022 com.android.server.wm.WindowStateAnimator.destroySurfaceLocked:889 com.android.server.wm.WindowState.destroyOrSaveSurface:2073 com.android.server.wm.WindowManagerService.tryStartExitingAnimation:3040 com.android.server.wm.WindowManagerService.relayoutWindow:2920 com.android.server.wm.Session.relayout:215 android.view.IWindowSession$Stub.onTransact:286 com.android.server.wm.Session.onTransact:136 
03-28 17:29:25.044  1260  2838 I PowerManagerService: Going to sleep due to power button (uid 1000)...
03-28 17:29:25.408  1260  1313 I DisplayManagerService: Display device changed state: "cran intgr", OFF
03-28 17:29:25.600  1260  1317 I PowerManagerService: Sleeping (uid 1000)...
03-28 17:29:25.612  1260  1260 I BroadcastQueue: am_broadcast_enqueue: [foreground,1,Intent { act=android.intent.action.SCREEN_OFF flg=0x50000010 },45]
03-28 17:29:25.766  3287  3287 V KeyguardStatusView: refresh statusview showing:true
03-28 17:29:25.782  3287  3287 V KeyguardDisplayManager: show
03-28 17:29:25.856  1260  3532 I WindowManager: Destroying surface Surface(name=NavigationBar) called by com.android.server.wm.WindowStateAnimator.destroySurface:2022 com.android.server.wm.WindowStateAnimator.destroySurfaceLocked:889 com.android.server.wm.WindowState.destroyOrSaveSurface:2073 com.android.server.wm.WindowManagerService.tryStartExitingAnimation:3040 com.android.server.wm.WindowManagerService.relayoutWindow:2920 com.android.server.wm.Session.relayout:215 android.view.IWindowSession$Stub.onTransact:286 com.android.server.wm.Session.onTransact:136 
03-28 17:29:26.072  1260  6810 I BroadcastQueue: am_broadcast_finished: [foreground,1,Intent { act=android.intent.action.SCREEN_OFF flg=0x50000010 }]
03-28 17:29:30.591  1260  4330 I BroadcastQueue: am_broadcast_enqueue: [background,0,Intent { act=X.1km.NETWORKING_ACTIVE flg=0x10 (has extras) },1]
03-28 17:29:30.592  1260  1290 I BroadcastQueue: am_broadcast_finished: [background,0,Intent { act=X.1km.NETWORKING_ACTIVE flg=0x10 (has extras) }]
03-28 17:29:31.419  1260  5387 I BroadcastQueue: am_broadcast_enqueue: [foreground,1,Intent { act=com.google.android.c2dm.intent.RECEIVE flg=0x10000010 pkg=com.facebook.orca (has extras) },1]
03-28 17:29:31.470  1260  4330 I BroadcastQueue: am_broadcast_finished: [foreground,1,Intent { act=com.google.android.c2dm.intent.RECEIVE flg=0x10000010 pkg=com.facebook.orca (has extras) }]
03-28 17:29:31.498  1260  3615 I BroadcastQueue: am_broadcast_enqueue: [background,0,Intent { act=com.facebook.rti.mqtt.intent.ACTION_WAKEUP flg=0x10 pkg=com.facebook.orca },1]
03-28 17:29:31.499  1260  1290 I BroadcastQueue: am_broadcast_finished: [background,0,Intent { act=com.facebook.rti.mqtt.intent.ACTION_WAKEUP flg=0x10 pkg=com.facebook.orca }]
03-28 17:29:31.663  1260  3263 I BroadcastQueue: am_broadcast_enqueue: [background,1,Intent { act=com.facebook.orca.notify.ACTION_NEW_MESSAGE flg=0x10 pkg=com.facebook.orca (has extras) },1]
03-28 17:29:31.669  1260  1276 I BroadcastQueue: am_broadcast_finished: [background,1,Intent { act=com.facebook.orca.notify.ACTION_NEW_MESSAGE flg=0x10 pkg=com.facebook.orca (has extras) }]
03-28 17:29:32.606  1260  5387 I BroadcastQueue: am_broadcast_enqueue: [background,0,Intent { act=X.1km.NETWORKING_INACTIVE flg=0x10 (has extras) },1]
03-28 17:29:32.608  1260  1290 I BroadcastQueue: am_broadcast_finished: [background,0,Intent { act=X.1km.NETWORKING_INACTIVE flg=0x10 (has extras) }]
03-28 17:29:32.709  1260  3532 I BroadcastQueue: am_broadcast_enqueue: [background,1,Intent { act=android.intent.action.BADGE_COUNT_UPDATE flg=0x10 (has extras) },1]
03-28 17:29:32.718  1260  3533 I BroadcastQueue: am_broadcast_finished: [background,1,Intent { act=android.intent.action.BADGE_COUNT_UPDATE flg=0x10 (has extras) }]
03-28 17:29:33.455  1260  4330 I BroadcastQueue: am_broadcast_enqueue: [foreground,1,Intent { act=com.google.android.c2dm.intent.RECEIVE flg=0x10000010 pkg=com.facebook.orca (has extras) },1]
03-28 17:29:33.479  1260  4164 I BroadcastQueue: am_broadcast_finished: [foreground,1,Intent { act=com.google.android.c2dm.intent.RECEIVE flg=0x10000010 pkg=com.facebook.orca (has extras) }]
03-28 17:29:33.501  1260  3693 I BroadcastQueue: am_broadcast_enqueue: [background,0,Intent { act=com.facebook.rti.mqtt.intent.ACTION_WAKEUP flg=0x10 pkg=com.facebook.orca },1]
03-28 17:29:33.502  1260  1290 I BroadcastQueue: am_broadcast_finished: [background,0,Intent { act=com.facebook.rti.mqtt.intent.ACTION_WAKEUP flg=0x10 pkg=com.facebook.orca }]
03-28 17:29:33.618  1260  4164 I BroadcastQueue: am_broadcast_enqueue: [background,1,Intent { act=com.facebook.orca.notify.ACTION_NEW_MESSAGE flg=0x10 pkg=com.facebook.orca (has extras) },1]
03-28 17:29:33.628  1260  6814 I BroadcastQueue: am_broadcast_finished: [background,1,Intent { act=com.facebook.orca.notify.ACTION_NEW_MESSAGE flg=0x10 pkg=com.facebook.orca (has extras) }]
03-28 17:29:34.639  1260  4330 I BroadcastQueue: am_broadcast_enqueue: [background,1,Intent { act=android.intent.action.BADGE_COUNT_UPDATE flg=0x10 (has extras) },1]
03-28 17:29:34.654  1260  3213 I BroadcastQueue: am_broadcast_finished: [background,1,Intent { act=android.intent.action.BADGE_COUNT_UPDATE flg=0x10 (has extras) }]
03-28 17:29:37.750  1260  2838 I PowerManagerService: Waking up from sleep (uid 1000)...
03-28 17:29:37.751  1260  1260 I BroadcastQueue: am_broadcast_enqueue: [foreground,1,Intent { act=android.intent.action.SCREEN_ON flg=0x50000010 },37]
03-28 17:29:37.752  1260  1317 I DisplayPowerController: Blocking screen on until initial contents have been drawn.
03-28 17:29:37.754  1260  1313 I DisplayManagerService: Display device changed state: "cran intgr", ON
03-28 17:29:37.951  1260  1317 I DisplayPowerController: Unblocked screen on after 199 ms
03-28 17:29:38.028  1260  6814 W ActivityManager: Permission Denial: Accessing service ComponentInfo{com.sonyericsson.album/com.sonymobile.somcmediarouter.provider.dlna.DlnaMediaRouteProviderService} from pid=5438, uid=10047 that is not exported from uid 10084
03-28 17:29:38.029  1260  4164 W ActivityManager: Permission Denial: Accessing service ComponentInfo{com.sonyericsson.music/com.sonymobile.somcmediarouter.provider.dlna.DlnaMediaRouteProviderService} from pid=5438, uid=10047 that is not exported from uid 10064
03-28 17:29:38.030  1260  4164 I BroadcastQueue: am_broadcast_finished: [foreground,1,Intent { act=android.intent.action.SCREEN_ON flg=0x50000010 }]
03-28 17:29:38.049  1260  4187 I BroadcastQueue: am_broadcast_enqueue: [background,0,Intent { act=android.net.conn.CONNECTIVITY_CHANGE flg=0x4000010 (has extras) },1]
03-28 17:29:38.050  1260  1290 I BroadcastQueue: am_broadcast_finished: [background,0,Intent { act=android.net.conn.CONNECTIVITY_CHANGE flg=0x4000010 (has extras) }]
03-28 17:29:38.063  1260  3213 I BroadcastQueue: am_broadcast_enqueue: [background,0,Intent { act=android.net.conn.CONNECTIVITY_CHANGE flg=0x4000010 (has extras) },1]
03-28 17:29:38.064  1260  1290 I BroadcastQueue: am_broadcast_finished: [background,0,Intent { act=android.net.conn.CONNECTIVITY_CHANGE flg=0x4000010 (has extras) }]
03-28 17:29:38.087  1260  5387 I BroadcastQueue: am_broadcast_enqueue: [background,0,Intent { act=android.net.conn.CONNECTIVITY_CHANGE flg=0x4000010 (has extras) },1]
03-28 17:29:38.088  1260  1290 I BroadcastQueue: am_broadcast_finished: [background,0,Intent { act=android.net.conn.CONNECTIVITY_CHANGE flg=0x4000010 (has extras) }]
03-28 17:29:39.144  1260  6814 I ActivityManager: START u0 {act=com.facebook.orca.notify.SECURE_VIEW dat=fb-messenger://user/100001425908118 flg=0x4000000 pkg=com.facebook.orca cmp=com.facebook.orca/com.facebook.messenger.intents.SecureIntentHandlerActivity (has extras)} from uid 10253 on display 0
03-28 17:29:39.144  1260  6814 W ActivityManager: startActivity called from non-Activity context; forcing Intent.FLAG_ACTIVITY_NEW_TASK for: Intent { act=com.facebook.orca.notify.SECURE_VIEW dat=fb-messenger://user/100001425908118 flg=0x4800000 pkg=com.facebook.orca cmp=com.facebook.orca/com.facebook.messenger.intents.SecureIntentHandlerActivity (has extras) }
03-28 17:29:39.152  1260  6814 E ActivityManager: applyOptionsLocked: Unknown animationType=0
03-28 17:29:39.222  1260  4330 I ActivityManager: START u0 {flg=0x10008000 cmp=com.facebook.orca/com.facebook.common.keyguard.KeyguardPendingIntentActivity (has extras)} from uid 10253 on display 0
03-28 17:29:39.238  1260  6810 I WindowManager: Failed to capture screenshot of Token{5a28b90 ActivityRecord{6c5e653 u0 com.facebook.orca/com.facebook.messenger.intents.SecureIntentHandlerActivity t1938 f}} appWin=Window{2e9cccb u0 com.facebook.orca/com.facebook.messenger.intents.SecureIntentHandlerActivity} drawState=1
03-28 17:29:39.238  1260  6810 I WindowManager: Failed to capture screenshot of Token{39f6407 ActivityRecord{63b8a46 u0 uqac.gestionvieetu/.MainActivity t1933}} appWin=Window{1c54682 u0 uqac.gestionvieetu/uqac.gestionvieetu.MainActivity} drawState=4
03-28 17:29:39.317  1260  4186 I WindowManager: Destroying surface Surface(name=com.facebook.orca/com.facebook.messenger.intents.SecureIntentHandlerActivity) called by com.android.server.wm.WindowStateAnimator.destroySurface:2022 com.android.server.wm.WindowStateAnimator.destroySurfaceLocked:889 com.android.server.wm.WindowState.removeLocked:1449 com.android.server.wm.WindowManagerService.removeWindowInnerLocked:2501 com.android.server.wm.WindowManagerService.removeWindowLocked:2459 com.android.server.wm.WindowManagerService.removeWindowLocked:2328 com.android.server.wm.WindowManagerService.removeWindow:2323 com.android.server.wm.Session.remove:193 
03-28 17:29:39.428  3287  3287 V KeyguardDisplayManager: hide
03-28 17:29:39.430  1260  4162 I BroadcastQueue: am_broadcast_enqueue: [background,0,Intent { act=android.intent.action.USER_PRESENT flg=0x24000010 },14]
03-28 17:29:39.430  1260  4162 I BroadcastQueue: am_broadcast_enqueue: [background,1,Intent { act=android.intent.action.USER_PRESENT flg=0x24000010 },10]
03-28 17:29:39.432  1260  1290 I BroadcastQueue: am_broadcast_finished: [background,0,Intent { act=android.intent.action.USER_PRESENT flg=0x24000010 }]
03-28 17:29:39.452  1260  3213 I BroadcastQueue: am_broadcast_enqueue: [background,0,Intent { act=android.intent.action.USER_PRESENT flg=0x24000010 },13]
03-28 17:29:39.452  1260  3213 I BroadcastQueue: am_broadcast_enqueue: [background,1,Intent { act=android.intent.action.USER_PRESENT flg=0x24000010 },10]
03-28 17:29:39.458  1260  1290 I BroadcastQueue: am_broadcast_finished: [background,0,Intent { act=android.intent.action.USER_PRESENT flg=0x24000010 }]
03-28 17:29:39.483  1260  1275 W BroadcastQueue: Permission Denial: broadcasting Intent { act=android.intent.action.USER_PRESENT flg=0x24000010 } from com.android.systemui (pid=3287, uid=10076) is not exported from uid 10055 due to receiver com.sonymobile.mx.android/.receivers.StopMessageReceiver
03-28 17:29:39.500  1260  3263 I BroadcastQueue: am_broadcast_finished: [background,1,Intent { act=android.intent.action.USER_PRESENT flg=0x24000010 }]
03-28 17:29:39.524  1260  1276 W BroadcastQueue: Permission Denial: broadcasting Intent { act=android.intent.action.USER_PRESENT flg=0x24000010 } from com.android.systemui (pid=3287, uid=10076) is not exported from uid 10055 due to receiver com.sonymobile.mx.android/.receivers.StopMessageReceiver
03-28 17:29:39.539  1260  6810 I BroadcastQueue: am_broadcast_finished: [background,1,Intent { act=android.intent.action.USER_PRESENT flg=0x24000010 }]
03-28 17:29:40.062  1260  3615 I BroadcastQueue: am_broadcast_enqueue: [background,1,Intent { act=com.facebook.orca.notify.ACTION_CLEAR_THREAD flg=0x10 pkg=com.facebook.orca (has extras) },1]
03-28 17:29:40.063  1260  1276 I BroadcastQueue: am_broadcast_enqueue: [background,1,Intent { act=com.facebook.orca.notify.ACTION_CLEAR_FRIEND_INSTALL flg=0x10 pkg=com.facebook.orca (has extras) },1]
03-28 17:29:40.076  1260  4186 I BroadcastQueue: am_broadcast_finished: [background,1,Intent { act=com.facebook.orca.notify.ACTION_CLEAR_THREAD flg=0x10 pkg=com.facebook.orca (has extras) }]
03-28 17:29:40.090  1260  6813 I BroadcastQueue: am_broadcast_finished: [background,1,Intent { act=com.facebook.orca.notify.ACTION_CLEAR_FRIEND_INSTALL flg=0x10 pkg=com.facebook.orca (has extras) }]
03-28 17:29:40.436  1260  4330 I BroadcastQueue: am_broadcast_enqueue: [background,1,Intent { act=com.facebook.orca.notify.ACTION_CLEAR_THREAD flg=0x10 pkg=com.facebook.orca (has extras) },1]
03-28 17:29:40.438  1260  3213 I BroadcastQueue: am_broadcast_enqueue: [background,1,Intent { act=com.facebook.orca.notify.ACTION_CLEAR_FRIEND_INSTALL flg=0x10 pkg=com.facebook.orca (has extras) },1]
03-28 17:29:40.442  1260  4162 I BroadcastQueue: am_broadcast_finished: [background,1,Intent { act=com.facebook.orca.notify.ACTION_CLEAR_THREAD flg=0x10 pkg=com.facebook.orca (has extras) }]
03-28 17:29:40.475  1260  6810 I BroadcastQueue: am_broadcast_finished: [background,1,Intent { act=com.facebook.orca.notify.ACTION_CLEAR_FRIEND_INSTALL flg=0x10 pkg=com.facebook.orca (has extras) }]
03-28 17:29:40.643  1260  6808 I WindowManager: Destroying surface Surface(name=com.facebook.orca/com.facebook.common.keyguard.KeyguardPendingIntentActivity) called by com.android.server.wm.WindowStateAnimator.destroySurface:2022 com.android.server.wm.WindowStateAnimator.destroySurfaceLocked:889 com.android.server.wm.WindowState.removeLocked:1449 com.android.server.wm.WindowManagerService.removeWindowInnerLocked:2501 com.android.server.wm.WindowManagerService.removeWindowLocked:2459 com.android.server.wm.WindowManagerService.removeWindowLocked:2328 com.android.server.wm.WindowManagerService.removeWindow:2323 com.android.server.wm.Session.remove:193 
03-28 17:29:41.115  1260  3532 I BroadcastQueue: am_broadcast_enqueue: [background,1,Intent { act=android.intent.action.BADGE_COUNT_UPDATE flg=0x10 (has extras) },1]
03-28 17:29:41.122  1260  6811 I BroadcastQueue: am_broadcast_finished: [background,1,Intent { act=android.intent.action.BADGE_COUNT_UPDATE flg=0x10 (has extras) }]
03-28 17:29:42.622  1260  3189 I BroadcastQueue: am_broadcast_enqueue: [background,0,Intent { act=android.net.wifi.SCAN_RESULTS flg=0x4000010 (has extras) },3]
03-28 17:29:42.624  1260  1290 I BroadcastQueue: am_broadcast_finished: [background,0,Intent { act=android.net.wifi.SCAN_RESULTS flg=0x4000010 (has extras) }]
03-28 17:29:52.097  1260  2838 I PowerManagerService: Going to sleep due to power button (uid 1000)...
03-28 17:29:52.430  1260  1313 I DisplayManagerService: Display device changed state: "cran intgr", OFF
03-28 17:29:52.614  1260  1317 I PowerManagerService: Sleeping (uid 1000)...
03-28 17:29:52.626  1260  1260 I BroadcastQueue: am_broadcast_enqueue: [foreground,1,Intent { act=android.intent.action.SCREEN_OFF flg=0x50000010 },45]
03-28 17:29:52.753  3287  3287 V KeyguardStatusView: refresh statusview showing:true
03-28 17:29:52.768  3287  3287 V KeyguardDisplayManager: show
03-28 17:29:52.840  1260  3615 I WindowManager: Destroying surface Surface(name=NavigationBar) called by com.android.server.wm.WindowStateAnimator.destroySurface:2022 com.android.server.wm.WindowStateAnimator.destroySurfaceLocked:889 com.android.server.wm.WindowState.destroyOrSaveSurface:2073 com.android.server.wm.WindowManagerService.tryStartExitingAnimation:3040 com.android.server.wm.WindowManagerService.relayoutWindow:2920 com.android.server.wm.Session.relayout:215 android.view.IWindowSession$Stub.onTransact:286 com.android.server.wm.Session.onTransact:136 
03-28 17:29:53.044  1260  3533 I BroadcastQueue: am_broadcast_finished: [foreground,1,Intent { act=android.intent.action.SCREEN_OFF flg=0x50000010 }]
03-28 17:29:58.945  1260  4187 I BroadcastQueue: am_broadcast_enqueue: [background,1,Intent { act=android.intent.action.BADGE_COUNT_UPDATE flg=0x10 (has extras) },1]
03-28 17:29:58.981  1260  3616 I BroadcastQueue: am_broadcast_finished: [background,1,Intent { act=android.intent.action.BADGE_COUNT_UPDATE flg=0x10 (has extras) }]
03-28 17:30:11.301  1260  2836 I BroadcastQueue: am_broadcast_enqueue: [foreground,1,Intent { act=android.intent.action.TIME_TICK flg=0x50000014 (has extras) },15]
03-28 17:30:11.309  1260  2836 I BroadcastQueue: am_broadcast_enqueue: [background,1,Intent { act=com.google.android.configupdater.SmsShortCodes.UPDATE_SMS_SHORT_CODES flg=0x14 cmp=com.google.android.configupdater/.SmsShortCodes.SmsShortCodesUpdateRequestReceiver (has extras) },1]
03-28 17:30:11.330  1260  2836 I ActivityManager: Start proc 13819:com.sonymobile.storagechecker/u0a66 for service com.sonymobile.storagechecker/.controller.DeviceStorageService
03-28 17:30:11.350  1260  1290 I ActivityManager: Start proc 13829:com.google.android.configupdater/u0a40 for broadcast com.google.android.configupdater/.SmsShortCodes.SmsShortCodesUpdateRequestReceiver
03-28 17:30:11.518  1260  6597 I BroadcastQueue: am_broadcast_finished: [foreground,1,Intent { act=android.intent.action.TIME_TICK flg=0x50000014 (has extras) }]
03-28 17:30:11.537  1260  6812 I BroadcastQueue: am_broadcast_enqueue: [background,0,Intent { act=X.1km.NETWORKING_ACTIVE flg=0x10 (has extras) },1]
03-28 17:30:11.538  1260  1290 I BroadcastQueue: am_broadcast_finished: [background,0,Intent { act=X.1km.NETWORKING_ACTIVE flg=0x10 (has extras) }]
03-28 17:30:11.543  1260  4330 I BroadcastQueue: am_broadcast_finished: [background,1,Intent { act=com.google.android.configupdater.SmsShortCodes.UPDATE_SMS_SHORT_CODES flg=0x14 (has extras) }]
03-28 17:30:11.622  1260  3693 I ActivityManager: Killing 9835:com.sonymobile.runtimeskinning.picker/u0a195 (adj 906): empty #17
03-28 17:30:11.636  1260  6814 D ActivityManager: cleanUpApplicationRecord -- 9835
03-28 17:30:11.680  1260  3615 I BroadcastQueue: am_broadcast_enqueue: [background,0,Intent { act=com.facebook.analytics2.action.UPLOAD_JOB_RAN flg=0x10 pkg=com.facebook.orca (has extras) },1]
03-28 17:30:11.680  1260  1290 I BroadcastQueue: am_broadcast_finished: [background,0,Intent { act=com.facebook.analytics2.action.UPLOAD_JOB_RAN flg=0x10 pkg=com.facebook.orca (has extras) }]
03-28 17:30:11.860  1260  4186 I BroadcastQueue: am_broadcast_enqueue: [background,1,Intent { act=android.intent.action.DOWNLOAD_COMPLETE flg=0x10 pkg=com.google.android.configupdater (has extras) },7]
03-28 17:30:11.944  1260  5387 I BroadcastQueue: am_broadcast_finished: [background,1,Intent { act=android.intent.action.DOWNLOAD_COMPLETE flg=0x10 pkg=com.google.android.configupdater (has extras) }]
03-28 17:30:13.683  1260  3263 I BroadcastQueue: am_broadcast_enqueue: [background,0,Intent { act=X.1km.NETWORKING_INACTIVE flg=0x10 (has extras) },1]
03-28 17:30:13.684  1260  1290 I BroadcastQueue: am_broadcast_finished: [background,0,Intent { act=X.1km.NETWORKING_INACTIVE flg=0x10 (has extras) }]
03-28 17:30:33.470  1260  1311 I BroadcastQueue: am_broadcast_enqueue: [background,1,Intent { act=android.net.conn.DATA_ACTIVITY_CHANGE flg=0x10 (has extras) },1]
03-28 17:30:33.472  1260  4164 I BroadcastQueue: am_broadcast_finished: [background,1,Intent { act=android.net.conn.DATA_ACTIVITY_CHANGE flg=0x10 (has extras) }]
03-28 17:30:33.475  1260  4164 I ActivityManager: Killing 9868:com.ezinterweb.weseewe/u0a245 (adj 906): empty #17
03-28 17:30:33.495  1260  6808 D ActivityManager: cleanUpApplicationRecord -- 9868
03-28 17:30:48.411  1260  1311 I BroadcastQueue: am_broadcast_enqueue: [background,1,Intent { act=android.net.conn.DATA_ACTIVITY_CHANGE flg=0x10 (has extras) },1]
03-28 17:30:48.414  1260  4330 I BroadcastQueue: am_broadcast_finished: [background,1,Intent { act=android.net.conn.DATA_ACTIVITY_CHANGE flg=0x10 (has extras) }]
03-28 17:30:50.961  1260  1260 I BroadcastQueue: am_broadcast_enqueue: [background,0,Intent { act=android.intent.action.BATTERY_CHANGED flg=0x60000010 (has extras) },20]
03-28 17:30:50.965  1260  1290 I BroadcastQueue: am_broadcast_finished: [background,0,Intent { act=android.intent.action.BATTERY_CHANGED flg=0x60000010 (has extras) }]
03-28 17:31:08.023  4172  4276 W ContextImpl: Calling a method in the system process without a qualified user: android.app.ContextImpl.bindService:1426 android.content.ContextWrapper.bindService:636 com.google.android.gms.ads.identifier.AdvertisingIdClient.h:-1 com.google.android.gms.ads.identifier.AdvertisingIdClient.b:-1 com.google.android.gms.ads.identifier.AdvertisingIdClient.getAdvertisingIdInfo:-1 
03-28 17:31:09.910  1260  1311 I BroadcastQueue: am_broadcast_enqueue: [background,1,Intent { act=android.net.conn.DATA_ACTIVITY_CHANGE flg=0x10 (has extras) },1]
03-28 17:31:09.911  1260  6808 I BroadcastQueue: am_broadcast_finished: [background,1,Intent { act=android.net.conn.DATA_ACTIVITY_CHANGE flg=0x10 (has extras) }]
03-28 17:31:12.724  1260  1311 I BroadcastQueue: am_broadcast_enqueue: [background,1,Intent { act=android.net.conn.DATA_ACTIVITY_CHANGE flg=0x10 (has extras) },1]
03-28 17:31:12.728  1260  3616 I BroadcastQueue: am_broadcast_finished: [background,1,Intent { act=android.net.conn.DATA_ACTIVITY_CHANGE flg=0x10 (has extras) }]
03-28 17:31:31.869  1260  1311 I BroadcastQueue: am_broadcast_enqueue: [background,1,Intent { act=android.net.conn.DATA_ACTIVITY_CHANGE flg=0x10 (has extras) },1]
03-28 17:31:31.872  1260  3616 I BroadcastQueue: am_broadcast_finished: [background,1,Intent { act=android.net.conn.DATA_ACTIVITY_CHANGE flg=0x10 (has extras) }]
03-28 17:31:40.168  1260  1311 I BroadcastQueue: am_broadcast_enqueue: [background,1,Intent { act=android.net.conn.DATA_ACTIVITY_CHANGE flg=0x10 (has extras) },1]
03-28 17:31:40.171  1260  6808 I BroadcastQueue: am_broadcast_finished: [background,1,Intent { act=android.net.conn.DATA_ACTIVITY_CHANGE flg=0x10 (has extras) }]
03-28 17:31:52.674  1260  2836 I BroadcastQueue: am_broadcast_enqueue: [foreground,1,Intent { act=android.intent.action.TIME_TICK flg=0x50000014 (has extras) },15]
03-28 17:31:52.683  1260  2836 I BroadcastQueue: am_broadcast_enqueue: [background,1,Intent { act=X.289.ACTION_ALARM.com.facebook.katana.Mqtt_Wakeup flg=0x14 pkg=com.facebook.katana (has extras) },1]
03-28 17:31:52.759  1260  4330 I BroadcastQueue: am_broadcast_finished: [background,1,Intent { act=X.289.ACTION_ALARM.com.facebook.katana.Mqtt_Wakeup flg=0x14 pkg=com.facebook.katana (has extras) }]
03-28 17:31:52.866  1260  6810 I BroadcastQueue: am_broadcast_finished: [foreground,1,Intent { act=android.intent.action.TIME_TICK flg=0x50000014 (has extras) }]
03-28 17:31:55.189  1260  1311 I BroadcastQueue: am_broadcast_enqueue: [background,1,Intent { act=android.net.conn.DATA_ACTIVITY_CHANGE flg=0x10 (has extras) },1]
03-28 17:31:55.192  1260  1276 I BroadcastQueue: am_broadcast_finished: [background,1,Intent { act=android.net.conn.DATA_ACTIVITY_CHANGE flg=0x10 (has extras) }]
03-28 17:31:57.898  1260  2836 I BroadcastQueue: am_broadcast_enqueue: [background,1,Intent { act=X.1JR.ACTION_ALARM.com.facebook.orca.Mqtt_Wakeup flg=0x14 pkg=com.facebook.orca (has extras) },1]
03-28 17:31:57.918  1260  2836 I BroadcastQueue: am_broadcast_enqueue: [background,1,Intent { act=X.1JR.ACTION_ALARM.com.facebook.orca.Mqtt_Wakeup flg=0x14 pkg=com.facebook.orca (has extras) },1]
03-28 17:31:57.948  1260  1311 I BroadcastQueue: am_broadcast_enqueue: [background,1,Intent { act=android.net.conn.DATA_ACTIVITY_CHANGE flg=0x10 (has extras) },1]
03-28 17:31:57.961  1260  3532 I BroadcastQueue: am_broadcast_finished: [background,1,Intent { act=X.1JR.ACTION_ALARM.com.facebook.orca.Mqtt_Wakeup flg=0x14 pkg=com.facebook.orca (has extras) }]
03-28 17:31:57.971  1260  1275 I BroadcastQueue: am_broadcast_finished: [background,1,Intent { act=X.1JR.ACTION_ALARM.com.facebook.orca.Mqtt_Wakeup flg=0x14 pkg=com.facebook.orca (has extras) }]
03-28 17:31:57.973  1260  1275 I BroadcastQueue: am_broadcast_finished: [background,1,Intent { act=android.net.conn.DATA_ACTIVITY_CHANGE flg=0x10 (has extras) }]
03-28 17:32:22.749  1260  1311 I BroadcastQueue: am_broadcast_enqueue: [background,1,Intent { act=android.net.conn.DATA_ACTIVITY_CHANGE flg=0x10 (has extras) },1]
