03-28 17:32:22.752  1260  6814 I BroadcastQueue: am_broadcast_finished: [background,1,Intent { act=android.net.conn.DATA_ACTIVITY_CHANGE flg=0x10 (has extras) }]
03-28 17:32:25.534  1260  1311 I BroadcastQueue: am_broadcast_enqueue: [background,1,Intent { act=android.net.conn.DATA_ACTIVITY_CHANGE flg=0x10 (has extras) },1]
03-28 17:32:25.536  1260  3213 I BroadcastQueue: am_broadcast_finished: [background,1,Intent { act=android.net.conn.DATA_ACTIVITY_CHANGE flg=0x10 (has extras) }]
03-28 17:32:40.551  1260  1311 I BroadcastQueue: am_broadcast_enqueue: [background,1,Intent { act=android.net.conn.DATA_ACTIVITY_CHANGE flg=0x10 (has extras) },1]
03-28 17:32:40.553  1260  4164 I BroadcastQueue: am_broadcast_finished: [background,1,Intent { act=android.net.conn.DATA_ACTIVITY_CHANGE flg=0x10 (has extras) }]
03-28 17:32:41.965  1260  5387 I ActivityManager: Force stopping uqac.gestionvieetu appid=10216 user=0: from pid 16051
03-28 17:32:41.965  1260  5387 I ActivityManager: Killing 9498:uqac.gestionvieetu/u0a216 (adj 0): stop uqac.gestionvieetu
03-28 17:32:41.966  1260  5387 D ActivityManager: cleanUpApplicationRecord -- 9498
03-28 17:32:41.966  1260  5387 W ActivityManager: Scheduling restart of crashed service uqac.gestionvieetu/com.android.tools.fd.runtime.InstantRunService in 1000ms
03-28 17:32:41.987  1260  5387 I ActivityManager: Start proc 16077:uqac.gestionvieetu/u0a216 for activity uqac.gestionvieetu/.MainActivity
03-28 17:32:41.988  1260  5387 I ActivityManager:   Force finishing activity ActivityRecord{63b8a46 u0 uqac.gestionvieetu/.MainActivity t1933}
03-28 17:32:41.992  1260  6597 I WindowManager: WIN DEATH: Window{1c54682 u0 uqac.gestionvieetu/uqac.gestionvieetu.MainActivity}
03-28 17:32:41.993  1260  6597 I WindowManager: Destroying surface Surface(name=uqac.gestionvieetu/uqac.gestionvieetu.MainActivity) called by com.android.server.wm.WindowStateAnimator.destroySurface:2022 com.android.server.wm.WindowStateAnimator.destroySurfaceLocked:889 com.android.server.wm.WindowState.removeLocked:1449 com.android.server.wm.WindowManagerService.removeWindowInnerLocked:2501 com.android.server.wm.WindowManagerService.removeWindowLocked:2459 com.android.server.wm.WindowState$DeathRecipient.binderDied:1780 android.os.BinderProxy.sendDeathNotice:688 <bottom of call stack> 
03-28 17:32:42.003  1260  5387 I ActivityManager:   Force finishing activity ActivityRecord{63b8a46 u0 uqac.gestionvieetu/.MainActivity t1933 f}
03-28 17:32:42.004  1260  5387 W ActivityManager: Duplicate finish request for ActivityRecord{63b8a46 u0 uqac.gestionvieetu/.MainActivity t1933 f}
03-28 17:32:42.004  1260  5387 I ActivityManager:   Force stopping service ServiceRecord{561e6be u0 uqac.gestionvieetu/com.android.tools.fd.runtime.InstantRunService}
03-28 17:32:42.006  1260  5387 I BroadcastQueue: am_broadcast_enqueue: [background,0,Intent { act=android.intent.action.PACKAGE_RESTARTED dat=package:uqac.gestionvieetu flg=0x10 (has extras) },32]
03-28 17:32:42.011  1260  1290 I BroadcastQueue: am_broadcast_finished: [background,0,Intent { act=android.intent.action.PACKAGE_RESTARTED dat=package:uqac.gestionvieetu flg=0x10 (has extras) }]
03-28 17:32:42.019  1260  3213 I ActivityManager: Killing 9882:com.lonelyfew.blendoku2/u0a252 (adj 906): empty #17
03-28 17:32:42.026  1260  2838 I PowerManagerService: Waking up from sleep (uid 1000)...
03-28 17:32:42.026  1260  1317 I DisplayPowerController: Blocking screen on until initial contents have been drawn.
03-28 17:32:42.027  1260  1260 I BroadcastQueue: am_broadcast_enqueue: [foreground,1,Intent { act=android.intent.action.SCREEN_ON flg=0x50000010 },37]
03-28 17:32:42.036  1260  1313 I DisplayManagerService: Display device changed state: "cran intgr", ON
03-28 17:32:42.058  1260  1260 I BroadcastQueue: am_broadcast_enqueue: [foreground,1,Intent { act=android.intent.action.TIME_TICK flg=0x50000014 (has extras) },15]
03-28 17:32:42.074  1260  4164 D ActivityManager: cleanUpApplicationRecord -- 9882
03-28 17:32:42.081  1260  6597 I ActivityManager: Process uqac.gestionvieetu (pid 16077) has died
03-28 17:32:42.081  1260  6597 D ActivityManager: cleanUpApplicationRecord -- 16077
03-28 17:32:42.170  1260  6808 I BroadcastQueue: am_broadcast_finished: [foreground,1,Intent { act=android.intent.action.SCREEN_ON flg=0x50000010 }]
03-28 17:32:42.172  1260  3213 W ActivityManager: Permission Denial: Accessing service ComponentInfo{com.sonyericsson.album/com.sonymobile.somcmediarouter.provider.dlna.DlnaMediaRouteProviderService} from pid=5438, uid=10047 that is not exported from uid 10084
03-28 17:32:42.176  1260  4162 W ActivityManager: Permission Denial: Accessing service ComponentInfo{com.sonyericsson.music/com.sonymobile.somcmediarouter.provider.dlna.DlnaMediaRouteProviderService} from pid=5438, uid=10047 that is not exported from uid 10064
03-28 17:32:42.195  1260  3616 I BroadcastQueue: am_broadcast_enqueue: [background,0,Intent { act=android.net.conn.CONNECTIVITY_CHANGE flg=0x4000010 (has extras) },1]
03-28 17:32:42.195  1260  1290 I BroadcastQueue: am_broadcast_finished: [background,0,Intent { act=android.net.conn.CONNECTIVITY_CHANGE flg=0x4000010 (has extras) }]
03-28 17:32:42.213  1260  3616 I BroadcastQueue: am_broadcast_enqueue: [background,0,Intent { act=android.net.conn.CONNECTIVITY_CHANGE flg=0x4000010 (has extras) },1]
03-28 17:32:42.213  1260  1290 I BroadcastQueue: am_broadcast_finished: [background,0,Intent { act=android.net.conn.CONNECTIVITY_CHANGE flg=0x4000010 (has extras) }]
03-28 17:32:42.233  1260  1311 I BroadcastQueue: am_broadcast_enqueue: [background,1,Intent { act=android.net.conn.DATA_ACTIVITY_CHANGE flg=0x10 (has extras) },1]
03-28 17:32:42.235  1260  3616 I BroadcastQueue: am_broadcast_finished: [background,1,Intent { act=android.net.conn.DATA_ACTIVITY_CHANGE flg=0x10 (has extras) }]
03-28 17:32:42.239  1260  4162 I BroadcastQueue: am_broadcast_enqueue: [background,0,Intent { act=android.net.conn.CONNECTIVITY_CHANGE flg=0x4000010 (has extras) },1]
03-28 17:32:42.240  1260  1290 I BroadcastQueue: am_broadcast_finished: [background,0,Intent { act=android.net.conn.CONNECTIVITY_CHANGE flg=0x4000010 (has extras) }]
03-28 17:32:42.266  1260  1317 I DisplayPowerController: Unblocked screen on after 240 ms
03-28 17:32:42.336  1260  1276 I BroadcastQueue: am_broadcast_finished: [foreground,1,Intent { act=android.intent.action.TIME_TICK flg=0x50000014 (has extras) }]
03-28 17:32:42.343  1260  3189 I BroadcastQueue: am_broadcast_enqueue: [background,0,Intent { act=android.net.wifi.SCAN_RESULTS flg=0x4000010 (has extras) },3]
03-28 17:32:42.344  1260  1290 I BroadcastQueue: am_broadcast_finished: [background,0,Intent { act=android.net.wifi.SCAN_RESULTS flg=0x4000010 (has extras) }]
03-28 17:32:42.896  1260  3616 W ActivityManager: Unable to start service Intent { act=com.android.launcher3.WINDOW_OVERLAY dat=app://com.sonyericsson.home:10102?v=0 pkg=com.google.android.googlequicksearchbox } U=0: not found
03-28 17:32:42.898  1260  3615 I BroadcastQueue: am_broadcast_enqueue: [background,1,Intent { act=org.codeaurora.action.stk.idle_screen flg=0x10 (has extras) },1]
03-28 17:32:42.902  1260  6812 I BroadcastQueue: am_broadcast_finished: [background,1,Intent { act=org.codeaurora.action.stk.idle_screen flg=0x10 (has extras) }]
03-28 17:32:42.911  3287  3287 V KeyguardDisplayManager: hide
03-28 17:32:42.915  1260  4164 I BroadcastQueue: am_broadcast_enqueue: [background,0,Intent { act=android.intent.action.USER_PRESENT flg=0x24000010 },13]
03-28 17:32:42.916  1260  4164 I BroadcastQueue: am_broadcast_enqueue: [background,1,Intent { act=android.intent.action.USER_PRESENT flg=0x24000010 },10]
03-28 17:32:42.917  1260  1290 I BroadcastQueue: am_broadcast_finished: [background,0,Intent { act=android.intent.action.USER_PRESENT flg=0x24000010 }]
03-28 17:32:42.974  1260  3213 W BroadcastQueue: Permission Denial: broadcasting Intent { act=android.intent.action.USER_PRESENT flg=0x24000010 } from com.android.systemui (pid=3287, uid=10076) is not exported from uid 10055 due to receiver com.sonymobile.mx.android/.receivers.StopMessageReceiver
03-28 17:32:42.994  1260  3615 I BroadcastQueue: am_broadcast_finished: [background,1,Intent { act=android.intent.action.USER_PRESENT flg=0x24000010 }]
03-28 17:32:45.956  1260  3908 I WindowManager: Destroying surface Surface(name=SurfaceView - InputMethod) called by com.android.server.wm.WindowStateAnimator.destroyDeferredSurfaceLocked:918 com.android.server.wm.WindowManagerService.performDeferredDestroyWindow:3137 com.android.server.wm.Session.performDeferredDestroy:225 android.view.IWindowSession$Stub.onTransact:398 com.android.server.wm.Session.onTransact:136 android.os.Binder.execTransact:565 <bottom of call stack> <bottom of call stack> 
03-28 17:32:45.958  1260  6808 I WindowManager: Destroying surface Surface(name=InputMethod) called by com.android.server.wm.WindowStateAnimator.destroySurface:2022 com.android.server.wm.WindowStateAnimator.destroySurfaceLocked:889 com.android.server.wm.WindowState.destroyOrSaveSurface:2073 com.android.server.wm.WindowManagerService.tryStartExitingAnimation:3040 com.android.server.wm.WindowManagerService.relayoutWindow:2920 com.android.server.wm.Session.relayout:215 android.view.IWindowSession$Stub.onTransact:286 com.android.server.wm.Session.onTransact:136 
03-28 17:32:46.174  1260  1260 I BroadcastQueue: am_broadcast_enqueue: [background,0,Intent { act=android.intent.action.BATTERY_CHANGED flg=0x60000010 (has extras) },20]
03-28 17:32:46.180  1260  1290 I BroadcastQueue: am_broadcast_finished: [background,0,Intent { act=android.intent.action.BATTERY_CHANGED flg=0x60000010 (has extras) }]
03-28 17:32:46.187  1260  1294 E BatteryStatsService: no controller energy info supplied
03-28 17:32:47.014  1260  4162 W AppOps  : Finishing op nesting under-run: uid 10253 pkg com.facebook.orca code 24 time=0 duration=0 nesting=0
03-28 17:32:47.332  1260  4162 I WindowManager: Destroying surface Surface(name=) called by com.android.server.wm.WindowStateAnimator.destroySurface:2022 com.android.server.wm.WindowStateAnimator.destroySurfaceLocked:889 com.android.server.wm.WindowState.removeLocked:1449 com.android.server.wm.WindowManagerService.removeWindowInnerLocked:2501 com.android.server.wm.WindowManagerService.removeWindowLocked:2459 com.android.server.wm.WindowManagerService.removeWindowLocked:2328 com.android.server.wm.WindowManagerService.removeWindow:2323 com.android.server.wm.Session.remove:193 
03-28 17:32:47.332  1260  4162 W AppOps  : Finishing op nesting under-run: uid 10253 pkg com.facebook.orca code 24 time=0 duration=0 nesting=0
03-28 17:32:47.336  1260  6812 I WindowManager: Destroying surface Surface(name=) called by com.android.server.wm.WindowStateAnimator.destroySurface:2022 com.android.server.wm.WindowStateAnimator.destroySurfaceLocked:889 com.android.server.wm.WindowState.removeLocked:1449 com.android.server.wm.WindowManagerService.removeWindowInnerLocked:2501 com.android.server.wm.WindowManagerService.removeWindowLocked:2459 com.android.server.wm.WindowManagerService.removeWindowLocked:2328 com.android.server.wm.WindowManagerService.removeWindow:2323 com.android.server.wm.Session.remove:193 
03-28 17:32:47.337  1260  6812 W AppOps  : Finishing op nesting under-run: uid 10253 pkg com.facebook.orca code 24 time=0 duration=0 nesting=0
03-28 17:32:47.341  1260  4330 I WindowManager: Destroying surface Surface(name=) called by com.android.server.wm.WindowStateAnimator.destroySurface:2022 com.android.server.wm.WindowStateAnimator.destroySurfaceLocked:889 com.android.server.wm.WindowState.removeLocked:1449 com.android.server.wm.WindowManagerService.removeWindowInnerLocked:2501 com.android.server.wm.WindowManagerService.removeWindowLocked:2459 com.android.server.wm.WindowManagerService.removeWindowLocked:2328 com.android.server.wm.WindowManagerService.removeWindow:2323 com.android.server.wm.Session.remove:193 
03-28 17:32:47.341  1260  4330 W AppOps  : Finishing op nesting under-run: uid 10253 pkg com.facebook.orca code 24 time=0 duration=0 nesting=0
03-28 17:32:47.345  1260  6810 I WindowManager: Destroying surface Surface(name=) called by com.android.server.wm.WindowStateAnimator.destroySurface:2022 com.android.server.wm.WindowStateAnimator.destroySurfaceLocked:889 com.android.server.wm.WindowState.removeLocked:1449 com.android.server.wm.WindowManagerService.removeWindowInnerLocked:2501 com.android.server.wm.WindowManagerService.removeWindowLocked:2459 com.android.server.wm.WindowManagerService.removeWindowLocked:2328 com.android.server.wm.WindowManagerService.removeWindow:2323 com.android.server.wm.Session.remove:193 
03-28 17:32:47.345  1260  6810 W AppOps  : Finishing op nesting under-run: uid 10253 pkg com.facebook.orca code 24 time=0 duration=0 nesting=0
03-28 17:32:47.411  1260  2837 I BroadcastQueue: am_broadcast_enqueue: [foreground,0,Intent { act=android.intent.action.CLOSE_SYSTEM_DIALOGS flg=0x50000010 (has extras) },3]
03-28 17:32:47.412  1260  1290 I BroadcastQueue: am_broadcast_finished: [foreground,0,Intent { act=android.intent.action.CLOSE_SYSTEM_DIALOGS flg=0x50000010 (has extras) }]
03-28 17:32:47.414  1260  2837 I ActivityManager: START u0 {act=android.intent.action.MAIN cat=[android.intent.category.HOME] flg=0x10200000 cmp=com.sonyericsson.home/com.sonymobile.home.HomeActivity (has extras)} from uid 1000 on display 0
03-28 17:32:47.446  1260  1275 W ActivityManager: Unable to start service Intent { act=com.android.launcher3.WINDOW_OVERLAY dat=app://com.sonyericsson.home:10102?v=0 pkg=com.google.android.googlequicksearchbox } U=0: not found
03-28 17:32:47.447  1260  3616 I BroadcastQueue: am_broadcast_enqueue: [background,1,Intent { act=org.codeaurora.action.stk.idle_screen flg=0x10 (has extras) },1]
03-28 17:32:47.455  1260  6813 I BroadcastQueue: am_broadcast_finished: [background,1,Intent { act=org.codeaurora.action.stk.idle_screen flg=0x10 (has extras) }]
03-28 17:32:51.588  1260  6813 I BroadcastQueue: am_broadcast_enqueue: [foreground,1,Intent { act=com.google.android.c2dm.intent.RECEIVE flg=0x10000010 pkg=com.facebook.orca (has extras) },1]
03-28 17:32:51.603  1260  1276 I BroadcastQueue: am_broadcast_finished: [foreground,1,Intent { act=com.google.android.c2dm.intent.RECEIVE flg=0x10000010 pkg=com.facebook.orca (has extras) }]
03-28 17:32:51.620  1260  3532 I BroadcastQueue: am_broadcast_enqueue: [background,0,Intent { act=com.facebook.rti.mqtt.intent.ACTION_WAKEUP flg=0x10 pkg=com.facebook.orca },1]
03-28 17:32:51.621  1260  1290 I BroadcastQueue: am_broadcast_finished: [background,0,Intent { act=com.facebook.rti.mqtt.intent.ACTION_WAKEUP flg=0x10 pkg=com.facebook.orca }]
03-28 17:32:51.703  1260  1275 I BroadcastQueue: am_broadcast_enqueue: [background,1,Intent { act=com.facebook.orca.notify.ACTION_NEW_MESSAGE flg=0x10 pkg=com.facebook.orca (has extras) },1]
03-28 17:32:51.711  1260  6808 I BroadcastQueue: am_broadcast_finished: [background,1,Intent { act=com.facebook.orca.notify.ACTION_NEW_MESSAGE flg=0x10 pkg=com.facebook.orca (has extras) }]
03-28 17:32:51.918  1260  3693 W InputMethodManagerService: Window already focused, ignoring focus gain of: com.android.internal.view.IInputMethodClient$Stub$Proxy@31e03d attribute=android.view.inputmethod.EditorInfo@3bd4032, token = android.os.BinderProxy@ca44f0b
03-28 17:32:52.822  1260  2694 D PackageInstaller: Inherited files: [/data/app/uqac.gestionvieetu-1/split_lib_dependencies_apk.apk, /data/app/uqac.gestionvieetu-1/split_lib_slice_0_apk.apk, /data/app/uqac.gestionvieetu-1/split_lib_slice_1_apk.apk, /data/app/uqac.gestionvieetu-1/split_lib_slice_3_apk.apk, /data/app/uqac.gestionvieetu-1/split_lib_slice_5_apk.apk, /data/app/uqac.gestionvieetu-1/split_lib_slice_6_apk.apk, /data/app/uqac.gestionvieetu-1/split_lib_slice_8_apk.apk, /data/app/uqac.gestionvieetu-1/oat/arm64/base.odex]
03-28 17:32:52.825  1260  2694 D PackageInstaller: Linked 8 files into /data/app/vmdl573032375.tmp
03-28 17:32:52.859  1260  1333 I ActivityManager: Start proc 16239:com.android.defcontainer/u0a43 for service com.android.defcontainer/.DefaultContainerService
03-28 17:32:52.875  1260  6597 I BroadcastQueue: am_broadcast_enqueue: [background,1,Intent { act=android.intent.action.BADGE_COUNT_UPDATE flg=0x10 (has extras) },1]
03-28 17:32:52.881  1260  3532 I BroadcastQueue: am_broadcast_finished: [background,1,Intent { act=android.intent.action.BADGE_COUNT_UPDATE flg=0x10 (has extras) }]
03-28 17:32:52.970  1260  1333 I BroadcastQueue: am_broadcast_enqueue: [foreground,1,Intent { act=android.intent.action.PACKAGE_NEEDS_VERIFICATION dat=file:///data/app/vmdl573032375.tmp typ=application/vnd.android.package-archive flg=0x10000011 cmp=com.android.vending/com.google.android.vending.verifier.PackageVerificationReceiver (has extras) },1]
03-28 17:32:52.979  1260  1276 I BroadcastQueue: am_broadcast_finished: [foreground,1,Intent { act=android.intent.action.PACKAGE_NEEDS_VERIFICATION dat=file:///data/app/vmdl573032375.tmp typ=application/vnd.android.package-archive flg=0x10000011 (has extras) }]
03-28 17:32:53.480  1260  1290 I ActivityManager: Force stopping uqac.gestionvieetu appid=10216 user=-1: installPackageLI
03-28 17:32:53.707  1260  1333 I PackageManager: Package uqac.gestionvieetu codePath changed from /data/app/uqac.gestionvieetu-1 to /data/app/uqac.gestionvieetu-2; Retaining data and using new
03-28 17:32:53.708  1260  1333 W PackageManager: Code path for uqac.gestionvieetu changing from /data/app/uqac.gestionvieetu-1 to /data/app/uqac.gestionvieetu-2
03-28 17:32:53.708  1260  1333 W PackageManager: Resource path for uqac.gestionvieetu changing from /data/app/uqac.gestionvieetu-1 to /data/app/uqac.gestionvieetu-2
03-28 17:32:54.171  1260  3616 I BroadcastQueue: am_broadcast_enqueue: [foreground,1,Intent { act=com.google.android.c2dm.intent.RECEIVE flg=0x10000010 pkg=com.facebook.orca (has extras) },1]
03-28 17:32:54.219  1260  4330 I BroadcastQueue: am_broadcast_finished: [foreground,1,Intent { act=com.google.android.c2dm.intent.RECEIVE flg=0x10000010 pkg=com.facebook.orca (has extras) }]
03-28 17:32:54.246  1260  4164 I BroadcastQueue: am_broadcast_enqueue: [background,0,Intent { act=com.facebook.rti.mqtt.intent.ACTION_WAKEUP flg=0x10 pkg=com.facebook.orca },1]
03-28 17:32:54.246  1260  1290 I BroadcastQueue: am_broadcast_finished: [background,0,Intent { act=com.facebook.rti.mqtt.intent.ACTION_WAKEUP flg=0x10 pkg=com.facebook.orca }]
03-28 17:32:54.347  1260  6812 I BroadcastQueue: am_broadcast_enqueue: [background,1,Intent { act=com.facebook.orca.notify.ACTION_NEW_MESSAGE flg=0x10 pkg=com.facebook.orca (has extras) },1]
03-28 17:32:54.362  1260  6813 I BroadcastQueue: am_broadcast_finished: [background,1,Intent { act=com.facebook.orca.notify.ACTION_NEW_MESSAGE flg=0x10 pkg=com.facebook.orca (has extras) }]
03-28 17:32:54.416  1260  1333 I ActivityManager: Force stopping uqac.gestionvieetu appid=10216 user=0: pkg removed
03-28 17:32:54.436  1260  1333 I BroadcastQueue: am_broadcast_enqueue: [package,0,Intent { act=android.intent.action.PACKAGE_REMOVED dat=package:uqac.gestionvieetu flg=0x4100010 (has extras) },56]
03-28 17:32:54.437  1260  1333 I BroadcastQueue: am_broadcast_enqueue: [package,1,Intent { act=android.intent.action.PACKAGE_REMOVED dat=package:uqac.gestionvieetu flg=0x4100010 (has extras) },26]
03-28 17:32:54.439  1260  1260 D OverlayManager: onTargetPackageUpgrading packageName=uqac.gestionvieetu userId=0
03-28 17:32:54.454  1260  1290 I BroadcastQueue: am_broadcast_finished: [package,0,Intent { act=android.intent.action.PACKAGE_REMOVED dat=package:uqac.gestionvieetu flg=0x4100010 (has extras) }]
03-28 17:32:54.472  1260  1290 I ActivityManager: Start proc 16271:com.sonymobile.android.addoncamera.styleportrait/u0a74 for broadcast com.sonymobile.android.addoncamera.styleportrait/com.sonymobile.styleportrait.collectionmanager.receiver.PackageAddRemoveReceiver
03-28 17:32:54.475  1260  1333 I BroadcastQueue: am_broadcast_enqueue: [package,0,Intent { act=android.intent.action.PACKAGE_ADDED dat=package:uqac.gestionvieetu flg=0x4100010 (has extras) },48]
03-28 17:32:54.475  1260  1333 I BroadcastQueue: am_broadcast_enqueue: [package,1,Intent { act=android.intent.action.PACKAGE_ADDED dat=package:uqac.gestionvieetu flg=0x4100010 (has extras) },33]
03-28 17:32:54.476  1260  3533 W ActivityManager: Permission Denial: Accessing service ComponentInfo{com.sonyericsson.album/com.sonymobile.somcmediarouter.provider.dlna.DlnaMediaRouteProviderService} from pid=5438, uid=10047 that is not exported from uid 10084
03-28 17:32:54.476  1260  6812 W ActivityManager: Permission Denial: Accessing service ComponentInfo{com.sonyericsson.music/com.sonymobile.somcmediarouter.provider.dlna.DlnaMediaRouteProviderService} from pid=5438, uid=10047 that is not exported from uid 10064
03-28 17:32:54.481  1260  1290 I BroadcastQueue: am_broadcast_finished: [package,0,Intent { act=android.intent.action.PACKAGE_ADDED dat=package:uqac.gestionvieetu flg=0x4100010 (has extras) }]
03-28 17:32:54.486  1260  3616 W ActivityManager: Permission Denial: Accessing service ComponentInfo{com.sonyericsson.album/com.sonymobile.somcmediarouter.provider.dlna.DlnaMediaRouteProviderService} from pid=5438, uid=10047 that is not exported from uid 10084
03-28 17:32:54.522  1260  1260 D OverlayManager: onTargetPackageUpgraded packageName=uqac.gestionvieetu userId=0
03-28 17:32:54.538  1260  1333 I BroadcastQueue: am_broadcast_enqueue: [package,0,Intent { act=android.intent.action.PACKAGE_REPLACED dat=package:uqac.gestionvieetu flg=0x4100010 (has extras) },7]
03-28 17:32:54.539  1260  1333 I BroadcastQueue: am_broadcast_enqueue: [package,1,Intent { act=android.intent.action.PACKAGE_REPLACED dat=package:uqac.gestionvieetu flg=0x4100010 (has extras) },15]
03-28 17:32:54.540  1260  6597 W ActivityManager: Permission Denial: Accessing service ComponentInfo{com.sonyericsson.music/com.sonymobile.somcmediarouter.provider.dlna.DlnaMediaRouteProviderService} from pid=5438, uid=10047 that is not exported from uid 10064
03-28 17:32:54.554  1260  1290 I BroadcastQueue: am_broadcast_finished: [package,0,Intent { act=android.intent.action.PACKAGE_REPLACED dat=package:uqac.gestionvieetu flg=0x4100010 (has extras) }]
03-28 17:32:54.562  1260  3533 W ActivityManager: Permission Denial: Accessing service ComponentInfo{com.sonyericsson.album/com.sonymobile.somcmediarouter.provider.dlna.DlnaMediaRouteProviderService} from pid=5438, uid=10047 that is not exported from uid 10084
03-28 17:32:54.563  1260  4187 W ActivityManager: Permission Denial: Accessing service ComponentInfo{com.sonyericsson.music/com.sonymobile.somcmediarouter.provider.dlna.DlnaMediaRouteProviderService} from pid=5438, uid=10047 that is not exported from uid 10064
03-28 17:32:54.756  1260  3615 I ActivityManager: Start proc 16297:com.android.keychain/1000 for broadcast com.android.keychain/.KeyChainBroadcastReceiver
03-28 17:32:54.826 16297 16297 W ContextImpl: Calling a method in the system process without a qualified user: android.app.ContextImpl.startService:1362 android.content.ContextWrapper.startService:613 android.content.ContextWrapper.startService:613 com.android.keychain.KeyChainBroadcastReceiver.onReceive:12 android.app.ActivityThread.handleReceiver:3085 
03-28 17:32:54.852  1260  6597 I ActivityManager: Killing 9699:com.microsoft.office.word/u0a234 (adj 906): empty #17
03-28 17:32:54.876  1260  4187 I ActivityManager: Start proc 16314:com.google.android.apps.docs/u0a105 for broadcast com.google.android.apps.docs/.receivers.AppPackageAddRemoveReceiver
03-28 17:32:54.878  1260  1275 D ActivityManager: cleanUpApplicationRecord -- 9699
03-28 17:32:55.075  1260  4164 I ActivityManager: Start proc 16342:uqac.gestionvieetu/u0a216 for service uqac.gestionvieetu/com.android.tools.fd.runtime.InstantRunService
03-28 17:32:55.178  1260  6814 I ActivityManager: Start proc 16375:com.google.process.gapps/u0a47 for content provider com.google.android.gsf/.gservices.GservicesProvider
03-28 17:32:55.213  1260  6597 I BroadcastQueue: am_broadcast_enqueue: [background,0,Intent { act=android.net.conn.CONNECTIVITY_CHANGE flg=0x4000010 (has extras) },1]
03-28 17:32:55.213  1260  1290 I BroadcastQueue: am_broadcast_finished: [background,0,Intent { act=android.net.conn.CONNECTIVITY_CHANGE flg=0x4000010 (has extras) }]
03-28 17:32:55.225  1260  3615 I ActivityManager: Killing 9571:com.sonyericsson.album/u0a84 (adj 906): empty #17
03-28 17:32:55.281  1260  4162 I ActivityManager: Start proc 16404:com.realvnc.android.remote/u0a145 for broadcast com.realvnc.android.remote/.RemoteControlService$PackageManagerReceiver
03-28 17:32:55.284  1260  3693 D ActivityManager: cleanUpApplicationRecord -- 9571
03-28 17:32:55.347  1260  6811 I ActivityManager: Start proc 16421:com.sonyericsson.album/u0a84 for broadcast com.sonyericsson.album/.online.UpdateReceiver
03-28 17:32:55.349  1260  6811 I ActivityManager: Killing 9970:com.swiftkey.swiftkeyconfigurator/u0a182 (adj 906): empty #17
03-28 17:32:55.374  1260  3616 D ActivityManager: cleanUpApplicationRecord -- 9970
03-28 17:32:55.387  1260  3908 I BroadcastQueue: am_broadcast_enqueue: [background,1,Intent { act=android.intent.action.BADGE_COUNT_UPDATE flg=0x10 (has extras) },1]
03-28 17:32:55.392  1260  4187 I BroadcastQueue: am_broadcast_finished: [background,1,Intent { act=android.intent.action.BADGE_COUNT_UPDATE flg=0x10 (has extras) }]
03-28 17:32:55.515  1260  4330 I ActivityManager: Start proc 16444:com.sonyericsson.updatecenter/u0a79 for broadcast com.sonyericsson.updatecenter/.update.ApplicationRemovedReceiver
03-28 17:32:55.516  1260  4330 I ActivityManager: Killing 9931:com.textra/u0a236 (adj 906): empty #17
03-28 17:32:55.541  1260  6597 D ActivityManager: cleanUpApplicationRecord -- 9931
03-28 17:32:55.560  1260  4162 I ActivityManager: START u0 {act=android.intent.action.MAIN cat=[android.intent.category.LAUNCHER] flg=0x10000000 cmp=uqac.gestionvieetu/.MainActivity} from uid 2000 on display 0
03-28 17:32:55.701  1260  1275 I ActivityManager: Start proc 16482:com.sonymobile.exchange/u0a111 for broadcast com.sonymobile.exchange/.ExchangeBroadcastReceiver
03-28 17:32:55.702  1260  1275 I ActivityManager: Killing 13819:com.sonymobile.storagechecker/u0a66 (adj 906): empty #17
03-28 17:32:55.732  1260  5387 D ActivityManager: cleanUpApplicationRecord -- 13819
03-28 17:32:55.796  1260  4162 I ActivityManager: Killing 13829:com.google.android.configupdater/u0a40 (adj 906): empty #17
03-28 17:32:55.810  1260  1260 I ActivityManager: Start proc 16505:com.sonymobile.xperiaservices/u0a153 for broadcast com.sonymobile.xperiaservices/.receiver.PackageReceiver
03-28 17:32:55.813  1260  3263 D ActivityManager: cleanUpApplicationRecord -- 13829
03-28 17:32:55.884  1260  6810 I ActivityManager: Start proc 16520:com.swiftkey.swiftkeyconfigurator/u0a182 for broadcast com.swiftkey.swiftkeyconfigurator/.PackageRemovedReceiver
03-28 17:32:55.885  1260  6810 I ActivityManager: Killing 9900:com.ninetyfour.degrees.app/u0a251 (adj 906): empty #17
03-28 17:32:55.899  1260  6597 D ActivityManager: cleanUpApplicationRecord -- 9900
03-28 17:32:55.945  1260  4187 I ActivityManager: Start proc 16533:com.microsoft.office.word/u0a234 for broadcast com.microsoft.office.word/com.microsoft.office.asyncdatapointreporting.InstallBroadcastReceiver
03-28 17:32:55.946  1260  4187 I ActivityManager: Killing 10970:com.scimob.ninetyfour.percent/u0a247 (adj 906): empty #17
03-28 17:32:55.947  1260  4187 I WindowManager: Destroying surface Surface(name=com.sonyericsson.home/com.sonymobile.home.HomeActivity) called by com.android.server.wm.WindowStateAnimator.destroySurface:2022 com.android.server.wm.WindowStateAnimator.destroySurfaceLocked:889 com.android.server.wm.WindowState.destroyOrSaveSurface:2073 com.android.server.wm.AppWindowToken.destroySurfaces:363 com.android.server.wm.AppWindowToken.notifyAppStopped:389 com.android.server.wm.WindowManagerService.notifyAppStopped:4479 com.android.server.am.ActivityStack.activityStoppedLocked:1276 com.android.server.am.ActivityManagerService.activityStopped:7493 
03-28 17:32:55.971  1260  1276 D ActivityManager: cleanUpApplicationRecord -- 10970
03-28 17:32:55.990  1260  6597 I BroadcastQueue: am_broadcast_enqueue: [background,1,Intent { act=com.facebook.orca.notify.ACTION_CLEAR_THREAD flg=0x10 pkg=com.facebook.orca (has extras) },1]
03-28 17:32:56.007  1260  5387 I BroadcastQueue: am_broadcast_finished: [background,1,Intent { act=com.facebook.orca.notify.ACTION_CLEAR_THREAD flg=0x10 pkg=com.facebook.orca (has extras) }]
03-28 17:32:56.049  1260  4186 I BroadcastQueue: am_broadcast_enqueue: [background,0,Intent { act=android.net.conn.CONNECTIVITY_CHANGE flg=0x4000010 (has extras) },1]
03-28 17:32:56.049  1260  1290 I BroadcastQueue: am_broadcast_finished: [background,0,Intent { act=android.net.conn.CONNECTIVITY_CHANGE flg=0x4000010 (has extras) }]
--------- beginning of main
03-28 17:32:56.081 16533 16533 I AMEnrollmentStatusCache: No MAM enrollment status found.
03-28 17:32:56.082 16533 16533 D HardwareInformationReceiver: HardwareInformationReceiver onReceive()|action: android.net.conn.CONNECTIVITY_CHANGE
03-28 17:32:56.082 16533 16533 D HardwareInformationReceiver: Received Network Connectivity Change
03-28 17:32:56.083  1260  1313 I WindowManager: Destroying surface Surface(name=Starting uqac.gestionvieetu) called by com.android.server.wm.WindowStateAnimator.destroySurface:2022 com.android.server.wm.WindowStateAnimator.destroySurfaceLocked:889 com.android.server.wm.WindowState.destroyOrSaveSurface:2073 com.android.server.wm.AppWindowToken.destroySurfaces:363 com.android.server.wm.WindowStateAnimator.finishExit:569 com.android.server.wm.WindowStateAnimator.stepAnimationLocked:495 com.android.server.wm.WindowAnimator.updateWindowsLocked:303 com.android.server.wm.WindowAnimator.animateLocked:704 
03-28 17:32:56.088 16533 16533 D c       : Cost(prev,now): (Unknown,Unknown)|Type(prev,now): (Wifi, Wifi)|Provider(prev,now): (Rogers Wireless,Rogers Wireless)
03-28 17:32:56.088 16533 16533 V c       : getNetworkCost|value:Unknown
03-28 17:32:56.091 16533 16533 I SystemBroadcastReceiver: onReceive. Timestamp - 28-03-2017 17:32:56.090
03-28 17:32:56.091 16533 16533 I SystemBroadcastReceiver: Intent received - android.intent.action.PACKAGE_REMOVED
03-28 17:32:56.091 16533 16533 I SystemBroadcastReceiver: NotificationFeature is disabled. Returning from onReceive
03-28 17:32:56.102  1260  4164 I ActivityManager: Start proc 16557:com.textra/u0a236 for broadcast com.textra/com.mplus.lib.fa
03-28 17:32:56.103  1260  4164 I ActivityManager: Killing 16239:com.android.defcontainer/u0a43 (adj 906): empty #17
03-28 17:32:56.117  1260  6811 D ActivityManager: cleanUpApplicationRecord -- 16239
03-28 17:32:56.132 16557 16557 I art     : Starting a blocking GC AddRemoveAppImageSpace
03-28 17:32:56.166 16557 16573 D NetworkSecurityConfig: No Network Security Config specified, using platform default
03-28 17:32:56.188  1260  5387 I BroadcastQueue: am_broadcast_enqueue: [background,0,Intent { act=android.net.conn.CONNECTIVITY_CHANGE flg=0x4000010 (has extras) },1]
03-28 17:32:56.189  1260  1290 I BroadcastQueue: am_broadcast_finished: [background,0,Intent { act=android.net.conn.CONNECTIVITY_CHANGE flg=0x4000010 (has extras) }]
03-28 17:32:56.218  1260  3615 I BroadcastQueue: am_broadcast_finished: [package,1,Intent { act=android.intent.action.PACKAGE_REMOVED dat=package:uqac.gestionvieetu flg=0x4100010 (has extras) }]
03-28 17:32:56.222  1260  6814 I ActivityManager: Killing 16297:com.android.keychain/1000 (adj 906): empty #17
03-28 17:32:56.230  9982 10145 I Finsky  : [706] com.google.android.finsky.billing.iab.y.a(20248): com.textra: Account determined from installer data - [5xQCPS9RA2Pt9a9Bym3Zt-yaRuw]
03-28 17:32:56.233  9982  9993 I Finsky  : [673] com.google.android.finsky.billing.iab.y.a(20248): com.textra: Account determined from installer data - [5xQCPS9RA2Pt9a9Bym3Zt-yaRuw]
03-28 17:32:56.234  3495  3495 D VvmPackageInstallReceiver: packageName=uqac.gestionvieetu
03-28 17:32:56.236  3495  3495 D VvmPackageInstallReceiver: CarrierVvmPackageName = com.orange.vvm PhoneAccount = ComponentInfo{com.android.phone/com.android.services.telephony.TelephonyConnectionService}, [356a192b7913b04c54574d18c28d46e6395428ab], UserHandle{0} SubId = 1
03-28 17:32:56.242  1260  3263 D ActivityManager: cleanUpApplicationRecord -- 16297
03-28 17:32:56.250  9982  9982 I Finsky  : [1] com.google.android.finsky.utils.PermissionPolicies$PermissionPolicyService.onStartCommand(115): post-install permissions check for uqac.gestionvieetu
03-28 17:32:56.252  9982  9982 I Finsky  : [1] com.google.android.finsky.utils.as.run(3288): Package state data is missing for uqac.gestionvieetu
03-28 17:32:56.258  5461  5461 I WearableService: Wear is not allowed to run on this device. Not starting Wear service.
03-28 17:32:56.268  1260  3533 I ActivityManager: Start proc 16601:com.facebook.system/u0a213 for broadcast com.facebook.system/com.facebook.oxygen.installer.service.PackageReceiver
03-28 17:32:56.270  5461  5461 D WearableService: callingUid 10047, callindPid: 5461
03-28 17:32:56.277  9982  9982 E Finsky  : [1] com.google.android.finsky.wear.bl.a(847): onConnectionFailed: ConnectionResult{statusCode=API_UNAVAILABLE, resolution=null, message=null}
03-28 17:32:56.278  9982  9982 I Finsky  : [1] com.google.android.finsky.wear.aj.run(20402): Dropping command=auto_install due to Gms not connected
03-28 17:32:56.295 16601 16601 I art     : Starting a blocking GC AddRemoveAppImageSpace
03-28 17:32:56.296 16601 16601 W System  : ClassLoader referenced unknown path: /data/app/com.facebook.system-1/lib/arm64
03-28 17:32:56.321 16601 16601 I LoadedApk: No resource references to update in package alias:android.res.overlay_305
03-28 17:32:56.322 16601 16601 I LoadedApk: No resource references to update in package alias:android.res.overlay_310_141
03-28 17:32:56.322 16601 16601 I LoadedApk: No resource references to update in package alias:com.sonymobile.dummy
03-28 17:32:56.370  1260  3615 I ActivityManager: Killing 16375:com.google.process.gapps/u0a47 (adj 906): empty #17
03-28 17:32:56.377  1260  3263 I BroadcastQueue: am_broadcast_enqueue: [background,1,Intent { act=com.google.android.gms.actions.HANDLE_PACKAGE_INSTALLED dat=package:uqac.gestionvieetu flg=0x10 pkg=com.google.android.gms (has extras) },1]
03-28 17:32:56.387  5438 16398 D Wear_Controller: Received broadcast action=android.intent.action.PACKAGE_ADDED and uri=uqac.gestionvieetu
03-28 17:32:56.394  1260  3213 D ActivityManager: cleanUpApplicationRecord -- 16375
03-28 17:32:56.396  1260  6810 I BroadcastQueue: am_broadcast_finished: [background,1,Intent { act=com.google.android.gms.actions.HANDLE_PACKAGE_INSTALLED dat=package:uqac.gestionvieetu flg=0x10 pkg=com.google.android.gms (has extras) }]
03-28 17:32:56.418  1260  5387 I ActivityManager: Start proc 16622:com.google.android.partnersetup/u0a51 for broadcast com.google.android.partnersetup/.RlzPingBroadcastReceiver
03-28 17:32:56.435  5438 16399 W IcingInternalCorpora: getNumBytesRead when not calculated.
03-28 17:32:56.438  5438  5604 I Icing   : Usage reports 0 indexed 0 rejected 0 imm upload false
03-28 17:32:56.442 16622 16622 W System  : ClassLoader referenced unknown path: /system/priv-app/GooglePartnerSetup/lib/arm64
03-28 17:32:56.453  5438  5604 I Icing   : Usage reports 0 indexed 0 rejected 0 imm upload false
03-28 17:32:56.456  1260  4186 I BroadcastQueue: am_broadcast_enqueue: [background,1,Intent { act=com.google.android.gms.icing.action.CONTACT_CHANGED flg=0x10 pkg=com.google.android.gms (has extras) },1]
03-28 17:32:56.460 16622 16622 I LoadedApk: No resource references to update in package alias:android.res.overlay_305
03-28 17:32:56.461 16622 16622 I LoadedApk: No resource references to update in package alias:android.res.overlay_310_141
03-28 17:32:56.461  1260  6811 I BroadcastQueue: am_broadcast_finished: [background,1,Intent { act=com.google.android.gms.icing.action.CONTACT_CHANGED flg=0x10 pkg=com.google.android.gms (has extras) }]
03-28 17:32:56.461 16622 16622 I LoadedApk: No resource references to update in package alias:com.sonymobile.dummy
03-28 17:32:56.490  1260  3616 I ActivityManager: Start proc 16639:com.sonymobile.androidapp.cameraaddon.areffect/u0a177 for broadcast com.sonymobile.androidapp.cameraaddon.areffect/.notification.ThemeInstallReceiver
03-28 17:32:56.515 16639 16639 W System  : ClassLoader referenced unknown path: /system/app/ar-effect/lib/arm
03-28 17:32:56.537 16639 16639 I LoadedApk: No resource references to update in package alias:android.res.overlay_305
03-28 17:32:56.537 16639 16639 I LoadedApk: No resource references to update in package alias:android.res.overlay_310_141
03-28 17:32:56.538 16639 16639 I LoadedApk: No resource references to update in package alias:com.sonymobile.dummy
03-28 17:32:56.548 16639 16639 D FirebaseApp: com.google.firebase.auth.FirebaseAuth is not linked. Skipping initialization.
03-28 17:32:56.554 16639 16639 D FirebaseApp: com.google.firebase.crash.FirebaseCrash is not linked. Skipping initialization.
03-28 17:32:56.560 16639 16639 I FA      : App measurement is starting up, version: 9256
03-28 17:32:56.560 16639 16639 I FA      : To enable debug logging run: adb shell setprop log.tag.FA VERBOSE
03-28 17:32:56.586 16639 16639 I FirebaseInitProvider: FirebaseApp initialization successful
03-28 17:32:56.608  1260  6597 I ActivityManager: Killing 16404:com.realvnc.android.remote/u0a145 (adj 906): empty #17
03-28 17:32:56.621  1260  6813 I ActivityManager: Start proc 16661:com.sonymobile.runtimeskinning.picker/u0a195 for broadcast com.sonymobile.runtimeskinning.picker/.receiver.PackageAddedReceiver
03-28 17:32:56.624  1260  3213 D ActivityManager: cleanUpApplicationRecord -- 16404
03-28 17:32:56.648 16661 16661 W System  : ClassLoader referenced unknown path: /system/app/skin-picker-standard-release/lib/arm64
03-28 17:32:56.669 16661 16661 I LoadedApk: No resource references to update in package alias:android.res.overlay_305
03-28 17:32:56.669 16661 16661 I LoadedApk: No resource references to update in package alias:android.res.overlay_310_141
03-28 17:32:56.670 16661 16661 I LoadedApk: No resource references to update in package alias:com.sonymobile.dummy
03-28 17:32:56.674  1260  3263 I ActivityManager: Killing 16505:com.sonymobile.xperiaservices/u0a153 (adj 906): empty #17
03-28 17:32:56.686  1260  1260 I ActivityManager: Start proc 16681:com.ezinterweb.weseewe/u0a245 for broadcast com.ezinterweb.weseewe/com.amazon.identity.auth.device.authorization.PackageIntentReceiver
03-28 17:32:56.686  1260  4162 D ActivityManager: cleanUpApplicationRecord -- 16505
03-28 17:32:56.711 16681 16681 I art     : Starting a blocking GC AddRemoveAppImageSpace
03-28 17:32:56.725 16681 16681 D com.amazon.identity.auth.device.utils.MAPLog.PII: Extracting verison incremental:<obscured>
03-28 17:32:56.726 16681 16681 D com.amazon.identity.auth.device.utils.MAPLog.PII: Extracting flavor:<obscured>
03-28 17:32:56.726 16681 16681 I com.amazon.identity.auth.device.authorization.PackageIntentReceiver: Package Intent Received. Clearing Service Data. action=android.intent.action.PACKAGE_ADDED
03-28 17:32:56.730 16681 16681 I com.amazon.identity.auth.device.authorization.ThirdPartyServiceHelper: Clearing Highest Versioned Service
03-28 17:32:56.731  1260  4330 I ActivityManager: Killing 16520:com.swiftkey.swiftkeyconfigurator/u0a182 (adj 906): empty #17
03-28 17:32:56.743  1260  4330 I ActivityManager: Start proc 16701:com.lonelyfew.blendoku2/u0a252 for broadcast com.lonelyfew.blendoku2/com.heyzap.sdk.ads.PackageAddedReceiver
03-28 17:32:56.743  1260  3532 D ActivityManager: cleanUpApplicationRecord -- 16520
03-28 17:32:56.768 16701 16701 I art     : Starting a blocking GC AddRemoveAppImageSpace
03-28 17:32:56.793 16533 16533 I SystemBroadcastReceiver: onReceive. Timestamp - 28-03-2017 17:32:56.792
03-28 17:32:56.793 16533 16533 I SystemBroadcastReceiver: Intent received - android.intent.action.PACKAGE_ADDED
03-28 17:32:56.793 16533 16533 I SystemBroadcastReceiver: NotificationFeature is disabled. Returning from onReceive
03-28 17:32:56.795 16533 16533 V ApplicationReceiver:onReceive: 2017-03-28 21:32:56-null-Application install message is received ver:1.2.0
03-28 17:32:56.796 16533 16533 V ApplicationReceiver:onReceive: 2017-03-28 21:32:56-null-ApplicationReceiver detectes the installation of package:uqac.gestionvieetu ver:1.2.0
03-28 17:32:56.808  1260  4187 I ActivityManager: Start proc 16715:com.ninetyfour.degrees.app/u0a251 for broadcast com.ninetyfour.degrees.app/com.amazon.identity.auth.device.authorization.PackageIntentReceiver
03-28 17:32:56.809  1260  4187 I ActivityManager: Killing 16557:com.textra/u0a236 (adj 906): empty #17
03-28 17:32:56.828  1260  4164 D ActivityManager: cleanUpApplicationRecord -- 16557
03-28 17:32:56.839 16715 16715 I art     : Starting a blocking GC AddRemoveAppImageSpace
03-28 17:32:56.892  1260  6814 I BroadcastQueue: am_broadcast_enqueue: [background,0,Intent { act=android.net.conn.CONNECTIVITY_CHANGE flg=0x4000010 (has extras) },1]
03-28 17:32:56.892  1260  1290 I BroadcastQueue: am_broadcast_finished: [background,0,Intent { act=android.net.conn.CONNECTIVITY_CHANGE flg=0x4000010 (has extras) }]
03-28 17:32:56.898 16715 16715 D com.amazon.identity.auth.device.utils.MAPLog.PII: Extracting verison incremental:<obscured>
03-28 17:32:56.898 16715 16715 D com.amazon.identity.auth.device.utils.MAPLog.PII: Extracting flavor:<obscured>
03-28 17:32:56.898 16715 16715 I com.amazon.identity.auth.device.authorization.PackageIntentReceiver: Package Intent Received. Clearing Service Data. action=android.intent.action.PACKAGE_ADDED
03-28 17:32:56.902 16715 16715 I com.amazon.identity.auth.device.authorization.ThirdPartyServiceHelper: Clearing Highest Versioned Service
03-28 17:32:56.914  1260  6814 I ActivityManager: Start proc 16746:com.textra/u0a236 for broadcast com.textra/com.mplus.lib.fa
03-28 17:32:56.914  1260  6814 I ActivityManager: Killing 16271:com.sonymobile.android.addoncamera.styleportrait/u0a74 (adj 906): empty #17
03-28 17:32:56.928  1260  6812 D ActivityManager: cleanUpApplicationRecord -- 16271
03-28 17:32:56.938 16746 16746 I art     : Starting a blocking GC AddRemoveAppImageSpace
03-28 17:32:56.970 16746 16760 D NetworkSecurityConfig: No Network Security Config specified, using platform default
03-28 17:32:57.005  1260  6812 I BroadcastQueue: am_broadcast_enqueue: [background,0,Intent { act=android.net.conn.CONNECTIVITY_CHANGE flg=0x4000010 (has extras) },1]
03-28 17:32:57.006  1260  1290 I BroadcastQueue: am_broadcast_finished: [background,0,Intent { act=android.net.conn.CONNECTIVITY_CHANGE flg=0x4000010 (has extras) }]
03-28 17:32:57.034  1260  1276 I BroadcastQueue: am_broadcast_finished: [package,1,Intent { act=android.intent.action.PACKAGE_ADDED dat=package:uqac.gestionvieetu flg=0x4100010 (has extras) }]
03-28 17:32:57.040  9982  9994 I Finsky  : [674] com.google.android.finsky.billing.iab.y.a(20248): com.textra: Account determined from installer data - [5xQCPS9RA2Pt9a9Bym3Zt-yaRuw]
03-28 17:32:57.042  9982  9993 I Finsky  : [673] com.google.android.finsky.billing.iab.y.a(20248): com.textra: Account determined from installer data - [5xQCPS9RA2Pt9a9Bym3Zt-yaRuw]
03-28 17:32:57.060  1260  3263 I BroadcastQueue: am_broadcast_enqueue: [background,1,Intent { act=android.intent.action.BADGE_COUNT_UPDATE flg=0x10 (has extras) },1]
03-28 17:32:57.074  1260  5387 I BroadcastQueue: am_broadcast_finished: [background,1,Intent { act=android.intent.action.BADGE_COUNT_UPDATE flg=0x10 (has extras) }]
03-28 17:32:57.077  1260  5387 I ActivityManager: Killing 16601:com.facebook.system/u0a213 (adj 906): empty #17
03-28 17:32:57.093  5461  5547 E NetworkScheduler.SR: Invalid parameter app
03-28 17:32:57.093  5461  5547 E NetworkScheduler.SR: Invalid package name : Perhaps you didn't include a PendingIntent in the extras?
03-28 17:32:57.109  1260  6810 I ActivityManager: Start proc 16783:com.swiftkey.swiftkeyconfigurator/u0a182 for broadcast com.swiftkey.swiftkeyconfigurator/.PackageRemovedReceiver
03-28 17:32:57.109 16533 16555 D [ACT]:ao: processing priority = HIGH
03-28 17:32:57.111  1260  6808 D ActivityManager: cleanUpApplicationRecord -- 16601
03-28 17:32:57.114  5438  5646 I Icing   : Usage reports 0 indexed 0 rejected 0 imm upload false
03-28 17:32:57.123  5438  5646 I Icing   : Usage reports 0 indexed 0 rejected 0 imm upload false
03-28 17:32:57.133 16783 16783 W System  : ClassLoader referenced unknown path: /system/app/com.swiftkey.swiftkeyconfigurator/lib/arm64
03-28 17:32:57.152 16783 16783 I LoadedApk: No resource references to update in package alias:android.res.overlay_305
03-28 17:32:57.153 16783 16783 I LoadedApk: No resource references to update in package alias:android.res.overlay_310_141
03-28 17:32:57.153 16783 16783 I LoadedApk: No resource references to update in package alias:com.sonymobile.dummy
03-28 17:32:57.155 16783 16783 D ContentProvider: onCreate
03-28 17:32:57.158 16783 16783 D PackageRemovedReceiver: onReceive
03-28 17:32:57.158 16783 16783 D PackageRemovedReceiver: Package Replaced - swiftkey NOT uninstalled
03-28 17:32:57.159  1260  4187 I ActivityManager: Killing 16314:com.google.android.apps.docs/u0a105 (adj 906): empty #17
03-28 17:32:57.167  8130  8130 I FxAccounts: firefox :: FxAccountUpgradeReceiver :: Upgrade broadcast received.
03-28 17:32:57.168  1260  3213 I BroadcastQueue: am_broadcast_finished: [package,1,Intent { act=android.intent.action.PACKAGE_REPLACED dat=package:uqac.gestionvieetu flg=0x4100010 (has extras) }]
03-28 17:32:57.168  8130 16797 I FxAccounts: firefox :: FxAccountUpgradeReceiver :: Trying to unpickle any pickled Firefox Account.
03-28 17:32:57.172  8130 16797 I FxAccounts: firefox :: FxAccountUpgradeReceiver :: Trying to advance 0 existing Firefox Accounts from the Doghouse to Separated (if necessary).
03-28 17:32:57.180  1260  4330 D ActivityManager: cleanUpApplicationRecord -- 16314
03-28 17:32:57.456  5438  5712 I Icing   : Indexing 01BB2983F04D259E5D891283ECFFED429E6EDA9B from com.google.android.gms
03-28 17:32:57.537   463   463 I QNS     : QNS: soc=35, v=3845, i=350, t=302
03-28 17:32:57.537   463   463 I QNS     : QNS: requested charging current: 2400
03-28 17:32:57.555  5438  5712 I Icing   : Indexing done 01BB2983F04D259E5D891283ECFFED429E6EDA9B
03-28 17:32:58.130  5438  5712 I Icing   : Indexing 01BB2983F04D259E5D891283ECFFED429E6EDA9B from com.google.android.gms
03-28 17:32:58.135  5438  5712 I Icing   : Indexing done 01BB2983F04D259E5D891283ECFFED429E6EDA9B
03-28 17:32:58.240 16165 16165 I chatty  : uid=1000(system) /system/bin/ATFWD-daemon expire 11 lines
03-28 17:33:00.001  1260  2836 I BroadcastQueue: am_broadcast_enqueue: [foreground,1,Intent { act=android.intent.action.TIME_TICK flg=0x50000014 (has extras) },15]
03-28 17:33:00.032  3287  3287 D KeyguardUpdateMonitor: received broadcast android.intent.action.TIME_TICK
03-28 17:33:00.032  3287  3287 D KeyguardUpdateMonitor: handleTimeUpdate
03-28 17:33:00.044  1260  3533 I ActivityManager: Killing 16622:com.google.android.partnersetup/u0a51 (adj 906): empty #17
03-28 17:33:00.061  1260  3908 D ActivityManager: cleanUpApplicationRecord -- 16622
03-28 17:33:00.115  1260  6813 I BroadcastQueue: am_broadcast_finished: [foreground,1,Intent { act=android.intent.action.TIME_TICK flg=0x50000014 (has extras) }]
03-28 17:33:00.247  1260  3533 I WindowManager: Destroying surface Surface(name=) called by com.android.server.wm.WindowStateAnimator.destroySurface:2022 com.android.server.wm.WindowStateAnimator.destroySurfaceLocked:889 com.android.server.wm.WindowState.destroyOrSaveSurface:2073 com.android.server.wm.WindowManagerService.tryStartExitingAnimation:3040 com.android.server.wm.WindowManagerService.relayoutWindow:2920 com.android.server.wm.Session.relayout:215 android.view.IWindowSession$Stub.onTransact:286 com.android.server.wm.Session.onTransact:136 
03-28 17:33:02.126  1260  3200 I chatty  : uid=1000(system) WifiScanningSer expire 15 lines
03-28 17:33:02.337   845  3412 E LOWI-7.7.2.4: [LOWIUtils] channelBandToFreq: Invalid band,channel = 1,0
03-28 17:33:11.250  9982 10023 I Finsky  : [698] com.google.android.finsky.f.f.run(2157): Replicating app states via AMAS.
03-28 17:33:11.549  9982 10023 I Finsky  : [698] com.google.android.finsky.f.d.a(319): Completed 0 account content syncs with 0 successful.
03-28 17:33:11.550  9982  9982 I Finsky  : [1] com.google.android.finsky.services.j.a(149): Installation state replication succeeded.
03-28 17:33:13.288  5438  5451 W SQLiteConnectionPool: A SQLiteConnection object for database '/data/user/0/com.google.android.gms/databases/metrics.db' was leaked!  Please fix your application to end transactions in progress properly and to close the database when it is no longer needed.
03-28 17:33:13.288  5438  5451 W SQLiteConnectionPool: A SQLiteConnection object for database '/data/user/0/com.google.android.gms/databases/help_responses.db.18' was leaked!  Please fix your application to end transactions in progress properly and to close the database when it is no longer needed.
03-28 17:33:13.288  5438  5451 W SQLiteConnectionPool: A SQLiteConnection object for database '/data/user/0/com.google.android.gms/databases/auto_complete_suggestions.db' was leaked!  Please fix your application to end transactions in progress properly and to close the database when it is no longer needed.
03-28 17:33:15.033   934   934 I MSM-irqbalance: Decided to move IRQ215 from CPU2 to CPU3
03-28 17:33:20.034   934   934 I MSM-irqbalance: Decided to move IRQ240 from CPU2 to CPU3
03-28 17:33:24.345  1260  5387 I ActivityManager: Killing 16639:com.sonymobile.androidapp.cameraaddon.areffect/u0a177 (adj 906): empty #17
03-28 17:33:24.346  1260  5387 I ActivityManager: Killing 16444:com.sonyericsson.updatecenter/u0a79 (adj 906): empty #18
