03-28 19:02:31.429  5438  9259 D Wear_Controller: Received broadcast action=android.intent.action.PACKAGE_ADDED and uri=uqac.gestionvieetu
03-28 19:02:31.432  1260  1276 I BroadcastQueue: am_broadcast_finished: [background,1,Intent { act=com.google.android.gms.actions.HANDLE_PACKAGE_INSTALLED dat=package:uqac.gestionvieetu flg=0x10 pkg=com.google.android.gms (has extras) }]
03-28 19:02:31.433  1260  4164 D ActivityManager: cleanUpApplicationRecord -- 9207
03-28 19:02:31.461  1260  4186 I ActivityManager: Start proc 9466:com.google.android.partnersetup/u0a51 for broadcast com.google.android.partnersetup/.RlzPingBroadcastReceiver
03-28 19:02:31.475  5438  5864 I Icing   : Usage reports 0 indexed 0 rejected 0 imm upload false
03-28 19:02:31.482  5438  5864 I Icing   : Usage reports 0 indexed 0 rejected 0 imm upload false
03-28 19:02:31.483  5438  9259 W IcingInternalCorpora: getNumBytesRead when not calculated.
03-28 19:02:31.486  9466  9466 W System  : ClassLoader referenced unknown path: /system/priv-app/GooglePartnerSetup/lib/arm64
03-28 19:02:31.496  1260  5387 I BroadcastQueue: am_broadcast_enqueue: [background,1,Intent { act=com.google.android.gms.icing.action.CONTACT_CHANGED flg=0x10 pkg=com.google.android.gms (has extras) },1]
03-28 19:02:31.499  1260  4164 I BroadcastQueue: am_broadcast_finished: [background,1,Intent { act=com.google.android.gms.icing.action.CONTACT_CHANGED flg=0x10 pkg=com.google.android.gms (has extras) }]
03-28 19:02:31.504  9466  9466 I LoadedApk: No resource references to update in package alias:android.res.overlay_305
03-28 19:02:31.505  9466  9466 I LoadedApk: No resource references to update in package alias:android.res.overlay_310_141
03-28 19:02:31.505  9466  9466 I LoadedApk: No resource references to update in package alias:com.sonymobile.dummy
03-28 19:02:31.536  1260  6814 I ActivityManager: Start proc 9483:com.sonymobile.androidapp.cameraaddon.areffect/u0a177 for broadcast com.sonymobile.androidapp.cameraaddon.areffect/.notification.ThemeInstallReceiver
03-28 19:02:31.560  9483  9483 W System  : ClassLoader referenced unknown path: /system/app/ar-effect/lib/arm
03-28 19:02:31.583  9483  9483 I LoadedApk: No resource references to update in package alias:android.res.overlay_305
03-28 19:02:31.583  9483  9483 I LoadedApk: No resource references to update in package alias:android.res.overlay_310_141
03-28 19:02:31.584  9483  9483 I LoadedApk: No resource references to update in package alias:com.sonymobile.dummy
03-28 19:02:31.593  9483  9483 D FirebaseApp: com.google.firebase.auth.FirebaseAuth is not linked. Skipping initialization.
03-28 19:02:31.597  9483  9483 D FirebaseApp: com.google.firebase.crash.FirebaseCrash is not linked. Skipping initialization.
03-28 19:02:31.604  9483  9483 I FA      : App measurement is starting up, version: 9256
03-28 19:02:31.604  9483  9483 I FA      : To enable debug logging run: adb shell setprop log.tag.FA VERBOSE
03-28 19:02:31.631  9483  9483 I FirebaseInitProvider: FirebaseApp initialization successful
03-28 19:02:31.652  1260  3532 I ActivityManager: Killing 9251:com.realvnc.android.remote/u0a145 (adj 906): empty #17
03-28 19:02:31.663  1260  3532 I ActivityManager: Start proc 9504:com.sonymobile.runtimeskinning.picker/u0a195 for broadcast com.sonymobile.runtimeskinning.picker/.receiver.PackageAddedReceiver
03-28 19:02:31.668  1260  4186 D ActivityManager: cleanUpApplicationRecord -- 9251
03-28 19:02:31.691  9504  9504 W System  : ClassLoader referenced unknown path: /system/app/skin-picker-standard-release/lib/arm64
03-28 19:02:31.711  9504  9504 I LoadedApk: No resource references to update in package alias:android.res.overlay_305
03-28 19:02:31.712  9504  9504 I LoadedApk: No resource references to update in package alias:android.res.overlay_310_141
03-28 19:02:31.712  9504  9504 I LoadedApk: No resource references to update in package alias:com.sonymobile.dummy
03-28 19:02:31.717  1260  6812 I ActivityManager: Killing 9350:com.sonymobile.xperiaservices/u0a153 (adj 906): empty #17
03-28 19:02:31.729  1260  1260 I ActivityManager: Start proc 9520:com.ezinterweb.weseewe/u0a245 for broadcast com.ezinterweb.weseewe/com.amazon.identity.auth.device.authorization.PackageIntentReceiver
03-28 19:02:31.731  1260  4164 D ActivityManager: cleanUpApplicationRecord -- 9350
03-28 19:02:31.751  9520  9520 I art     : Starting a blocking GC AddRemoveAppImageSpace
03-28 19:02:31.767  9520  9520 D com.amazon.identity.auth.device.utils.MAPLog.PII: Extracting verison incremental:<obscured>
03-28 19:02:31.767  9520  9520 D com.amazon.identity.auth.device.utils.MAPLog.PII: Extracting flavor:<obscured>
03-28 19:02:31.767  9520  9520 I com.amazon.identity.auth.device.authorization.PackageIntentReceiver: Package Intent Received. Clearing Service Data. action=android.intent.action.PACKAGE_ADDED
03-28 19:02:31.772  9520  9520 I com.amazon.identity.auth.device.authorization.ThirdPartyServiceHelper: Clearing Highest Versioned Service
03-28 19:02:31.773  1260  1276 I ActivityManager: Killing 9365:com.swiftkey.swiftkeyconfigurator/u0a182 (adj 906): empty #17
03-28 19:02:31.786  1260  1276 I ActivityManager: Start proc 9540:com.lonelyfew.blendoku2/u0a252 for broadcast com.lonelyfew.blendoku2/com.heyzap.sdk.ads.PackageAddedReceiver
03-28 19:02:31.787  1260  3615 D ActivityManager: cleanUpApplicationRecord -- 9365
03-28 19:02:31.816  9540  9540 I art     : Starting a blocking GC AddRemoveAppImageSpace
03-28 19:02:31.842  9382  9382 I SystemBroadcastReceiver: onReceive. Timestamp - 28-03-2017 19:02:31.842
03-28 19:02:31.842  9382  9382 I SystemBroadcastReceiver: Intent received - android.intent.action.PACKAGE_ADDED
03-28 19:02:31.842  9382  9382 I SystemBroadcastReceiver: NotificationFeature is disabled. Returning from onReceive
03-28 19:02:31.845  9382  9382 V ApplicationReceiver:onReceive: 2017-03-28 23:02:31-null-Application install message is received ver:1.2.0
03-28 19:02:31.846  9382  9382 V ApplicationReceiver:onReceive: 2017-03-28 23:02:31-null-ApplicationReceiver detectes the installation of package:uqac.gestionvieetu ver:1.2.0
03-28 19:02:31.857  1260  1275 I ActivityManager: Start proc 9560:com.ninetyfour.degrees.app/u0a251 for broadcast com.ninetyfour.degrees.app/com.amazon.identity.auth.device.authorization.PackageIntentReceiver
03-28 19:02:31.858  1260  1275 I ActivityManager: Killing 9404:com.textra/u0a236 (adj 906): empty #17
03-28 19:02:31.875  1260  3908 D ActivityManager: cleanUpApplicationRecord -- 9404
03-28 19:02:31.887  9560  9560 I art     : Starting a blocking GC AddRemoveAppImageSpace
03-28 19:02:31.946  1260  6597 I BroadcastQueue: am_broadcast_enqueue: [background,0,Intent { act=android.net.conn.CONNECTIVITY_CHANGE flg=0x4000010 (has extras) },1]
03-28 19:02:31.946  1260  1290 I BroadcastQueue: am_broadcast_finished: [background,0,Intent { act=android.net.conn.CONNECTIVITY_CHANGE flg=0x4000010 (has extras) }]
03-28 19:02:31.953  9560  9560 D com.amazon.identity.auth.device.utils.MAPLog.PII: Extracting verison incremental:<obscured>
03-28 19:02:31.954  9560  9560 D com.amazon.identity.auth.device.utils.MAPLog.PII: Extracting flavor:<obscured>
03-28 19:02:31.954  9560  9560 I com.amazon.identity.auth.device.authorization.PackageIntentReceiver: Package Intent Received. Clearing Service Data. action=android.intent.action.PACKAGE_ADDED
03-28 19:02:31.959  9560  9560 I com.amazon.identity.auth.device.authorization.ThirdPartyServiceHelper: Clearing Highest Versioned Service
03-28 19:02:31.971  1260  3263 I ActivityManager: Start proc 9591:com.textra/u0a236 for broadcast com.textra/com.mplus.lib.fa
03-28 19:02:31.972  1260  3263 I ActivityManager: Killing 9102:com.sonymobile.android.addoncamera.styleportrait/u0a74 (adj 906): empty #17
03-28 19:02:31.982  9221  9221 V BoostFramework: mAcquireFunc method = public int com.qualcomm.qti.Performance.perfLockAcquire(int,int[])
03-28 19:02:31.982  9221  9221 V BoostFramework: mReleaseFunc method = public int com.qualcomm.qti.Performance.perfLockRelease()
03-28 19:02:31.982  9221  9221 V BoostFramework: mAcquireTouchFunc method = public int com.qualcomm.qti.Performance.perfLockAcquireTouch(android.view.MotionEvent,android.util.DisplayMetrics,int,int[])
03-28 19:02:31.984  9221  9221 V BoostFramework: BoostFramework() : mPerf = com.qualcomm.qti.Performance@752fea7
03-28 19:02:31.989  1260  6811 D ActivityManager: cleanUpApplicationRecord -- 9102
03-28 19:02:31.999  9591  9591 I art     : Starting a blocking GC AddRemoveAppImageSpace
03-28 19:02:32.030  9591  9605 D NetworkSecurityConfig: No Network Security Config specified, using platform default
03-28 19:02:32.055  1260  3532 I BroadcastQueue: am_broadcast_enqueue: [background,0,Intent { act=android.net.conn.CONNECTIVITY_CHANGE flg=0x4000010 (has extras) },1]
03-28 19:02:32.055  1260  1290 I BroadcastQueue: am_broadcast_finished: [background,0,Intent { act=android.net.conn.CONNECTIVITY_CHANGE flg=0x4000010 (has extras) }]
03-28 19:02:32.080  9221  9221 V BoostFramework: BoostFramework() : mPerf = com.qualcomm.qti.Performance@926de43
03-28 19:02:32.083  1260  6813 I BroadcastQueue: am_broadcast_finished: [package,1,Intent { act=android.intent.action.PACKAGE_ADDED dat=package:uqac.gestionvieetu flg=0x4100010 (has extras) }]
03-28 19:02:32.089  9982  9993 I Finsky  : [673] com.google.android.finsky.billing.iab.y.a(20248): com.textra: Account determined from installer data - [5xQCPS9RA2Pt9a9Bym3Zt-yaRuw]
03-28 19:02:32.092  9982  9994 I Finsky  : [674] com.google.android.finsky.billing.iab.y.a(20248): com.textra: Account determined from installer data - [5xQCPS9RA2Pt9a9Bym3Zt-yaRuw]
03-28 19:02:32.134  5461  5585 E NetworkScheduler.SR: Invalid parameter app
03-28 19:02:32.134  5461  5585 E NetworkScheduler.SR: Invalid package name : Perhaps you didn't include a PendingIntent in the extras?
03-28 19:02:32.137  9382  9402 D [ACT]:ao: processing priority = HIGH
03-28 19:02:32.153  1260  6812 I ActivityManager: Start proc 9626:com.swiftkey.swiftkeyconfigurator/u0a182 for broadcast com.swiftkey.swiftkeyconfigurator/.PackageRemovedReceiver
03-28 19:02:32.157  1260  6812 I ActivityManager: Killing 9449:com.facebook.system/u0a213 (adj 906): empty #17
03-28 19:02:32.161  5438  5864 I Icing   : Usage reports 0 indexed 0 rejected 0 imm upload false
03-28 19:02:32.171  5438  5864 I Icing   : Usage reports 0 indexed 0 rejected 0 imm upload false
03-28 19:02:32.178  1260  6813 D ActivityManager: cleanUpApplicationRecord -- 9449
03-28 19:02:32.181  9626  9626 W System  : ClassLoader referenced unknown path: /system/app/com.swiftkey.swiftkeyconfigurator/lib/arm64
03-28 19:02:32.200  9626  9626 I LoadedApk: No resource references to update in package alias:android.res.overlay_305
03-28 19:02:32.200  9626  9626 I LoadedApk: No resource references to update in package alias:android.res.overlay_310_141
03-28 19:02:32.201  9626  9626 I LoadedApk: No resource references to update in package alias:com.sonymobile.dummy
03-28 19:02:32.202  9626  9626 D ContentProvider: onCreate
03-28 19:02:32.205  9626  9626 D PackageRemovedReceiver: onReceive
03-28 19:02:32.205  9626  9626 D PackageRemovedReceiver: Package Replaced - swiftkey NOT uninstalled
03-28 19:02:32.206  1260  1276 I ActivityManager: Killing 9156:com.google.android.apps.docs/u0a105 (adj 906): empty #17
03-28 19:02:32.216  8130  8130 I FxAccounts: firefox :: FxAccountUpgradeReceiver :: Upgrade broadcast received.
03-28 19:02:32.217  1260  4162 I BroadcastQueue: am_broadcast_finished: [package,1,Intent { act=android.intent.action.PACKAGE_REPLACED dat=package:uqac.gestionvieetu flg=0x4100010 (has extras) }]
03-28 19:02:32.218  8130  9640 I FxAccounts: firefox :: FxAccountUpgradeReceiver :: Trying to unpickle any pickled Firefox Account.
03-28 19:02:32.221  8130  9640 I FxAccounts: firefox :: FxAccountUpgradeReceiver :: Trying to advance 0 existing Firefox Accounts from the Doghouse to Separated (if necessary).
03-28 19:02:32.226  1260  6811 D ActivityManager: cleanUpApplicationRecord -- 9156
03-28 19:02:32.485  5438  5712 I Icing   : Indexing 01BB2983F04D259E5D891283ECFFED429E6EDA9B from com.google.android.gms
03-28 19:02:32.590  5438  5712 I Icing   : Indexing done 01BB2983F04D259E5D891283ECFFED429E6EDA9B
03-28 19:02:33.177  5438  5712 I Icing   : Indexing 01BB2983F04D259E5D891283ECFFED429E6EDA9B from com.google.android.gms
03-28 19:02:33.183  5438  5712 I Icing   : Indexing done 01BB2983F04D259E5D891283ECFFED429E6EDA9B
03-28 19:02:35.106  1260  4162 I ActivityManager: Killing 9466:com.google.android.partnersetup/u0a51 (adj 906): empty #17
03-28 19:02:35.126  1260  6812 D ActivityManager: cleanUpApplicationRecord -- 9466
03-28 19:02:35.500   934   934 I MSM-irqbalance: Decided to move IRQ240 from CPU0 to CPU2
03-28 19:02:35.698  9221  9221 D AndroidRuntime: Shutting down VM
03-28 19:02:35.698  9221  9221 E AndroidRuntime: FATAL EXCEPTION: main
03-28 19:02:35.698  9221  9221 E AndroidRuntime: Process: uqac.gestionvieetu, PID: 9221
03-28 19:02:35.698  9221  9221 E AndroidRuntime: java.lang.NullPointerException: Attempt to invoke virtual method 'int java.lang.Integer.intValue()' on a null object reference
03-28 19:02:35.698  9221  9221 E AndroidRuntime: 	at uqac.gestionvieetu.DatePickerFragment.onCreateDialog(DatePickerFragment.java:25)
03-28 19:02:35.698  9221  9221 E AndroidRuntime: 	at android.support.v4.app.DialogFragment.getLayoutInflater(DialogFragment.java:312)
03-28 19:02:35.698  9221  9221 E AndroidRuntime: 	at android.support.v4.app.FragmentManagerImpl.moveToState(FragmentManager.java:1298)
03-28 19:02:35.698  9221  9221 E AndroidRuntime: 	at android.support.v4.app.FragmentManagerImpl.moveFragmentsToInvisible(FragmentManager.java:2323)
03-28 19:02:35.698  9221  9221 E AndroidRuntime: 	at android.support.v4.app.FragmentManagerImpl.executeOpsTogether(FragmentManager.java:2136)
03-28 19:02:35.698  9221  9221 E AndroidRuntime: 	at android.support.v4.app.FragmentManagerImpl.optimizeAndExecuteOps(FragmentManager.java:2092)
03-28 19:02:35.698  9221  9221 E AndroidRuntime: 	at android.support.v4.app.FragmentManagerImpl.execPendingActions(FragmentManager.java:1998)
03-28 19:02:35.698  9221  9221 E AndroidRuntime: 	at android.support.v4.app.FragmentManagerImpl$1.run(FragmentManager.java:709)
03-28 19:02:35.698  9221  9221 E AndroidRuntime: 	at android.os.Handler.handleCallback(Handler.java:751)
03-28 19:02:35.698  9221  9221 E AndroidRuntime: 	at android.os.Handler.dispatchMessage(Handler.java:95)
03-28 19:02:35.698  9221  9221 E AndroidRuntime: 	at android.os.Looper.loop(Looper.java:241)
03-28 19:02:35.698  9221  9221 E AndroidRuntime: 	at android.app.ActivityThread.main(ActivityThread.java:6217)
03-28 19:02:35.698  9221  9221 E AndroidRuntime: 	at java.lang.reflect.Method.invoke(Native Method)
03-28 19:02:35.698  9221  9221 E AndroidRuntime: 	at com.android.internal.os.ZygoteInit$MethodAndArgsCaller.run(ZygoteInit.java:865)
03-28 19:02:35.698  9221  9221 E AndroidRuntime: 	at com.android.internal.os.ZygoteInit.main(ZygoteInit.java:755)
03-28 19:02:35.701  1260  4164 D ActivityManager: New dropbox entry: uqac.gestionvieetu, data_app_crash, 90c57067-b0f8-45d7-ba34-5cbd2269df79
03-28 19:02:35.702  1260  4164 W ActivityManager:   Force finishing activity uqac.gestionvieetu/.MainActivity
03-28 19:02:35.710  1260  4164 I chatty  : uid=1000(system) Binder:1260_C expire 1 line
03-28 19:02:35.715   752   752 D clmlib  : Got activities:0x00000008
03-28 19:02:35.716   752   752 I JavaDumper:JavaDumperThread: addEvent: data_app_crash@1490742155715.txt processName: uqac.gestionvieetu
03-28 19:02:35.716  1260  1260 I BroadcastQueue: am_broadcast_enqueue: [background,1,Intent { act=android.intent.action.DROPBOX_ENTRY_ADDED flg=0x10 (has extras) },3]
03-28 19:02:35.716   752   787 I JavaDumper:JavaDumperThread: Event: data_app_crash@1490742155715.txt TimeStamp: 1490742155
03-28 19:02:35.724  1260  1291 I chatty  : uid=1000(system) android.ui expire 4 lines
03-28 19:02:35.725   752   787 W JavaDumper:JavaDumper: Could not init dump dir: Unknown error -95
03-28 19:02:35.726   752   787 E JavaDumper:FW:  utils.c(248): mkdir (/data/crashdata) failed. File exists
03-28 19:02:35.729   752   787 E JavaDumper:FW:  ramdump_framework.c(335): fp is NULL
03-28 19:02:35.729   752   787 E JavaDumper:FW:  ramdump_framework.c(514): Read-only file system
03-28 19:02:35.743  1260  3616 I ActivityManager: Start proc 9713:com.sonyericsson.crashmonitor/1000 for broadcast com.sonyericsson.crashmonitor/.receiver.CrashMonitorServiceBroadcastReceiver
03-28 19:02:35.772  1260  3172 I chatty  : uid=1000(system) RenderThread expire 2 lines
03-28 19:02:35.795   752   787 W JavaDumper:FW:  ramdump_framework.c(1920): crashinfo.done not created
03-28 19:02:35.795   752   787 E JavaDumper:FW:  JavaDumper.cpp(262): Failed to remove /tmp/dropbox.txt:Unknown error -2
03-28 19:02:35.801  1260  1310 I BroadcastQueue: am_broadcast_enqueue: [background,1,Intent { act=com.sonymobile.crashmonitorsystemservice.DIR_UPDATED flg=0x10 (has extras) },2]
03-28 19:02:35.849  9713  9713 I LoadedApk: No resource references to update in package alias:android.res.overlay_305
03-28 19:02:35.849  9713  9713 I LoadedApk: No resource references to update in package alias:android.res.overlay_310_141
03-28 19:02:35.850  9713  9713 I LoadedApk: No resource references to update in package alias:com.sonymobile.dummy
03-28 19:02:35.852  1260  3908 I BroadcastQueue: am_broadcast_finished: [background,1,Intent { act=android.intent.action.DROPBOX_ENTRY_ADDED flg=0x10 (has extras) }]
03-28 19:02:35.870  1260  1275 I ActivityManager: Start proc 9732:com.sonymobile.rcahandler/1000 for broadcast com.sonymobile.rcahandler/.RcaHandlerReceiver
03-28 19:02:35.912  9732  9732 W System  : ClassLoader referenced unknown path: /system/app/RcaHandler/lib/arm64
03-28 19:02:35.933  9732  9732 I LoadedApk: No resource references to update in package alias:android.res.overlay_305
03-28 19:02:35.933  9732  9732 I LoadedApk: No resource references to update in package alias:android.res.overlay_310_141
03-28 19:02:35.934  9732  9732 I LoadedApk: No resource references to update in package alias:com.sonymobile.dummy
03-28 19:02:35.935  9732  9732 I RcaHandler: Forwarding intent: com.sonymobile.crashmonitorsystemservice.DIR_UPDATED
03-28 19:02:35.940  1260  1276 I BroadcastQueue: am_broadcast_finished: [background,1,Intent { act=com.sonymobile.crashmonitorsystemservice.DIR_UPDATED flg=0x10 (has extras) }]
03-28 19:02:35.954  9732  9751 I RcaHandler: fileName = tlcore_java_07
03-28 19:02:35.961  9732  9751 D RcaHandler: Handle JAVA-dumpfile with UUID:BEBEB0C8-02A0-5E72-BA54-CBF2622B9A21-BB975A20 from:JavaDumper named:/data/crashdata/tlcore_java_07
03-28 19:02:35.968  1260  6813 I BroadcastQueue: am_broadcast_enqueue: [background,1,Intent { act=com.sonymobile.crashmonitor.CRASH_STATUS flg=0x10 (has extras) },1]
03-28 19:02:35.975  1260  3533 I BroadcastQueue: am_broadcast_finished: [background,1,Intent { act=com.sonymobile.crashmonitor.CRASH_STATUS flg=0x10 (has extras) }]
03-28 19:02:35.984  1260  6808 I ActivityManager: Killing 9293:com.sonyericsson.updatecenter/u0a79 (adj 906): empty #17
03-28 19:02:36.006  1260  1275 D ActivityManager: cleanUpApplicationRecord -- 9293
03-28 19:02:36.022  9732  9751 I RcaHandler: Saved JAVA_SYSTEM_APP (ID:c75ea4ca-1c6d-4b5e-bf32-303b26301987) to IDD
03-28 19:02:36.022  9732  9751 I RcaHandler: Added entry JAVA to rca-list
03-28 19:02:36.031  1260  3263 I ActivityManager: Killing 9483:com.sonymobile.androidapp.cameraaddon.areffect/u0a177 (adj 906): empty #17
03-28 19:02:36.053  1260  6810 D ActivityManager: cleanUpApplicationRecord -- 9483
03-28 19:02:36.210  1260  1290 W ActivityManager: Activity pause timeout for ActivityRecord{5c9efd6 u0 uqac.gestionvieetu/.MainActivity t1952 f}
03-28 19:02:36.286  1260  4162 W ActivityManager: Unable to start service Intent { act=com.android.launcher3.WINDOW_OVERLAY dat=app://com.sonyericsson.home:10102?v=0 pkg=com.google.android.googlequicksearchbox } U=0: not found
03-28 19:02:36.287  1260  5387 I BroadcastQueue: am_broadcast_enqueue: [background,1,Intent { act=org.codeaurora.action.stk.idle_screen flg=0x10 (has extras) },1]
03-28 19:02:36.292  1260  6814 I BroadcastQueue: am_broadcast_finished: [background,1,Intent { act=org.codeaurora.action.stk.idle_screen flg=0x10 (has extras) }]
03-28 19:02:36.301  4225  4225 I Timeline: Timeline: Activity_idle id: android.os.BinderProxy@de08756 time:10132224
03-28 19:02:38.439  5438  5438 V MediaRouter: Dispatching route change: UserRouteInfo{ name=Salon, description=Chromecast, status=null, category=RouteCategory{ name=Appareils types=ROUTE_TYPE_USER  groupable=false }, supportedTypes=ROUTE_TYPE_USER , presentationDisplay=null }
03-28 19:02:38.439  5438  5438 V MediaRouter: Dispatching route change: UserRouteInfo{ name=Salon, description=Chromecast, status=null, category=RouteCategory{ name=Appareils types=ROUTE_TYPE_USER  groupable=false }, supportedTypes=ROUTE_TYPE_USER , presentationDisplay=null }
03-28 19:02:38.862  6006  6006 I Atfwd_Daemon: 
03-28 19:02:38.862  6006  6006 I Atfwd_Daemon:  Out of sleep...
03-28 19:02:38.863  6006  6006 I Atfwd_Daemon: 
03-28 19:02:38.863  6006  6006 I Atfwd_Daemon: 
03-28 19:02:38.863  6006  6006 I Atfwd_Daemon:  TrtyInit: retryCnt: 3
03-28 19:02:38.863  6006  6006 I ServiceManager: Waiting for service AtCmdFwd...
03-28 19:02:39.863  6006  6006 I ServiceManager: Waiting for service AtCmdFwd...
03-28 19:02:40.504   934   934 I MSM-irqbalance: Decided to move IRQ57 from CPU0 to CPU1
03-28 19:02:40.770  5438  9712 W PlatformStatsUtil: Could not retrieve Usage & Diagnostics setting. Giving up.
03-28 19:02:40.864  6006  6006 I ServiceManager: Waiting for service AtCmdFwd...
03-28 19:02:41.261  1260  6808 I ActivityManager: Killing 10345:com.eyefilter.nightmode.bluelightfilter/u0a264 (adj 906): empty #17
03-28 19:02:41.289  1260  4187 D ActivityManager: cleanUpApplicationRecord -- 10345
03-28 19:02:41.865  6006  6006 I ServiceManager: Waiting for service AtCmdFwd...
03-28 19:02:42.865  6006  6006 I ServiceManager: Waiting for service AtCmdFwd...
03-28 19:02:42.966  1260  2836 I BroadcastQueue: am_broadcast_enqueue: [background,1,Intent { act=X.1JR.ACTION_ALARM.com.facebook.orca.Mqtt_Wakeup flg=0x14 pkg=com.facebook.orca (has extras) },1]
03-28 19:02:42.983  1260  5387 I BroadcastQueue: am_broadcast_finished: [background,1,Intent { act=X.1JR.ACTION_ALARM.com.facebook.orca.Mqtt_Wakeup flg=0x14 pkg=com.facebook.orca (has extras) }]
03-28 19:02:43.437   845  3412 E LOWI-7.7.2.4: [LOWIUtils] channelBandToFreq: Invalid band,channel = 1,0
03-28 19:02:43.439   845  3412 E LOWI-7.7.2.4: [LOWIUtils] channelBandToFreq: Invalid band,channel = 1,0
03-28 19:02:43.468  1260  3189 I chatty  : uid=1000(system) WifiStateMachin expire 12 lines
03-28 19:02:43.866  6006  6006 W Atfwd_Sendcmd: AtCmdFwd service not published, waiting... retryCnt : 1
03-28 19:02:45.524   934   934 I MSM-irqbalance: Decided to move IRQ155 from CPU0 to CPU1
03-28 19:02:46.296  9982 10023 I Finsky  : [698] com.google.android.finsky.f.f.run(2157): Replicating app states via AMAS.
03-28 19:02:46.315 13219  9912 I chatty  : uid=10267(me.bluemail.mail) expire 2 lines
03-28 19:02:46.366 13219 13394 I chatty  : uid=10267(me.bluemail.mail) pool-15-thread- expire 8 lines
03-28 19:02:46.381 13219 13304 I chatty  : uid=10267(me.bluemail.mail) pool-12-thread- expire 41 lines
03-28 19:02:46.407  1260  1290 W ActivityManager: Activity destroy timeout for ActivityRecord{5c9efd6 u0 uqac.gestionvieetu/.MainActivity t1952 f}
03-28 19:02:46.407  1260  1290 I WindowManager: Destroying surface Surface(name=uqac.gestionvieetu/uqac.gestionvieetu.MainActivity) called by com.android.server.wm.WindowStateAnimator.destroySurface:2022 com.android.server.wm.WindowStateAnimator.destroySurfaceLocked:889 com.android.server.wm.WindowState.removeLocked:1449 com.android.server.wm.WindowManagerService.removeWindowInnerLocked:2501 com.android.server.wm.WindowManagerService.removeWindowLocked:2459 com.android.server.wm.WindowManagerService.removeWindowLocked:2328 com.android.server.wm.AppWindowToken.removeAllWindows:530 com.android.server.wm.AppWindowToken.removeAppFromTaskLocked:326 
03-28 19:02:46.583  9982 10023 I Finsky  : [698] com.google.android.finsky.f.d.a(319): Completed 0 account content syncs with 0 successful.
03-28 19:02:46.583  9982  9982 I Finsky  : [1] com.google.android.finsky.services.j.a(149): Installation state replication succeeded.
03-28 19:02:48.200  5438  5451 W SQLiteConnectionPool: A SQLiteConnection object for database '/data/user/0/com.google.android.gms/databases/metrics.db' was leaked!  Please fix your application to end transactions in progress properly and to close the database when it is no longer needed.
03-28 19:02:48.201  5438  5451 W SQLiteConnectionPool: A SQLiteConnection object for database '/data/user/0/com.google.android.gms/databases/help_responses.db.18' was leaked!  Please fix your application to end transactions in progress properly and to close the database when it is no longer needed.
03-28 19:02:48.201  5438  5451 W SQLiteConnectionPool: A SQLiteConnection object for database '/data/user/0/com.google.android.gms/databases/auto_complete_suggestions.db' was leaked!  Please fix your application to end transactions in progress properly and to close the database when it is no longer needed.
03-28 19:02:48.866  6006  6006 I ServiceManager: Waiting for service AtCmdFwd...
03-28 19:02:49.867  6006  6006 I ServiceManager: Waiting for service AtCmdFwd...
03-28 19:02:50.544   934   934 I MSM-irqbalance: Decided to move IRQ65 from CPU0 to CPU1
03-28 19:02:50.868  6006  6006 I ServiceManager: Waiting for service AtCmdFwd...
03-28 19:02:51.868  6006  6006 I ServiceManager: Waiting for service AtCmdFwd...
03-28 19:02:52.869  6006  6006 I ServiceManager: Waiting for service AtCmdFwd...
03-28 19:02:53.869  6006  6006 W Atfwd_Sendcmd: AtCmdFwd service not published, waiting... retryCnt : 2
03-28 19:02:55.543   934   934 I MSM-irqbalance: Decided to move IRQ104 from CPU0 to CPU1
03-28 19:02:57.989  1260  4330 I ActivityManager: Killing 17637:com.sonymobile.entrance/u0a88 (adj 906): empty #17
03-28 19:02:58.021  1260  6813 D ActivityManager: cleanUpApplicationRecord -- 17637
03-28 19:03:00.000  1260  2836 I BroadcastQueue: am_broadcast_enqueue: [foreground,1,Intent { act=android.intent.action.TIME_TICK flg=0x50000014 (has extras) },15]
03-28 19:03:00.019  1260  6597 I ActivityManager: Start proc 10148:com.eyefilter.nightmode.bluelightfilter/u0a264 for content provider com.eyefilter.nightmode.bluelightfilter/.utils.MultiprocessPreferences
03-28 19:03:00.066 10148 10148 I art     : Starting a blocking GC AddRemoveAppImageSpace
03-28 19:03:00.117  3287  3287 D KeyguardUpdateMonitor: received broadcast android.intent.action.TIME_TICK
03-28 19:03:00.118  3287  3287 D KeyguardUpdateMonitor: handleTimeUpdate
03-28 19:03:00.157 10148 10148 D libcrashlytics: Initializing libcrashlytics version 1.1.5
03-28 19:03:00.157 10148 10148 D libcrashlytics: Attempting to load unwinder...
03-28 19:03:00.201 10148 10148 D libcrashlytics: Done; using libunwind
03-28 19:03:00.202 10148 10148 D libcrashlytics: Attempting to register signal handler...
03-28 19:03:00.207 10148 10148 D libcrashlytics: Signal handler registered.
03-28 19:03:00.208 10148 10148 D libcrashlytics: Initializing native crash handling successful.
03-28 19:03:00.209  1260  6813 I BroadcastQueue: am_broadcast_finished: [foreground,1,Intent { act=android.intent.action.TIME_TICK flg=0x50000014 (has extras) }]
03-28 19:03:00.227 10148 10148 I CrashlyticsCore: Initializing Crashlytics 2.3.14.151
03-28 19:03:00.235 10148 10163 D NetworkSecurityConfig: No Network Security Config specified, using platform default
03-28 19:03:00.243 10148 10148 E --time--app: 156
03-28 19:03:00.541   934   934 I MSM-irqbalance: Decided to move IRQ222 from CPU0 to CPU1
03-28 19:03:01.201   463   463 I QNS     : QNS: soc=54, v=3902, i=56, t=297
03-28 19:03:01.201   463   463 I QNS     : QNS: requested charging current: 2100
03-28 19:03:03.870  6006  6006 I ServiceManager: Waiting for service AtCmdFwd...
03-28 19:03:04.870  6006  6006 I ServiceManager: Waiting for service AtCmdFwd...
03-28 19:03:05.544   934   934 I MSM-irqbalance: Decided to move IRQ215 from CPU2 to CPU1
03-28 19:03:05.871  6006  6006 I ServiceManager: Waiting for service AtCmdFwd...
03-28 19:03:06.871  6006  6006 I ServiceManager: Waiting for service AtCmdFwd...
03-28 19:03:07.871  6006  6006 I ServiceManager: Waiting for service AtCmdFwd...
03-28 19:03:08.872  6006  6006 W Atfwd_Sendcmd: AtCmdFwd service not published, waiting... retryCnt : 3
03-28 19:03:10.543   934   934 I MSM-irqbalance: Decided to move IRQ240 from CPU2 to CPU1
03-28 19:03:18.753   796  3225 I fingerprint_display_handler: key_pressed_filtered: KEY_POWER while display on
03-28 19:03:18.872  1260  2838 I PowerManagerService: Going to sleep due to power button (uid 1000)...
03-28 19:03:18.873  3287  3547 D KeyguardViewMediator: onStartedGoingToSleep(2)
03-28 19:03:18.876  3287  3547 D KeyguardViewMediator: notifyStartedGoingToSleep
03-28 19:03:18.878  3287  3287 V KeyguardUpdateMonitor: startListeningForFingerprint()
03-28 19:03:18.880  3287  3287 D KeyguardViewMediator: handleNotifyStartedGoingToSleep
03-28 19:03:18.923  1260  3200 I chatty  : uid=1000(system) WifiScanningSer expire 9 lines
03-28 19:03:19.132   609   609 D illumination-service: 'backlight': Color ff000000, BrMode 0, OnMS 0, OffMS 0, Mode 0
03-28 19:03:19.132  1260  1317 I chatty  : uid=1000(system) PowerManagerSer expire 5 lines
03-28 19:03:19.132   796  3224 D fingerprint_display_handler: screen off
03-28 19:03:19.132   796  3224 D fpc_fingerprint_hal: get_action: pm event 0, is suspended 0
03-28 19:03:19.132   796  3224 D fingerprint_touch: pm: event 0
03-28 19:03:19.132   796  3224 D fpc_fingerprint_hal: is_pm_wakeup_configured: not supported
03-28 19:03:19.132   796  3224 D fpc_fingerprint_hal: suspend
03-28 19:03:19.132   796  3224 D fpc_fingerprint_hal: suspend: suspending whatever is runnig
03-28 19:03:19.132   649   656 I touchbacklightd: illum_cb - backlight off
03-28 19:03:19.250  3287  3535 D KeyguardViewMediator: notifyScreenTurnedOff
03-28 19:03:19.250  3287  3287 D KeyguardViewMediator: handleNotifyScreenTurnedOff
03-28 19:03:19.252  1260  1313 I DisplayManagerService: Display device changed state: "cran intgr", OFF
03-28 19:03:19.253   582   582 D SurfaceFlinger: Set power mode=0, type=0 flinger=0x7fa7049040
03-28 19:03:19.253   582   582 D qdhwcomposer: hwc_setPowerMode: Setting mode 0 on display: 0
03-28 19:03:19.440   582   671 I qdhwcomposer: handle_blank_event: dpy:0 panel power state: 0
03-28 19:03:19.441   582   582 D qdhwcomposer: hwc_setPowerMode: Done setting mode 0 on display 0
03-28 19:03:19.444  1260  1317 I PowerManagerService: Sleeping (uid 1000)...
03-28 19:03:19.449  3287  3547 D KeyguardViewMediator: onFinishedGoingToSleep(2)
03-28 19:03:19.449  3287  3547 D KeyguardViewMediator: notifyFinishedGoingToSleep
03-28 19:03:19.451  1260  1260 I BroadcastQueue: am_broadcast_enqueue: [foreground,1,Intent { act=android.intent.action.SCREEN_OFF flg=0x50000010 },45]
03-28 19:03:19.475  3287  3547 D KeyguardViewMediator: doKeyguard: showing the lock screen
03-28 19:03:19.475  3287  3547 D KeyguardViewMediator: showLocked
03-28 19:03:19.476  3287  3287 D KeyguardViewMediator: handleNotifyFinishedGoingToSleep
03-28 19:03:19.479  3287  3287 D KeyguardViewMediator: handleShow
03-28 19:03:19.485  3287  3287 V KeyguardUpdateMonitor: *** register callback for com.android.keyguard.KeyguardHostView$1@fbc3290
03-28 19:03:19.485  3287  3287 V KeyguardUpdateMonitor: *** unregister callback for null
03-28 19:03:19.504  3287  3287 V KeyguardSecurityView: showPrimarySecurityScreen(turningOff=false)
03-28 19:03:19.504  3287  3287 D KeyguardSecurityView: showSecurityScreen(None)
03-28 19:03:19.536   769 17866 D audio_hw_primary: adev_set_parameters: enter: screen_state=off
03-28 19:03:19.536   769 17866 D audio_hw_extn: audio_extn_set_anc_parameters: anc_enabled:0
03-28 19:03:19.536   769 17866 D audio_hw_extn: audio_extn_get_anc_enabled: anc_enabled:0
03-28 19:03:19.571  3287  3287 D PhoneStatusBar: disable: < expand ICONS* alerts SYSTEM_INFO* back home recent clock search quick_settings >
03-28 19:03:19.584  3287  3287 D KeyguardViewBase: show()
03-28 19:03:19.586  3287  3287 V KeyguardSecurityView: showPrimarySecurityScreen(turningOff=false)
03-28 19:03:19.586  3287  3287 D KeyguardSecurityView: showSecurityScreen(None)
03-28 19:03:19.589  3287  3287 D KeyguardUpdateMonitor: onKeyguardVisibilityChanged(true)
03-28 19:03:19.589  3287  3287 V KeyguardStatusView: refresh statusview showing:true
03-28 19:03:19.600  3287  3287 V KeyguardUpdateMonitor: startListeningForFingerprint()
03-28 19:03:19.602  3287  3287 D KeyguardViewMediator: adjustStatusBarLocked: mShowing=true mOccluded=false isSecure=false --> flags=0x3200000
03-28 19:03:19.604  3287  3287 V KeyguardDisplayManager: show
03-28 19:03:19.604  3287  3287 V KeyguardStatusView: Disable transport text marquee
03-28 19:03:19.622  3287  3287 V KeyguardUpdateMonitor: startListeningForFingerprint()
03-28 19:03:19.692  1260  4186 I WindowManager: Destroying surface Surface(name=NavigationBar) called by com.android.server.wm.WindowStateAnimator.destroySurface:2022 com.android.server.wm.WindowStateAnimator.destroySurfaceLocked:889 com.android.server.wm.WindowState.destroyOrSaveSurface:2073 com.android.server.wm.WindowManagerService.tryStartExitingAnimation:3040 com.android.server.wm.WindowManagerService.relayoutWindow:2920 com.android.server.wm.Session.relayout:215 android.view.IWindowSession$Stub.onTransact:286 com.android.server.wm.Session.onTransact:136 
03-28 19:03:19.714  3287  3287 D KeyguardUpdateMonitor: handleKeyguardReset
03-28 19:03:19.716  3287  3287 V KeyguardUpdateMonitor: startListeningForFingerprint()
03-28 19:03:19.721  3287  3287 D PhoneStatusBar: disable: < expand ICONS alerts SYSTEM_INFO back HOME* RECENT* clock SEARCH* quick_settings >
03-28 19:03:19.809  3495  3495 D TransmitPower: PSensorObserver:onPSensorStateChanged() : isNear = false
03-28 19:03:19.811  3495  3495 D TransmitPower: PSensorObserver:onPSensorStateChanged() : isNear = false
03-28 19:03:19.812  3495  3495 D TransmitPower: PSensorObserver:onPSensorStateChanged() : isNear = false
03-28 19:03:19.891  5438  5438 I CastMediaRouteProvider: in onDiscoveryRequestChanged: request=null
03-28 19:03:19.898  5438  5438 V MediaRouter: Dispatching route change: UserRouteInfo{ name=Salon, description=Chromecast, status=null, category=RouteCategory{ name=Appareils types=ROUTE_TYPE_USER  groupable=false }, supportedTypes=ROUTE_TYPE_USER , presentationDisplay=null }
03-28 19:03:19.898  5438  5438 V MediaRouter: Removing route: UserRouteInfo{ name=Salon, description=Chromecast, status=null, category=RouteCategory{ name=Appareils types=ROUTE_TYPE_USER  groupable=false }, supportedTypes=ROUTE_TYPE_USER , presentationDisplay=null }
03-28 19:03:19.909  5438  5712 W MdnsClient_Cast: Multicast lock held. Releasing. Subtypes:"%9E5E7C8F47989526C9BCD95D24084F6F0B27C5ED"
03-28 19:03:19.921  5438  5438 I DeviceScanner: [CastNearby] Screen is OFF
03-28 19:03:19.924  5438  5712 W MdnsClient: unicast receiver thread is already dead.
03-28 19:03:19.932  1260  1275 I BroadcastQueue: am_broadcast_finished: [foreground,1,Intent { act=android.intent.action.SCREEN_OFF flg=0x50000010 }]
03-28 19:03:20.542   934   934 I MSM-irqbalance: Decided to move IRQ332 from CPU0 to CPU1
03-28 19:03:23.429   845  3412 E LOWI-7.7.2.4: [LOWIUtils] channelBandToFreq: Invalid band,channel = 1,0
03-28 19:03:23.430   845  3412 E LOWI-7.7.2.4: [LOWIUtils] channelBandToFreq: Invalid band,channel = 1,0
03-28 19:03:23.493  1260  3189 I chatty  : uid=1000(system) WifiStateMachin expire 11 lines
03-28 19:03:23.872  6006  6006 I ServiceManager: Waiting for service AtCmdFwd...
03-28 19:03:24.873  6006  6006 I ServiceManager: Waiting for service AtCmdFwd...
03-28 19:03:25.542   934   934 I MSM-irqbalance: Decided to move IRQ200 from CPU2 to CPU1
03-28 19:03:25.873  6006  6006 I ServiceManager: Waiting for service AtCmdFwd...
03-28 19:03:26.874  6006  6006 I ServiceManager: Waiting for service AtCmdFwd...
03-28 19:03:27.875  6006  6006 I ServiceManager: Waiting for service AtCmdFwd...
03-28 19:03:28.875  6006  6006 W Atfwd_Sendcmd: AtCmdFwd service not published, waiting... retryCnt : 4
03-28 19:03:31.217   463   463 I QNS     : QNS: soc=54, v=3922, i=292, t=295
03-28 19:03:31.217   463   463 I QNS     : QNS: requested charging current: 2100
03-28 19:03:34.951  1260  1311 I BroadcastQueue: am_broadcast_enqueue: [background,1,Intent { act=android.net.conn.DATA_ACTIVITY_CHANGE flg=0x10 (has extras) },1]
03-28 19:03:34.954  1260  3533 I BroadcastQueue: am_broadcast_finished: [background,1,Intent { act=android.net.conn.DATA_ACTIVITY_CHANGE flg=0x10 (has extras) }]
03-28 19:03:47.445  1260  1311 I BroadcastQueue: am_broadcast_enqueue: [background,1,Intent { act=android.net.conn.DATA_ACTIVITY_CHANGE flg=0x10 (has extras) },1]
03-28 19:03:47.447  1260  6597 I BroadcastQueue: am_broadcast_finished: [background,1,Intent { act=android.net.conn.DATA_ACTIVITY_CHANGE flg=0x10 (has extras) }]
03-28 19:03:47.450  1260  6597 I ActivityManager: Killing 9333:com.sonymobile.exchange/u0a111 (adj 906): empty #17
03-28 19:03:47.475  1260  3615 D ActivityManager: cleanUpApplicationRecord -- 9333
03-28 19:03:48.876  6006  6006 I ServiceManager: Waiting for service AtCmdFwd...
03-28 19:03:49.876  6006  6006 I ServiceManager: Waiting for service AtCmdFwd...
03-28 19:03:50.877  6006  6006 I ServiceManager: Waiting for service AtCmdFwd...
03-28 19:03:51.878  6006  6006 I ServiceManager: Waiting for service AtCmdFwd...
03-28 19:03:52.878  6006  6006 I ServiceManager: Waiting for service AtCmdFwd...
03-28 19:03:53.344 10944 10944 D SomcExtendedUtils: SomcExtendedUtils()
03-28 19:03:53.352 10944 10944 D AndroidRuntime: >>>>>> START com.android.internal.os.RuntimeInit uid 2000 <<<<<<
03-28 19:03:53.356 10944 10944 D AndroidRuntime: CheckJNI is OFF
03-28 19:03:53.435 10944 10944 D ICU     : No timezone override file found: /data/misc/zoneinfo/current/icu/icu_tzdata.dat
03-28 19:03:53.471 10944 10944 I Radio-JNI: register_android_hardware_Radio DONE
03-28 19:03:53.498 10944 10944 D AndroidRuntime: Calling main entry com.android.commands.am.Am
03-28 19:03:53.501  1260  4186 I ActivityManager: Force stopping uqac.gestionvieetu appid=10216 user=0: from pid 10944
03-28 19:03:53.501  1260  4186 I ActivityManager: Killing 9221:uqac.gestionvieetu/u0a216 (adj 900): stop uqac.gestionvieetu
03-28 19:03:53.502  1260  4186 D ActivityManager: cleanUpApplicationRecord -- 9221
03-28 19:03:53.502  1260  4186 W ActivityManager: Scheduling restart of crashed service uqac.gestionvieetu/com.android.tools.fd.runtime.InstantRunService in 1000ms
03-28 19:03:53.504  1260  4186 I ActivityManager:   Force stopping service ServiceRecord{bccf126 u0 uqac.gestionvieetu/com.android.tools.fd.runtime.InstantRunService}
03-28 19:03:53.505  1260  4186 I BroadcastQueue: am_broadcast_enqueue: [background,0,Intent { act=android.intent.action.PACKAGE_RESTARTED dat=package:uqac.gestionvieetu flg=0x10 (has extras) },32]
03-28 19:03:53.506  1260  4164 W ActivityManager: Ignoring remove of inactive process: ProcessRecord{6fbe08f 0:uqac.gestionvieetu/u0a216}
03-28 19:03:53.506 10944 10944 D AndroidRuntime: Shutting down VM
03-28 19:03:53.510  1260  1290 I BroadcastQueue: am_broadcast_finished: [background,0,Intent { act=android.intent.action.PACKAGE_RESTARTED dat=package:uqac.gestionvieetu flg=0x10 (has extras) }]
03-28 19:03:53.515  1260  1291 I WindowManager: Destroying surface Surface(name=Application Error: uqac.gestionvieetu) called by com.android.server.wm.WindowStateAnimator.destroySurface:2022 com.android.server.wm.WindowStateAnimator.destroySurfaceLocked:889 com.android.server.wm.WindowState.removeLocked:1449 com.android.server.wm.WindowManagerService.removeWindowInnerLocked:2501 com.android.server.wm.WindowManagerService.removeWindowLocked:2459 com.android.server.wm.WindowManagerService.removeWindowLocked:2328 com.android.server.wm.WindowManagerService.removeWindow:2323 com.android.server.wm.Session.remove:193 
03-28 19:03:53.517  1260  1291 W AppOps  : Finishing op nesting under-run: uid 1000 pkg android code 24 time=0 duration=0 nesting=0
03-28 19:03:53.519  3495  3495 D CarrierSvcBindHelper: No carrier app for: 0
03-28 19:03:53.527  4132  4132 D NfcService: GetDefaultRouteEntry :19
03-28 19:03:53.527  4132  4132 D NfcService: GetDefaultRouteLoc  :0
03-28 19:03:53.527  4132  4132 D NfcService: GetDefaultRouteEntry :19
03-28 19:03:53.527  4132  4132 D NfcService: GetDefaultRouteLoc  :0
03-28 19:03:53.527  4132  4132 D NfcService: GetDefaultRouteEntry :19
03-28 19:03:53.527  4132  4132 D NfcService: GetDefaultRouteLoc  :0
03-28 19:03:53.533  4132  4132 D RegisteredNfcFServicesCache: Service unchanged, not updating
03-28 19:03:53.879  6006  6006 W Atfwd_Sendcmd: AtCmdFwd service not published, waiting... retryCnt : 5
03-28 19:03:54.247 10972 10972 D SomcExtendedUtils: SomcExtendedUtils()
03-28 19:03:54.254 10972 10972 D AndroidRuntime: >>>>>> START com.android.internal.os.RuntimeInit uid 2000 <<<<<<
03-28 19:03:54.259 10972 10972 D AndroidRuntime: CheckJNI is OFF
03-28 19:03:54.336 10972 10972 D ICU     : No timezone override file found: /data/misc/zoneinfo/current/icu/icu_tzdata.dat
03-28 19:03:54.372 10972 10972 I Radio-JNI: register_android_hardware_Radio DONE
03-28 19:03:54.398 10972 10972 D AndroidRuntime: Calling main entry com.android.commands.pm.Pm
03-28 19:03:54.407 10972 10972 I art     : System.exit called, status: 0
03-28 19:03:54.407 10972 10982 W MessageQueue: Handler (android.os.Handler) {17c1ab2} sending message to a Handler on a dead thread
03-28 19:03:54.407 10972 10982 W MessageQueue: java.lang.IllegalStateException: Handler (android.os.Handler) {17c1ab2} sending message to a Handler on a dead thread
03-28 19:03:54.407 10972 10982 W MessageQueue: 	at android.os.MessageQueue.enqueueMessage(MessageQueue.java:600)
03-28 19:03:54.407 10972 10982 W MessageQueue: 	at android.os.Handler.enqueueMessage(Handler.java:643)
03-28 19:03:54.407 10972 10982 W MessageQueue: 	at android.os.Handler.sendMessageAtTime(Handler.java:612)
03-28 19:03:54.407 10972 10982 W MessageQueue: 	at android.os.Handler.sendMessageDelayed(Handler.java:582)
03-28 19:03:54.407 10972 10982 W MessageQueue: 	at android.os.Handler.post(Handler.java:338)
03-28 19:03:54.407 10972 10982 W MessageQueue: 	at android.os.ResultReceiver$MyResultReceiver.send(ResultReceiver.java:57)
03-28 19:03:54.407 10972 10982 W MessageQueue: 	at com.android.internal.os.IResultReceiver$Stub.onTransact(IResultReceiver.java:58)
03-28 19:03:54.407 10972 10982 W MessageQueue: 	at android.os.Binder.execTransact(Binder.java:565)
03-28 19:03:54.407 10972 10972 I AndroidRuntime: VM exiting with result code 0.
03-28 19:03:55.464 10994 10994 D SomcExtendedUtils: SomcExtendedUtils()
03-28 19:03:55.473 10994 10994 D AndroidRuntime: >>>>>> START com.android.internal.os.RuntimeInit uid 2000 <<<<<<
03-28 19:03:55.477 10994 10994 D AndroidRuntime: CheckJNI is OFF
03-28 19:03:55.554 10994 10994 D ICU     : No timezone override file found: /data/misc/zoneinfo/current/icu/icu_tzdata.dat
03-28 19:03:55.590 10994 10994 I Radio-JNI: register_android_hardware_Radio DONE
03-28 19:03:55.616 10994 10994 D AndroidRuntime: Calling main entry com.android.commands.pm.Pm
03-28 19:03:55.625 10994 10994 I art     : System.exit called, status: 0
03-28 19:03:55.625 10994 10994 I AndroidRuntime: VM exiting with result code 0.
03-28 19:03:55.626 10994 11002 W MessageQueue: Handler (android.os.Handler) {cb16db7} sending message to a Handler on a dead thread
03-28 19:03:55.626 10994 11002 W MessageQueue: java.lang.IllegalStateException: Handler (android.os.Handler) {cb16db7} sending message to a Handler on a dead thread
03-28 19:03:55.626 10994 11002 W MessageQueue: 	at android.os.MessageQueue.enqueueMessage(MessageQueue.java:600)
03-28 19:03:55.626 10994 11002 W MessageQueue: 	at android.os.Handler.enqueueMessage(Handler.java:643)
03-28 19:03:55.626 10994 11002 W MessageQueue: 	at android.os.Handler.sendMessageAtTime(Handler.java:612)
03-28 19:03:55.626 10994 11002 W MessageQueue: 	at android.os.Handler.sendMessageDelayed(Handler.java:582)
03-28 19:03:55.626 10994 11002 W MessageQueue: 	at android.os.Handler.post(Handler.java:338)
03-28 19:03:55.626 10994 11002 W MessageQueue: 	at android.os.ResultReceiver$MyResultReceiver.send(ResultReceiver.java:57)
03-28 19:03:55.626 10994 11002 W MessageQueue: 	at com.android.internal.os.IResultReceiver$Stub.onTransact(IResultReceiver.java:58)
03-28 19:03:55.626 10994 11002 W MessageQueue: 	at android.os.Binder.execTransact(Binder.java:565)
03-28 19:03:57.425   796  3225 D fpc_fingerprint_hal: get_action: pm event 2, is suspended 1
03-28 19:03:57.425   796  3225 D fpc_fingerprint_hal: resume
03-28 19:03:57.425   796  3225 D fpc_fingerprint_hal: resume: resuming whatever has suspended
03-28 19:03:57.425   796  3225 D fingerprint_touch: pm: event 2
03-28 19:03:57.425   796  3225 I fingerprint_display_handler: key_pressed_filtered: KEY_POWER while display off
03-28 19:03:57.431  1260  2838 I PowerManagerService: Waking up from sleep (uid 1000)...
03-28 19:03:57.433  1260  1260 I BroadcastQueue: am_broadcast_enqueue: [foreground,1,Intent { act=android.intent.action.SCREEN_ON flg=0x50000010 },37]
03-28 19:03:57.434  1260  1317 I DisplayPowerController: Blocking screen on until initial contents have been drawn.
03-28 19:03:57.434  3287  3306 D KeyguardViewMediator: onStartedWakingUp, seq = 36
03-28 19:03:57.434  3287  3306 D KeyguardViewMediator: notifyStartedWakingUp
03-28 19:03:57.434  3287  3287 D KeyguardViewMediator: handleNotifyWakingUp
03-28 19:03:57.435  1260  1313 I DisplayManagerService: Display device changed state: "cran intgr", ON
03-28 19:03:57.436   582   582 D SurfaceFlinger: Set power mode=2, type=0 flinger=0x7fa7049040
03-28 19:03:57.436   582   582 D qdhwcomposer: hwc_setPowerMode: Setting mode 2 on display: 0
03-28 19:03:57.436  3287  3287 V KeyguardUpdateMonitor: startListeningForFingerprint()
03-28 19:03:57.448  3287  3287 V KeyguardStatusView: Enable transport text marquee
03-28 19:03:57.454  3287  3306 D KeyguardViewMediator: notifyScreenOn
03-28 19:03:57.484  3287  3287 D KeyguardViewMediator: handleNotifyScreenTurningOn
03-28 19:03:57.500  3287  3287 D SomcAutoSwipeHelper: <checkFingerprintRegistered()>
03-28 19:03:57.500  3287  3287 D SomcAutoSwipeHelper: -------------------------------------------
03-28 19:03:57.500  3287  3287 D SomcAutoSwipeHelper:   mRegisteredSensor              : false
03-28 19:03:57.500  3287  3287 D SomcAutoSwipeHelper:   mKeyguardShowing               : true
03-28 19:03:57.500  3287  3287 D SomcAutoSwipeHelper:   mBouncerShowing                : false
03-28 19:03:57.500  3287  3287 D SomcAutoSwipeHelper:   mIsTouchedAfterWakingUp        : false
03-28 19:03:57.500  3287  3287 D SomcAutoSwipeHelper:   mIsFingerprintHardwareDetected : true
03-28 19:03:57.500  3287  3287 D SomcAutoSwipeHelper:   mIsFingerprintRegistered       : false
03-28 19:03:57.500  3287  3287 D SomcAutoSwipeHelper:   mSleep                         : false
03-28 19:03:57.500  3287  3287 D SomcAutoSwipeHelper: -------------------------------------------
03-28 19:03:57.500  3287  3287 D SomcAutoSwipeHelper: 
03-28 19:03:57.501   796  4043 D fingerprint_touch: receive_thread: enable.cmd 2
03-28 19:03:57.501   796  4043 D fingerprint_touch: start_detection_task
03-28 19:03:57.501  1260  4042 I chatty  : uid=1000(system) Binder:1260_8 expire 8 lines
03-28 19:03:57.502  3287  3287 D SomcAutoSwipeHelper: <registSensorListener()>
03-28 19:03:57.502  3287  3287 D SomcAutoSwipeHelper: -------------------------------------------
03-28 19:03:57.502  3287  3287 D SomcAutoSwipeHelper:   mRegisteredSensor              : true
03-28 19:03:57.502  3287  3287 D SomcAutoSwipeHelper:   mKeyguardShowing               : true
03-28 19:03:57.502  3287  3287 D SomcAutoSwipeHelper:   mBouncerShowing                : false
03-28 19:03:57.502  3287  3287 D SomcAutoSwipeHelper:   mIsTouchedAfterWakingUp        : false
03-28 19:03:57.502  3287  3287 D SomcAutoSwipeHelper:   mIsFingerprintHardwareDetected : true
03-28 19:03:57.502  3287  3287 D SomcAutoSwipeHelper:   mIsFingerprintRegistered       : false
03-28 19:03:57.502  3287  3287 D SomcAutoSwipeHelper:   mSleep                         : false
03-28 19:03:57.502  3287  3287 D SomcAutoSwipeHelper: -------------------------------------------
03-28 19:03:57.502  3287  3287 D SomcAutoSwipeHelper: 
03-28 19:03:57.505   796  3222 D fingerprint_touch: do_finger_detect waiting for finger down
03-28 19:03:57.507   769  3211 D audio_hw_primary: adev_set_parameters: enter: screen_state=on
03-28 19:03:57.508   769  3211 D audio_hw_extn: audio_extn_set_anc_parameters: anc_enabled:0
03-28 19:03:57.508   769  3211 D audio_hw_extn: audio_extn_get_anc_enabled: anc_enabled:0
03-28 19:03:57.630   582   671 I qdhwcomposer: handle_blank_event: dpy:0 panel power state: 1
03-28 19:03:57.630   582   582 D qdhwcomposer: hwc_setPowerMode: Done setting mode 2 on display 0
03-28 19:03:57.636   796  3222 D fingerprint_touch: do_finger_detect finger-down
03-28 19:03:57.636   796  3222 D fingerprint_touch: do_finger_detect waiting for finger up
03-28 19:03:57.637  3287  3287 D SomcAutoSwipeHelper: detectAutoSwipeEvent() : 1.0
03-28 19:03:57.640  1260  1317 I DisplayPowerController: Unblocked screen on after 206 ms
03-28 19:03:57.650  3495  3495 D TransmitPower: PSensorObserver:onPSensorStateChanged() : isNear = false
03-28 19:03:57.650  3495  3495 D TransmitPower: PSensorObserver:onPSensorStateChanged() : isNear = false
03-28 19:03:57.652  3495  3495 D TransmitPower: PSensorObserver:onPSensorStateChanged() : isNear = false
