03-28 17:02:07.581 20084 20084 E AndroidRuntime: 	at android.support.v7.app.AppCompatDelegateImplV9.setContentView(AppCompatDelegateImplV9.java:288)
03-28 17:02:07.581 20084 20084 E AndroidRuntime: 	at android.support.v7.app.AppCompatActivity.setContentView(AppCompatActivity.java:143)
03-28 17:02:07.581 20084 20084 E AndroidRuntime: 	at uqac.gestionvieetu.MainActivity.onCreate(MainActivity.java:27)
03-28 17:02:07.581 20084 20084 E AndroidRuntime: 	at android.app.Activity.performCreate(Activity.java:6705)
03-28 17:02:07.581 20084 20084 E AndroidRuntime: 	at android.app.Instrumentation.callActivityOnCreate(Instrumentation.java:1119)
03-28 17:02:07.581 20084 20084 E AndroidRuntime: 	at android.app.ActivityThread.performLaunchActivity(ActivityThread.java:2664)
03-28 17:02:07.581 20084 20084 E AndroidRuntime: 	at android.app.ActivityThread.handleLaunchActivity(ActivityThread.java:2772)
03-28 17:02:07.581 20084 20084 E AndroidRuntime: 	at android.app.ActivityThread.-wrap12(ActivityThread.java)
03-28 17:02:07.581 20084 20084 E AndroidRuntime: 	at android.app.ActivityThread$H.handleMessage(ActivityThread.java:1515)
03-28 17:02:07.581 20084 20084 E AndroidRuntime: 	at android.os.Handler.dispatchMessage(Handler.java:102)
03-28 17:02:07.581 20084 20084 E AndroidRuntime: 	at android.os.Looper.loop(Looper.java:241)
03-28 17:02:07.581 20084 20084 E AndroidRuntime: 	at android.app.ActivityThread.main(ActivityThread.java:6217)
03-28 17:02:07.581 20084 20084 E AndroidRuntime: 	at java.lang.reflect.Method.invoke(Native Method)
03-28 17:02:07.581 20084 20084 E AndroidRuntime: 	at com.android.internal.os.ZygoteInit$MethodAndArgsCaller.run(ZygoteInit.java:865)
03-28 17:02:07.581 20084 20084 E AndroidRuntime: 	at com.android.internal.os.ZygoteInit.main(ZygoteInit.java:755)
03-28 17:02:07.583  1260  6808 I chatty  : uid=1000(system) Binder:1260_12 expire 3 lines
03-28 17:02:07.594  1260  1260 I chatty  : uid=1000 system_server expire 7 lines
03-28 17:02:07.694  1260  4162 I chatty  : uid=1000(system) Binder:1260_B expire 6 lines
03-28 17:02:07.721  1260  1310 I chatty  : uid=1000(system) FileObserver expire 1 line
03-28 17:02:07.738  1260  6597 I chatty  : uid=1000(system) Binder:1260_11 expire 7 lines
03-28 17:02:07.808  1260  3263 I chatty  : uid=1000(system) Binder:1260_4 expire 2 lines
03-28 17:02:07.859  1260  6811 I chatty  : uid=1000(system) Binder:1260_14 expire 7 lines
03-28 17:02:07.862  1260  3908 I chatty  : uid=1000(system) Binder:1260_A expire 4 lines
03-28 17:02:07.871  1260  3615 I chatty  : uid=1000(system) Binder:1260_7 expire 5 lines
03-28 17:02:07.911  1260  6810 I chatty  : uid=1000(system) Binder:1260_13 expire 7 lines
03-28 17:02:07.934  1260  3213 I chatty  : uid=1000(system) Binder:1260_3 expire 2 lines
03-28 17:02:07.938  1260  6814 I chatty  : uid=1000(system) Binder:1260_17 expire 6 lines
03-28 17:02:08.059  1260  4187 I chatty  : uid=1000(system) Binder:1260_E expire 3 lines
03-28 17:02:08.329  1260  1313 I chatty  : uid=1000(system) android.display expire 5 lines
03-28 17:02:09.163  1260  6813 I chatty  : uid=1000(system) Binder:1260_16 expire 13 lines
03-28 17:02:23.511  1260  2836 I chatty  : uid=1000(system) AlarmManager expire 1 line
03-28 17:02:55.350  1260  1317 I chatty  : uid=1000(system) PowerManagerSer expire 3 lines
03-28 17:02:57.480  1260  2694 I chatty  : uid=1000(system) PackageInstalle expire 2 lines
03-28 17:02:59.533 21362 21362 W ContextImpl: Calling a method in the system process without a qualified user: android.app.ContextImpl.startService:1362 android.content.ContextWrapper.startService:613 android.content.ContextWrapper.startService:613 com.android.keychain.KeyChainBroadcastReceiver.onReceive:12 android.app.ActivityThread.handleReceiver:3085 
03-28 17:02:59.909  1260  1290 I chatty  : uid=1000(system) ActivityManager expire 15 lines
03-28 17:03:00.013  1260  1276 I chatty  : uid=1000(system) Binder:1260_2 expire 5 lines
03-28 17:03:00.078  1260  4162 I chatty  : uid=1000(system) Binder:1260_B expire 10 lines
03-28 17:03:00.125  1260  6811 I chatty  : uid=1000(system) Binder:1260_14 expire 9 lines
03-28 17:03:00.326  1260  3263 I chatty  : uid=1000(system) Binder:1260_4 expire 5 lines
03-28 17:03:00.355  1260  2836 I chatty  : uid=1000(system) AlarmManager expire 2 lines
03-28 17:03:00.483  1260  6812 I chatty  : uid=1000(system) Binder:1260_15 expire 10 lines
03-28 17:03:00.489  1260  6597 I chatty  : uid=1000(system) Binder:1260_11 expire 4 lines
03-28 17:03:00.504  3287  3287 V KeyguardDisplayManager: show
03-28 17:03:00.596  3287  3287 V KeyguardStatusView: refresh statusview showing:true
03-28 17:03:00.738  1260  3532 I chatty  : uid=1000(system) Binder:1260_5 expire 7 lines
03-28 17:03:00.803  1260  3615 I chatty  : uid=1000(system) Binder:1260_7 expire 10 lines
03-28 17:03:00.819  1260  1260 I chatty  : uid=1000 system_server expire 4 lines
03-28 17:03:00.829  1260  4187 I chatty  : uid=1000(system) Binder:1260_E expire 8 lines
03-28 17:03:00.930  1260  5387 I chatty  : uid=1000(system) Binder:1260_10 expire 4 lines
03-28 17:03:00.974  1260  3693 I chatty  : uid=1000(system) Binder:1260_9 expire 10 lines
03-28 17:03:01.181  1260  6813 I chatty  : uid=1000(system) Binder:1260_16 expire 3 lines
03-28 17:03:01.217  1260  3213 I chatty  : uid=1000(system) Binder:1260_3 expire 6 lines
03-28 17:03:01.258 21464 21464 E AndroidRuntime: FATAL EXCEPTION: main
03-28 17:03:01.258 21464 21464 E AndroidRuntime: Process: uqac.gestionvieetu, PID: 21464
03-28 17:03:01.258 21464 21464 E AndroidRuntime: java.lang.RuntimeException: Unable to start activity ComponentInfo{uqac.gestionvieetu/uqac.gestionvieetu.MainActivity}: android.view.InflateException: Binary XML file line #12: Binary XML file line #12: Error inflating class fragment
03-28 17:03:01.258 21464 21464 E AndroidRuntime: 	at android.app.ActivityThread.performLaunchActivity(ActivityThread.java:2711)
03-28 17:03:01.258 21464 21464 E AndroidRuntime: 	at android.app.ActivityThread.handleLaunchActivity(ActivityThread.java:2772)
03-28 17:03:01.258 21464 21464 E AndroidRuntime: 	at android.app.ActivityThread.-wrap12(ActivityThread.java)
03-28 17:03:01.258 21464 21464 E AndroidRuntime: 	at android.app.ActivityThread$H.handleMessage(ActivityThread.java:1515)
03-28 17:03:01.258 21464 21464 E AndroidRuntime: 	at android.os.Handler.dispatchMessage(Handler.java:102)
03-28 17:03:01.258 21464 21464 E AndroidRuntime: 	at android.os.Looper.loop(Looper.java:241)
03-28 17:03:01.258 21464 21464 E AndroidRuntime: 	at android.app.ActivityThread.main(ActivityThread.java:6217)
03-28 17:03:01.258 21464 21464 E AndroidRuntime: 	at java.lang.reflect.Method.invoke(Native Method)
03-28 17:03:01.258 21464 21464 E AndroidRuntime: 	at com.android.internal.os.ZygoteInit$MethodAndArgsCaller.run(ZygoteInit.java:865)
03-28 17:03:01.258 21464 21464 E AndroidRuntime: 	at com.android.internal.os.ZygoteInit.main(ZygoteInit.java:755)
03-28 17:03:01.258 21464 21464 E AndroidRuntime: Caused by: android.view.InflateException: Binary XML file line #12: Binary XML file line #12: Error inflating class fragment
03-28 17:03:01.258 21464 21464 E AndroidRuntime: Caused by: android.view.InflateException: Binary XML file line #12: Error inflating class fragment
03-28 17:03:01.258 21464 21464 E AndroidRuntime: Caused by: java.lang.NullPointerException
03-28 17:03:01.258 21464 21464 E AndroidRuntime: 	at java.lang.VMClassLoader.findLoadedClass(Native Method)
03-28 17:03:01.258 21464 21464 E AndroidRuntime: 	at java.lang.ClassLoader.findLoadedClass(ClassLoader.java:742)
03-28 17:03:01.258 21464 21464 E AndroidRuntime: 	at java.lang.ClassLoader.loadClass(ClassLoader.java:362)
03-28 17:03:01.258 21464 21464 E AndroidRuntime: 	at java.lang.ClassLoader.loadClass(ClassLoader.java:312)
03-28 17:03:01.258 21464 21464 E AndroidRuntime: 	at android.support.v4.app.Fragment.isSupportFragmentClass(Fragment.java:459)
03-28 17:03:01.258 21464 21464 E AndroidRuntime: 	at android.support.v4.app.FragmentManagerImpl.onCreateView(FragmentManager.java:3321)
03-28 17:03:01.258 21464 21464 E AndroidRuntime: 	at android.support.v4.app.FragmentController.onCreateView(FragmentController.java:120)
03-28 17:03:01.258 21464 21464 E AndroidRuntime: 	at android.support.v4.app.FragmentActivity.dispatchFragmentsOnCreateView(FragmentActivity.java:378)
03-28 17:03:01.258 21464 21464 E AndroidRuntime: 	at android.support.v4.app.BaseFragmentActivityHoneycomb.onCreateView(BaseFragmentActivityHoneycomb.java:33)
03-28 17:03:01.258 21464 21464 E AndroidRuntime: 	at android.support.v4.app.FragmentActivity.onCreateView(FragmentActivity.java:79)
03-28 17:03:01.258 21464 21464 E AndroidRuntime: 	at android.view.LayoutInflater.createViewFromTag(LayoutInflater.java:777)
03-28 17:03:01.258 21464 21464 E AndroidRuntime: 	at android.view.LayoutInflater.createViewFromTag(LayoutInflater.java:727)
03-28 17:03:01.258 21464 21464 E AndroidRuntime: 	at android.view.LayoutInflater.rInflate(LayoutInflater.java:858)
03-28 17:03:01.258 21464 21464 E AndroidRuntime: 	at android.view.LayoutInflater.rInflateChildren(LayoutInflater.java:821)
03-28 17:03:01.258 21464 21464 E AndroidRuntime: 	at android.view.LayoutInflater.inflate(LayoutInflater.java:518)
03-28 17:03:01.258 21464 21464 E AndroidRuntime: 	at android.view.LayoutInflater.inflate(LayoutInflater.java:426)
03-28 17:03:01.258 21464 21464 E AndroidRuntime: 	at android.view.LayoutInflater.inflate(LayoutInflater.java:377)
03-28 17:03:01.258 21464 21464 E AndroidRuntime: 	at android.support.v7.app.AppCompatDelegateImplV9.setContentView(AppCompatDelegateImplV9.java:288)
03-28 17:03:01.258 21464 21464 E AndroidRuntime: 	at android.support.v7.app.AppCompatActivity.setContentView(AppCompatActivity.java:143)
03-28 17:03:01.258 21464 21464 E AndroidRuntime: 	at uqac.gestionvieetu.MainActivity.onCreate(MainActivity.java:27)
03-28 17:03:01.258 21464 21464 E AndroidRuntime: 	at android.app.Activity.performCreate(Activity.java:6705)
03-28 17:03:01.258 21464 21464 E AndroidRuntime: 	at android.app.Instrumentation.callActivityOnCreate(Instrumentation.java:1119)
03-28 17:03:01.258 21464 21464 E AndroidRuntime: 	at android.app.ActivityThread.performLaunchActivity(ActivityThread.java:2664)
03-28 17:03:01.258 21464 21464 E AndroidRuntime: 	at android.app.ActivityThread.handleLaunchActivity(ActivityThread.java:2772)
03-28 17:03:01.258 21464 21464 E AndroidRuntime: 	at android.app.ActivityThread.-wrap12(ActivityThread.java)
03-28 17:03:01.258 21464 21464 E AndroidRuntime: 	at android.app.ActivityThread$H.handleMessage(ActivityThread.java:1515)
03-28 17:03:01.258 21464 21464 E AndroidRuntime: 	at android.os.Handler.dispatchMessage(Handler.java:102)
03-28 17:03:01.258 21464 21464 E AndroidRuntime: 	at android.os.Looper.loop(Looper.java:241)
03-28 17:03:01.258 21464 21464 E AndroidRuntime: 	at android.app.ActivityThread.main(ActivityThread.java:6217)
03-28 17:03:01.258 21464 21464 E AndroidRuntime: 	at java.lang.reflect.Method.invoke(Native Method)
03-28 17:03:01.258 21464 21464 E AndroidRuntime: 	at com.android.internal.os.ZygoteInit$MethodAndArgsCaller.run(ZygoteInit.java:865)
03-28 17:03:01.258 21464 21464 E AndroidRuntime: 	at com.android.internal.os.ZygoteInit.main(ZygoteInit.java:755)
03-28 17:03:01.260  1260  6808 I chatty  : uid=1000(system) Binder:1260_12 expire 6 lines
03-28 17:03:01.354  1260  1310 I chatty  : uid=1000(system) FileObserver expire 1 line
03-28 17:03:01.371  1260  6810 I chatty  : uid=1000(system) Binder:1260_13 expire 8 lines
03-28 17:03:01.386  1260  4330 I chatty  : uid=1000(system) Binder:1260_F expire 3 lines
03-28 17:03:01.457  1260  3533 I chatty  : uid=1000(system) Binder:1260_6 expire 5 lines
03-28 17:03:01.543  1260  4186 I chatty  : uid=1000(system) Binder:1260_D expire 3 lines
03-28 17:03:01.671  1260  3908 I chatty  : uid=1000(system) Binder:1260_A expire 6 lines
03-28 17:03:02.037  1260  1275 I chatty  : uid=1000(system) Binder:1260_1 expire 3 lines
03-28 17:03:02.450  1260  3616 I chatty  : uid=1000(system) Binder:1260_8 expire 2 lines
03-28 17:03:02.783  1260  2838 I chatty  : uid=1000(system) InputReader expire 1 line
03-28 17:03:02.784  1260  1317 I chatty  : uid=1000(system) PowerManagerSer expire 2 lines
03-28 17:03:02.785  1260  1313 I chatty  : uid=1000(system) android.display expire 2 lines
03-28 17:03:03.575  3287  3287 V KeyguardDisplayManager: hide
03-28 17:03:03.959  1260  4164 I chatty  : uid=1000(system) Binder:1260_C expire 2 lines
03-28 17:03:04.477 22147 22200 E ActivityThread: Failed to find provider info for com.facebook.appmanager.oxygen.nekodirect.progress
03-28 17:03:07.675  1260  3189 I chatty  : uid=1000(system) WifiStateMachin expire 1 line
03-28 17:03:08.419  1260  6814 I chatty  : uid=1000(system) Binder:1260_17 expire 10 lines
03-28 17:03:08.437  1260  6813 I chatty  : uid=1000(system) Binder:1260_16 expire 23 lines
03-28 17:03:08.492  1260  3908 I chatty  : uid=1000(system) Binder:1260_A expire 1 line
03-28 17:03:08.492  1260  6597 I chatty  : uid=1000(system) Binder:1260_11 expire 1 line
03-28 17:03:08.496  1260  3693 I chatty  : uid=1000(system) Binder:1260_9 expire 13 lines
03-28 17:03:08.503  1260  3533 I chatty  : uid=1000(system) Binder:1260_6 expire 1 line
03-28 17:03:08.553  1260  4187 I chatty  : uid=1000(system) Binder:1260_E expire 2 lines
03-28 17:03:09.254  1260  1276 I chatty  : uid=1000(system) Binder:1260_2 expire 3 lines
03-28 17:03:09.271  1260  3615 I chatty  : uid=1000(system) Binder:1260_7 expire 12 lines
03-28 17:03:09.272  1260  1290 I chatty  : uid=1000(system) ActivityManager expire 9 lines
03-28 17:03:09.429  1260  1313 I chatty  : uid=1000(system) android.display expire 6 lines
03-28 17:03:09.962  1260  4162 I chatty  : uid=1000(system) Binder:1260_B expire 13 lines
03-28 17:03:09.986  1260  6812 I chatty  : uid=1000(system) Binder:1260_15 expire 1 line
03-28 17:03:09.987  1260  1275 I chatty  : uid=1000(system) Binder:1260_1 expire 13 lines
03-28 17:03:09.991  1260  3213 I chatty  : uid=1000(system) Binder:1260_3 expire 2 lines
03-28 17:03:12.135  1260  6810 I chatty  : uid=1000(system) Binder:1260_13 expire 2 lines
03-28 17:03:12.263 21808 21808 E AndroidRuntime: FATAL EXCEPTION: main
03-28 17:03:12.263 21808 21808 E AndroidRuntime: Process: uqac.gestionvieetu, PID: 21808
03-28 17:03:12.263 21808 21808 E AndroidRuntime: java.lang.RuntimeException: Unable to start activity ComponentInfo{uqac.gestionvieetu/uqac.gestionvieetu.MainActivity}: android.view.InflateException: Binary XML file line #12: Binary XML file line #12: Error inflating class fragment
03-28 17:03:12.263 21808 21808 E AndroidRuntime: 	at android.app.ActivityThread.performLaunchActivity(ActivityThread.java:2711)
03-28 17:03:12.263 21808 21808 E AndroidRuntime: 	at android.app.ActivityThread.handleLaunchActivity(ActivityThread.java:2772)
03-28 17:03:12.263 21808 21808 E AndroidRuntime: 	at android.app.ActivityThread.-wrap12(ActivityThread.java)
03-28 17:03:12.263 21808 21808 E AndroidRuntime: 	at android.app.ActivityThread$H.handleMessage(ActivityThread.java:1515)
03-28 17:03:12.263 21808 21808 E AndroidRuntime: 	at android.os.Handler.dispatchMessage(Handler.java:102)
03-28 17:03:12.263 21808 21808 E AndroidRuntime: 	at android.os.Looper.loop(Looper.java:241)
03-28 17:03:12.263 21808 21808 E AndroidRuntime: 	at android.app.ActivityThread.main(ActivityThread.java:6217)
03-28 17:03:12.263 21808 21808 E AndroidRuntime: 	at java.lang.reflect.Method.invoke(Native Method)
03-28 17:03:12.263 21808 21808 E AndroidRuntime: 	at com.android.internal.os.ZygoteInit$MethodAndArgsCaller.run(ZygoteInit.java:865)
03-28 17:03:12.263 21808 21808 E AndroidRuntime: 	at com.android.internal.os.ZygoteInit.main(ZygoteInit.java:755)
03-28 17:03:12.263 21808 21808 E AndroidRuntime: Caused by: android.view.InflateException: Binary XML file line #12: Binary XML file line #12: Error inflating class fragment
03-28 17:03:12.263 21808 21808 E AndroidRuntime: Caused by: android.view.InflateException: Binary XML file line #12: Error inflating class fragment
03-28 17:03:12.263 21808 21808 E AndroidRuntime: Caused by: java.lang.NullPointerException
03-28 17:03:12.263 21808 21808 E AndroidRuntime: 	at java.lang.VMClassLoader.findLoadedClass(Native Method)
03-28 17:03:12.263 21808 21808 E AndroidRuntime: 	at java.lang.ClassLoader.findLoadedClass(ClassLoader.java:742)
03-28 17:03:12.263 21808 21808 E AndroidRuntime: 	at java.lang.ClassLoader.loadClass(ClassLoader.java:362)
03-28 17:03:12.263 21808 21808 E AndroidRuntime: 	at java.lang.ClassLoader.loadClass(ClassLoader.java:312)
03-28 17:03:12.263 21808 21808 E AndroidRuntime: 	at android.support.v4.app.Fragment.isSupportFragmentClass(Fragment.java:459)
03-28 17:03:12.263 21808 21808 E AndroidRuntime: 	at android.support.v4.app.FragmentManagerImpl.onCreateView(FragmentManager.java:3321)
03-28 17:03:12.263 21808 21808 E AndroidRuntime: 	at android.support.v4.app.FragmentController.onCreateView(FragmentController.java:120)
03-28 17:03:12.263 21808 21808 E AndroidRuntime: 	at android.support.v4.app.FragmentActivity.dispatchFragmentsOnCreateView(FragmentActivity.java:378)
03-28 17:03:12.263 21808 21808 E AndroidRuntime: 	at android.support.v4.app.BaseFragmentActivityHoneycomb.onCreateView(BaseFragmentActivityHoneycomb.java:33)
03-28 17:03:12.263 21808 21808 E AndroidRuntime: 	at android.support.v4.app.FragmentActivity.onCreateView(FragmentActivity.java:79)
03-28 17:03:12.263 21808 21808 E AndroidRuntime: 	at android.view.LayoutInflater.createViewFromTag(LayoutInflater.java:777)
03-28 17:03:12.263 21808 21808 E AndroidRuntime: 	at android.view.LayoutInflater.createViewFromTag(LayoutInflater.java:727)
03-28 17:03:12.263 21808 21808 E AndroidRuntime: 	at android.view.LayoutInflater.rInflate(LayoutInflater.java:858)
03-28 17:03:12.263 21808 21808 E AndroidRuntime: 	at android.view.LayoutInflater.rInflateChildren(LayoutInflater.java:821)
03-28 17:03:12.263 21808 21808 E AndroidRuntime: 	at android.view.LayoutInflater.inflate(LayoutInflater.java:518)
03-28 17:03:12.263 21808 21808 E AndroidRuntime: 	at android.view.LayoutInflater.inflate(LayoutInflater.java:426)
03-28 17:03:12.263 21808 21808 E AndroidRuntime: 	at android.view.LayoutInflater.inflate(LayoutInflater.java:377)
03-28 17:03:12.263 21808 21808 E AndroidRuntime: 	at android.support.v7.app.AppCompatDelegateImplV9.setContentView(AppCompatDelegateImplV9.java:288)
03-28 17:03:12.263 21808 21808 E AndroidRuntime: 	at android.support.v7.app.AppCompatActivity.setContentView(AppCompatActivity.java:143)
03-28 17:03:12.263 21808 21808 E AndroidRuntime: 	at uqac.gestionvieetu.MainActivity.onCreate(MainActivity.java:27)
03-28 17:03:12.263 21808 21808 E AndroidRuntime: 	at android.app.Activity.performCreate(Activity.java:6705)
03-28 17:03:12.263 21808 21808 E AndroidRuntime: 	at android.app.Instrumentation.callActivityOnCreate(Instrumentation.java:1119)
03-28 17:03:12.263 21808 21808 E AndroidRuntime: 	at android.app.ActivityThread.performLaunchActivity(ActivityThread.java:2664)
03-28 17:03:12.263 21808 21808 E AndroidRuntime: 	at android.app.ActivityThread.handleLaunchActivity(ActivityThread.java:2772)
03-28 17:03:12.263 21808 21808 E AndroidRuntime: 	at android.app.ActivityThread.-wrap12(ActivityThread.java)
03-28 17:03:12.263 21808 21808 E AndroidRuntime: 	at android.app.ActivityThread$H.handleMessage(ActivityThread.java:1515)
03-28 17:03:12.263 21808 21808 E AndroidRuntime: 	at android.os.Handler.dispatchMessage(Handler.java:102)
03-28 17:03:12.263 21808 21808 E AndroidRuntime: 	at android.os.Looper.loop(Looper.java:241)
03-28 17:03:12.263 21808 21808 E AndroidRuntime: 	at android.app.ActivityThread.main(ActivityThread.java:6217)
03-28 17:03:12.263 21808 21808 E AndroidRuntime: 	at java.lang.reflect.Method.invoke(Native Method)
03-28 17:03:12.263 21808 21808 E AndroidRuntime: 	at com.android.internal.os.ZygoteInit$MethodAndArgsCaller.run(ZygoteInit.java:865)
03-28 17:03:12.263 21808 21808 E AndroidRuntime: 	at com.android.internal.os.ZygoteInit.main(ZygoteInit.java:755)
03-28 17:03:12.270  1260  1260 I chatty  : uid=1000 system_server expire 1 line
03-28 17:03:12.298  1260  4330 I chatty  : uid=1000(system) Binder:1260_F expire 3 lines
03-28 17:03:12.313  1260  4186 I chatty  : uid=1000(system) Binder:1260_D expire 6 lines
03-28 17:03:12.335  1260  1310 I chatty  : uid=1000(system) FileObserver expire 1 line
03-28 17:03:12.387  1260  4164 I chatty  : uid=1000(system) Binder:1260_C expire 1 line
03-28 17:03:12.614  1260  6811 I chatty  : uid=1000(system) Binder:1260_14 expire 5 lines
03-28 17:03:46.942  1260  2836 I chatty  : uid=1000(system) AlarmManager expire 2 lines
03-28 17:03:47.089 22731 22731 W ContextImpl: Calling a method in the system process without a qualified user: android.app.ContextImpl.startService:1362 android.content.ContextWrapper.startService:613 android.content.ContextWrapper.startService:613 com.sonymobile.smartcharger.chargingintelligentservice.ChargeStateLogger.onReceive:54 android.app.ActivityThread.handleReceiver:3085 
03-28 17:03:47.125  1260  6808 I chatty  : uid=1000(system) Binder:1260_12 expire 1 line
03-28 17:03:59.073  1260  5387 I chatty  : uid=1000(system) Binder:1260_10 expire 9 lines
03-28 17:04:00.016  1260  3532 I chatty  : uid=1000(system) Binder:1260_5 expire 2 lines
03-28 17:04:21.261  1260  3615 I chatty  : uid=1000(system) Binder:1260_7 expire 1 line
03-28 17:04:36.017  1260  2694 I chatty  : uid=1000(system) PackageInstalle expire 2 lines
03-28 17:04:36.048  1260  1333 I chatty  : uid=1000(system) PackageManager expire 7 lines
03-28 17:04:37.415  1260  3616 I chatty  : uid=1000(system) Binder:1260_8 expire 4 lines
03-28 17:04:37.665  1260  1333 I chatty  : uid=1000(system) PackageManager expire 5 lines
03-28 17:04:37.672  1260  1260 I chatty  : uid=1000 system_server expire 6 lines
03-28 17:04:37.677  1260  1290 I chatty  : uid=1000(system) ActivityManager expire 11 lines
03-28 17:04:37.731  1260  6811 I chatty  : uid=1000(system) Binder:1260_14 expire 3 lines
03-28 17:04:37.737  1260  3532 I chatty  : uid=1000(system) Binder:1260_5 expire 3 lines
03-28 17:04:37.740  1260  3693 I chatty  : uid=1000(system) Binder:1260_9 expire 4 lines
03-28 17:04:37.741  1260  6597 I chatty  : uid=1000(system) Binder:1260_11 expire 2 lines
03-28 17:04:37.747  1260  3533 I chatty  : uid=1000(system) Binder:1260_6 expire 5 lines
03-28 17:04:37.749  1260  4187 I chatty  : uid=1000(system) Binder:1260_E expire 9 lines
03-28 17:04:37.954  1260  3908 I chatty  : uid=1000(system) Binder:1260_A expire 5 lines
03-28 17:04:37.958  1260  5387 I chatty  : uid=1000(system) Binder:1260_10 expire 3 lines
03-28 17:04:38.015 22920 22920 W ContextImpl: Calling a method in the system process without a qualified user: android.app.ContextImpl.startService:1362 android.content.ContextWrapper.startService:613 android.content.ContextWrapper.startService:613 com.android.keychain.KeyChainBroadcastReceiver.onReceive:12 android.app.ActivityThread.handleReceiver:3085 
03-28 17:04:38.073  1260  4186 I chatty  : uid=1000(system) Binder:1260_D expire 4 lines
03-28 17:04:38.079  1260  6810 I chatty  : uid=1000(system) Binder:1260_13 expire 3 lines
03-28 17:04:38.436  1260  4162 I chatty  : uid=1000(system) Binder:1260_B expire 3 lines
03-28 17:04:38.450  1260  6814 I chatty  : uid=1000(system) Binder:1260_17 expire 5 lines
03-28 17:04:38.504  1260  1276 I chatty  : uid=1000(system) Binder:1260_2 expire 7 lines
03-28 17:04:38.589  1260  4330 I chatty  : uid=1000(system) Binder:1260_F expire 6 lines
03-28 17:04:38.781  1260  6813 I chatty  : uid=1000(system) Binder:1260_16 expire 8 lines
03-28 17:04:39.173  1260  6808 I chatty  : uid=1000(system) Binder:1260_12 expire 4 lines
03-28 17:04:39.262  1260  1275 I chatty  : uid=1000(system) Binder:1260_1 expire 4 lines
03-28 17:04:39.282  1260  1313 I chatty  : uid=1000(system) android.display expire 2 lines
03-28 17:04:39.389  1260  4164 I chatty  : uid=1000(system) Binder:1260_C expire 3 lines
03-28 17:04:39.559  1260  3615 I chatty  : uid=1000(system) Binder:1260_7 expire 2 lines
03-28 17:04:40.276  1260  3213 I chatty  : uid=1000(system) Binder:1260_3 expire 8 lines
03-28 17:04:40.577  1260  6812 I chatty  : uid=1000(system) Binder:1260_15 expire 1 line
03-28 17:04:58.894  1260  2836 I chatty  : uid=1000(system) AlarmManager expire 8 lines
03-28 17:05:15.796  1260  3189 I chatty  : uid=1000(system) WifiStateMachin expire 2 lines
03-28 17:05:25.339  1260  3263 I chatty  : uid=1000(system) Binder:1260_4 expire 1 line
03-28 17:06:44.228  1260  1317 I chatty  : uid=1000(system) PowerManagerSer expire 3 lines
03-28 17:06:49.316  3287  3287 V KeyguardStatusView: refresh statusview showing:true
03-28 17:06:49.330  3287  3287 V KeyguardDisplayManager: show
03-28 17:07:04.949  1260  1311 I chatty  : uid=1000(system) android.fg expire 2 lines
03-28 17:07:19.031  1260  1290 I chatty  : uid=1000(system) ActivityManager expire 5 lines
03-28 17:07:19.059  1260  1294 I chatty  : uid=1000(system) batterystats-sy expire 5 lines
03-28 17:07:38.529  1260  6597 I chatty  : uid=1000(system) Binder:1260_11 expire 4 lines
03-28 17:07:52.551  1260  1311 I chatty  : uid=1000(system) android.fg expire 10 lines
03-28 17:07:52.553  1260  3213 I chatty  : uid=1000(system) Binder:1260_3 expire 4 lines
03-28 17:08:20.227  1260  6808 I chatty  : uid=1000(system) Binder:1260_12 expire 4 lines
03-28 17:08:20.258  1260  5387 I chatty  : uid=1000(system) Binder:1260_10 expire 7 lines
03-28 17:08:44.854  1260  2836 I chatty  : uid=1000(system) AlarmManager expire 6 lines
03-28 17:08:44.887  1260  3532 I chatty  : uid=1000(system) Binder:1260_5 expire 7 lines
03-28 17:08:45.048  1260  6814 I chatty  : uid=1000(system) Binder:1260_17 expire 5 lines
03-28 17:09:05.385  1260  6812 I chatty  : uid=1000(system) Binder:1260_15 expire 6 lines
03-28 17:09:20.393  1260  4330 I chatty  : uid=1000(system) Binder:1260_F expire 2 lines
03-28 17:09:26.889  1260  4162 I chatty  : uid=1000(system) Binder:1260_B expire 5 lines
03-28 17:09:33.197  1260  1260 I chatty  : uid=1000 system_server expire 6 lines
03-28 17:09:33.205  1260  1290 I chatty  : uid=1000(system) ActivityManager expire 10 lines
03-28 17:10:02.455 13600 13695 W ContextImpl: Calling a method in the system process without a qualified user: android.app.ContextImpl.bindService:1426 android.content.ContextWrapper.bindService:636 com.google.android.gms.common.stats.zzb.zza:-1 com.google.android.gms.common.stats.zzb.zza:-1 com.google.android.gms.ads.identifier.AdvertisingIdClient.zzp:-1 
03-28 17:10:05.592  1260  3616 I chatty  : uid=1000(system) Binder:1260_8 expire 5 lines
03-28 17:10:21.266  1260  3263 I chatty  : uid=1000(system) Binder:1260_4 expire 3 lines
03-28 17:10:50.712  1260  3693 I chatty  : uid=1000(system) Binder:1260_9 expire 5 lines
03-28 17:11:05.097  1260  1276 I chatty  : uid=1000(system) Binder:1260_2 expire 5 lines
03-28 17:11:05.415  1260  6813 I chatty  : uid=1000(system) Binder:1260_16 expire 3 lines
03-28 17:11:05.426  1260  4164 I chatty  : uid=1000(system) Binder:1260_C expire 3 lines
03-28 17:11:17.935  1260  2838 I chatty  : uid=1000(system) InputReader expire 2 lines
03-28 17:11:17.936  1260  1317 I chatty  : uid=1000(system) PowerManagerSer expire 3 lines
03-28 17:11:17.939  1260  1313 I chatty  : uid=1000(system) android.display expire 2 lines
03-28 17:11:18.143  1260  4186 I chatty  : uid=1000(system) Binder:1260_D expire 6 lines
03-28 17:11:18.148  1260  4187 I chatty  : uid=1000(system) Binder:1260_E expire 3 lines
03-28 17:11:18.214  1260  6810 I chatty  : uid=1000(system) Binder:1260_13 expire 4 lines
03-28 17:11:18.262  1260  3189 I chatty  : uid=1000(system) WifiStateMachin expire 1 line
03-28 17:11:18.907  1260  3908 I chatty  : uid=1000(system) Binder:1260_A expire 5 lines
03-28 17:11:19.272  3287  3287 V KeyguardDisplayManager: hide
03-28 17:11:19.279  1260  1290 I chatty  : uid=1000(system) ActivityManager expire 5 lines
03-28 17:11:20.033  1260  3533 I chatty  : uid=1000(system) Binder:1260_6 expire 2 lines
03-28 17:11:20.596  1260  3615 I chatty  : uid=1000(system) Binder:1260_7 expire 1 line
03-28 17:11:21.142  1260  6811 I chatty  : uid=1000(system) Binder:1260_14 expire 3 lines
03-28 17:12:30.059  1260  1275 I chatty  : uid=1000(system) Binder:1260_1 expire 1 line
03-28 17:13:12.599  3287  3287 V KeyguardStatusView: refresh statusview showing:true
03-28 17:13:12.630  3287  3287 V KeyguardDisplayManager: show
03-28 17:13:27.950  1260  1311 I chatty  : uid=1000(system) android.fg expire 2 lines
03-28 17:14:04.232  1260  1314 I chatty  : uid=1000(system) CpuTracker expire 1 line
03-28 17:14:05.455  1260  4186 I chatty  : uid=1000(system) Binder:1260_D expire 13 lines
03-28 17:14:07.727  1260  2838 I chatty  : uid=1000(system) InputReader expire 1 line
03-28 17:14:07.728  1260  1317 I chatty  : uid=1000(system) PowerManagerSer expire 2 lines
03-28 17:14:07.729  1260  1313 I chatty  : uid=1000(system) android.display expire 4 lines
03-28 17:14:07.733  1260  1260 I chatty  : uid=1000 system_server expire 2 lines
03-28 17:14:07.999  1260  1276 I chatty  : uid=1000(system) Binder:1260_2 expire 13 lines
03-28 17:14:08.001  1260  4330 I chatty  : uid=1000(system) Binder:1260_F expire 6 lines
03-28 17:14:08.018  1260  1290 I chatty  : uid=1000(system) ActivityManager expire 16 lines
03-28 17:14:08.094  1260  6810 I chatty  : uid=1000(system) Binder:1260_13 expire 3 lines
03-28 17:14:08.144  1260  6813 I chatty  : uid=1000(system) Binder:1260_16 expire 8 lines
03-28 17:14:09.321  1260  1275 I chatty  : uid=1000(system) Binder:1260_1 expire 10 lines
03-28 17:14:09.409  1260  6597 I chatty  : uid=1000(system) Binder:1260_11 expire 6 lines
03-28 17:14:09.502  3287  3287 V KeyguardDisplayManager: hide
03-28 17:14:09.571  1260  3263 I chatty  : uid=1000(system) Binder:1260_4 expire 6 lines
03-28 17:14:09.605  1260  4162 I chatty  : uid=1000(system) Binder:1260_B expire 2 lines
03-28 17:14:10.186  1260  6814 I chatty  : uid=1000(system) Binder:1260_17 expire 3 lines
03-28 17:14:10.201  1260  3213 I chatty  : uid=1000(system) Binder:1260_3 expire 3 lines
03-28 17:14:10.546  1260  3616 I chatty  : uid=1000(system) Binder:1260_8 expire 2 lines
03-28 17:14:10.570  1260  4187 I chatty  : uid=1000(system) Binder:1260_E expire 6 lines
03-28 17:14:10.595  1260  3615 I chatty  : uid=1000(system) Binder:1260_7 expire 4 lines
03-28 17:14:10.723  1260  6808 I chatty  : uid=1000(system) Binder:1260_12 expire 1 line
03-28 17:14:11.234  1260  3533 I chatty  : uid=1000(system) Binder:1260_6 expire 7 lines
03-28 17:14:11.238  1260  3693 I chatty  : uid=1000(system) Binder:1260_9 expire 7 lines
03-28 17:14:12.637  1260  3189 I chatty  : uid=1000(system) WifiStateMachin expire 3 lines
03-28 17:14:26.490  1260  3532 I chatty  : uid=1000(system) Binder:1260_5 expire 2 lines
03-28 17:14:33.275  1260  6812 I chatty  : uid=1000(system) Binder:1260_15 expire 2 lines
03-28 17:14:52.374  1260  6811 I chatty  : uid=1000(system) Binder:1260_14 expire 3 lines
03-28 17:14:55.517  1260  3908 I chatty  : uid=1000(system) Binder:1260_A expire 1 line
03-28 17:14:56.775  1260  5387 I chatty  : uid=1000(system) Binder:1260_10 expire 3 lines
03-28 17:14:59.531  1260  4164 I chatty  : uid=1000(system) Binder:1260_C expire 2 lines
03-28 17:15:00.000  1260  2836 I chatty  : uid=1000(system) AlarmManager expire 11 lines
03-28 17:15:17.582  1260  3213 I chatty  : uid=1000(system) Binder:1260_3 expire 5 lines
03-28 17:15:20.685  1260  5387 I chatty  : uid=1000(system) Binder:1260_10 expire 2 lines
03-28 17:15:20.688  1260  6813 I chatty  : uid=1000(system) Binder:1260_16 expire 3 lines
03-28 17:15:24.632  1260  6808 I chatty  : uid=1000(system) Binder:1260_12 expire 4 lines
03-28 17:15:24.658  1260  3533 I chatty  : uid=1000(system) Binder:1260_6 expire 4 lines
03-28 17:15:24.684  1260  1290 I chatty  : uid=1000(system) ActivityManager expire 12 lines
03-28 17:15:24.885  1260  6597 I chatty  : uid=1000(system) Binder:1260_11 expire 8 lines
03-28 17:15:25.896  1260  6814 I chatty  : uid=1000(system) Binder:1260_17 expire 5 lines
03-28 17:15:25.903  1260  4187 I chatty  : uid=1000(system) Binder:1260_E expire 7 lines
03-28 17:15:28.509  1260  6811 I chatty  : uid=1000(system) Binder:1260_14 expire 7 lines
03-28 17:15:53.278  1260  3615 I chatty  : uid=1000(system) Binder:1260_7 expire 3 lines
03-28 17:15:53.280  1260  4164 I chatty  : uid=1000(system) Binder:1260_C expire 6 lines
03-28 17:16:06.339  1616  1616 W ContextImpl: Calling a method in the system process without a qualified user: android.app.ContextImpl.startService:1362 android.content.ContextWrapper.startService:613 android.content.ContextWrapper.startService:613 com.sonymobile.smartcharger.chargingintelligentservice.ChargeStateLogger.onReceive:54 android.app.ActivityThread.handleReceiver:3085 
03-28 17:16:06.354  1260  3616 I chatty  : uid=1000(system) Binder:1260_8 expire 5 lines
03-28 17:16:06.356  1260  1275 I chatty  : uid=1000(system) Binder:1260_1 expire 6 lines
03-28 17:16:06.368  1260  3532 I chatty  : uid=1000(system) Binder:1260_5 expire 5 lines
03-28 17:16:06.381  1260  3263 I chatty  : uid=1000(system) Binder:1260_4 expire 4 lines
03-28 17:16:06.428  1260  1260 I chatty  : uid=1000 system_server expire 7 lines
03-28 17:16:06.447  1260  3693 I chatty  : uid=1000(system) Binder:1260_9 expire 5 lines
03-28 17:16:07.959  4172  4276 W ContextImpl: Calling a method in the system process without a qualified user: android.app.ContextImpl.bindService:1426 android.content.ContextWrapper.bindService:636 com.google.android.gms.ads.identifier.AdvertisingIdClient.h:-1 com.google.android.gms.ads.identifier.AdvertisingIdClient.b:-1 com.google.android.gms.ads.identifier.AdvertisingIdClient.getAdvertisingIdInfo:-1 
03-28 17:16:23.856  1260  3908 I chatty  : uid=1000(system) Binder:1260_A expire 1 line
03-28 17:16:26.191  1260  4186 I chatty  : uid=1000(system) Binder:1260_D expire 7 lines
03-28 17:16:28.824  1260  1276 I chatty  : uid=1000(system) Binder:1260_2 expire 2 lines
03-28 17:16:30.400  1260  4330 I chatty  : uid=1000(system) Binder:1260_F expire 5 lines
03-28 17:16:32.811  1260  4162 I chatty  : uid=1000(system) Binder:1260_B expire 2 lines
03-28 17:16:39.192  1260  2838 I chatty  : uid=1000(system) InputReader expire 3 lines
03-28 17:16:39.532  1260  1313 I chatty  : uid=1000(system) android.display expire 3 lines
03-28 17:16:39.717  1260  1317 I chatty  : uid=1000(system) PowerManagerSer expire 4 lines
03-28 17:16:39.913  3287  3287 V KeyguardStatusView: refresh statusview showing:true
03-28 17:16:39.934  3287  3287 V KeyguardDisplayManager: show
03-28 17:16:55.231  1260  1311 I chatty  : uid=1000(system) android.fg expire 12 lines
03-28 17:16:55.302  1260  1294 I chatty  : uid=1000(system) batterystats-sy expire 2 lines
03-28 17:17:00.964  1260  1289 I chatty  : uid=1000(system) android.bg expire 1 line
03-28 17:17:21.936  1260  6810 I chatty  : uid=1000(system) Binder:1260_13 expire 2 lines
03-28 17:17:26.031  1260  6812 I chatty  : uid=1000(system) Binder:1260_15 expire 3 lines
03-28 17:17:27.673  1260  3189 I chatty  : uid=1000(system) WifiStateMachin expire 1 line
03-28 17:20:11.646  1260  4186 I chatty  : uid=1000(system) Binder:1260_D expire 2 lines
03-28 17:20:17.102  1260  4187 I chatty  : uid=1000(system) Binder:1260_E expire 13 lines
03-28 17:20:17.141  1260  6813 I chatty  : uid=1000(system) Binder:1260_16 expire 4 lines
03-28 17:20:17.159  1260  6812 I chatty  : uid=1000(system) Binder:1260_15 expire 5 lines
03-28 17:20:17.160  1260  1290 I chatty  : uid=1000(system) ActivityManager expire 6 lines
03-28 17:20:17.292  1260  3533 I chatty  : uid=1000(system) Binder:1260_6 expire 10 lines
03-28 17:20:18.302  1260  3263 I chatty  : uid=1000(system) Binder:1260_4 expire 2 lines
03-28 17:20:18.315  1260  5387 I chatty  : uid=1000(system) Binder:1260_10 expire 1 line
03-28 17:20:37.711  1260  1311 I chatty  : uid=1000(system) android.fg expire 16 lines
03-28 17:20:37.714  1260  3615 I chatty  : uid=1000(system) Binder:1260_7 expire 2 lines
03-28 17:20:45.097  1260  2836 I chatty  : uid=1000(system) AlarmManager expire 12 lines
03-28 17:20:45.158  1260  4162 I chatty  : uid=1000(system) Binder:1260_B expire 6 lines
03-28 17:20:45.265  1260  6814 I chatty  : uid=1000(system) Binder:1260_17 expire 11 lines
03-28 17:20:45.279  1260  6808 I chatty  : uid=1000(system) Binder:1260_12 expire 1 line
03-28 17:20:45.346  5884  5884 D ActivityThread: Loading provider contacts;com.android.contacts: com.android.providers.contacts.SemcContactsProvider2
03-28 17:20:52.038  1260  1260 I chatty  : uid=1000 system_server expire 3 lines
03-28 17:20:57.898  1260  6811 I chatty  : uid=1000(system) Binder:1260_14 expire 13 lines
03-28 17:21:01.206  1260  4330 I chatty  : uid=1000(system) Binder:1260_F expire 2 lines
03-28 17:21:01.211  1260  1276 I chatty  : uid=1000(system) Binder:1260_2 expire 11 lines
03-28 17:21:01.364  1260  3213 I chatty  : uid=1000(system) Binder:1260_3 expire 11 lines
03-28 17:21:01.371  1260  6810 I chatty  : uid=1000(system) Binder:1260_13 expire 6 lines
03-28 17:21:01.379  1260  3533 I chatty  : uid=1000(system) Binder:1260_6 expire 3 lines
03-28 17:21:08.883  1260  3616 I chatty  : uid=1000(system) Binder:1260_8 expire 4 lines
03-28 17:21:16.391  1260  1294 I chatty  : uid=1000(system) batterystats-sy expire 2 lines
03-28 17:21:53.984  1260  3693 I chatty  : uid=1000(system) Binder:1260_9 expire 3 lines
03-28 17:21:55.045  1260  1275 I chatty  : uid=1000(system) Binder:1260_1 expire 9 lines
03-28 17:24:23.512  1260  4164 I chatty  : uid=1000(system) Binder:1260_C expire 1 line
03-28 17:25:02.523 13600 13695 W ContextImpl: Calling a method in the system process without a qualified user: android.app.ContextImpl.bindService:1426 android.content.ContextWrapper.bindService:636 com.google.android.gms.common.stats.zzb.zza:-1 com.google.android.gms.common.stats.zzb.zza:-1 com.google.android.gms.ads.identifier.AdvertisingIdClient.zzp:-1 
03-28 17:25:08.630  1260  1311 I chatty  : uid=1000(system) android.fg expire 1 line
03-28 17:25:11.401  1260  3178 I chatty  : uid=1000(system) NetworkStats expire 2 lines
03-28 17:25:11.439  1616  1616 W ContextImpl: Calling a method in the system process without a qualified user: android.app.ContextImpl.startService:1362 android.content.ContextWrapper.startService:613 android.content.ContextWrapper.startService:613 com.sonymobile.smartcharger.chargingintelligentservice.ChargeStateLogger.onReceive:54 android.app.ActivityThread.handleReceiver:3085 
03-28 17:25:11.455  1260  3213 I chatty  : uid=1000(system) Binder:1260_3 expire 8 lines
03-28 17:25:21.279  1260  1275 I chatty  : uid=1000(system) Binder:1260_1 expire 9 lines
03-28 17:25:21.288  1260  1290 I chatty  : uid=1000(system) ActivityManager expire 12 lines
03-28 17:25:21.326  1260  6810 I chatty  : uid=1000(system) Binder:1260_13 expire 6 lines
03-28 17:25:21.360  1260  4164 I chatty  : uid=1000(system) Binder:1260_C expire 9 lines
03-28 17:25:25.738  1260  1260 I chatty  : uid=1000 system_server expire 6 lines
03-28 17:25:38.790  1260  1311 I chatty  : uid=1000(system) android.fg expire 1 line
03-28 17:25:38.793  1260  6814 I chatty  : uid=1000(system) Binder:1260_17 expire 4 lines
03-28 17:25:42.703  1260  2694 I chatty  : uid=1000(system) PackageInstalle expire 2 lines
03-28 17:25:42.753  1260  1333 I chatty  : uid=1000(system) PackageManager expire 12 lines
03-28 17:25:42.863  1260  4330 I chatty  : uid=1000(system) Binder:1260_F expire 2 lines
03-28 17:25:43.657  1260  2838 I chatty  : uid=1000(system) InputReader expire 1 line
03-28 17:25:43.659  1260  1317 I chatty  : uid=1000(system) PowerManagerSer expire 2 lines
03-28 17:25:43.662  1260  1313 I chatty  : uid=1000(system) android.display expire 2 lines
03-28 17:25:44.157  1260  3189 I chatty  : uid=1000(system) WifiStateMachin expire 3 lines
03-28 17:25:44.307  1260  6812 I chatty  : uid=1000(system) Binder:1260_15 expire 4 lines
03-28 17:25:44.309  1260  6811 I chatty  : uid=1000(system) Binder:1260_14 expire 4 lines
03-28 17:25:44.309  1260  4187 I chatty  : uid=1000(system) Binder:1260_E expire 6 lines
03-28 17:25:44.323  1260  4162 I chatty  : uid=1000(system) Binder:1260_B expire 10 lines
03-28 17:25:44.339  1260  4186 I chatty  : uid=1000(system) Binder:1260_D expire 4 lines
03-28 17:25:44.373  1260  3615 I chatty  : uid=1000(system) Binder:1260_7 expire 5 lines
03-28 17:25:44.458  1260  6813 I chatty  : uid=1000(system) Binder:1260_16 expire 6 lines
03-28 17:25:44.500  3287  3287 V KeyguardDisplayManager: hide
03-28 17:25:44.508  1260  1289 I chatty  : uid=1000(system) android.bg expire 2 lines
03-28 17:25:44.638  1260  3532 I chatty  : uid=1000(system) Binder:1260_5 expire 3 lines
03-28 17:25:44.958  1260  5387 I chatty  : uid=1000(system) Binder:1260_10 expire 4 lines
03-28 17:25:45.063  9423  9423 W ContextImpl: Calling a method in the system process without a qualified user: android.app.ContextImpl.startService:1362 android.content.ContextWrapper.startService:613 android.content.ContextWrapper.startService:613 com.android.keychain.KeyChainBroadcastReceiver.onReceive:12 android.app.ActivityThread.handleReceiver:3085 
03-28 17:25:45.178  1260  3533 I chatty  : uid=1000(system) Binder:1260_6 expire 5 lines
03-28 17:25:45.204  1260  3908 I chatty  : uid=1000(system) Binder:1260_A expire 3 lines
03-28 17:25:45.305  1260  3616 I chatty  : uid=1000(system) Binder:1260_8 expire 4 lines
03-28 17:25:45.336  1260  1276 I chatty  : uid=1000(system) Binder:1260_2 expire 6 lines
03-28 17:25:45.421  9453  9495 E ActivityThread: Failed to find provider info for com.facebook.appmanager.oxygen.nekodirect.progress
03-28 17:25:45.696  1260  3693 I chatty  : uid=1000(system) Binder:1260_9 expire 3 lines
03-28 17:25:45.697  1260  1290 I chatty  : uid=1000(system) ActivityManager expire 8 lines
03-28 17:25:45.730  1260  6808 I chatty  : uid=1000(system) Binder:1260_12 expire 4 lines
03-28 17:25:45.887  1260  6597 I chatty  : uid=1000(system) Binder:1260_11 expire 11 lines
03-28 17:25:49.387  1260  3693 I chatty  : uid=1000(system) Binder:1260_9 expire 8 lines
03-28 17:25:49.395  1260  6811 I chatty  : uid=1000(system) Binder:1260_14 expire 9 lines
03-28 17:25:50.143  1260  6814 I chatty  : uid=1000(system) Binder:1260_17 expire 7 lines
03-28 17:25:50.654  1260  5387 I chatty  : uid=1000(system) Binder:1260_10 expire 7 lines
03-28 17:25:50.662  1260  4164 I chatty  : uid=1000(system) Binder:1260_C expire 9 lines
03-28 17:25:50.669  1260  4330 I chatty  : uid=1000(system) Binder:1260_F expire 2 lines
03-28 17:25:51.558  1260  3532 I chatty  : uid=1000(system) Binder:1260_5 expire 9 lines
03-28 17:25:51.581  1260  6813 I chatty  : uid=1000(system) Binder:1260_16 expire 3 lines
03-28 17:26:00.001  1260  2836 I chatty  : uid=1000(system) AlarmManager expire 2 lines
03-28 17:26:04.182  1260  3616 I chatty  : uid=1000(system) Binder:1260_8 expire 9 lines
03-28 17:26:04.203  1260  1290 I chatty  : uid=1000(system) ActivityManager expire 13 lines
03-28 17:26:04.277  1260  6810 I chatty  : uid=1000(system) Binder:1260_13 expire 6 lines
03-28 17:26:05.512  1260  3213 I chatty  : uid=1000(system) Binder:1260_3 expire 3 lines
03-28 17:26:10.271  1260  3615 I chatty  : uid=1000(system) Binder:1260_7 expire 4 lines
03-28 17:26:19.872  1260  4187 I chatty  : uid=1000(system) Binder:1260_E expire 7 lines
03-28 17:26:25.793  1260  4162 I chatty  : uid=1000(system) Binder:1260_B expire 7 lines
03-28 17:26:25.811  1260  4186 I chatty  : uid=1000(system) Binder:1260_D expire 9 lines
03-28 17:26:27.243  1260  3263 I chatty  : uid=1000(system) Binder:1260_4 expire 3 lines
03-28 17:26:27.610  1260  3908 I chatty  : uid=1000(system) Binder:1260_A expire 9 lines
03-28 17:26:27.631  1260  1275 I chatty  : uid=1000(system) Binder:1260_1 expire 1 line
03-28 17:26:28.412  1260  1276 I chatty  : uid=1000(system) Binder:1260_2 expire 2 lines
03-28 17:26:48.045  1260  2838 I chatty  : uid=1000(system) InputReader expire 3 lines
03-28 17:26:48.404  1260  1313 I chatty  : uid=1000(system) android.display expire 3 lines
03-28 17:26:48.595  1260  1317 I chatty  : uid=1000(system) PowerManagerSer expire 4 lines
03-28 17:26:48.601  1260  1260 I chatty  : uid=1000 system_server expire 5 lines
03-28 17:26:48.758  3287  3287 V KeyguardStatusView: refresh statusview showing:true
03-28 17:26:48.773  3287  3287 V KeyguardDisplayManager: show
03-28 17:27:06.630  1260  6808 I chatty  : uid=1000(system) Binder:1260_12 expire 4 lines
03-28 17:27:06.903  3287  3287 V KeyguardDisplayManager: hide
03-28 17:27:07.550  1260  3533 I chatty  : uid=1000(system) Binder:1260_6 expire 2 lines
03-28 17:27:08.980  3287  3287 V KeyguardStatusView: refresh statusview showing:true
03-28 17:27:08.998  3287  3287 V KeyguardDisplayManager: show
03-28 17:27:09.610  1260  3189 I chatty  : uid=1000(system) WifiStateMachin expire 1 line
03-28 17:27:24.272  1260  1311 I chatty  : uid=1000(system) android.fg expire 4 lines
03-28 17:28:13.481  1260  1294 I chatty  : uid=1000(system) batterystats-sy expire 2 lines
03-28 17:28:53.331  1260  6812 I chatty  : uid=1000(system) Binder:1260_15 expire 1 line
03-28 17:28:55.535  1260  1290 I BroadcastQueue: am_broadcast_finished: [background,0,Intent { act=X.1km.NETWORKING_INACTIVE flg=0x10 (has extras) }]
03-28 17:28:58.843  1260  2838 I PowerManagerService: Waking up from sleep (uid 1000)...
03-28 17:28:58.844  1260  1260 I BroadcastQueue: am_broadcast_enqueue: [foreground,1,Intent { act=android.intent.action.SCREEN_ON flg=0x50000010 },37]
03-28 17:28:58.845  1260  1317 I DisplayPowerController: Blocking screen on until initial contents have been drawn.
03-28 17:28:58.847  1260  1313 I DisplayManagerService: Display device changed state: "cran intgr", ON
03-28 17:28:58.882  1260  1260 I BroadcastQueue: am_broadcast_enqueue: [foreground,1,Intent { act=android.intent.action.TIME_TICK flg=0x50000014 (has extras) },15]
03-28 17:28:59.046  1260  1317 I DisplayPowerController: Unblocked screen on after 201 ms
03-28 17:28:59.127  1260  6810 W ActivityManager: Permission Denial: Accessing service ComponentInfo{com.sonyericsson.album/com.sonymobile.somcmediarouter.provider.dlna.DlnaMediaRouteProviderService} from pid=5438, uid=10047 that is not exported from uid 10084
03-28 17:28:59.128  1260  4164 I BroadcastQueue: am_broadcast_finished: [foreground,1,Intent { act=android.intent.action.SCREEN_ON flg=0x50000010 }]
03-28 17:28:59.133  1260  5387 W ActivityManager: Permission Denial: Accessing service ComponentInfo{com.sonyericsson.music/com.sonymobile.somcmediarouter.provider.dlna.DlnaMediaRouteProviderService} from pid=5438, uid=10047 that is not exported from uid 10064
03-28 17:28:59.149  1260  1275 I BroadcastQueue: am_broadcast_enqueue: [background,0,Intent { act=android.net.conn.CONNECTIVITY_CHANGE flg=0x4000010 (has extras) },1]
03-28 17:28:59.150  1260  1290 I BroadcastQueue: am_broadcast_finished: [background,0,Intent { act=android.net.conn.CONNECTIVITY_CHANGE flg=0x4000010 (has extras) }]
03-28 17:28:59.177  1260  6597 I BroadcastQueue: am_broadcast_enqueue: [background,0,Intent { act=android.net.conn.CONNECTIVITY_CHANGE flg=0x4000010 (has extras) },1]
03-28 17:28:59.177  1260  1290 I BroadcastQueue: am_broadcast_finished: [background,0,Intent { act=android.net.conn.CONNECTIVITY_CHANGE flg=0x4000010 (has extras) }]
03-28 17:28:59.202  1260  5387 I BroadcastQueue: am_broadcast_enqueue: [background,0,Intent { act=android.net.conn.CONNECTIVITY_CHANGE flg=0x4000010 (has extras) },1]
03-28 17:28:59.204  1260  1290 I BroadcastQueue: am_broadcast_finished: [background,0,Intent { act=android.net.conn.CONNECTIVITY_CHANGE flg=0x4000010 (has extras) }]
03-28 17:28:59.274  1260  4164 I BroadcastQueue: am_broadcast_finished: [foreground,1,Intent { act=android.intent.action.TIME_TICK flg=0x50000014 (has extras) }]
03-28 17:29:00.260  1260  1276 I ActivityManager: START u0 {act=com.facebook.orca.notify.SECURE_VIEW dat=fb-messenger://user/100001425908118 flg=0x4000000 pkg=com.facebook.orca cmp=com.facebook.orca/com.facebook.messenger.intents.SecureIntentHandlerActivity (has extras)} from uid 10253 on display 0
03-28 17:29:00.260  1260  1276 W ActivityManager: startActivity called from non-Activity context; forcing Intent.FLAG_ACTIVITY_NEW_TASK for: Intent { act=com.facebook.orca.notify.SECURE_VIEW dat=fb-messenger://user/100001425908118 flg=0x4800000 pkg=com.facebook.orca cmp=com.facebook.orca/com.facebook.messenger.intents.SecureIntentHandlerActivity (has extras) }
03-28 17:29:00.268  1260  1276 E ActivityManager: applyOptionsLocked: Unknown animationType=0
03-28 17:29:00.340  1260  4164 I ActivityManager: START u0 {flg=0x10008000 cmp=com.facebook.orca/com.facebook.common.keyguard.KeyguardPendingIntentActivity (has extras)} from uid 10253 on display 0
03-28 17:29:00.355  1260  6597 I WindowManager: Failed to capture screenshot of Token{e639d8d ActivityRecord{c4a3e24 u0 com.facebook.orca/com.facebook.messenger.intents.SecureIntentHandlerActivity t1936 f}} appWin=Window{fe52dbc u0 com.facebook.orca/com.facebook.messenger.intents.SecureIntentHandlerActivity} drawState=1
03-28 17:29:00.355  1260  6597 I WindowManager: Failed to capture screenshot of Token{39f6407 ActivityRecord{63b8a46 u0 uqac.gestionvieetu/.MainActivity t1933}} appWin=Window{1c54682 u0 uqac.gestionvieetu/uqac.gestionvieetu.MainActivity} drawState=4
03-28 17:29:00.437  1260  2836 I BroadcastQueue: am_broadcast_enqueue: [foreground,1,Intent { act=android.intent.action.TIME_TICK flg=0x50000014 (has extras) },15]
