03-28 17:32:25.536  1260  3213 I chatty  : uid=1000(system) Binder:1260_3 expire 4 lines
03-28 17:32:41.992  1260  6597 I chatty  : uid=1000(system) Binder:1260_11 expire 11 lines
03-28 17:32:42.026  1260  2838 I chatty  : uid=1000(system) InputReader expire 1 line
03-28 17:32:42.026  1260  1317 I chatty  : uid=1000(system) PowerManagerSer expire 2 lines
03-28 17:32:42.036  1260  1313 I chatty  : uid=1000(system) android.display expire 2 lines
03-28 17:32:42.176  1260  4162 I chatty  : uid=1000(system) Binder:1260_B expire 8 lines
03-28 17:32:42.343  1260  3189 I chatty  : uid=1000(system) WifiStateMachin expire 1 line
03-28 17:32:42.898  1260  3615 I chatty  : uid=1000(system) Binder:1260_7 expire 4 lines
03-28 17:32:42.902  1260  6812 I chatty  : uid=1000(system) Binder:1260_15 expire 5 lines
03-28 17:32:42.911  3287  3287 V KeyguardDisplayManager: hide
03-28 17:32:45.956  1260  3908 I chatty  : uid=1000(system) Binder:1260_A expire 2 lines
03-28 17:32:46.187  1260  1294 I chatty  : uid=1000(system) batterystats-sy expire 1 line
03-28 17:32:47.411  1260  2837 I chatty  : uid=1000(system) InputDispatcher expire 2 lines
03-28 17:32:47.455  1260  6813 I chatty  : uid=1000(system) Binder:1260_16 expire 3 lines
03-28 17:32:51.918  1260  3693 I chatty  : uid=1000(system) Binder:1260_9 expire 2 lines
03-28 17:32:52.822  1260  2694 I chatty  : uid=1000(system) PackageInstalle expire 2 lines
03-28 17:32:52.859  1260  1333 I chatty  : uid=1000(system) PackageManager expire 12 lines
03-28 17:32:54.476  1260  3533 I chatty  : uid=1000(system) Binder:1260_6 expire 2 lines
03-28 17:32:54.563  1260  4187 I chatty  : uid=1000(system) Binder:1260_E expire 6 lines
03-28 17:32:54.826 16297 16297 W ContextImpl: Calling a method in the system process without a qualified user: android.app.ContextImpl.startService:1362 android.content.ContextWrapper.startService:613 android.content.ContextWrapper.startService:613 com.android.keychain.KeyChainBroadcastReceiver.onReceive:12 android.app.ActivityThread.handleReceiver:3085 
03-28 17:32:55.213  1260  1290 I chatty  : uid=1000(system) ActivityManager expire 2 lines
03-28 17:32:55.347  1260  6811 I chatty  : uid=1000(system) Binder:1260_14 expire 2 lines
03-28 17:32:55.732  1260  5387 I chatty  : uid=1000(system) Binder:1260_10 expire 18 lines
03-28 17:32:56.102  1260  4164 I chatty  : uid=1000(system) Binder:1260_C expire 5 lines
03-28 17:32:56.117  1260  6811 I chatty  : uid=1000(system) Binder:1260_14 expire 4 lines
03-28 17:32:56.189  1260  1290 I chatty  : uid=1000(system) ActivityManager expire 8 lines
03-28 17:32:56.218  1260  3615 I chatty  : uid=1000(system) Binder:1260_7 expire 13 lines
03-28 17:32:56.222  1260  6814 I chatty  : uid=1000(system) Binder:1260_17 expire 5 lines
03-28 17:32:56.242  1260  3263 I chatty  : uid=1000(system) Binder:1260_4 expire 8 lines
03-28 17:32:56.268  1260  3533 I chatty  : uid=1000(system) Binder:1260_6 expire 8 lines
03-28 17:32:56.394  1260  3213 I chatty  : uid=1000(system) Binder:1260_3 expire 17 lines
03-28 17:32:56.396  1260  6810 I chatty  : uid=1000(system) Binder:1260_13 expire 4 lines
03-28 17:32:56.456  1260  4186 I chatty  : uid=1000(system) Binder:1260_D expire 1 line
03-28 17:32:56.490  1260  3616 I chatty  : uid=1000(system) Binder:1260_8 expire 3 lines
03-28 17:32:56.608  1260  6597 I chatty  : uid=1000(system) Binder:1260_11 expire 3 lines
03-28 17:32:56.621  1260  6813 I chatty  : uid=1000(system) Binder:1260_16 expire 4 lines
03-28 17:32:56.686  1260  1260 I chatty  : uid=1000 system_server expire 3 lines
03-28 17:32:56.686  1260  4162 I chatty  : uid=1000(system) Binder:1260_B expire 4 lines
03-28 17:32:56.731  1260  4330 I chatty  : uid=1000(system) Binder:1260_F expire 13 lines
03-28 17:32:56.743  1260  3532 I chatty  : uid=1000(system) Binder:1260_5 expire 2 lines
03-28 17:32:56.808  1260  4187 I chatty  : uid=1000(system) Binder:1260_E expire 4 lines
03-28 17:32:56.928  1260  6812 I chatty  : uid=1000(system) Binder:1260_15 expire 13 lines
03-28 17:32:57.034  1260  1276 I chatty  : uid=1000(system) Binder:1260_2 expire 3 lines
03-28 17:32:57.111  1260  6808 I chatty  : uid=1000(system) Binder:1260_12 expire 2 lines
03-28 17:33:00.001  1260  2836 I chatty  : uid=1000(system) AlarmManager expire 10 lines
03-28 17:33:00.061  1260  3908 I chatty  : uid=1000(system) Binder:1260_A expire 3 lines
03-28 17:33:59.584  1260  1275 I chatty  : uid=1000(system) Binder:1260_1 expire 11 lines
03-28 17:34:07.314  1260  1313 I chatty  : uid=1000(system) android.display expire 5 lines
03-28 17:34:28.273  1260  2838 I chatty  : uid=1000(system) InputReader expire 1 line
03-28 17:34:28.852  1260  1317 I chatty  : uid=1000(system) PowerManagerSer expire 1 line
03-28 17:34:28.971  3287  3287 V KeyguardStatusView: refresh statusview showing:true
03-28 17:34:28.985  3287  3287 V KeyguardDisplayManager: show
03-28 17:35:04.552  1260  1311 I chatty  : uid=1000(system) android.fg expire 6 lines
03-28 17:35:57.792  1260  3693 I chatty  : uid=1000(system) Binder:1260_9 expire 4 lines
03-28 17:36:06.569 19701 19701 W ContextImpl: Calling a method in the system process without a qualified user: android.app.ContextImpl.startService:1362 android.content.ContextWrapper.startService:613 android.content.ContextWrapper.startService:613 com.sonymobile.smartcharger.chargingintelligentservice.ChargeStateLogger.onReceive:54 android.app.ActivityThread.handleReceiver:3085 
03-28 17:36:28.912  1260  2836 I chatty  : uid=1000(system) AlarmManager expire 4 lines
03-28 17:36:42.266  1260  6808 I chatty  : uid=1000(system) Binder:1260_12 expire 9 lines
03-28 17:36:58.928  1260  6811 I chatty  : uid=1000(system) Binder:1260_14 expire 2 lines
03-28 17:37:11.510  1260  1311 I chatty  : uid=1000(system) android.fg expire 12 lines
03-28 17:37:11.512  1260  6812 I chatty  : uid=1000(system) Binder:1260_15 expire 6 lines
03-28 17:37:28.747  1260  3616 I chatty  : uid=1000(system) Binder:1260_8 expire 4 lines
03-28 17:37:49.444  1260  1260 I chatty  : uid=1000 system_server expire 7 lines
03-28 17:37:49.448  1260  1290 I chatty  : uid=1000(system) ActivityManager expire 18 lines
03-28 17:37:56.672  1260  3533 I chatty  : uid=1000(system) Binder:1260_6 expire 4 lines
03-28 17:37:57.229  1260  3615 I chatty  : uid=1000(system) Binder:1260_7 expire 1 line
03-28 17:38:21.486  1260  6813 I chatty  : uid=1000(system) Binder:1260_16 expire 5 lines
03-28 17:39:12.073  1260  3908 I chatty  : uid=1000(system) Binder:1260_A expire 4 lines
03-28 17:39:37.045  1260  4187 I chatty  : uid=1000(system) Binder:1260_E expire 4 lines
03-28 17:39:44.671  1260  1294 I chatty  : uid=1000(system) batterystats-sy expire 6 lines
03-28 17:39:57.232  1260  4186 I chatty  : uid=1000(system) Binder:1260_D expire 6 lines
03-28 17:40:02.591 13600 13695 W ContextImpl: Calling a method in the system process without a qualified user: android.app.ContextImpl.bindService:1426 android.content.ContextWrapper.bindService:636 com.google.android.gms.common.stats.zzb.zza:-1 com.google.android.gms.common.stats.zzb.zza:-1 com.google.android.gms.ads.identifier.AdvertisingIdClient.zzp:-1 
03-28 17:40:11.611  1260  6814 I chatty  : uid=1000(system) Binder:1260_17 expire 3 lines
03-28 17:40:13.677  1260  6810 I chatty  : uid=1000(system) Binder:1260_13 expire 2 lines
03-28 17:40:26.629  1260  1311 I chatty  : uid=1000(system) android.fg expire 18 lines
03-28 17:40:26.632  1260  5387 I chatty  : uid=1000(system) Binder:1260_10 expire 5 lines
03-28 17:40:42.496  1260  1276 I chatty  : uid=1000(system) Binder:1260_2 expire 1 line
03-28 17:41:42.673  1260  4330 I chatty  : uid=1000(system) Binder:1260_F expire 2 lines
03-28 17:42:00.722  1260  4162 I chatty  : uid=1000(system) Binder:1260_B expire 13 lines
03-28 17:42:00.770  1260  3532 I chatty  : uid=1000(system) Binder:1260_5 expire 8 lines
03-28 17:42:00.793  1260  4164 I chatty  : uid=1000(system) Binder:1260_C expire 11 lines
03-28 17:42:08.341  1260  3693 I chatty  : uid=1000(system) Binder:1260_9 expire 4 lines
03-28 17:42:46.604  1260  3213 I chatty  : uid=1000(system) Binder:1260_3 expire 2 lines
03-28 17:43:44.438  1260  1314 I chatty  : uid=1000(system) CpuTracker expire 2 lines
03-28 17:43:58.078  1260  1275 I chatty  : uid=1000(system) Binder:1260_1 expire 1 line
03-28 17:44:28.288  1260  1289 I chatty  : uid=1000(system) android.bg expire 1 line
03-28 17:45:16.439  1260  2838 I chatty  : uid=1000(system) InputReader expire 1 line
03-28 17:45:16.442  1260  1317 I chatty  : uid=1000(system) PowerManagerSer expire 2 lines
03-28 17:45:16.444  1260  1313 I chatty  : uid=1000(system) android.display expire 1 line
03-28 17:45:17.414  3287  3287 V KeyguardDisplayManager: hide
03-28 17:45:17.418  1260  4164 I chatty  : uid=1000(system) Binder:1260_C expire 4 lines
03-28 17:45:17.423  1260  1290 I chatty  : uid=1000(system) ActivityManager expire 3 lines
03-28 17:45:20.559  1260  6597 I chatty  : uid=1000(system) Binder:1260_11 expire 1 line
03-28 17:45:21.371  1260  3189 I chatty  : uid=1000(system) WifiStateMachin expire 1 line
03-28 17:45:28.263  1260  2694 I chatty  : uid=1000(system) PackageInstalle expire 2 lines
03-28 17:45:28.304  1260  1333 I chatty  : uid=1000(system) PackageManager expire 12 lines
03-28 17:45:29.638  1260  3533 I chatty  : uid=1000(system) Binder:1260_6 expire 11 lines
03-28 17:45:29.660  1260  1275 I chatty  : uid=1000(system) Binder:1260_1 expire 9 lines
03-28 17:45:29.923  1260  1260 I chatty  : uid=1000 system_server expire 8 lines
03-28 17:45:29.929  1260  1290 I chatty  : uid=1000(system) ActivityManager expire 10 lines
03-28 17:45:29.957  1260  3615 I chatty  : uid=1000(system) Binder:1260_7 expire 7 lines
03-28 17:45:29.958  1260  3616 I chatty  : uid=1000(system) Binder:1260_8 expire 7 lines
03-28 17:45:29.963  1260  6812 I chatty  : uid=1000(system) Binder:1260_15 expire 5 lines
03-28 17:45:29.964  1260  3693 I chatty  : uid=1000(system) Binder:1260_9 expire 6 lines
03-28 17:45:29.966  1260  6813 I chatty  : uid=1000(system) Binder:1260_16 expire 6 lines
03-28 17:45:29.967  1260  3532 I chatty  : uid=1000(system) Binder:1260_5 expire 10 lines
03-28 17:45:30.167  1260  4330 I chatty  : uid=1000(system) Binder:1260_F expire 9 lines
03-28 17:45:30.186  1260  1276 I chatty  : uid=1000(system) Binder:1260_2 expire 4 lines
03-28 17:45:30.198  1260  4164 I chatty  : uid=1000(system) Binder:1260_C expire 4 lines
03-28 17:45:30.242 27789 27789 W ContextImpl: Calling a method in the system process without a qualified user: android.app.ContextImpl.startService:1362 android.content.ContextWrapper.startService:613 android.content.ContextWrapper.startService:613 com.android.keychain.KeyChainBroadcastReceiver.onReceive:12 android.app.ActivityThread.handleReceiver:3085 
03-28 17:45:30.257  1260  4187 I chatty  : uid=1000(system) Binder:1260_E expire 2 lines
03-28 17:45:30.282  1260  6597 I chatty  : uid=1000(system) Binder:1260_11 expire 7 lines
03-28 17:45:30.438 27819 27819 D ActivityThread: Loading provider contacts;com.android.contacts: com.android.providers.contacts.SemcContactsProvider2
03-28 17:45:30.719  1260  6814 I chatty  : uid=1000(system) Binder:1260_17 expire 7 lines
03-28 17:45:30.788 27839 27912 E ActivityThread: Failed to find provider info for com.facebook.appmanager.oxygen.nekodirect.progress
03-28 17:45:31.680  1260  5387 I chatty  : uid=1000(system) Binder:1260_10 expire 5 lines
03-28 17:45:31.694  1260  1313 I chatty  : uid=1000(system) android.display expire 3 lines
03-28 17:45:31.746  1260  6810 I chatty  : uid=1000(system) Binder:1260_13 expire 2 lines
03-28 17:45:31.825  1260  3263 I chatty  : uid=1000(system) Binder:1260_4 expire 3 lines
03-28 17:45:31.890  1260  6808 I chatty  : uid=1000(system) Binder:1260_12 expire 3 lines
03-28 17:45:32.140  1260  4186 I chatty  : uid=1000(system) Binder:1260_D expire 4 lines
03-28 17:45:32.670  1260  6811 I chatty  : uid=1000(system) Binder:1260_14 expire 6 lines
03-28 17:45:32.939  1260  4162 I chatty  : uid=1000(system) Binder:1260_B expire 1 line
03-28 17:45:37.948  1260  3213 I chatty  : uid=1000(system) Binder:1260_3 expire 2 lines
03-28 17:45:42.957  1260  1289 I chatty  : uid=1000(system) android.bg expire 1 line
03-28 17:45:43.641  1260  2838 I chatty  : uid=1000(system) InputReader expire 1 line
03-28 17:45:44.216  1260  1317 I chatty  : uid=1000(system) PowerManagerSer expire 1 line
03-28 17:45:44.345  3287  3287 V KeyguardStatusView: refresh statusview showing:true
03-28 17:45:44.363  3287  3287 V KeyguardDisplayManager: show
03-28 17:45:44.429  1260  3532 I chatty  : uid=1000(system) Binder:1260_5 expire 6 lines
03-28 17:45:52.751  1260  2836 I chatty  : uid=1000(system) AlarmManager expire 9 lines
03-28 17:45:52.903  1260  3908 I chatty  : uid=1000(system) Binder:1260_A expire 3 lines
03-28 17:45:53.064 28690 28690 W ContextImpl: Calling a method in the system process without a qualified user: android.app.ContextImpl.startService:1362 android.content.ContextWrapper.startService:613 android.content.ContextWrapper.startService:613 com.sonymobile.smartcharger.chargingintelligentservice.ChargeStateLogger.onReceive:54 android.app.ActivityThread.handleReceiver:3085 
03-28 17:46:02.178  1260  1290 I chatty  : uid=1000(system) ActivityManager expire 4 lines
03-28 17:46:08.094  4172  4276 W ContextImpl: Calling a method in the system process without a qualified user: android.app.ContextImpl.bindService:1426 android.content.ContextWrapper.bindService:636 com.google.android.gms.ads.identifier.AdvertisingIdClient.h:-1 com.google.android.gms.ads.identifier.AdvertisingIdClient.b:-1 com.google.android.gms.ads.identifier.AdvertisingIdClient.getAdvertisingIdInfo:-1 
03-28 17:46:15.272  1260  1311 I chatty  : uid=1000(system) android.fg expire 14 lines
03-28 17:49:34.991  1260  1294 I chatty  : uid=1000(system) batterystats-sy expire 6 lines
03-28 17:50:11.330  1260  2836 I chatty  : uid=1000(system) AlarmManager expire 10 lines
03-28 17:50:11.366  1260  4330 I chatty  : uid=1000(system) Binder:1260_F expire 5 lines
03-28 17:50:11.376  1260  5387 I chatty  : uid=1000(system) Binder:1260_10 expire 2 lines
03-28 17:50:11.390  1260  3532 I chatty  : uid=1000(system) Binder:1260_5 expire 13 lines
03-28 17:50:11.423  1260  3615 I chatty  : uid=1000(system) Binder:1260_7 expire 10 lines
03-28 17:50:11.455  1260  1260 I chatty  : uid=1000 system_server expire 6 lines
03-28 17:50:11.482  1260  6814 I chatty  : uid=1000(system) Binder:1260_17 expire 6 lines
03-28 17:50:11.517  1260  4187 I chatty  : uid=1000(system) Binder:1260_E expire 2 lines
03-28 17:50:11.562  1260  6811 I chatty  : uid=1000(system) Binder:1260_14 expire 4 lines
03-28 17:50:20.652  1260  6810 I chatty  : uid=1000(system) Binder:1260_13 expire 12 lines
03-28 17:50:22.213  1260  3693 I chatty  : uid=1000(system) Binder:1260_9 expire 11 lines
03-28 17:50:23.245  1260  4164 I chatty  : uid=1000(system) Binder:1260_C expire 12 lines
03-28 17:50:23.348  1260  6808 I chatty  : uid=1000(system) Binder:1260_12 expire 11 lines
03-28 17:50:23.349  1260  6597 I chatty  : uid=1000(system) Binder:1260_11 expire 1 line
03-28 17:50:27.547  1260  1276 I chatty  : uid=1000(system) Binder:1260_2 expire 5 lines
03-28 17:50:27.624  1260  4186 I chatty  : uid=1000(system) Binder:1260_D expire 4 lines
03-28 17:50:27.648  1260  6813 I chatty  : uid=1000(system) Binder:1260_16 expire 4 lines
03-28 17:50:48.029  1260  1311 I chatty  : uid=1000(system) android.fg expire 16 lines
03-28 17:50:48.075  1260  3616 I chatty  : uid=1000(system) Binder:1260_8 expire 3 lines
03-28 17:50:52.041  1260  1290 I chatty  : uid=1000(system) ActivityManager expire 8 lines
03-28 17:51:05.407  1260  4162 I chatty  : uid=1000(system) Binder:1260_B expire 4 lines
03-28 17:53:11.834  1260  3213 I chatty  : uid=1000(system) Binder:1260_3 expire 2 lines
03-28 17:53:16.506  1260  1275 I chatty  : uid=1000(system) Binder:1260_1 expire 4 lines
03-28 17:54:15.158  1260  3263 I chatty  : uid=1000(system) Binder:1260_4 expire 1 line
03-28 17:55:02.666 13600 13695 W ContextImpl: Calling a method in the system process without a qualified user: android.app.ContextImpl.bindService:1426 android.content.ContextWrapper.bindService:636 com.google.android.gms.common.stats.zzb.zza:-1 com.google.android.gms.common.stats.zzb.zza:-1 com.google.android.gms.ads.identifier.AdvertisingIdClient.zzp:-1 
03-28 17:55:15.351  1260  1311 I chatty  : uid=1000(system) android.fg expire 17 lines
03-28 17:55:15.353  1260  3533 I chatty  : uid=1000(system) Binder:1260_6 expire 3 lines
03-28 17:56:06.613  1260  3178 I chatty  : uid=1000(system) NetworkStats expire 2 lines
03-28 17:56:06.685 28690 28690 W ContextImpl: Calling a method in the system process without a qualified user: android.app.ContextImpl.startService:1362 android.content.ContextWrapper.startService:613 android.content.ContextWrapper.startService:613 com.sonymobile.smartcharger.chargingintelligentservice.ChargeStateLogger.onReceive:54 android.app.ActivityThread.handleReceiver:3085 
03-28 17:56:30.636  1260  4164 I chatty  : uid=1000(system) Binder:1260_C expire 3 lines
03-28 17:59:14.579  1260  6808 I chatty  : uid=1000(system) Binder:1260_12 expire 4 lines
03-28 17:59:29.593  1260  3693 I chatty  : uid=1000(system) Binder:1260_9 expire 12 lines
03-28 17:59:31.474  1260  1311 I chatty  : uid=1000(system) android.fg expire 27 lines
03-28 17:59:31.477  1260  4162 I chatty  : uid=1000(system) Binder:1260_B expire 12 lines
03-28 17:59:39.629  1260  1260 I chatty  : uid=1000 system_server expire 9 lines
03-28 17:59:39.633  1260  1290 I chatty  : uid=1000(system) ActivityManager expire 15 lines
03-28 17:59:46.514  1260  3263 I chatty  : uid=1000(system) Binder:1260_4 expire 3 lines
03-28 18:00:07.726  1260  6813 I chatty  : uid=1000(system) Binder:1260_16 expire 16 lines
03-28 18:00:11.301  1260  2836 I chatty  : uid=1000(system) AlarmManager expire 11 lines
03-28 18:00:11.319  1260  3532 I chatty  : uid=1000(system) Binder:1260_5 expire 2 lines
03-28 18:00:11.521  1260  6814 I chatty  : uid=1000(system) Binder:1260_17 expire 11 lines
03-28 18:00:31.673  1260  6597 I chatty  : uid=1000(system) Binder:1260_11 expire 2 lines
03-28 18:01:01.181  1260  4187 I chatty  : uid=1000(system) Binder:1260_E expire 2 lines
03-28 18:01:08.167  4172  4276 W ContextImpl: Calling a method in the system process without a qualified user: android.app.ContextImpl.bindService:1426 android.content.ContextWrapper.bindService:636 com.google.android.gms.ads.identifier.AdvertisingIdClient.h:-1 com.google.android.gms.ads.identifier.AdvertisingIdClient.b:-1 com.google.android.gms.ads.identifier.AdvertisingIdClient.getAdvertisingIdInfo:-1 
03-28 18:01:46.750  1260  6811 I chatty  : uid=1000(system) Binder:1260_14 expire 3 lines
03-28 18:02:42.482  1260  4330 I chatty  : uid=1000(system) Binder:1260_F expire 4 lines
03-28 18:02:42.531  1260  3213 I chatty  : uid=1000(system) Binder:1260_3 expire 6 lines
03-28 18:02:47.610  1260  1294 I chatty  : uid=1000(system) batterystats-sy expire 5 lines
03-28 18:02:49.175  1260  2838 I chatty  : uid=1000(system) InputReader expire 2 lines
03-28 18:02:49.177  1260  1317 I chatty  : uid=1000(system) PowerManagerSer expire 3 lines
03-28 18:02:49.178  1260  1313 I chatty  : uid=1000(system) android.display expire 2 lines
03-28 18:02:49.445  1260  3615 I chatty  : uid=1000(system) Binder:1260_7 expire 1 line
03-28 18:02:49.801  1260  4164 I chatty  : uid=1000(system) Binder:1260_C expire 4 lines
03-28 18:02:54.068  1260  3189 I chatty  : uid=1000(system) WifiStateMachin expire 2 lines
03-28 18:03:32.192  1260  1275 I chatty  : uid=1000(system) Binder:1260_1 expire 2 lines
03-28 18:04:17.352  1260  4186 I chatty  : uid=1000(system) Binder:1260_D expire 3 lines
03-28 18:04:36.120  1260  3616 I chatty  : uid=1000(system) Binder:1260_8 expire 2 lines
03-28 18:05:02.512  1260  5387 I chatty  : uid=1000(system) Binder:1260_10 expire 2 lines
03-28 18:05:30.393  1260  6812 I chatty  : uid=1000(system) Binder:1260_15 expire 3 lines
03-28 18:05:43.966  1260  1289 I chatty  : uid=1000(system) android.bg expire 1 line
03-28 18:06:17.910  1260  3533 I chatty  : uid=1000(system) Binder:1260_6 expire 2 lines
03-28 18:06:45.350  1260  6810 I chatty  : uid=1000(system) Binder:1260_13 expire 10 lines
03-28 18:07:38.424 28690 28690 W ContextImpl: Calling a method in the system process without a qualified user: android.app.ContextImpl.startService:1362 android.content.ContextWrapper.startService:613 android.content.ContextWrapper.startService:613 com.sonymobile.smartcharger.chargingintelligentservice.ChargeStateLogger.onReceive:54 android.app.ActivityThread.handleReceiver:3085 
03-28 18:07:43.343  1260  1290 I chatty  : uid=1000(system) ActivityManager expire 2 lines
03-28 18:07:48.862  1260  3908 I chatty  : uid=1000(system) Binder:1260_A expire 2 lines
03-28 18:07:50.521  1260  4164 I chatty  : uid=1000(system) Binder:1260_C expire 10 lines
03-28 18:07:51.515  1260  3615 I chatty  : uid=1000(system) Binder:1260_7 expire 4 lines
03-28 18:07:51.520  1260  6811 I chatty  : uid=1000(system) Binder:1260_14 expire 4 lines
03-28 18:07:51.644  1260  3693 I chatty  : uid=1000(system) Binder:1260_9 expire 3 lines
03-28 18:07:51.672  1260  3532 I chatty  : uid=1000(system) Binder:1260_5 expire 6 lines
03-28 18:07:51.675  1260  6808 I chatty  : uid=1000(system) Binder:1260_12 expire 5 lines
03-28 18:08:05.591  1260  1311 I chatty  : uid=1000(system) android.fg expire 11 lines
03-28 18:08:20.280  1260  6810 I chatty  : uid=1000(system) Binder:1260_13 expire 5 lines
03-28 18:08:41.573  1260  2838 I chatty  : uid=1000(system) InputReader expire 2 lines
03-28 18:08:41.573  1260  1317 I chatty  : uid=1000(system) PowerManagerSer expire 3 lines
03-28 18:08:41.575  1260  1313 I chatty  : uid=1000(system) android.display expire 3 lines
03-28 18:08:41.588  1260  1260 I chatty  : uid=1000 system_server expire 5 lines
03-28 18:08:41.847  1260  4162 I chatty  : uid=1000(system) Binder:1260_B expire 2 lines
03-28 18:08:41.848  1260  4187 I chatty  : uid=1000(system) Binder:1260_E expire 3 lines
03-28 18:08:41.866  1260  3213 I chatty  : uid=1000(system) Binder:1260_3 expire 5 lines
03-28 18:08:41.866  1260  1290 I chatty  : uid=1000(system) ActivityManager expire 41 lines
03-28 18:08:43.418  1260  1275 I chatty  : uid=1000(system) Binder:1260_1 expire 10 lines
03-28 18:08:43.506  1260  6813 I chatty  : uid=1000(system) Binder:1260_16 expire 5 lines
03-28 18:08:43.719  3287  3287 V KeyguardDisplayManager: hide
03-28 18:08:43.722  1260  5387 I chatty  : uid=1000(system) Binder:1260_10 expire 5 lines
03-28 18:08:43.775  1260  4164 I chatty  : uid=1000(system) Binder:1260_C expire 7 lines
03-28 18:08:44.157  1260  6814 I chatty  : uid=1000(system) Binder:1260_17 expire 3 lines
03-28 18:08:44.275  1260  1276 I chatty  : uid=1000(system) Binder:1260_2 expire 4 lines
03-28 18:08:44.563  1260  6812 I chatty  : uid=1000(system) Binder:1260_15 expire 1 line
03-28 18:08:46.195  1260  3189 I chatty  : uid=1000(system) WifiStateMachin expire 3 lines
03-28 18:08:51.958  1260  3178 I chatty  : uid=1000(system) NetworkStats expire 2 lines
03-28 18:08:56.533  1260  4186 I chatty  : uid=1000(system) Binder:1260_D expire 3 lines
03-28 18:08:56.787  1260  4330 I chatty  : uid=1000(system) Binder:1260_F expire 2 lines
03-28 18:08:56.837  1260  3263 I chatty  : uid=1000(system) Binder:1260_4 expire 3 lines
03-28 18:08:58.871  1260  2837 I chatty  : uid=1000(system) InputDispatcher expire 2 lines
03-28 18:08:58.924  1260  6597 I chatty  : uid=1000(system) Binder:1260_11 expire 4 lines
03-28 18:08:58.927  1260  3533 I chatty  : uid=1000(system) Binder:1260_6 expire 2 lines
03-28 18:09:00.001  1260  2836 I chatty  : uid=1000(system) AlarmManager expire 6 lines
03-28 18:09:00.477  3287  3287 V KeyguardStatusView: refresh statusview showing:true
03-28 18:09:00.494  3287  3287 V KeyguardDisplayManager: show
03-28 18:09:15.146  1260  1290 I chatty  : uid=1000(system) ActivityManager expire 3 lines
03-28 18:10:02.722 13600 13695 W ContextImpl: Calling a method in the system process without a qualified user: android.app.ContextImpl.bindService:1426 android.content.ContextWrapper.bindService:636 com.google.android.gms.common.stats.zzb.zza:-1 com.google.android.gms.common.stats.zzb.zza:-1 com.google.android.gms.ads.identifier.AdvertisingIdClient.zzp:-1 
03-28 18:10:48.433  1260  1294 I chatty  : uid=1000(system) batterystats-sy expire 2 lines
03-28 18:11:00.592  1260  1275 I chatty  : uid=1000(system) Binder:1260_1 expire 10 lines
03-28 18:12:09.145  1260  1311 I chatty  : uid=1000(system) android.fg expire 5 lines
03-28 18:12:09.148  1260  6812 I chatty  : uid=1000(system) Binder:1260_15 expire 3 lines
03-28 18:12:26.016  1260  1260 I chatty  : uid=1000 system_server expire 8 lines
03-28 18:12:26.022  1260  1290 I chatty  : uid=1000(system) ActivityManager expire 15 lines
03-28 18:12:34.632  1260  3263 I chatty  : uid=1000(system) Binder:1260_4 expire 9 lines
03-28 18:12:50.929  1260  4187 I chatty  : uid=1000(system) Binder:1260_E expire 4 lines
03-28 18:13:29.351  1260  3533 I chatty  : uid=1000(system) Binder:1260_6 expire 5 lines
03-28 18:13:44.578  1260  1294 I chatty  : uid=1000(system) batterystats-sy expire 4 lines
03-28 18:13:44.854  1260  6597 I chatty  : uid=1000(system) Binder:1260_11 expire 4 lines
03-28 18:13:45.529  1260  2836 I chatty  : uid=1000(system) AlarmManager expire 2 lines
03-28 18:13:45.602 28690 28690 W ContextImpl: Calling a method in the system process without a qualified user: android.app.ContextImpl.startService:1362 android.content.ContextWrapper.startService:613 android.content.ContextWrapper.startService:613 com.sonymobile.smartcharger.chargingintelligentservice.ChargeStateLogger.onReceive:54 android.app.ActivityThread.handleReceiver:3085 
03-28 18:13:45.608  1260  3616 I chatty  : uid=1000(system) Binder:1260_8 expire 7 lines
03-28 18:13:45.730  1260  3615 I chatty  : uid=1000(system) Binder:1260_7 expire 10 lines
03-28 18:14:13.352  1260  2838 I chatty  : uid=1000(system) InputReader expire 1 line
03-28 18:14:13.353  1260  1317 I chatty  : uid=1000(system) PowerManagerSer expire 2 lines
03-28 18:14:13.356  1260  1313 I chatty  : uid=1000(system) android.display expire 2 lines
03-28 18:14:13.600  1260  3908 I chatty  : uid=1000(system) Binder:1260_A expire 8 lines
03-28 18:14:13.673  1260  3213 I chatty  : uid=1000(system) Binder:1260_3 expire 3 lines
03-28 18:14:13.676  1260  6811 I chatty  : uid=1000(system) Binder:1260_14 expire 9 lines
03-28 18:14:13.692  1260  6813 I chatty  : uid=1000(system) Binder:1260_16 expire 9 lines
03-28 18:14:13.805  1260  3693 I chatty  : uid=1000(system) Binder:1260_9 expire 6 lines
03-28 18:14:14.081  1260  1276 I chatty  : uid=1000(system) Binder:1260_2 expire 2 lines
03-28 18:14:14.083  1260  4330 I chatty  : uid=1000(system) Binder:1260_F expire 9 lines
03-28 18:14:14.088  1260  6808 I chatty  : uid=1000(system) Binder:1260_12 expire 6 lines
03-28 18:14:14.102  3287  3287 V KeyguardDisplayManager: hide
03-28 18:14:14.175  1260  6810 I chatty  : uid=1000(system) Binder:1260_13 expire 3 lines
03-28 18:14:18.266  1260  3189 I chatty  : uid=1000(system) WifiStateMachin expire 1 line
03-28 18:14:23.500  1260  2694 I chatty  : uid=1000(system) PackageInstalle expire 2 lines
03-28 18:14:23.540  1260  1333 I chatty  : uid=1000(system) PackageManager expire 12 lines
03-28 18:14:25.286  1260  3532 I chatty  : uid=1000(system) Binder:1260_5 expire 2 lines
03-28 18:14:25.290  1260  4162 I chatty  : uid=1000(system) Binder:1260_B expire 4 lines
03-28 18:14:25.554  9620  9620 W ContextImpl: Calling a method in the system process without a qualified user: android.app.ContextImpl.startService:1362 android.content.ContextWrapper.startService:613 android.content.ContextWrapper.startService:613 com.android.keychain.KeyChainBroadcastReceiver.onReceive:12 android.app.ActivityThread.handleReceiver:3085 
03-28 18:14:25.786  1260  1289 I chatty  : uid=1000(system) android.bg expire 1 line
03-28 18:14:25.951  9650  9734 E ActivityThread: Failed to find provider info for com.facebook.appmanager.oxygen.nekodirect.progress
03-28 18:14:26.142  1260  1290 I chatty  : uid=1000(system) ActivityManager expire 6 lines
03-28 18:14:26.371  1260  3202 I chatty  : uid=1000(system) ConnectivitySer expire 2 lines
03-28 18:14:27.117  1260  5387 I chatty  : uid=1000(system) Binder:1260_10 expire 2 lines
03-28 18:14:27.292  1260  4186 I chatty  : uid=1000(system) Binder:1260_D expire 2 lines
03-28 18:14:27.799  1260  4164 I chatty  : uid=1000(system) Binder:1260_C expire 3 lines
03-28 18:14:34.260  1260  1313 I chatty  : uid=1000(system) android.display expire 4 lines
03-28 18:14:35.774  1260  2838 I chatty  : uid=1000(system) InputReader expire 2 lines
03-28 18:14:35.815  1260  3693 I chatty  : uid=1000(system) Binder:1260_9 expire 6 lines
03-28 18:14:35.839  1260  6808 I chatty  : uid=1000(system) Binder:1260_12 expire 5 lines
03-28 18:14:36.331  1260  1317 I chatty  : uid=1000(system) PowerManagerSer expire 3 lines
03-28 18:14:36.340  1260  1260 I chatty  : uid=1000 system_server expire 5 lines
03-28 18:14:36.459  3287  3287 V KeyguardStatusView: refresh statusview showing:true
03-28 18:14:36.478  3287  3287 V KeyguardDisplayManager: show
03-28 18:14:36.562  1260  1276 I chatty  : uid=1000(system) Binder:1260_2 expire 15 lines
03-28 18:14:36.731  1260  3908 I chatty  : uid=1000(system) Binder:1260_A expire 2 lines
03-28 18:14:51.572  1260  4162 I chatty  : uid=1000(system) Binder:1260_B expire 12 lines
03-28 18:14:51.606  1260  1290 I chatty  : uid=1000(system) ActivityManager expire 15 lines
03-28 18:14:51.610  1260  3532 I chatty  : uid=1000(system) Binder:1260_5 expire 4 lines
03-28 18:14:51.629  1260  3616 I chatty  : uid=1000(system) Binder:1260_8 expire 4 lines
03-28 18:14:51.657  1260  3213 I chatty  : uid=1000(system) Binder:1260_3 expire 2 lines
03-28 18:14:54.191  1260  1311 I chatty  : uid=1000(system) android.fg expire 18 lines
03-28 18:14:54.193  1260  4330 I chatty  : uid=1000(system) Binder:1260_F expire 3 lines
03-28 18:15:04.259  1260  1275 I chatty  : uid=1000(system) Binder:1260_1 expire 4 lines
03-28 18:15:20.234  1260  6813 I chatty  : uid=1000(system) Binder:1260_16 expire 3 lines
03-28 18:16:05.086  1260  6597 I chatty  : uid=1000(system) Binder:1260_11 expire 4 lines
03-28 18:16:08.240  4172  4276 W ContextImpl: Calling a method in the system process without a qualified user: android.app.ContextImpl.bindService:1426 android.content.ContextWrapper.bindService:636 com.google.android.gms.ads.identifier.AdvertisingIdClient.h:-1 com.google.android.gms.ads.identifier.AdvertisingIdClient.b:-1 com.google.android.gms.ads.identifier.AdvertisingIdClient.getAdvertisingIdInfo:-1 
03-28 18:16:36.518  1260  2836 I chatty  : uid=1000(system) AlarmManager expire 8 lines
03-28 18:16:36.587  1260  3263 I chatty  : uid=1000(system) Binder:1260_4 expire 3 lines
03-28 18:16:36.713  1260  3615 I chatty  : uid=1000(system) Binder:1260_7 expire 3 lines
03-28 18:17:15.314  1260  5387 I chatty  : uid=1000(system) Binder:1260_10 expire 2 lines
03-28 18:18:20.770  1260  6811 I chatty  : uid=1000(system) Binder:1260_14 expire 4 lines
03-28 18:18:35.794  1260  6812 I chatty  : uid=1000(system) Binder:1260_15 expire 2 lines
03-28 18:18:47.136  1260  4162 I chatty  : uid=1000(system) Binder:1260_B expire 11 lines
03-28 18:18:49.413  1260  4186 I chatty  : uid=1000(system) Binder:1260_D expire 1 line
03-28 18:18:49.429  1260  6810 I chatty  : uid=1000(system) Binder:1260_13 expire 4 lines
03-28 18:18:50.621  3287  3287 V KeyguardDisplayManager: hide
03-28 18:18:51.205  1260  4187 I chatty  : uid=1000(system) Binder:1260_E expire 1 line
03-28 18:18:52.196  1260  1294 I chatty  : uid=1000(system) batterystats-sy expire 1 line
03-28 18:18:53.997  1260  3189 I chatty  : uid=1000(system) WifiStateMachin expire 3 lines
03-28 18:18:54.947  1260  3533 I chatty  : uid=1000(system) Binder:1260_6 expire 1 line
03-28 18:18:54.962  1260  1276 I chatty  : uid=1000(system) Binder:1260_2 expire 2 lines
03-28 18:18:59.420  1260  6814 I chatty  : uid=1000(system) Binder:1260_17 expire 11 lines
03-28 18:19:05.849  1260  3532 I chatty  : uid=1000(system) Binder:1260_5 expire 11 lines
03-28 18:19:05.855  1260  3693 I chatty  : uid=1000(system) Binder:1260_9 expire 5 lines
03-28 18:19:05.870  1260  5387 I chatty  : uid=1000(system) Binder:1260_10 expire 5 lines
03-28 18:19:05.878  1260  6597 I chatty  : uid=1000(system) Binder:1260_11 expire 5 lines
03-28 18:19:05.881  1260  3263 I chatty  : uid=1000(system) Binder:1260_4 expire 4 lines
03-28 18:19:05.885  1260  3908 I chatty  : uid=1000(system) Binder:1260_A expire 6 lines
03-28 18:19:05.892  1260  4186 I chatty  : uid=1000(system) Binder:1260_D expire 6 lines
03-28 18:19:10.337  1260  3189 I chatty  : uid=1000(system) WifiStateMachin expire 3 lines
03-28 18:19:10.340  1260  1290 I chatty  : uid=1000(system) ActivityManager expire 11 lines
03-28 18:19:10.573  1260  6810 I chatty  : uid=1000(system) Binder:1260_13 expire 11 lines
03-28 18:19:10.579  1260  4164 I chatty  : uid=1000(system) Binder:1260_C expire 10 lines
03-28 18:19:11.531  1260  1275 I chatty  : uid=1000(system) Binder:1260_1 expire 5 lines
03-28 18:19:11.599  1260  6812 I chatty  : uid=1000(system) Binder:1260_15 expire 7 lines
03-28 18:19:11.607  1260  3615 I chatty  : uid=1000(system) Binder:1260_7 expire 4 lines
03-28 18:19:11.617  1260  6811 I chatty  : uid=1000(system) Binder:1260_14 expire 5 lines
03-28 18:20:00.001  1260  2836 I chatty  : uid=1000(system) AlarmManager expire 5 lines
03-28 18:20:00.122  1260  6808 I chatty  : uid=1000(system) Binder:1260_12 expire 2 lines
03-28 18:20:51.691  1260  1260 I chatty  : uid=1000 system_server expire 5 lines
03-28 18:20:56.487  1260  1317 I chatty  : uid=1000(system) PowerManagerSer expire 6 lines
03-28 18:20:56.860  1260  1313 I chatty  : uid=1000(system) android.display expire 4 lines
03-28 18:20:56.894  1260  4162 I chatty  : uid=1000(system) Binder:1260_B expire 2 lines
03-28 18:21:01.730  3287  3287 V KeyguardStatusView: refresh statusview showing:true
03-28 18:21:01.746  3287  3287 V KeyguardDisplayManager: show
03-28 18:21:02.914  1260  4187 I chatty  : uid=1000(system) Binder:1260_E expire 4 lines
03-28 18:21:21.167  1260  2838 I chatty  : uid=1000(system) InputReader expire 2 lines
03-28 18:21:21.516  1260  3616 I chatty  : uid=1000(system) Binder:1260_8 expire 2 lines
03-28 18:21:22.437  3287  3287 V KeyguardDisplayManager: hide
03-28 18:21:22.615  1260  3533 I chatty  : uid=1000(system) Binder:1260_6 expire 2 lines
03-28 18:21:23.278  1260  2837 I chatty  : uid=1000(system) InputDispatcher expire 2 lines
03-28 18:21:23.539  1260  3532 I chatty  : uid=1000(system) Binder:1260_5 expire 2 lines
03-28 18:21:26.194  1260  6810 I chatty  : uid=1000(system) Binder:1260_13 expire 1 line
03-28 18:21:26.195   467   476 D VoldCryptCmdListener: cryptfs getpwtype
03-28 18:21:26.195  1260  2841 I chatty  : uid=1000(system) CryptdConnector expire 1 line
03-28 18:21:27.044  1260  3213 I chatty  : uid=1000(system) Binder:1260_3 expire 1 line
03-28 18:21:27.044  1260  1290 I chatty  : uid=1000(system) ActivityManager expire 5 lines
03-28 18:21:27.931  1260  3178 I chatty  : uid=1000(system) NetworkStats expire 2 lines
03-28 18:21:29.429  1260  4330 I chatty  : uid=1000(system) Binder:1260_F expire 1 line
03-28 18:21:31.262  1260  6813 I chatty  : uid=1000(system) Binder:1260_16 expire 2 lines
03-28 18:21:44.547  3287  3287 V KeyguardStatusView: refresh statusview showing:true
03-28 18:21:44.567  3287  3287 V KeyguardDisplayManager: show
03-28 18:21:44.577  1260  6814 I chatty  : uid=1000(system) Binder:1260_17 expire 4 lines
03-28 18:22:46.878  1260  1290 I chatty  : uid=1000(system) ActivityManager expire 10 lines
03-28 18:22:46.895  1260  1294 I chatty  : uid=1000(system) batterystats-sy expire 2 lines
03-28 18:22:58.438  1260  2836 I chatty  : uid=1000(system) AlarmManager expire 14 lines
03-28 18:22:58.449  1260  4187 I chatty  : uid=1000(system) Binder:1260_E expire 7 lines
03-28 18:23:20.066  1260  3533 I chatty  : uid=1000(system) Binder:1260_6 expire 5 lines
03-28 18:23:20.234  1260  3615 I chatty  : uid=1000(system) Binder:1260_7 expire 1 line
03-28 18:23:20.883  1260  4330 I chatty  : uid=1000(system) Binder:1260_F expire 5 lines
03-28 18:23:28.402  1260  3616 I chatty  : uid=1000(system) Binder:1260_8 expire 5 lines
03-28 18:23:43.592  1260  1311 I chatty  : uid=1000(system) android.fg expire 6 lines
03-28 18:23:43.594  1260  3213 I chatty  : uid=1000(system) Binder:1260_3 expire 5 lines
03-28 18:23:44.136  1260  3263 I chatty  : uid=1000(system) Binder:1260_4 expire 3 lines
03-28 18:23:44.502  1260  5387 I chatty  : uid=1000(system) Binder:1260_10 expire 1 line
03-28 18:23:46.980  1260  3178 I chatty  : uid=1000(system) NetworkStats expire 3 lines
03-28 18:23:47.053  1260  1260 I chatty  : uid=1000 system_server expire 5 lines
03-28 18:23:47.086  1260  3693 I chatty  : uid=1000(system) Binder:1260_9 expire 5 lines
03-28 18:23:47.116 11334 11334 W ContextImpl: Calling a method in the system process without a qualified user: android.app.ContextImpl.startService:1362 android.content.ContextWrapper.startService:613 android.content.ContextWrapper.startService:613 com.sonymobile.smartcharger.chargingintelligentservice.ChargeStateLogger.onReceive:54 android.app.ActivityThread.handleReceiver:3085 
03-28 18:23:47.129  1260  6812 I chatty  : uid=1000(system) Binder:1260_15 expire 5 lines
03-28 18:23:47.139  1260  4164 I chatty  : uid=1000(system) Binder:1260_C expire 3 lines
03-28 18:23:47.154  1260  6597 I chatty  : uid=1000(system) Binder:1260_11 expire 3 lines
03-28 18:23:47.159  1260  6810 I chatty  : uid=1000(system) Binder:1260_13 expire 4 lines
03-28 18:23:47.191  1260  3532 I chatty  : uid=1000(system) Binder:1260_5 expire 5 lines
03-28 18:23:47.326  1260  1276 I chatty  : uid=1000(system) Binder:1260_2 expire 3 lines
03-28 18:24:23.675  1260  4162 I chatty  : uid=1000(system) Binder:1260_B expire 3 lines
03-28 18:25:02.795 13600 13695 W ContextImpl: Calling a method in the system process without a qualified user: android.app.ContextImpl.bindService:1426 android.content.ContextWrapper.bindService:636 com.google.android.gms.common.stats.zzb.zza:-1 com.google.android.gms.common.stats.zzb.zza:-1 com.google.android.gms.ads.identifier.AdvertisingIdClient.zzp:-1 
03-28 18:25:25.154  1260  2836 I chatty  : uid=1000(system) AlarmManager expire 2 lines
03-28 18:25:25.355  1260  4186 I chatty  : uid=1000(system) Binder:1260_D expire 3 lines
03-28 18:25:27.313  1260  2838 I chatty  : uid=1000(system) InputReader expire 1 line
03-28 18:25:27.314  1260  1317 I chatty  : uid=1000(system) PowerManagerSer expire 2 lines
03-28 18:25:27.315  1260  1313 I chatty  : uid=1000(system) android.display expire 1 line
03-28 18:25:27.398  1260  3189 I chatty  : uid=1000(system) WifiStateMachin expire 3 lines
03-28 18:25:27.576  1260  1275 I chatty  : uid=1000(system) Binder:1260_1 expire 4 lines
03-28 18:25:27.647  1260  6811 I chatty  : uid=1000(system) Binder:1260_14 expire 2 lines
03-28 18:25:28.180  3287  3287 V KeyguardDisplayManager: hide
03-28 18:25:28.196  1260  1290 I chatty  : uid=1000(system) ActivityManager expire 9 lines
03-28 18:25:28.334   467   476 D VoldCryptCmdListener: cryptfs getpwtype
03-28 18:25:28.334  1260  2841 I chatty  : uid=1000(system) CryptdConnector expire 1 line
03-28 18:25:29.271  1260  2694 I chatty  : uid=1000(system) PackageInstalle expire 2 lines
03-28 18:25:29.311  1260  1333 I chatty  : uid=1000(system) PackageManager expire 12 lines
03-28 18:25:29.411  1260  2837 I chatty  : uid=1000(system) InputDispatcher expire 2 lines
03-28 18:25:29.932  1260  6813 I chatty  : uid=1000(system) Binder:1260_16 expire 1 line
03-28 18:25:31.962 11619 11619 W ContextImpl: Calling a method in the system process without a qualified user: android.app.ContextImpl.startService:1362 android.content.ContextWrapper.startService:613 android.content.ContextWrapper.startService:613 com.android.keychain.KeyChainBroadcastReceiver.onReceive:12 android.app.ActivityThread.handleReceiver:3085 
03-28 18:25:32.196  1260  1289 I chatty  : uid=1000(system) android.bg expire 1 line
03-28 18:25:32.250  1260  3908 I chatty  : uid=1000(system) Binder:1260_A expire 4 lines
03-28 18:25:32.289  1260  3616 I chatty  : uid=1000(system) Binder:1260_8 expire 8 lines
03-28 18:25:32.341 11649 11721 E ActivityThread: Failed to find provider info for com.facebook.appmanager.oxygen.nekodirect.progress
03-28 18:25:32.584  1260  1276 I chatty  : uid=1000(system) Binder:1260_2 expire 2 lines
03-28 18:25:32.584  1260  1290 I chatty  : uid=1000(system) ActivityManager expire 12 lines
03-28 18:25:32.596  1260  6812 I chatty  : uid=1000(system) Binder:1260_15 expire 2 lines
03-28 18:25:32.630  1260  3213 I chatty  : uid=1000(system) Binder:1260_3 expire 3 lines
03-28 18:25:32.684  1260  3693 I chatty  : uid=1000(system) Binder:1260_9 expire 3 lines
03-28 18:25:32.753  1260  6814 I chatty  : uid=1000(system) Binder:1260_17 expire 10 lines
03-28 18:25:32.777  1260  6810 I chatty  : uid=1000(system) Binder:1260_13 expire 5 lines
03-28 18:25:32.959  1260  3615 I chatty  : uid=1000(system) Binder:1260_7 expire 6 lines
03-28 18:25:33.143  1260  6811 I chatty  : uid=1000(system) Binder:1260_14 expire 5 lines
03-28 18:25:33.176  1260  4162 I chatty  : uid=1000(system) Binder:1260_B expire 4 lines
03-28 18:25:33.240  1260  1260 I chatty  : uid=1000 system_server expire 9 lines
03-28 18:25:33.263  1260  3263 I chatty  : uid=1000(system) Binder:1260_4 expire 4 lines
03-28 18:25:33.396  1260  4186 I chatty  : uid=1000(system) Binder:1260_D expire 4 lines
03-28 18:25:33.422  1260  4330 I chatty  : uid=1000(system) Binder:1260_F expire 7 lines
03-28 18:25:33.530  1260  3533 I chatty  : uid=1000(system) Binder:1260_6 expire 3 lines
03-28 18:25:33.590  1260  1313 I chatty  : uid=1000(system) android.display expire 4 lines
03-28 18:25:33.670  1260  4187 I chatty  : uid=1000(system) Binder:1260_E expire 4 lines
03-28 18:25:33.699  1260  6597 I chatty  : uid=1000(system) Binder:1260_11 expire 8 lines
03-28 18:25:33.756  1260  6808 I chatty  : uid=1000(system) Binder:1260_12 expire 3 lines
03-28 18:25:33.862  1260  6813 I chatty  : uid=1000(system) Binder:1260_16 expire 2 lines
03-28 18:25:34.086  1260  3532 I chatty  : uid=1000(system) Binder:1260_5 expire 3 lines
03-28 18:25:34.637  1260  4164 I chatty  : uid=1000(system) Binder:1260_C expire 2 lines
03-28 18:25:41.832  1260  2838 I chatty  : uid=1000(system) InputReader expire 1 line
03-28 18:25:42.438  1260  1317 I chatty  : uid=1000(system) PowerManagerSer expire 1 line
03-28 18:25:42.568  3287  3287 V KeyguardStatusView: refresh statusview showing:true
03-28 18:25:42.582  3287  3287 V KeyguardDisplayManager: show
03-28 18:26:45.630  1260  1311 I chatty  : uid=1000(system) android.fg expire 13 lines
03-28 18:27:25.301  1260  1294 I chatty  : uid=1000(system) batterystats-sy expire 4 lines
03-28 18:27:42.495  1260  2836 I chatty  : uid=1000(system) AlarmManager expire 5 lines
03-28 18:27:42.541  1260  1275 I chatty  : uid=1000(system) Binder:1260_1 expire 2 lines
03-28 18:27:42.561  1260  5387 I chatty  : uid=1000(system) Binder:1260_10 expire 1 line
03-28 18:28:43.437  1260  1289 I chatty  : uid=1000(system) android.bg expire 1 line
03-28 18:31:08.312  4172  4276 W ContextImpl: Calling a method in the system process without a qualified user: android.app.ContextImpl.bindService:1426 android.content.ContextWrapper.bindService:636 com.google.android.gms.ads.identifier.AdvertisingIdClient.h:-1 com.google.android.gms.ads.identifier.AdvertisingIdClient.b:-1 com.google.android.gms.ads.identifier.AdvertisingIdClient.getAdvertisingIdInfo:-1 
03-28 18:31:12.371  1260  1311 I chatty  : uid=1000(system) android.fg expire 1 line
03-28 18:31:40.301  1260  1290 I chatty  : uid=1000(system) ActivityManager expire 16 lines
03-28 18:31:46.857  1260  3533 I chatty  : uid=1000(system) Binder:1260_6 expire 11 lines
03-28 18:31:46.883  1260  3532 I chatty  : uid=1000(system) Binder:1260_5 expire 5 lines
03-28 18:31:46.884  1260  1260 I chatty  : uid=1000 system_server expire 6 lines
03-28 18:31:46.885  1260  1317 I chatty  : uid=1000(system) PowerManagerSer expire 7 lines
03-28 18:31:46.886  1260  1313 I chatty  : uid=1000(system) android.display expire 3 lines
03-28 18:31:47.166  1260  3615 I chatty  : uid=1000(system) Binder:1260_7 expire 6 lines
03-28 18:31:47.170  1260  6814 I chatty  : uid=1000(system) Binder:1260_17 expire 3 lines
03-28 18:31:47.172  1260  4186 I chatty  : uid=1000(system) Binder:1260_D expire 5 lines
03-28 18:31:47.254  1260  1276 I chatty  : uid=1000(system) Binder:1260_2 expire 5 lines
03-28 18:31:48.654  1260  6597 I chatty  : uid=1000(system) Binder:1260_11 expire 4 lines
03-28 18:31:48.682  1260  4162 I chatty  : uid=1000(system) Binder:1260_B expire 6 lines
03-28 18:31:48.752  1260  4330 I chatty  : uid=1000(system) Binder:1260_F expire 3 lines
03-28 18:31:48.809  1260  1275 I chatty  : uid=1000(system) Binder:1260_1 expire 3 lines
03-28 18:31:49.166  1260  4164 I chatty  : uid=1000(system) Binder:1260_C expire 3 lines
03-28 18:31:49.218  1260  6808 I chatty  : uid=1000(system) Binder:1260_12 expire 2 lines
03-28 18:31:51.798  1260  3189 I chatty  : uid=1000(system) WifiStateMachin expire 3 lines
03-28 18:32:00.001  1260  2836 I chatty  : uid=1000(system) AlarmManager expire 1 line
03-28 18:32:00.138  1260  6812 I chatty  : uid=1000(system) Binder:1260_15 expire 1 line
03-28 18:32:04.767  1260  2838 I chatty  : uid=1000(system) InputReader expire 1 line
03-28 18:32:05.041  1260  3263 I chatty  : uid=1000(system) Binder:1260_4 expire 5 lines
03-28 18:32:05.114  1260  3616 I chatty  : uid=1000(system) Binder:1260_8 expire 7 lines
03-28 18:32:05.878  1260  3908 I chatty  : uid=1000(system) Binder:1260_A expire 4 lines
03-28 18:32:06.287  1260  3693 I chatty  : uid=1000(system) Binder:1260_9 expire 3 lines
03-28 18:32:06.288   467   476 D VoldCryptCmdListener: cryptfs getpwtype
03-28 18:32:06.288  1260  2841 I chatty  : uid=1000(system) CryptdConnector expire 1 line
03-28 18:32:06.484  3287  3287 V KeyguardDisplayManager: hide
03-28 18:32:06.494  1260  1290 I chatty  : uid=1000(system) ActivityManager expire 9 lines
03-28 18:32:06.515  1260  6813 I chatty  : uid=1000(system) Binder:1260_16 expire 2 lines
03-28 18:32:07.014  1260  6811 I chatty  : uid=1000(system) Binder:1260_14 expire 3 lines
03-28 18:32:07.663  1260  3213 I chatty  : uid=1000(system) Binder:1260_3 expire 1 line
03-28 18:32:13.440  1260  2694 I chatty  : uid=1000(system) PackageInstalle expire 2 lines
03-28 18:32:13.473  1260  1333 I chatty  : uid=1000(system) PackageManager expire 12 lines
03-28 18:32:13.525  1260  6810 I chatty  : uid=1000(system) Binder:1260_13 expire 4 lines
03-28 18:32:15.692 16540 16540 W ContextImpl: Calling a method in the system process without a qualified user: android.app.ContextImpl.startService:1362 android.content.ContextWrapper.startService:613 android.content.ContextWrapper.startService:613 com.android.keychain.KeyChainBroadcastReceiver.onReceive:12 android.app.ActivityThread.handleReceiver:3085 
03-28 18:32:16.168  1260  6597 I chatty  : uid=1000(system) Binder:1260_11 expire 1 line
03-28 18:32:16.169  1260  1290 I chatty  : uid=1000(system) ActivityManager expire 15 lines
03-28 18:32:16.385  1260  6808 I chatty  : uid=1000(system) Binder:1260_12 expire 4 lines
03-28 18:32:16.409  1260  3213 I chatty  : uid=1000(system) Binder:1260_3 expire 6 lines
03-28 18:32:16.441  1260  5387 I chatty  : uid=1000(system) Binder:1260_10 expire 12 lines
03-28 18:32:16.555  1260  3263 I chatty  : uid=1000(system) Binder:1260_4 expire 4 lines
03-28 18:32:16.556  1260  1275 I chatty  : uid=1000(system) Binder:1260_1 expire 5 lines
03-28 18:32:16.616  1260  3616 I chatty  : uid=1000(system) Binder:1260_8 expire 4 lines
03-28 18:32:16.674  1260  1260 I chatty  : uid=1000 system_server expire 7 lines
03-28 18:32:16.698  1260  4164 I chatty  : uid=1000(system) Binder:1260_C expire 7 lines
03-28 18:32:16.815  1260  1276 I chatty  : uid=1000(system) Binder:1260_2 expire 5 lines
03-28 18:32:16.855  1260  4187 I chatty  : uid=1000(system) Binder:1260_E expire 5 lines
03-28 18:32:16.872  1260  3908 I chatty  : uid=1000(system) Binder:1260_A expire 5 lines
03-28 18:32:17.046  1260  4186 I chatty  : uid=1000(system) Binder:1260_D expire 3 lines
03-28 18:32:17.176  1260  1313 I chatty  : uid=1000(system) android.display expire 3 lines
03-28 18:32:17.257  1260  3532 I chatty  : uid=1000(system) Binder:1260_5 expire 5 lines
03-28 18:32:17.260  1260  4330 I chatty  : uid=1000(system) Binder:1260_F expire 5 lines
03-28 18:32:17.384  1260  6812 I chatty  : uid=1000(system) Binder:1260_15 expire 6 lines
03-28 18:32:17.457  1260  3615 I chatty  : uid=1000(system) Binder:1260_7 expire 4 lines
03-28 18:32:17.694  1260  6814 I chatty  : uid=1000(system) Binder:1260_17 expire 1 line
03-28 18:32:17.766  1260  6813 I chatty  : uid=1000(system) Binder:1260_16 expire 1 line
03-28 18:32:17.778  1260  4162 I chatty  : uid=1000(system) Binder:1260_B expire 6 lines
03-28 18:32:17.862  1260  6811 I chatty  : uid=1000(system) Binder:1260_14 expire 3 lines
03-28 18:32:19.918  1260  3189 I chatty  : uid=1000(system) WifiStateMachin expire 1 line
03-28 18:32:23.334  1260  2838 I chatty  : uid=1000(system) InputReader expire 1 line
03-28 18:32:23.920  1260  1317 I chatty  : uid=1000(system) PowerManagerSer expire 1 line
03-28 18:32:24.044  3287  3287 V KeyguardStatusView: refresh statusview showing:true
03-28 18:32:24.060  3287  3287 V KeyguardDisplayManager: show
03-28 18:32:32.049   467   476 D VoldCryptCmdListener: cryptfs getpwtype
03-28 18:32:32.050  1260  2841 I chatty  : uid=1000(system) CryptdConnector expire 1 line
03-28 18:32:32.065  1260  3693 I chatty  : uid=1000(system) Binder:1260_9 expire 7 lines
03-28 18:32:32.252  1260  2836 I chatty  : uid=1000(system) AlarmManager expire 3 lines
