03-28 16:27:49.360  1260  2836 I chatty  : uid=1000(system) AlarmManager expire 7 lines
03-28 16:27:49.398  1260  4187 I chatty  : uid=1000(system) Binder:1260_E expire 1 line
03-28 16:27:57.416  1260  4162 I chatty  : uid=1000(system) Binder:1260_B expire 6 lines
03-28 16:28:00.310  1260  3693 I chatty  : uid=1000(system) Binder:1260_9 expire 6 lines
03-28 16:28:05.251  1260  1276 I chatty  : uid=1000(system) Binder:1260_2 expire 2 lines
03-28 16:28:08.540  1260  4330 I chatty  : uid=1000(system) Binder:1260_F expire 4 lines
03-28 16:28:15.565  1260  3615 I chatty  : uid=1000(system) Binder:1260_7 expire 2 lines
03-28 16:28:19.807  1260  6811 I chatty  : uid=1000(system) Binder:1260_14 expire 1 line
03-28 16:28:24.165  1260  3213 I chatty  : uid=1000(system) Binder:1260_3 expire 5 lines
03-28 16:28:25.084  1260  4164 I chatty  : uid=1000(system) Binder:1260_C expire 3 lines
03-28 16:28:25.765  1260  1275 I chatty  : uid=1000(system) Binder:1260_1 expire 3 lines
03-28 16:28:41.128  1260  6812 I chatty  : uid=1000(system) Binder:1260_15 expire 1 line
03-28 16:28:51.819  1260  3616 I chatty  : uid=1000(system) Binder:1260_8 expire 2 lines
03-28 16:28:51.859  1260  3263 I chatty  : uid=1000(system) Binder:1260_4 expire 2 lines
03-28 16:28:51.866  1260  6808 I chatty  : uid=1000(system) Binder:1260_12 expire 3 lines
03-28 16:28:52.202  1260  3908 I chatty  : uid=1000(system) Binder:1260_A expire 1 line
03-28 16:28:55.071  1260  1313 I chatty  : uid=1000(system) android.display expire 2 lines
03-28 16:29:09.907  4172  4276 W ContextImpl: Calling a method in the system process without a qualified user: android.app.ContextImpl.bindService:1426 android.content.ContextWrapper.bindService:636 com.google.android.gms.ads.identifier.AdvertisingIdClient.h:-1 com.google.android.gms.ads.identifier.AdvertisingIdClient.b:-1 com.google.android.gms.ads.identifier.AdvertisingIdClient.getAdvertisingIdInfo:-1 
03-28 16:29:12.969  1260  1290 I chatty  : uid=1000(system) ActivityManager expire 11 lines
03-28 16:29:13.269  1260  3189 I chatty  : uid=1000(system) WifiStateMachin expire 2 lines
03-28 16:29:20.937  1260  3178 I chatty  : uid=1000(system) NetworkStats expire 16 lines
03-28 16:29:36.566  1260  1290 I chatty  : uid=1000(system) ActivityManager expire 77 lines
03-28 16:29:36.577  1260  6597 I chatty  : uid=1000(system) Binder:1260_11 expire 3 lines
03-28 16:29:36.820  1260  6808 I chatty  : uid=1000(system) Binder:1260_12 expire 3 lines
03-28 16:29:37.100  1260  6814 I chatty  : uid=1000(system) Binder:1260_17 expire 2 lines
03-28 16:29:37.213  1260  3908 I chatty  : uid=1000(system) Binder:1260_A expire 5 lines
03-28 16:29:37.318  1260  3615 I chatty  : uid=1000(system) Binder:1260_7 expire 3 lines
03-28 16:29:38.614  1260  3616 I chatty  : uid=1000(system) Binder:1260_8 expire 4 lines
03-28 16:29:40.615  1260  1275 I chatty  : uid=1000(system) Binder:1260_1 expire 2 lines
03-28 16:29:41.482  1260  1276 I chatty  : uid=1000(system) Binder:1260_2 expire 3 lines
03-28 16:29:41.487  1260  4186 I chatty  : uid=1000(system) Binder:1260_D expire 3 lines
03-28 16:29:42.399  1260  4164 I chatty  : uid=1000(system) Binder:1260_C expire 7 lines
03-28 16:29:45.433  1260  5387 I chatty  : uid=1000(system) Binder:1260_10 expire 2 lines
03-28 16:29:57.167  1260  3533 I chatty  : uid=1000(system) Binder:1260_6 expire 5 lines
03-28 16:30:00.007  1260  2836 I chatty  : uid=1000(system) AlarmManager expire 3 lines
03-28 16:30:04.994  1260  1260 I chatty  : uid=1000 system_server expire 2 lines
03-28 16:30:05.013  1260  1294 I chatty  : uid=1000(system) batterystats-sy expire 1 line
03-28 16:30:05.081  1260  6812 I chatty  : uid=1000(system) Binder:1260_15 expire 5 lines
03-28 16:30:05.259  1260  3532 I chatty  : uid=1000(system) Binder:1260_5 expire 3 lines
03-28 16:30:05.264  1260  3213 I chatty  : uid=1000(system) Binder:1260_3 expire 4 lines
03-28 16:30:13.720  1260  3693 I chatty  : uid=1000(system) Binder:1260_9 expire 2 lines
03-28 16:30:24.736  1260  3263 I chatty  : uid=1000(system) Binder:1260_4 expire 5 lines
03-28 16:30:28.667  1260  6811 I chatty  : uid=1000(system) Binder:1260_14 expire 1 line
03-28 16:30:36.197  1260  6813 I chatty  : uid=1000(system) Binder:1260_16 expire 2 lines
03-28 16:30:50.482  1260  4162 I chatty  : uid=1000(system) Binder:1260_B expire 2 lines
03-28 16:31:00.123  1260  4187 I chatty  : uid=1000(system) Binder:1260_E expire 2 lines
03-28 16:31:07.659  1260  1312 I chatty  : uid=1000(system) android.io expire 2 lines
03-28 16:31:08.053  1260  1313 I chatty  : uid=1000(system) android.display expire 1 line
03-28 16:31:08.065  1260  3189 I chatty  : uid=1000(system) WifiStateMachin expire 5 lines
03-28 16:31:13.234  1260  6810 I chatty  : uid=1000(system) Binder:1260_13 expire 3 lines
03-28 16:31:56.432  1260  1290 I chatty  : uid=1000(system) ActivityManager expire 37 lines
03-28 16:31:59.446  1260  3189 I chatty  : uid=1000(system) WifiStateMachin expire 9 lines
03-28 16:32:00.001  1260  2836 I chatty  : uid=1000(system) AlarmManager expire 4 lines
03-28 16:32:00.100  1260  6812 I chatty  : uid=1000(system) Binder:1260_15 expire 2 lines
03-28 16:32:27.937  1260  1289 I chatty  : uid=1000(system) android.bg expire 1 line
03-28 16:33:00.092  1260  3213 I chatty  : uid=1000(system) Binder:1260_3 expire 2 lines
03-28 16:33:32.589  1260  6597 I chatty  : uid=1000(system) Binder:1260_11 expire 3 lines
03-28 16:33:32.771  1260  4162 I chatty  : uid=1000(system) Binder:1260_B expire 5 lines
03-28 16:33:32.773  1260  3202 I chatty  : uid=1000(system) ConnectivitySer expire 1 line
03-28 16:33:34.050  1260  5387 I chatty  : uid=1000(system) Binder:1260_10 expire 2 lines
03-28 16:33:34.958  1260  3615 I chatty  : uid=1000(system) Binder:1260_7 expire 3 lines
03-28 16:33:36.465  1260  1275 I chatty  : uid=1000(system) Binder:1260_1 expire 1 line
03-28 16:33:42.591  1260  3693 I chatty  : uid=1000(system) Binder:1260_9 expire 10 lines
03-28 16:33:44.146  1260  4186 I chatty  : uid=1000(system) Binder:1260_D expire 10 lines
03-28 16:33:44.568  1260  6814 I chatty  : uid=1000(system) Binder:1260_17 expire 12 lines
03-28 16:33:46.504  1260  1260 I chatty  : uid=1000 system_server expire 1 line
03-28 16:33:46.518  1260  1294 I chatty  : uid=1000(system) batterystats-sy expire 1 line
03-28 16:33:46.569  1260  3178 I chatty  : uid=1000(system) NetworkStats expire 3 lines
03-28 16:33:47.003  1260  3263 I chatty  : uid=1000(system) Binder:1260_4 expire 11 lines
03-28 16:33:47.007  1260  4187 I chatty  : uid=1000(system) Binder:1260_E expire 2 lines
03-28 16:33:47.015  1260  3533 I chatty  : uid=1000(system) Binder:1260_6 expire 12 lines
03-28 16:33:57.529  1260  6808 I chatty  : uid=1000(system) Binder:1260_12 expire 2 lines
03-28 16:34:00.593  1260  3908 I chatty  : uid=1000(system) Binder:1260_A expire 10 lines
03-28 16:34:03.885  1260  3532 I chatty  : uid=1000(system) Binder:1260_5 expire 9 lines
03-28 16:34:08.112  1260  3616 I chatty  : uid=1000(system) Binder:1260_8 expire 4 lines
03-28 16:34:08.118  1260  4330 I chatty  : uid=1000(system) Binder:1260_F expire 2 lines
03-28 16:34:08.141  1260  4164 I chatty  : uid=1000(system) Binder:1260_C expire 3 lines
03-28 16:34:08.150  1260  6811 I chatty  : uid=1000(system) Binder:1260_14 expire 1 line
03-28 16:34:09.630  1260  1276 I chatty  : uid=1000(system) Binder:1260_2 expire 4 lines
03-28 16:34:17.183  1260  1312 I chatty  : uid=1000(system) android.io expire 2 lines
03-28 16:34:17.596  1260  1313 I chatty  : uid=1000(system) android.display expire 2 lines
03-28 16:34:43.887  1260  2837 I chatty  : uid=1000(system) InputDispatcher expire 2 lines
03-28 16:34:43.889  1260  1290 I chatty  : uid=1000(system) ActivityManager expire 36 lines
03-28 16:34:43.996  1260  4330 I chatty  : uid=1000(system) Binder:1260_F expire 2 lines
03-28 16:34:43.998  1260  4186 I chatty  : uid=1000(system) Binder:1260_D expire 3 lines
03-28 16:34:44.002  1260  3616 I chatty  : uid=1000(system) Binder:1260_8 expire 4 lines
03-28 16:34:44.018  1260  6814 I chatty  : uid=1000(system) Binder:1260_17 expire 4 lines
03-28 16:34:44.256  1260  3213 I chatty  : uid=1000(system) Binder:1260_3 expire 3 lines
03-28 16:34:44.287  1260  4162 I chatty  : uid=1000(system) Binder:1260_B expire 7 lines
03-28 16:34:45.273  1260  4187 I chatty  : uid=1000(system) Binder:1260_E expire 10 lines
03-28 16:34:45.304  1260  5387 I chatty  : uid=1000(system) Binder:1260_10 expire 3 lines
03-28 16:34:45.321  1260  6597 I chatty  : uid=1000(system) Binder:1260_11 expire 3 lines
03-28 16:34:45.342  1260  1276 I chatty  : uid=1000(system) Binder:1260_2 expire 4 lines
03-28 16:34:45.352  1260  6808 I chatty  : uid=1000(system) Binder:1260_12 expire 13 lines
03-28 16:34:45.384  1260  3908 I chatty  : uid=1000(system) Binder:1260_A expire 4 lines
03-28 16:34:45.388  1260  6811 I chatty  : uid=1000(system) Binder:1260_14 expire 2 lines
03-28 16:34:45.397  1260  1275 I chatty  : uid=1000(system) Binder:1260_1 expire 8 lines
03-28 16:34:45.399  1260  3615 I chatty  : uid=1000(system) Binder:1260_7 expire 3 lines
03-28 16:34:45.404  1260  6812 I chatty  : uid=1000(system) Binder:1260_15 expire 7 lines
03-28 16:34:45.414  1260  3693 I chatty  : uid=1000(system) Binder:1260_9 expire 1 line
03-28 16:34:45.457  1260  3532 I chatty  : uid=1000(system) Binder:1260_5 expire 4 lines
03-28 16:34:45.457  1260  6810 I chatty  : uid=1000(system) Binder:1260_13 expire 4 lines
03-28 16:34:45.459  1260  3202 I chatty  : uid=1000(system) ConnectivitySer expire 5 lines
03-28 16:34:45.550  1260  4164 I chatty  : uid=1000(system) Binder:1260_C expire 2 lines
03-28 16:34:45.588  1260  6813 I chatty  : uid=1000(system) Binder:1260_16 expire 5 lines
03-28 16:34:45.596  1260  3189 I chatty  : uid=1000(system) WifiStateMachin expire 4 lines
03-28 16:34:46.870  1260  1260 I chatty  : uid=1000 system_server expire 1 line
03-28 16:34:48.506  1260  3263 I chatty  : uid=1000(system) Binder:1260_4 expire 2 lines
03-28 16:34:52.331  1260  3533 I chatty  : uid=1000(system) Binder:1260_6 expire 13 lines
03-28 16:34:56.527 13219 13234 D ActivityThread: Loading provider me.bluemail.mail.provider;me.bluemail.mail.notifier: com.android.emaileas.provider.EmailProvider
03-28 16:34:57.168  1260  1290 I chatty  : uid=1000(system) ActivityManager expire 45 lines
03-28 16:34:58.559  1260  3533 I chatty  : uid=1000(system) Binder:1260_6 expire 11 lines
03-28 16:34:58.586  1260  3615 I chatty  : uid=1000(system) Binder:1260_7 expire 3 lines
03-28 16:34:58.588  1260  4187 I chatty  : uid=1000(system) Binder:1260_E expire 12 lines
03-28 16:34:58.590  1260  4162 I chatty  : uid=1000(system) Binder:1260_B expire 4 lines
03-28 16:34:58.788  1260  5387 I chatty  : uid=1000(system) Binder:1260_10 expire 2 lines
03-28 16:34:59.404  1260  4330 I chatty  : uid=1000(system) Binder:1260_F expire 11 lines
03-28 16:34:59.667  1260  3616 I chatty  : uid=1000(system) Binder:1260_8 expire 2 lines
03-28 16:34:59.768  1260  6813 I chatty  : uid=1000(system) Binder:1260_16 expire 6 lines
03-28 16:34:59.836  1260  3213 I chatty  : uid=1000(system) Binder:1260_3 expire 2 lines
03-28 16:34:59.915  1260  4164 I chatty  : uid=1000(system) Binder:1260_C expire 2 lines
03-28 16:34:59.957  1260  6597 I chatty  : uid=1000(system) Binder:1260_11 expire 4 lines
03-28 16:35:00.000  1260  2836 I chatty  : uid=1000(system) AlarmManager expire 5 lines
03-28 16:35:00.068  1260  3263 I chatty  : uid=1000(system) Binder:1260_4 expire 2 lines
03-28 16:35:00.704  1260  3189 I chatty  : uid=1000(system) WifiStateMachin expire 3 lines
03-28 16:35:00.878  1260  3908 I chatty  : uid=1000(system) Binder:1260_A expire 1 line
03-28 16:35:02.297  1260  1276 I chatty  : uid=1000(system) Binder:1260_2 expire 3 lines
03-28 16:35:06.830  1260  3532 I chatty  : uid=1000(system) Binder:1260_5 expire 1 line
03-28 16:35:06.968  1260  6812 I chatty  : uid=1000(system) Binder:1260_15 expire 3 lines
03-28 16:35:15.015  1260  6811 I chatty  : uid=1000(system) Binder:1260_14 expire 4 lines
03-28 16:35:18.637  1260  6810 I chatty  : uid=1000(system) Binder:1260_13 expire 5 lines
03-28 16:35:20.731  1260  3693 I chatty  : uid=1000(system) Binder:1260_9 expire 5 lines
03-28 16:35:31.062  1260  4186 I chatty  : uid=1000(system) Binder:1260_D expire 2 lines
03-28 16:36:44.864  1260  1317 I chatty  : uid=1000(system) PowerManagerSer expire 5 lines
03-28 16:36:45.255  1260  1313 I chatty  : uid=1000(system) android.display expire 2 lines
03-28 16:36:45.490  1260  1260 I chatty  : uid=1000 system_server expire 8 lines
03-28 16:36:50.725  1260  6814 I chatty  : uid=1000(system) Binder:1260_17 expire 1 line
03-28 16:36:50.859  3287  3287 V KeyguardStatusView: refresh statusview showing:true
03-28 16:36:50.875  3287  3287 V KeyguardDisplayManager: show
03-28 16:37:10.623  1260  1311 I chatty  : uid=1000(system) android.fg expire 3 lines
03-28 16:37:10.630  1260  1294 I chatty  : uid=1000(system) batterystats-sy expire 3 lines
03-28 16:38:39.941  1260  2838 I chatty  : uid=1000(system) InputReader expire 1 line
03-28 16:38:39.999  1260  4330 I chatty  : uid=1000(system) Binder:1260_F expire 3 lines
03-28 16:38:40.000  1260  1290 I chatty  : uid=1000(system) ActivityManager expire 6 lines
03-28 16:38:40.121  1260  1275 I chatty  : uid=1000(system) Binder:1260_1 expire 4 lines
03-28 16:38:40.176  1260  3616 I chatty  : uid=1000(system) Binder:1260_8 expire 7 lines
03-28 16:38:40.179  1260  3908 I chatty  : uid=1000(system) Binder:1260_A expire 5 lines
03-28 16:38:40.197  1260  1276 I chatty  : uid=1000(system) Binder:1260_2 expire 6 lines
03-28 16:38:40.197  1260  1290 I chatty  : uid=1000(system) ActivityManager expire 33 lines
03-28 16:38:40.199  1260  4330 I chatty  : uid=1000(system) Binder:1260_F expire 3 lines
03-28 16:38:40.206  1260  3213 I chatty  : uid=1000(system) Binder:1260_3 expire 6 lines
03-28 16:38:40.206  1260  6814 I chatty  : uid=1000(system) Binder:1260_17 expire 8 lines
03-28 16:38:40.215  1260  3693 I chatty  : uid=1000(system) Binder:1260_9 expire 5 lines
03-28 16:38:40.219  1260  6813 I chatty  : uid=1000(system) Binder:1260_16 expire 4 lines
03-28 16:38:40.302  1260  4187 I chatty  : uid=1000(system) Binder:1260_E expire 3 lines
03-28 16:38:40.318  1260  6812 I chatty  : uid=1000(system) Binder:1260_15 expire 2 lines
03-28 16:38:40.361  1260  1311 I chatty  : uid=1000(system) android.fg expire 6 lines
03-28 16:38:40.368  1260  6811 I chatty  : uid=1000(system) Binder:1260_14 expire 3 lines
03-28 16:38:40.439  1260  5387 I chatty  : uid=1000(system) Binder:1260_10 expire 3 lines
03-28 16:38:43.555  1260  2838 I chatty  : uid=1000(system) InputReader expire 1 line
03-28 16:38:43.859  1260  1313 I chatty  : uid=1000(system) android.display expire 2 lines
03-28 16:38:44.044  1260  1317 I chatty  : uid=1000(system) PowerManagerSer expire 4 lines
03-28 16:38:44.045  1260  1260 I chatty  : uid=1000 system_server expire 13 lines
03-28 16:38:44.908  1260  3189 I chatty  : uid=1000(system) WifiStateMachin expire 2 lines
03-28 16:38:54.787  1260  1294 I chatty  : uid=1000(system) batterystats-sy expire 1 line
03-28 16:38:54.912  1260  3615 I chatty  : uid=1000(system) Binder:1260_7 expire 5 lines
03-28 16:38:54.929  1260  3533 I chatty  : uid=1000(system) Binder:1260_6 expire 3 lines
03-28 16:38:54.974  1260  3263 I chatty  : uid=1000(system) Binder:1260_4 expire 3 lines
03-28 16:38:55.044  1260  4164 I chatty  : uid=1000(system) Binder:1260_C expire 3 lines
03-28 16:38:55.050  1260  6808 I chatty  : uid=1000(system) Binder:1260_12 expire 4 lines
03-28 16:38:55.307  1260  4186 I chatty  : uid=1000(system) Binder:1260_D expire 6 lines
03-28 16:38:55.344  1260  4162 I chatty  : uid=1000(system) Binder:1260_B expire 1 line
03-28 16:38:55.385  1260  6810 I chatty  : uid=1000(system) Binder:1260_13 expire 2 lines
03-28 16:38:55.450 13600 13600 W ContextImpl: Calling a method in the system process without a qualified user: android.app.ContextImpl.startActivity:772 android.content.ContextWrapper.startActivity:356 android.content.ContextWrapper.startActivity:356 com.sonyericsson.usbux.service.UsbServiceReceiver.onReceive:124 android.app.ActivityThread.handleReceiver:3085 
03-28 16:38:55.451 13600 13600 W ContextImpl: Calling a method in the system process without a qualified user: android.app.ContextImpl.startActivity:784 android.app.ContextImpl.startActivity:773 android.content.ContextWrapper.startActivity:356 android.content.ContextWrapper.startActivity:356 com.sonyericsson.usbux.service.UsbServiceReceiver.onReceive:124 
03-28 16:38:55.612 13600 13600 W ContextImpl: Calling a method in the system process without a qualified user: android.app.ContextImpl.startService:1362 android.content.ContextWrapper.startService:613 android.content.ContextWrapper.startService:613 com.sonyericsson.usbux.service.UsbServiceReceiver.onReceive:171 android.app.ActivityThread.handleReceiver:3085 
03-28 16:38:55.623  1260  1290 I chatty  : uid=1000(system) ActivityManager expire 10 lines
03-28 16:38:55.653 13600 13600 W ContextImpl: Calling a method in the system process without a qualified user: android.app.ContextImpl.startService:1362 android.content.ContextWrapper.startService:613 android.content.ContextWrapper.startService:613 com.sonyericsson.usbux.capabilities.CapabilityUpdaterReceiver.onReceive:46 android.app.ActivityThread.handleReceiver:3085 
03-28 16:38:55.668 13600 13600 W ContextImpl: Calling a method in the system process without a qualified user: android.app.ContextImpl.startService:1362 android.content.ContextWrapper.startService:613 android.content.ContextWrapper.startService:613 com.sonyericsson.usbux.gagtm.GaGtmServiceReceiver.onReceive:62 android.app.ActivityThread.handleReceiver:3085 
03-28 16:38:55.676 13600 13600 W ContextImpl: Calling a method in the system process without a qualified user: android.app.ContextImpl.bindService:1426 android.content.ContextWrapper.bindService:636 android.media.MediaScannerConnection.connect:119 com.sonyericsson.usbux.capabilities.CapabilityUpdaterService.onCreate:271 android.app.ActivityThread.handleCreateService:3236 
03-28 16:38:55.798  1260  6597 I chatty  : uid=1000(system) Binder:1260_11 expire 2 lines
03-28 16:38:55.828 13600 13695 W ContextImpl: Calling a method in the system process without a qualified user: android.app.ContextImpl.bindService:1426 android.content.ContextWrapper.bindService:636 com.google.android.gms.common.stats.zzb.zza:-1 com.google.android.gms.common.stats.zzb.zza:-1 com.google.android.gms.ads.identifier.AdvertisingIdClient.zzp:-1 
03-28 16:38:55.846 13677 13677 W ContextImpl: Calling a method in the system process without a qualified user: android.app.ContextImpl.startService:1362 android.content.ContextWrapper.startService:613 android.content.ContextWrapper.startService:613 com.sonymobile.enterprise.service.UsbReceiver.onReceive:31 android.app.ActivityThread.handleReceiver:3085 
03-28 16:38:55.869 13600 13691 W ContextImpl: Calling a method in the system process without a qualified user: android.app.ContextImpl.bindService:1426 android.content.ContextWrapper.bindService:636 com.google.android.gms.common.stats.zzb.zza:-1 com.google.android.gms.common.stats.zzb.zza:-1 com.google.android.gms.analytics.internal.zzi$zza.zzjK:-1 
03-28 16:38:55.901 13659 13659 W ContextImpl: Calling a method in the system process without a qualified user: android.app.ContextImpl.startService:1362 android.content.ContextWrapper.startService:613 android.content.ContextWrapper.startService:613 com.sonymobile.smartcharger.SmartChargeReceiver.onReceive:45 android.app.ActivityThread.handleReceiver:3085 
03-28 16:38:56.449 13659 13659 W ContextImpl: Calling a method in the system process without a qualified user: android.app.ContextImpl.startService:1362 android.content.ContextWrapper.startService:613 com.sonymobile.smartcharger.ChargerPlugFilterService$1.run:174 android.os.Handler.handleCallback:751 android.os.Handler.dispatchMessage:95 
03-28 16:38:56.537 13659 13659 W ContextImpl: Calling a method in the system process without a qualified user: android.app.ContextImpl.startService:1362 android.content.ContextWrapper.startService:613 com.sonymobile.smartcharger.chargingintelligentservice.PredictProvider.query:57 android.content.ContentProvider.query:1020 android.content.ContentProvider$Transport.query:239 
03-28 16:38:56.660 13659 13659 W ContextImpl: Calling a method in the system process without a qualified user: android.app.ContextImpl.startService:1362 android.content.ContextWrapper.startService:613 com.sonymobile.smartcharger.SmartChargeService.deleteNotif:1177 com.sonymobile.smartcharger.SmartChargeService.offState:955 com.sonymobile.smartcharger.SmartChargeService.outofTermState:786 
03-28 16:38:56.663 13659 13659 W ContextImpl: Calling a method in the system process without a qualified user: android.app.ContextImpl.sendBroadcast:882 com.sonymobile.smartcharger.SmartChargeService.deleteDialog:1206 com.sonymobile.smartcharger.SmartChargeService.offState:956 com.sonymobile.smartcharger.SmartChargeService.outofTermState:786 com.sonymobile.smartcharger.SmartChargeService.onStartCommand:511 
03-28 16:39:00.001  1260  2836 I chatty  : uid=1000(system) AlarmManager expire 1 line
03-28 16:39:00.165  1260  3908 I chatty  : uid=1000(system) Binder:1260_A expire 7 lines
03-28 16:39:02.428  1260  1290 I chatty  : uid=1000(system) ActivityManager expire 20 lines
03-28 16:39:03.878  1260  6597 I chatty  : uid=1000(system) Binder:1260_11 expire 6 lines
03-28 16:39:03.976  1260  6814 I chatty  : uid=1000(system) Binder:1260_17 expire 9 lines
03-28 16:39:04.039  1260  3615 I chatty  : uid=1000(system) Binder:1260_7 expire 5 lines
03-28 16:39:04.063  1260  3532 I chatty  : uid=1000(system) Binder:1260_5 expire 6 lines
03-28 16:39:04.075  1260  5387 I chatty  : uid=1000(system) Binder:1260_10 expire 5 lines
03-28 16:39:04.082  1260  4187 I chatty  : uid=1000(system) Binder:1260_E expire 7 lines
03-28 16:39:04.083  1260  4186 I chatty  : uid=1000(system) Binder:1260_D expire 5 lines
03-28 16:39:04.087  1260  3213 I chatty  : uid=1000(system) Binder:1260_3 expire 5 lines
03-28 16:39:04.091  1260  3616 I chatty  : uid=1000(system) Binder:1260_8 expire 5 lines
03-28 16:39:04.092  1260  6810 I chatty  : uid=1000(system) Binder:1260_13 expire 4 lines
03-28 16:39:04.097  1260  6811 I chatty  : uid=1000(system) Binder:1260_14 expire 7 lines
03-28 16:39:04.104  1260  3693 I chatty  : uid=1000(system) Binder:1260_9 expire 5 lines
03-28 16:39:04.112  1260  3533 I chatty  : uid=1000(system) Binder:1260_6 expire 6 lines
03-28 16:39:04.122  1260  3263 I chatty  : uid=1000(system) Binder:1260_4 expire 7 lines
03-28 16:39:04.127  1260  4330 I chatty  : uid=1000(system) Binder:1260_F expire 4 lines
03-28 16:39:04.140  1260  1276 I chatty  : uid=1000(system) Binder:1260_2 expire 6 lines
03-28 16:39:04.144  1260  6808 I chatty  : uid=1000(system) Binder:1260_12 expire 7 lines
03-28 16:39:04.145  1260  1275 I chatty  : uid=1000(system) Binder:1260_1 expire 6 lines
03-28 16:39:04.150  1260  4164 I chatty  : uid=1000(system) Binder:1260_C expire 5 lines
03-28 16:39:04.156  1260  4162 I chatty  : uid=1000(system) Binder:1260_B expire 6 lines
03-28 16:39:04.226  1260  6813 I chatty  : uid=1000(system) Binder:1260_16 expire 7 lines
03-28 16:39:04.252  1260  6812 I chatty  : uid=1000(system) Binder:1260_15 expire 10 lines
03-28 16:39:08.831  1260  4162 I chatty  : uid=1000(system) Binder:1260_B expire 5 lines
03-28 16:39:08.834  1260  4330 I chatty  : uid=1000(system) Binder:1260_F expire 8 lines
03-28 16:39:08.845  1260  6813 I chatty  : uid=1000(system) Binder:1260_16 expire 5 lines
03-28 16:39:08.850  1260  6814 I chatty  : uid=1000(system) Binder:1260_17 expire 10 lines
03-28 16:39:08.852  1260  4186 I chatty  : uid=1000(system) Binder:1260_D expire 6 lines
03-28 16:39:08.853  1260  1290 I chatty  : uid=1000(system) ActivityManager expire 19 lines
03-28 16:39:09.754  1260  1317 I chatty  : uid=1000(system) PowerManagerSer expire 3 lines
03-28 16:39:09.831  1260  3532 I chatty  : uid=1000(system) Binder:1260_5 expire 4 lines
03-28 16:39:09.841  1260  6597 I chatty  : uid=1000(system) Binder:1260_11 expire 4 lines
03-28 16:39:09.843  1260  1275 I chatty  : uid=1000(system) Binder:1260_1 expire 5 lines
03-28 16:39:09.859  1260  3616 I chatty  : uid=1000(system) Binder:1260_8 expire 6 lines
03-28 16:39:09.862  1260  1276 I chatty  : uid=1000(system) Binder:1260_2 expire 7 lines
03-28 16:39:10.025  1260  1313 I chatty  : uid=1000(system) android.display expire 1 line
03-28 16:39:10.244  1260  1260 I chatty  : uid=1000 system_server expire 1 line
03-28 16:39:10.479  1260  6808 I chatty  : uid=1000(system) Binder:1260_12 expire 7 lines
03-28 16:39:10.864  1260  4164 I chatty  : uid=1000(system) Binder:1260_C expire 8 lines
03-28 16:39:10.868  1260  3693 I chatty  : uid=1000(system) Binder:1260_9 expire 10 lines
03-28 16:39:11.850  1260  6811 I chatty  : uid=1000(system) Binder:1260_14 expire 6 lines
03-28 16:39:11.868  1260  3615 I chatty  : uid=1000(system) Binder:1260_7 expire 7 lines
03-28 16:39:11.886  1260  4187 I chatty  : uid=1000(system) Binder:1260_E expire 6 lines
03-28 16:39:12.858  1260  5387 I chatty  : uid=1000(system) Binder:1260_10 expire 7 lines
03-28 16:39:12.877  1260  3533 I chatty  : uid=1000(system) Binder:1260_6 expire 6 lines
03-28 16:39:12.891  1260  3263 I chatty  : uid=1000(system) Binder:1260_4 expire 5 lines
03-28 16:39:13.906  1260  3908 I chatty  : uid=1000(system) Binder:1260_A expire 3 lines
03-28 16:39:13.912  1260  6810 I chatty  : uid=1000(system) Binder:1260_13 expire 3 lines
03-28 16:39:17.898  1260  3213 I chatty  : uid=1000(system) Binder:1260_3 expire 8 lines
03-28 16:39:27.969  1260  1275 I chatty  : uid=1000(system) Binder:1260_1 expire 5 lines
03-28 16:39:27.978  1260  4187 I chatty  : uid=1000(system) Binder:1260_E expire 4 lines
03-28 16:39:27.980  1260  6813 I chatty  : uid=1000(system) Binder:1260_16 expire 10 lines
03-28 16:39:27.989  1260  1276 I chatty  : uid=1000(system) Binder:1260_2 expire 5 lines
03-28 16:39:27.996  1260  5387 I chatty  : uid=1000(system) Binder:1260_10 expire 4 lines
03-28 16:39:28.005  1260  6597 I chatty  : uid=1000(system) Binder:1260_11 expire 7 lines
03-28 16:39:28.007  1260  6814 I chatty  : uid=1000(system) Binder:1260_17 expire 9 lines
03-28 16:39:28.008  1260  1290 I chatty  : uid=1000(system) ActivityManager expire 21 lines
03-28 16:39:28.984  1260  4162 I chatty  : uid=1000(system) Binder:1260_B expire 6 lines
03-28 16:39:28.984  1260  4330 I chatty  : uid=1000(system) Binder:1260_F expire 4 lines
03-28 16:39:28.992  1260  6811 I chatty  : uid=1000(system) Binder:1260_14 expire 4 lines
03-28 16:39:29.008  1260  4186 I chatty  : uid=1000(system) Binder:1260_D expire 7 lines
03-28 16:39:29.010  1260  3908 I chatty  : uid=1000(system) Binder:1260_A expire 8 lines
03-28 16:39:29.989  1260  6810 I chatty  : uid=1000(system) Binder:1260_13 expire 6 lines
03-28 16:39:29.991  1260  3616 I chatty  : uid=1000(system) Binder:1260_8 expire 4 lines
03-28 16:39:30.006  1260  6808 I chatty  : uid=1000(system) Binder:1260_12 expire 5 lines
03-28 16:39:30.032  1260  1311 I chatty  : uid=1000(system) android.fg expire 2 lines
03-28 16:39:30.997  1260  3693 I chatty  : uid=1000(system) Binder:1260_9 expire 7 lines
03-28 16:39:31.007  1260  3532 I chatty  : uid=1000(system) Binder:1260_5 expire 7 lines
03-28 16:39:31.851  1260  3615 I chatty  : uid=1000(system) Binder:1260_7 expire 8 lines
03-28 16:39:32.535  1260  6812 I chatty  : uid=1000(system) Binder:1260_15 expire 5 lines
03-28 16:39:32.660   467   476 D VoldCryptCmdListener: cryptfs getpwtype
03-28 16:39:32.660  1260  2841 I chatty  : uid=1000(system) CryptdConnector expire 1 line
03-28 16:39:33.008  1260  4164 I chatty  : uid=1000(system) Binder:1260_C expire 5 lines
03-28 16:39:38.057  1260  3263 I chatty  : uid=1000(system) Binder:1260_4 expire 13 lines
03-28 16:39:41.104  1260  5387 I chatty  : uid=1000(system) Binder:1260_10 expire 6 lines
03-28 16:39:41.105  1260  3616 I chatty  : uid=1000(system) Binder:1260_8 expire 10 lines
03-28 16:39:42.080  1260  1275 I chatty  : uid=1000(system) Binder:1260_1 expire 5 lines
03-28 16:39:42.089  1260  4187 I chatty  : uid=1000(system) Binder:1260_E expire 6 lines
03-28 16:39:42.092  1260  3213 I chatty  : uid=1000(system) Binder:1260_3 expire 8 lines
03-28 16:39:42.101  1260  3615 I chatty  : uid=1000(system) Binder:1260_7 expire 6 lines
03-28 16:39:42.109  1260  4186 I chatty  : uid=1000(system) Binder:1260_D expire 5 lines
03-28 16:39:42.117  1260  4164 I chatty  : uid=1000(system) Binder:1260_C expire 9 lines
03-28 16:39:42.120  1260  6813 I chatty  : uid=1000(system) Binder:1260_16 expire 7 lines
03-28 16:39:42.120  1260  1290 I chatty  : uid=1000(system) ActivityManager expire 24 lines
03-28 16:39:43.091  1260  4162 I chatty  : uid=1000(system) Binder:1260_B expire 3 lines
03-28 16:39:43.100  1260  6808 I chatty  : uid=1000(system) Binder:1260_12 expire 5 lines
03-28 16:39:43.109  1260  3532 I chatty  : uid=1000(system) Binder:1260_5 expire 3 lines
03-28 16:39:43.125  1260  3908 I chatty  : uid=1000(system) Binder:1260_A expire 5 lines
03-28 16:39:43.127  1260  6597 I chatty  : uid=1000(system) Binder:1260_11 expire 7 lines
03-28 16:39:44.102  1260  6812 I chatty  : uid=1000(system) Binder:1260_15 expire 5 lines
03-28 16:39:44.117  1260  6814 I chatty  : uid=1000(system) Binder:1260_17 expire 3 lines
03-28 16:39:44.131  1260  3693 I chatty  : uid=1000(system) Binder:1260_9 expire 8 lines
03-28 16:39:45.112  1260  3533 I chatty  : uid=1000(system) Binder:1260_6 expire 4 lines
03-28 16:39:46.111  1260  4330 I chatty  : uid=1000(system) Binder:1260_F expire 6 lines
03-28 16:39:47.152  1260  6811 I chatty  : uid=1000(system) Binder:1260_14 expire 3 lines
03-28 16:39:47.154  1260  1276 I chatty  : uid=1000(system) Binder:1260_2 expire 7 lines
03-28 16:39:48.160  1260  6810 I chatty  : uid=1000(system) Binder:1260_13 expire 8 lines
03-28 16:40:00.235  1260  6808 I chatty  : uid=1000(system) Binder:1260_12 expire 6 lines
03-28 16:40:00.244  1260  4162 I chatty  : uid=1000(system) Binder:1260_B expire 8 lines
03-28 16:40:00.246  1260  4186 I chatty  : uid=1000(system) Binder:1260_D expire 7 lines
03-28 16:40:00.249  1260  1290 I chatty  : uid=1000(system) ActivityManager expire 23 lines
03-28 16:40:01.221  1260  3533 I chatty  : uid=1000(system) Binder:1260_6 expire 4 lines
03-28 16:40:01.228  1260  6813 I chatty  : uid=1000(system) Binder:1260_16 expire 6 lines
03-28 16:40:01.230  1260  3615 I chatty  : uid=1000(system) Binder:1260_7 expire 4 lines
03-28 16:40:01.239  1260  3693 I chatty  : uid=1000(system) Binder:1260_9 expire 6 lines
03-28 16:40:01.246  1260  6814 I chatty  : uid=1000(system) Binder:1260_17 expire 8 lines
03-28 16:40:01.253  1260  4330 I chatty  : uid=1000(system) Binder:1260_F expire 7 lines
03-28 16:40:01.255  1260  3532 I chatty  : uid=1000(system) Binder:1260_5 expire 4 lines
03-28 16:40:02.228  1260  4164 I chatty  : uid=1000(system) Binder:1260_C expire 5 lines
03-28 16:40:02.236  1260  3263 I chatty  : uid=1000(system) Binder:1260_4 expire 4 lines
03-28 16:40:02.236  1260  1275 I chatty  : uid=1000(system) Binder:1260_1 expire 6 lines
03-28 16:40:02.252  1260  6811 I chatty  : uid=1000(system) Binder:1260_14 expire 6 lines
03-28 16:40:02.260  1260  6597 I chatty  : uid=1000(system) Binder:1260_11 expire 6 lines
03-28 16:40:03.255  1260  6812 I chatty  : uid=1000(system) Binder:1260_15 expire 4 lines
03-28 16:40:03.259  1260  3908 I chatty  : uid=1000(system) Binder:1260_A expire 8 lines
03-28 16:40:03.269  1260  5387 I chatty  : uid=1000(system) Binder:1260_10 expire 8 lines
03-28 16:40:04.254  1260  4187 I chatty  : uid=1000(system) Binder:1260_E expire 5 lines
03-28 16:40:05.263  1260  3213 I chatty  : uid=1000(system) Binder:1260_3 expire 4 lines
03-28 16:40:05.271  1260  1276 I chatty  : uid=1000(system) Binder:1260_2 expire 4 lines
03-28 16:40:16.268  1260  3616 I chatty  : uid=1000(system) Binder:1260_8 expire 4 lines
03-28 16:40:17.592  1260  1311 I chatty  : uid=1000(system) android.fg expire 2 lines
03-28 16:40:26.367  1260  2836 I chatty  : uid=1000(system) AlarmManager expire 2 lines
03-28 16:40:29.189  1260  4164 I chatty  : uid=1000(system) Binder:1260_C expire 3 lines
03-28 16:40:29.189  1260  1290 I chatty  : uid=1000(system) ActivityManager expire 25 lines
03-28 16:40:29.198  1260  3693 I chatty  : uid=1000(system) Binder:1260_9 expire 6 lines
03-28 16:40:29.201  1260  6813 I chatty  : uid=1000(system) Binder:1260_16 expire 5 lines
03-28 16:40:29.209  1260  3615 I chatty  : uid=1000(system) Binder:1260_7 expire 6 lines
03-28 16:40:30.191  1260  3213 I chatty  : uid=1000(system) Binder:1260_3 expire 11 lines
03-28 16:40:30.201  1260  4162 I chatty  : uid=1000(system) Binder:1260_B expire 5 lines
03-28 16:40:30.210  1260  4187 I chatty  : uid=1000(system) Binder:1260_E expire 5 lines
03-28 16:40:30.218  1260  3908 I chatty  : uid=1000(system) Binder:1260_A expire 6 lines
03-28 16:40:30.225  1260  4186 I chatty  : uid=1000(system) Binder:1260_D expire 6 lines
03-28 16:40:30.227  1260  6597 I chatty  : uid=1000(system) Binder:1260_11 expire 8 lines
03-28 16:40:31.208  1260  3532 I chatty  : uid=1000(system) Binder:1260_5 expire 6 lines
03-28 16:40:31.209  1260  6808 I chatty  : uid=1000(system) Binder:1260_12 expire 6 lines
03-28 16:40:31.217  1260  4330 I chatty  : uid=1000(system) Binder:1260_F expire 7 lines
03-28 16:40:31.226  1260  6810 I chatty  : uid=1000(system) Binder:1260_13 expire 4 lines
03-28 16:40:31.235  1260  3616 I chatty  : uid=1000(system) Binder:1260_8 expire 4 lines
03-28 16:40:32.210  1260  6814 I chatty  : uid=1000(system) Binder:1260_17 expire 4 lines
03-28 16:40:32.217  1260  3533 I chatty  : uid=1000(system) Binder:1260_6 expire 7 lines
03-28 16:40:32.242  1260  1276 I chatty  : uid=1000(system) Binder:1260_2 expire 4 lines
03-28 16:40:33.218  1260  3263 I chatty  : uid=1000(system) Binder:1260_4 expire 6 lines
03-28 16:40:33.226  1260  5387 I chatty  : uid=1000(system) Binder:1260_10 expire 6 lines
03-28 16:40:33.226  1260  6811 I chatty  : uid=1000(system) Binder:1260_14 expire 5 lines
03-28 16:40:33.243  1260  6812 I chatty  : uid=1000(system) Binder:1260_15 expire 5 lines
03-28 16:40:34.224  1260  1275 I chatty  : uid=1000(system) Binder:1260_1 expire 4 lines
03-28 16:40:43.829  1260  1311 I chatty  : uid=1000(system) android.fg expire 3 lines
03-28 16:40:48.352  1260  6811 I chatty  : uid=1000(system) Binder:1260_14 expire 5 lines
03-28 16:40:48.361  1260  6597 I chatty  : uid=1000(system) Binder:1260_11 expire 7 lines
03-28 16:40:48.365  1260  1275 I chatty  : uid=1000(system) Binder:1260_1 expire 6 lines
03-28 16:40:48.374  1260  4162 I chatty  : uid=1000(system) Binder:1260_B expire 6 lines
03-28 16:40:48.376  1260  1276 I chatty  : uid=1000(system) Binder:1260_2 expire 7 lines
03-28 16:40:48.378  1260  1290 I chatty  : uid=1000(system) ActivityManager expire 21 lines
03-28 16:40:48.889  1260  3263 I chatty  : uid=1000(system) Binder:1260_4 expire 7 lines
03-28 16:40:49.352  1260  4164 I chatty  : uid=1000(system) Binder:1260_C expire 5 lines
03-28 16:40:49.361  1260  6808 I chatty  : uid=1000(system) Binder:1260_12 expire 9 lines
03-28 16:40:49.364  1260  3908 I chatty  : uid=1000(system) Binder:1260_A expire 6 lines
03-28 16:40:49.373  1260  6814 I chatty  : uid=1000(system) Binder:1260_17 expire 6 lines
03-28 16:40:49.381  1260  6813 I chatty  : uid=1000(system) Binder:1260_16 expire 7 lines
03-28 16:40:49.388  1260  3533 I chatty  : uid=1000(system) Binder:1260_6 expire 6 lines
03-28 16:40:49.391  1260  3693 I chatty  : uid=1000(system) Binder:1260_9 expire 5 lines
03-28 16:40:50.380  1260  4330 I chatty  : uid=1000(system) Binder:1260_F expire 6 lines
03-28 16:40:50.386  1260  4187 I chatty  : uid=1000(system) Binder:1260_E expire 4 lines
03-28 16:40:51.396  1260  6810 I chatty  : uid=1000(system) Binder:1260_13 expire 5 lines
03-28 16:40:51.408  1260  3616 I chatty  : uid=1000(system) Binder:1260_8 expire 7 lines
03-28 16:40:52.038  1260  1260 I chatty  : uid=1000 system_server expire 1 line
03-28 16:40:52.389  1260  3213 I chatty  : uid=1000(system) Binder:1260_3 expire 4 lines
03-28 16:40:52.400  1260  4186 I chatty  : uid=1000(system) Binder:1260_D expire 8 lines
03-28 16:40:53.410  1260  5387 I chatty  : uid=1000(system) Binder:1260_10 expire 6 lines
03-28 16:40:53.418  1260  3532 I chatty  : uid=1000(system) Binder:1260_5 expire 3 lines
03-28 16:40:55.420  1260  3615 I chatty  : uid=1000(system) Binder:1260_7 expire 3 lines
03-28 16:40:55.426  1260  6812 I chatty  : uid=1000(system) Binder:1260_15 expire 10 lines
03-28 16:41:07.503  1260  6811 I chatty  : uid=1000(system) Binder:1260_14 expire 6 lines
03-28 16:41:07.512  1260  4162 I chatty  : uid=1000(system) Binder:1260_B expire 6 lines
03-28 16:41:07.512  1260  1290 I chatty  : uid=1000(system) ActivityManager expire 18 lines
03-28 16:41:07.520  1260  3533 I chatty  : uid=1000(system) Binder:1260_6 expire 5 lines
03-28 16:41:07.524  1260  6808 I chatty  : uid=1000(system) Binder:1260_12 expire 3 lines
03-28 16:41:07.532  1260  4186 I chatty  : uid=1000(system) Binder:1260_D expire 5 lines
03-28 16:41:07.534  1260  6810 I chatty  : uid=1000(system) Binder:1260_13 expire 7 lines
03-28 16:41:08.508  1260  3263 I chatty  : uid=1000(system) Binder:1260_4 expire 8 lines
03-28 16:41:08.515  1260  4187 I chatty  : uid=1000(system) Binder:1260_E expire 6 lines
03-28 16:41:08.518  1260  3532 I chatty  : uid=1000(system) Binder:1260_5 expire 6 lines
03-28 16:41:08.530  1260  6814 I chatty  : uid=1000(system) Binder:1260_17 expire 7 lines
03-28 16:41:08.541  1260  3615 I chatty  : uid=1000(system) Binder:1260_7 expire 6 lines
03-28 16:41:09.514  1260  6813 I chatty  : uid=1000(system) Binder:1260_16 expire 7 lines
03-28 16:41:09.520  1260  4164 I chatty  : uid=1000(system) Binder:1260_C expire 7 lines
03-28 16:41:09.542  1260  3693 I chatty  : uid=1000(system) Binder:1260_9 expire 7 lines
03-28 16:41:10.296  1260  2836 I chatty  : uid=1000(system) AlarmManager expire 3 lines
03-28 16:41:10.391  1260  1275 I chatty  : uid=1000(system) Binder:1260_1 expire 7 lines
03-28 16:41:10.531  1260  4330 I chatty  : uid=1000(system) Binder:1260_F expire 7 lines
03-28 16:41:10.532  1260  3908 I chatty  : uid=1000(system) Binder:1260_A expire 5 lines
03-28 16:41:10.556  1260  6597 I chatty  : uid=1000(system) Binder:1260_11 expire 6 lines
03-28 16:41:10.558  1260  1276 I chatty  : uid=1000(system) Binder:1260_2 expire 3 lines
03-28 16:41:11.533  1260  5387 I chatty  : uid=1000(system) Binder:1260_10 expire 4 lines
03-28 16:41:11.539  1260  3616 I chatty  : uid=1000(system) Binder:1260_8 expire 2 lines
03-28 16:41:14.283  1260  1311 I chatty  : uid=1000(system) android.fg expire 3 lines
03-28 16:41:18.314  1260  3213 I chatty  : uid=1000(system) Binder:1260_3 expire 9 lines
03-28 16:41:35.181  1260  1290 I chatty  : uid=1000(system) ActivityManager expire 22 lines
03-28 16:41:36.153  1260  6813 I chatty  : uid=1000(system) Binder:1260_16 expire 5 lines
03-28 16:41:36.159  1260  1275 I chatty  : uid=1000(system) Binder:1260_1 expire 8 lines
03-28 16:41:36.161  1260  3908 I chatty  : uid=1000(system) Binder:1260_A expire 8 lines
03-28 16:41:36.169  1260  3616 I chatty  : uid=1000(system) Binder:1260_8 expire 9 lines
03-28 16:41:36.173  1260  3532 I chatty  : uid=1000(system) Binder:1260_5 expire 6 lines
03-28 16:41:36.178  1260  3533 I chatty  : uid=1000(system) Binder:1260_6 expire 4 lines
03-28 16:41:36.180  1260  6811 I chatty  : uid=1000(system) Binder:1260_14 expire 8 lines
03-28 16:41:37.161  1260  6808 I chatty  : uid=1000(system) Binder:1260_12 expire 6 lines
03-28 16:41:37.168  1260  3693 I chatty  : uid=1000(system) Binder:1260_9 expire 6 lines
03-28 16:41:37.170  1260  4187 I chatty  : uid=1000(system) Binder:1260_E expire 6 lines
03-28 16:41:37.192  1260  6810 I chatty  : uid=1000(system) Binder:1260_13 expire 5 lines
03-28 16:41:40.458  1260  3615 I chatty  : uid=1000(system) Binder:1260_7 expire 7 lines
03-28 16:41:41.449  1260  1276 I chatty  : uid=1000(system) Binder:1260_2 expire 5 lines
03-28 16:41:41.459  1260  3263 I chatty  : uid=1000(system) Binder:1260_4 expire 6 lines
03-28 16:41:41.476  1260  4330 I chatty  : uid=1000(system) Binder:1260_F expire 7 lines
03-28 16:41:42.456  1260  6814 I chatty  : uid=1000(system) Binder:1260_17 expire 6 lines
03-28 16:41:42.467  1260  4186 I chatty  : uid=1000(system) Binder:1260_D expire 5 lines
03-28 16:41:42.479  1260  6812 I chatty  : uid=1000(system) Binder:1260_15 expire 4 lines
03-28 16:41:42.487  1260  4162 I chatty  : uid=1000(system) Binder:1260_B expire 4 lines
03-28 16:41:45.544  1260  6597 I chatty  : uid=1000(system) Binder:1260_11 expire 3 lines
03-28 16:41:45.544  1260  5387 I chatty  : uid=1000(system) Binder:1260_10 expire 5 lines
03-28 16:41:46.585  1260  4164 I chatty  : uid=1000(system) Binder:1260_C expire 5 lines
03-28 16:41:57.351  1260  1311 I chatty  : uid=1000(system) android.fg expire 3 lines
03-28 16:41:58.861  1260  6811 I chatty  : uid=1000(system) Binder:1260_14 expire 6 lines
03-28 16:41:58.868  1260  6814 I chatty  : uid=1000(system) Binder:1260_17 expire 8 lines
03-28 16:41:58.870  1260  4187 I chatty  : uid=1000(system) Binder:1260_E expire 5 lines
03-28 16:41:58.878  1260  4186 I chatty  : uid=1000(system) Binder:1260_D expire 8 lines
03-28 16:41:58.884  1260  3532 I chatty  : uid=1000(system) Binder:1260_5 expire 6 lines
03-28 16:41:58.892  1260  3693 I chatty  : uid=1000(system) Binder:1260_9 expire 8 lines
03-28 16:41:58.895  1260  6810 I chatty  : uid=1000(system) Binder:1260_13 expire 10 lines
03-28 16:41:58.898  1260  1290 I chatty  : uid=1000(system) ActivityManager expire 18 lines
03-28 16:41:59.868  1260  3615 I chatty  : uid=1000(system) Binder:1260_7 expire 7 lines
03-28 16:41:59.874  1260  4164 I chatty  : uid=1000(system) Binder:1260_C expire 4 lines
03-28 16:41:59.876  1260  4162 I chatty  : uid=1000(system) Binder:1260_B expire 4 lines
03-28 16:41:59.892  1260  3908 I chatty  : uid=1000(system) Binder:1260_A expire 8 lines
03-28 16:42:00.158  1260  3263 I chatty  : uid=1000(system) Binder:1260_4 expire 6 lines
03-28 16:42:00.871  1260  3616 I chatty  : uid=1000(system) Binder:1260_8 expire 4 lines
03-28 16:42:00.879  1260  3533 I chatty  : uid=1000(system) Binder:1260_6 expire 6 lines
03-28 16:42:00.881  1260  6813 I chatty  : uid=1000(system) Binder:1260_16 expire 6 lines
03-28 16:42:00.888  1260  6812 I chatty  : uid=1000(system) Binder:1260_15 expire 6 lines
03-28 16:42:00.892  1260  4330 I chatty  : uid=1000(system) Binder:1260_F expire 6 lines
03-28 16:42:01.878  1260  3213 I chatty  : uid=1000(system) Binder:1260_3 expire 2 lines
03-28 16:42:01.887  1260  1275 I chatty  : uid=1000(system) Binder:1260_1 expire 7 lines
03-28 16:42:01.896  1260  6597 I chatty  : uid=1000(system) Binder:1260_11 expire 4 lines
03-28 16:42:02.890  1260  5387 I chatty  : uid=1000(system) Binder:1260_10 expire 7 lines
03-28 16:42:02.904  1260  1276 I chatty  : uid=1000(system) Binder:1260_2 expire 4 lines
03-28 16:42:07.744  1260  6808 I chatty  : uid=1000(system) Binder:1260_12 expire 7 lines
03-28 16:42:32.853  1260  1290 I chatty  : uid=1000(system) ActivityManager expire 19 lines
03-28 16:42:33.830  1260  3533 I chatty  : uid=1000(system) Binder:1260_6 expire 7 lines
03-28 16:42:33.836  1260  1276 I chatty  : uid=1000(system) Binder:1260_2 expire 11 lines
03-28 16:42:33.838  1260  6814 I chatty  : uid=1000(system) Binder:1260_17 expire 7 lines
03-28 16:42:33.848  1260  6813 I chatty  : uid=1000(system) Binder:1260_16 expire 3 lines
03-28 16:42:33.853  1260  3263 I chatty  : uid=1000(system) Binder:1260_4 expire 10 lines
03-28 16:42:33.855  1260  6811 I chatty  : uid=1000(system) Binder:1260_14 expire 6 lines
03-28 16:42:34.838  1260  3693 I chatty  : uid=1000(system) Binder:1260_9 expire 7 lines
03-28 16:42:34.845  1260  4330 I chatty  : uid=1000(system) Binder:1260_F expire 4 lines
03-28 16:42:34.846  1260  3615 I chatty  : uid=1000(system) Binder:1260_7 expire 6 lines
03-28 16:42:34.854  1260  6812 I chatty  : uid=1000(system) Binder:1260_15 expire 8 lines
03-28 16:42:34.859  1260  5387 I chatty  : uid=1000(system) Binder:1260_10 expire 5 lines
03-28 16:42:34.865  1260  4162 I chatty  : uid=1000(system) Binder:1260_B expire 8 lines
03-28 16:42:34.869  1260  3532 I chatty  : uid=1000(system) Binder:1260_5 expire 5 lines
03-28 16:42:37.024  1260  1311 I chatty  : uid=1000(system) android.fg expire 1 line
03-28 16:42:41.092  1260  4187 I chatty  : uid=1000(system) Binder:1260_E expire 4 lines
03-28 16:42:41.143  1260  3616 I chatty  : uid=1000(system) Binder:1260_8 expire 4 lines
03-28 16:42:42.097  1260  6810 I chatty  : uid=1000(system) Binder:1260_13 expire 5 lines
03-28 16:42:42.105  1260  4164 I chatty  : uid=1000(system) Binder:1260_C expire 6 lines
03-28 16:42:42.119  1260  3908 I chatty  : uid=1000(system) Binder:1260_A expire 4 lines
03-28 16:42:43.108  1260  4186 I chatty  : uid=1000(system) Binder:1260_D expire 5 lines
03-28 16:42:43.145  1260  6597 I chatty  : uid=1000(system) Binder:1260_11 expire 5 lines
03-28 16:42:44.122  1260  3213 I chatty  : uid=1000(system) Binder:1260_3 expire 7 lines
03-28 16:42:46.142  1260  1275 I chatty  : uid=1000(system) Binder:1260_1 expire 3 lines
03-28 16:42:52.840  1260  2836 I chatty  : uid=1000(system) AlarmManager expire 2 lines
03-28 16:42:57.265  1260  6597 I chatty  : uid=1000(system) Binder:1260_11 expire 6 lines
03-28 16:42:57.269  1260  6813 I chatty  : uid=1000(system) Binder:1260_16 expire 7 lines
03-28 16:42:57.270  1260  1290 I chatty  : uid=1000(system) ActivityManager expire 19 lines
03-28 16:42:58.250  1260  3532 I chatty  : uid=1000(system) Binder:1260_5 expire 8 lines
03-28 16:42:58.259  1260  6810 I chatty  : uid=1000(system) Binder:1260_13 expire 10 lines
03-28 16:42:58.259  1260  6808 I chatty  : uid=1000(system) Binder:1260_12 expire 4 lines
03-28 16:42:58.268  1260  5387 I chatty  : uid=1000(system) Binder:1260_10 expire 7 lines
03-28 16:42:58.275  1260  6811 I chatty  : uid=1000(system) Binder:1260_14 expire 6 lines
03-28 16:42:58.283  1260  4187 I chatty  : uid=1000(system) Binder:1260_E expire 9 lines
03-28 16:42:58.285  1260  3693 I chatty  : uid=1000(system) Binder:1260_9 expire 4 lines
03-28 16:42:59.261  1260  3263 I chatty  : uid=1000(system) Binder:1260_4 expire 6 lines
03-28 16:42:59.269  1260  3615 I chatty  : uid=1000(system) Binder:1260_7 expire 4 lines
03-28 16:42:59.280  1260  1275 I chatty  : uid=1000(system) Binder:1260_1 expire 6 lines
03-28 16:42:59.285  1260  4330 I chatty  : uid=1000(system) Binder:1260_F expire 4 lines
03-28 16:43:00.269  1260  1276 I chatty  : uid=1000(system) Binder:1260_2 expire 5 lines
03-28 16:43:00.275  1260  3908 I chatty  : uid=1000(system) Binder:1260_A expire 5 lines
03-28 16:43:00.277  1260  3213 I chatty  : uid=1000(system) Binder:1260_3 expire 7 lines
03-28 16:43:00.469  1260  1311 I chatty  : uid=1000(system) android.fg expire 1 line
03-28 16:43:00.471  1260  6812 I chatty  : uid=1000(system) Binder:1260_15 expire 5 lines
03-28 16:43:01.288  1260  3533 I chatty  : uid=1000(system) Binder:1260_6 expire 6 lines
03-28 16:43:01.305  1260  4186 I chatty  : uid=1000(system) Binder:1260_D expire 5 lines
03-28 16:43:02.298  1260  4164 I chatty  : uid=1000(system) Binder:1260_C expire 7 lines
03-28 16:43:04.307  1260  4162 I chatty  : uid=1000(system) Binder:1260_B expire 5 lines
03-28 16:43:04.335  1260  3616 I chatty  : uid=1000(system) Binder:1260_8 expire 5 lines
03-28 16:43:05.341  1260  6814 I chatty  : uid=1000(system) Binder:1260_17 expire 12 lines
03-28 16:43:16.457  1260  3908 I chatty  : uid=1000(system) Binder:1260_A expire 9 lines
03-28 16:43:16.459  1260  1290 I chatty  : uid=1000(system) ActivityManager expire 18 lines
03-28 16:43:17.442  1260  6810 I chatty  : uid=1000(system) Binder:1260_13 expire 2 lines
03-28 16:43:17.448  1260  3263 I chatty  : uid=1000(system) Binder:1260_4 expire 4 lines
03-28 16:43:17.450  1260  3693 I chatty  : uid=1000(system) Binder:1260_9 expire 7 lines
03-28 16:43:17.458  1260  4162 I chatty  : uid=1000(system) Binder:1260_B expire 4 lines
03-28 16:43:17.462  1260  3615 I chatty  : uid=1000(system) Binder:1260_7 expire 7 lines
03-28 16:43:17.472  1260  1275 I chatty  : uid=1000(system) Binder:1260_1 expire 7 lines
03-28 16:43:17.474  1260  3213 I chatty  : uid=1000(system) Binder:1260_3 expire 6 lines
03-28 16:43:18.454  1260  4187 I chatty  : uid=1000(system) Binder:1260_E expire 6 lines
03-28 16:43:18.472  1260  4330 I chatty  : uid=1000(system) Binder:1260_F expire 6 lines
03-28 16:43:18.481  1260  6808 I chatty  : uid=1000(system) Binder:1260_12 expire 8 lines
03-28 16:43:19.465  1260  4164 I chatty  : uid=1000(system) Binder:1260_C expire 5 lines
03-28 16:43:19.494  1260  3532 I chatty  : uid=1000(system) Binder:1260_5 expire 5 lines
03-28 16:43:20.478  1260  6812 I chatty  : uid=1000(system) Binder:1260_15 expire 4 lines
03-28 16:43:20.484  1260  3616 I chatty  : uid=1000(system) Binder:1260_8 expire 8 lines
03-28 16:43:20.497  1260  6597 I chatty  : uid=1000(system) Binder:1260_11 expire 6 lines
03-28 16:43:20.506  1260  1276 I chatty  : uid=1000(system) Binder:1260_2 expire 6 lines
03-28 16:43:20.508  1260  6811 I chatty  : uid=1000(system) Binder:1260_14 expire 6 lines
03-28 16:43:21.489  1260  5387 I chatty  : uid=1000(system) Binder:1260_10 expire 7 lines
03-28 16:43:21.514  1260  4186 I chatty  : uid=1000(system) Binder:1260_D expire 5 lines
03-28 16:43:23.518  1260  3533 I chatty  : uid=1000(system) Binder:1260_6 expire 6 lines
03-28 16:43:25.535  1260  6813 I chatty  : uid=1000(system) Binder:1260_16 expire 4 lines
03-28 16:43:30.580  1260  1311 I chatty  : uid=1000(system) android.fg expire 3 lines
03-28 16:43:35.661  1260  1290 I chatty  : uid=1000(system) ActivityManager expire 20 lines
03-28 16:43:36.639  1260  3213 I chatty  : uid=1000(system) Binder:1260_3 expire 10 lines
