03-28 17:40:13.677  1260  6810 I BroadcastQueue: am_broadcast_enqueue: [background,0,Intent { act=X.1Kr.NETWORKING_INACTIVE flg=0x10 (has extras) },1]
03-28 17:40:13.678  1260  1290 I BroadcastQueue: am_broadcast_finished: [background,0,Intent { act=X.1Kr.NETWORKING_INACTIVE flg=0x10 (has extras) }]
03-28 17:40:17.296 16165 16165 I Atfwd_Daemon: 
03-28 17:40:17.296 16165 16165 I Atfwd_Daemon:  Out of sleep...
03-28 17:40:17.296 16165 16165 I Atfwd_Daemon: 
03-28 17:40:17.296 16165 16165 I Atfwd_Daemon: 
03-28 17:40:17.296 16165 16165 I Atfwd_Daemon:  TrtyInit: retryCnt: 5
03-28 17:40:17.296 16165 16165 I ServiceManager: Waiting for service AtCmdFwd...
03-28 17:40:18.297 16165 16165 I ServiceManager: Waiting for service AtCmdFwd...
03-28 17:40:19.297 16165 16165 I ServiceManager: Waiting for service AtCmdFwd...
03-28 17:40:20.298 16165 16165 I ServiceManager: Waiting for service AtCmdFwd...
03-28 17:40:21.298 16165 16165 I ServiceManager: Waiting for service AtCmdFwd...
03-28 17:40:22.298 16165 16165 W Atfwd_Sendcmd: AtCmdFwd service not published, waiting... retryCnt : 1
03-28 17:40:26.629  1260  1311 I BroadcastQueue: am_broadcast_enqueue: [background,1,Intent { act=android.net.conn.DATA_ACTIVITY_CHANGE flg=0x10 (has extras) },1]
03-28 17:40:26.632  1260  5387 I BroadcastQueue: am_broadcast_finished: [background,1,Intent { act=android.net.conn.DATA_ACTIVITY_CHANGE flg=0x10 (has extras) }]
03-28 17:40:27.299 16165 16165 I ServiceManager: Waiting for service AtCmdFwd...
03-28 17:40:27.764   463   463 I QNS     : QNS: soc=36, v=3849, i=328, t=300
03-28 17:40:27.764   463   463 I QNS     : QNS: requested charging current: 2400
03-28 17:40:28.299 16165 16165 I ServiceManager: Waiting for service AtCmdFwd...
03-28 17:40:29.300 16165 16165 I ServiceManager: Waiting for service AtCmdFwd...
03-28 17:40:30.301 16165 16165 I ServiceManager: Waiting for service AtCmdFwd...
03-28 17:40:31.301 16165 16165 I ServiceManager: Waiting for service AtCmdFwd...
03-28 17:40:32.302 16165 16165 W Atfwd_Sendcmd: AtCmdFwd service not published, waiting... retryCnt : 2
03-28 17:40:42.302 16165 16165 I ServiceManager: Waiting for service AtCmdFwd...
03-28 17:40:42.493  1260  1311 I BroadcastQueue: am_broadcast_enqueue: [background,1,Intent { act=android.net.conn.DATA_ACTIVITY_CHANGE flg=0x10 (has extras) },1]
03-28 17:40:42.496  1260  1276 I BroadcastQueue: am_broadcast_finished: [background,1,Intent { act=android.net.conn.DATA_ACTIVITY_CHANGE flg=0x10 (has extras) }]
03-28 17:40:43.303 16165 16165 I ServiceManager: Waiting for service AtCmdFwd...
03-28 17:40:44.303 16165 16165 I ServiceManager: Waiting for service AtCmdFwd...
03-28 17:40:45.303 16165 16165 I ServiceManager: Waiting for service AtCmdFwd...
03-28 17:40:46.304 16165 16165 I ServiceManager: Waiting for service AtCmdFwd...
03-28 17:40:47.304 16165 16165 W Atfwd_Sendcmd: AtCmdFwd service not published, waiting... retryCnt : 3
03-28 17:40:52.038  1260  1260 I BroadcastQueue: am_broadcast_enqueue: [background,0,Intent { act=android.intent.action.BATTERY_CHANGED flg=0x60000010 (has extras) },20]
03-28 17:40:52.040  3287  3287 D KeyguardUpdateMonitor: received broadcast android.intent.action.BATTERY_CHANGED
03-28 17:40:52.041  3495  3495 D VideoCall_LowBattery: BatteryIntent received: android.intent.action.BATTERY_CHANGED
03-28 17:40:52.041  3495  3495 D VideoCall_LowBattery:  allowVideoCallsInLowBattery: true isCarrierOneSupported: false mIsLowbattery: false
03-28 17:40:52.042  1260  1290 I BroadcastQueue: am_broadcast_finished: [background,0,Intent { act=android.intent.action.BATTERY_CHANGED flg=0x60000010 (has extras) }]
03-28 17:40:52.043  4118  4221 W QCNEJ   : |CORE| CNE received unexpected action: android.intent.action.BATTERY_CHANGED
03-28 17:40:52.045  3287  3287 D KeyguardUpdateMonitor: handleBatteryUpdate
03-28 17:40:57.511  1260  1311 I BroadcastQueue: am_broadcast_enqueue: [background,1,Intent { act=android.net.conn.DATA_ACTIVITY_CHANGE flg=0x10 (has extras) },1]
03-28 17:40:57.513  1260  4187 I BroadcastQueue: am_broadcast_finished: [background,1,Intent { act=android.net.conn.DATA_ACTIVITY_CHANGE flg=0x10 (has extras) }]
03-28 17:40:57.778   463   463 I QNS     : QNS: soc=36, v=3851, i=346, t=300
03-28 17:40:57.778   463   463 I QNS     : QNS: requested charging current: 2400
03-28 17:41:01.538  1260  1311 I BroadcastQueue: am_broadcast_enqueue: [background,1,Intent { act=android.net.conn.DATA_ACTIVITY_CHANGE flg=0x10 (has extras) },1]
03-28 17:41:01.540  1260  6814 I BroadcastQueue: am_broadcast_finished: [background,1,Intent { act=android.net.conn.DATA_ACTIVITY_CHANGE flg=0x10 (has extras) }]
03-28 17:41:02.305 16165 16165 I ServiceManager: Waiting for service AtCmdFwd...
03-28 17:41:03.305 16165 16165 I ServiceManager: Waiting for service AtCmdFwd...
03-28 17:41:04.305 16165 16165 I ServiceManager: Waiting for service AtCmdFwd...
03-28 17:41:05.306 16165 16165 I ServiceManager: Waiting for service AtCmdFwd...
03-28 17:41:06.307 16165 16165 I ServiceManager: Waiting for service AtCmdFwd...
03-28 17:41:07.307 16165 16165 W Atfwd_Sendcmd: AtCmdFwd service not published, waiting... retryCnt : 4
03-28 17:41:16.549  1260  1311 I BroadcastQueue: am_broadcast_enqueue: [background,1,Intent { act=android.net.conn.DATA_ACTIVITY_CHANGE flg=0x10 (has extras) },1]
03-28 17:41:16.552  1260  6813 I BroadcastQueue: am_broadcast_finished: [background,1,Intent { act=android.net.conn.DATA_ACTIVITY_CHANGE flg=0x10 (has extras) }]
03-28 17:41:16.592  1260  1311 I BroadcastQueue: am_broadcast_enqueue: [background,1,Intent { act=android.net.conn.DATA_ACTIVITY_CHANGE flg=0x10 (has extras) },1]
03-28 17:41:16.594  1260  4187 I BroadcastQueue: am_broadcast_finished: [background,1,Intent { act=android.net.conn.DATA_ACTIVITY_CHANGE flg=0x10 (has extras) }]
03-28 17:41:27.308 16165 16165 I ServiceManager: Waiting for service AtCmdFwd...
03-28 17:41:27.793   463   463 I QNS     : QNS: soc=36, v=3853, i=362, t=300
03-28 17:41:27.793   463   463 I QNS     : QNS: requested charging current: 2400
03-28 17:41:28.308 16165 16165 I ServiceManager: Waiting for service AtCmdFwd...
03-28 17:41:29.309 16165 16165 I ServiceManager: Waiting for service AtCmdFwd...
03-28 17:41:30.309 16165 16165 I ServiceManager: Waiting for service AtCmdFwd...
03-28 17:41:31.310 16165 16165 I ServiceManager: Waiting for service AtCmdFwd...
03-28 17:41:32.310 16165 16165 W Atfwd_Sendcmd: AtCmdFwd service not published, waiting... retryCnt : 5
03-28 17:41:35.426  1260  1260 I BroadcastQueue: am_broadcast_enqueue: [background,0,Intent { act=android.intent.action.BATTERY_CHANGED flg=0x60000010 (has extras) },20]
03-28 17:41:35.428  3287  3287 D KeyguardUpdateMonitor: received broadcast android.intent.action.BATTERY_CHANGED
03-28 17:41:35.430  1260  1290 I BroadcastQueue: am_broadcast_finished: [background,0,Intent { act=android.intent.action.BATTERY_CHANGED flg=0x60000010 (has extras) }]
03-28 17:41:35.432  4118  4221 W QCNEJ   : |CORE| CNE received unexpected action: android.intent.action.BATTERY_CHANGED
03-28 17:41:35.439  3287  3287 D KeyguardUpdateMonitor: handleBatteryUpdate
03-28 17:41:35.442  3495  3495 D VideoCall_LowBattery: BatteryIntent received: android.intent.action.BATTERY_CHANGED
03-28 17:41:35.442  3495  3495 D VideoCall_LowBattery:  allowVideoCallsInLowBattery: true isCarrierOneSupported: false mIsLowbattery: false
03-28 17:41:42.671  1260  1311 I BroadcastQueue: am_broadcast_enqueue: [background,1,Intent { act=android.net.conn.DATA_ACTIVITY_CHANGE flg=0x10 (has extras) },1]
03-28 17:41:42.673  1260  4330 I BroadcastQueue: am_broadcast_finished: [background,1,Intent { act=android.net.conn.DATA_ACTIVITY_CHANGE flg=0x10 (has extras) }]
03-28 17:41:54.377  1260  1311 I BroadcastQueue: am_broadcast_enqueue: [background,1,Intent { act=android.net.conn.DATA_ACTIVITY_CHANGE flg=0x10 (has extras) },1]
03-28 17:41:54.379  1260  6814 I BroadcastQueue: am_broadcast_finished: [background,1,Intent { act=android.net.conn.DATA_ACTIVITY_CHANGE flg=0x10 (has extras) }]
03-28 17:41:57.310 16165 16165 I Atfwd_Sendcmd: AtCmdFwd service not ready - Exhausted retry attempts - :6
03-28 17:41:57.310 16165 16165 I Atfwd_Daemon: result : -1 	 ,Init step :2 	 ,qmiErrorCode: 0
03-28 17:41:57.310 16165 16165 I Atfwd_Daemon: 
03-28 17:41:57.310 16165 16165 I Atfwd_Daemon:  Sleeping...
03-28 17:41:57.807   463   463 I QNS     : QNS: soc=36, v=3853, i=363, t=300
03-28 17:41:57.807   463   463 I QNS     : QNS: requested charging current: 2400
03-28 17:42:00.515 24741 24741 D SomcExtendedUtils: SomcExtendedUtils()
03-28 17:42:00.524 24741 24741 D AndroidRuntime: >>>>>> START com.android.internal.os.RuntimeInit uid 2000 <<<<<<
03-28 17:42:00.528 24741 24741 D AndroidRuntime: CheckJNI is OFF
03-28 17:42:00.652 24741 24741 D ICU     : No timezone override file found: /data/misc/zoneinfo/current/icu/icu_tzdata.dat
03-28 17:42:00.690 24741 24741 I Radio-JNI: register_android_hardware_Radio DONE
03-28 17:42:00.718 24741 24741 D AndroidRuntime: Calling main entry com.android.commands.am.Am
03-28 17:42:00.722  1260  4162 I ActivityManager: Force stopping uqac.gestionvieetu appid=10216 user=0: from pid 24741
03-28 17:42:00.723  1260  4162 I ActivityManager: Killing 16342:uqac.gestionvieetu/u0a216 (adj 0): stop uqac.gestionvieetu
03-28 17:42:00.723  1260  4162 D ActivityManager: cleanUpApplicationRecord -- 16342
03-28 17:42:00.723  1260  4162 W ActivityManager: Scheduling restart of crashed service uqac.gestionvieetu/com.android.tools.fd.runtime.InstantRunService in 1000ms
03-28 17:42:00.738  1260  4162 I ActivityManager: Start proc 24763:uqac.gestionvieetu/u0a216 for activity uqac.gestionvieetu/.MainActivity
03-28 17:42:00.740  1260  4162 I ActivityManager:   Force finishing activity ActivityRecord{bb2c833 u0 uqac.gestionvieetu/.MainActivity t1940}
03-28 17:42:00.742 24763 24763 I art     : Late-enabling -Xcheck:jni
03-28 17:42:00.749  1260  3693 I chatty  : uid=1000(system) Binder:1260_9 expire 2 lines
03-28 17:42:00.749  1260  4186 I WindowManager: WIN DEATH: Window{734a811 u0 uqac.gestionvieetu/uqac.gestionvieetu.MainActivity}
03-28 17:42:00.750  1260  4186 I WindowManager: Destroying surface Surface(name=uqac.gestionvieetu/uqac.gestionvieetu.MainActivity) called by com.android.server.wm.WindowStateAnimator.destroySurface:2022 com.android.server.wm.WindowStateAnimator.destroySurfaceLocked:889 com.android.server.wm.WindowState.removeLocked:1449 com.android.server.wm.WindowManagerService.removeWindowInnerLocked:2501 com.android.server.wm.WindowManagerService.removeWindowLocked:2459 com.android.server.wm.WindowState$DeathRecipient.binderDied:1780 android.os.BinderProxy.sendDeathNotice:688 <bottom of call stack> 
03-28 17:42:00.756  1260  4162 I ActivityManager:   Force finishing activity ActivityRecord{bb2c833 u0 uqac.gestionvieetu/.MainActivity t1940 f}
03-28 17:42:00.756  1260  4162 W ActivityManager: Duplicate finish request for ActivityRecord{bb2c833 u0 uqac.gestionvieetu/.MainActivity t1940 f}
03-28 17:42:00.756  1260  4162 I ActivityManager:   Force stopping service ServiceRecord{b58c8a7 u0 uqac.gestionvieetu/com.android.tools.fd.runtime.InstantRunService}
03-28 17:42:00.757  1260  4162 I BroadcastQueue: am_broadcast_enqueue: [background,0,Intent { act=android.intent.action.PACKAGE_RESTARTED dat=package:uqac.gestionvieetu flg=0x10 (has extras) },32]
03-28 17:42:00.758 24741 24741 D AndroidRuntime: Shutting down VM
03-28 17:42:00.764  1260  1290 I BroadcastQueue: am_broadcast_finished: [background,0,Intent { act=android.intent.action.PACKAGE_RESTARTED dat=package:uqac.gestionvieetu flg=0x10 (has extras) }]
03-28 17:42:00.767  3495  3495 D CarrierSvcBindHelper: No carrier app for: 0
03-28 17:42:00.770  1260  3532 I ActivityManager: Killing 16701:com.lonelyfew.blendoku2/u0a252 (adj 906): empty #17
03-28 17:42:00.790  4132  4132 D NfcService: GetDefaultRouteEntry :19
03-28 17:42:00.790  4132  4132 D NfcService: GetDefaultRouteLoc  :0
03-28 17:42:00.790  4132  4132 D NfcService: GetDefaultRouteEntry :19
03-28 17:42:00.790  4132  4132 D NfcService: GetDefaultRouteLoc  :0
03-28 17:42:00.790  4132  4132 D NfcService: GetDefaultRouteEntry :19
03-28 17:42:00.790  4132  4132 D NfcService: GetDefaultRouteLoc  :0
03-28 17:42:00.793  1260  4164 D ActivityManager: cleanUpApplicationRecord -- 16701
03-28 17:42:00.796  4132  4132 D RegisteredNfcFServicesCache: Service unchanged, not updating
03-28 17:42:00.807 24763 24770 I art     : System.exit called, status: 1
03-28 17:42:00.807 24763 24770 I AndroidRuntime: VM exiting with result code 1, cleanup skipped.
03-28 17:42:00.819  1260  3533 I ActivityManager: Process uqac.gestionvieetu (pid 24763) has died
03-28 17:42:00.819  1260  3533 D ActivityManager: cleanUpApplicationRecord -- 24763
03-28 17:42:00.819   767   767 I Zygote  : Process 24763 exited cleanly (1)
03-28 17:42:01.474 24777 24777 D SomcExtendedUtils: SomcExtendedUtils()
03-28 17:42:01.483 24777 24777 D AndroidRuntime: >>>>>> START com.android.internal.os.RuntimeInit uid 2000 <<<<<<
03-28 17:42:01.488 24777 24777 D AndroidRuntime: CheckJNI is OFF
03-28 17:42:01.565 24777 24777 D ICU     : No timezone override file found: /data/misc/zoneinfo/current/icu/icu_tzdata.dat
03-28 17:42:01.601 24777 24777 I Radio-JNI: register_android_hardware_Radio DONE
03-28 17:42:01.627 24777 24777 D AndroidRuntime: Calling main entry com.android.commands.pm.Pm
03-28 17:42:01.636 24777 24777 I art     : System.exit called, status: 0
03-28 17:42:01.636 24777 24777 I AndroidRuntime: VM exiting with result code 0.
03-28 17:42:01.637 24777 24794 W MessageQueue: Handler (android.os.Handler) {71dd7bd} sending message to a Handler on a dead thread
03-28 17:42:01.637 24777 24794 W MessageQueue: java.lang.IllegalStateException: Handler (android.os.Handler) {71dd7bd} sending message to a Handler on a dead thread
03-28 17:42:01.637 24777 24794 W MessageQueue: 	at android.os.MessageQueue.enqueueMessage(MessageQueue.java:600)
03-28 17:42:01.637 24777 24794 W MessageQueue: 	at android.os.Handler.enqueueMessage(Handler.java:643)
03-28 17:42:01.637 24777 24794 W MessageQueue: 	at android.os.Handler.sendMessageAtTime(Handler.java:612)
03-28 17:42:01.637 24777 24794 W MessageQueue: 	at android.os.Handler.sendMessageDelayed(Handler.java:582)
03-28 17:42:01.637 24777 24794 W MessageQueue: 	at android.os.Handler.post(Handler.java:338)
03-28 17:42:01.637 24777 24794 W MessageQueue: 	at android.os.ResultReceiver$MyResultReceiver.send(ResultReceiver.java:57)
03-28 17:42:01.637 24777 24794 W MessageQueue: 	at com.android.internal.os.IResultReceiver$Stub.onTransact(IResultReceiver.java:58)
03-28 17:42:01.637 24777 24794 W MessageQueue: 	at android.os.Binder.execTransact(Binder.java:565)
03-28 17:42:02.702 24805 24805 D SomcExtendedUtils: SomcExtendedUtils()
03-28 17:42:02.711 24805 24805 D AndroidRuntime: >>>>>> START com.android.internal.os.RuntimeInit uid 2000 <<<<<<
03-28 17:42:02.715 24805 24805 D AndroidRuntime: CheckJNI is OFF
03-28 17:42:02.793 24805 24805 D ICU     : No timezone override file found: /data/misc/zoneinfo/current/icu/icu_tzdata.dat
03-28 17:42:02.828 24805 24805 I Radio-JNI: register_android_hardware_Radio DONE
03-28 17:42:02.854 24805 24805 D AndroidRuntime: Calling main entry com.android.commands.pm.Pm
03-28 17:42:02.863 24805 24805 I art     : System.exit called, status: 0
03-28 17:42:02.863 24805 24805 I AndroidRuntime: VM exiting with result code 0.
03-28 17:42:02.864 24805 24813 W MessageQueue: Handler (android.os.Handler) {2532ac2} sending message to a Handler on a dead thread
03-28 17:42:02.864 24805 24813 W MessageQueue: java.lang.IllegalStateException: Handler (android.os.Handler) {2532ac2} sending message to a Handler on a dead thread
03-28 17:42:02.864 24805 24813 W MessageQueue: 	at android.os.MessageQueue.enqueueMessage(MessageQueue.java:600)
03-28 17:42:02.864 24805 24813 W MessageQueue: 	at android.os.Handler.enqueueMessage(Handler.java:643)
03-28 17:42:02.864 24805 24813 W MessageQueue: 	at android.os.Handler.sendMessageAtTime(Handler.java:612)
03-28 17:42:02.864 24805 24813 W MessageQueue: 	at android.os.Handler.sendMessageDelayed(Handler.java:582)
03-28 17:42:02.864 24805 24813 W MessageQueue: 	at android.os.Handler.post(Handler.java:338)
03-28 17:42:02.864 24805 24813 W MessageQueue: 	at android.os.ResultReceiver$MyResultReceiver.send(ResultReceiver.java:57)
03-28 17:42:02.864 24805 24813 W MessageQueue: 	at com.android.internal.os.IResultReceiver$Stub.onTransact(IResultReceiver.java:58)
03-28 17:42:02.864 24805 24813 W MessageQueue: 	at android.os.Binder.execTransact(Binder.java:565)
03-28 17:42:05.872   934   934 I MSM-irqbalance: Decided to move IRQ65 from CPU1 to CPU3
03-28 17:42:07.190 24818 24818 D SomcExtendedUtils: SomcExtendedUtils()
03-28 17:42:07.198 24818 24818 D AndroidRuntime: >>>>>> START com.android.internal.os.RuntimeInit uid 2000 <<<<<<
03-28 17:42:07.203 24818 24818 D AndroidRuntime: CheckJNI is OFF
03-28 17:42:07.232 24821 24821 D SomcExtendedUtils: SomcExtendedUtils()
03-28 17:42:07.240 24821 24821 D AndroidRuntime: >>>>>> START com.android.internal.os.RuntimeInit uid 2000 <<<<<<
03-28 17:42:07.245 24821 24821 D AndroidRuntime: CheckJNI is OFF
03-28 17:42:07.284 24818 24818 D ICU     : No timezone override file found: /data/misc/zoneinfo/current/icu/icu_tzdata.dat
03-28 17:42:07.319 24818 24818 I Radio-JNI: register_android_hardware_Radio DONE
03-28 17:42:07.321 24821 24821 D ICU     : No timezone override file found: /data/misc/zoneinfo/current/icu/icu_tzdata.dat
03-28 17:42:07.346 24818 24818 D AndroidRuntime: Calling main entry com.android.commands.wm.Wm
03-28 17:42:07.349 24818 24818 D AndroidRuntime: Shutting down VM
03-28 17:42:07.358 24821 24821 I Radio-JNI: register_android_hardware_Radio DONE
03-28 17:42:07.384 24821 24821 D AndroidRuntime: Calling main entry com.android.commands.am.Am
03-28 17:42:07.402  1260  3532 I ActivityManager: Start proc 24839:uqac.gestionvieetu/u0a216 for service uqac.gestionvieetu/com.android.tools.fd.runtime.InstantRunService
03-28 17:42:07.403 24821 24821 D AndroidRuntime: Shutting down VM
03-28 17:42:07.405 24839 24839 I art     : Late-enabling -Xcheck:jni
03-28 17:42:07.446 24839 24846 I art     : Debugger is no longer active
03-28 17:42:07.447 24839 24846 I art     : Starting a blocking GC Instrumentation
03-28 17:42:07.620 24839 24839 W System  : ClassLoader referenced unknown path: /data/app/uqac.gestionvieetu-2/lib/arm64
03-28 17:42:07.636 24839 24839 I InstantRun: Starting Instant Run Server for uqac.gestionvieetu
03-28 17:42:08.125 24855 24855 D SomcExtendedUtils: SomcExtendedUtils()
03-28 17:42:08.133 24855 24855 D AndroidRuntime: >>>>>> START com.android.internal.os.RuntimeInit uid 2000 <<<<<<
03-28 17:42:08.137 24855 24855 D AndroidRuntime: CheckJNI is OFF
03-28 17:42:08.215 24855 24855 D ICU     : No timezone override file found: /data/misc/zoneinfo/current/icu/icu_tzdata.dat
03-28 17:42:08.251 24855 24855 I Radio-JNI: register_android_hardware_Radio DONE
03-28 17:42:08.277 24855 24855 D AndroidRuntime: Calling main entry com.android.commands.am.Am
03-28 17:42:08.282  1260  3908 I ActivityManager: START u0 {act=android.intent.action.MAIN cat=[android.intent.category.LAUNCHER] flg=0x10000000 cmp=uqac.gestionvieetu/.MainActivity} from uid 2000 on display 0
03-28 17:42:08.314 24855 24855 D AndroidRuntime: Shutting down VM
03-28 17:42:08.341  1260  3693 I WindowManager: Destroying surface Surface(name=com.sonyericsson.home/com.sonymobile.home.HomeActivity) called by com.android.server.wm.WindowStateAnimator.destroySurface:2022 com.android.server.wm.WindowStateAnimator.destroySurfaceLocked:889 com.android.server.wm.WindowState.destroyOrSaveSurface:2073 com.android.server.wm.WindowManagerService.tryStartExitingAnimation:3040 com.android.server.wm.WindowManagerService.relayoutWindow:2920 com.android.server.wm.Session.relayout:215 android.view.IWindowSession$Stub.onTransact:286 com.android.server.wm.Session.onTransact:136 
03-28 17:42:08.432 24839 24839 W art     : Before Android 4.1, method android.graphics.PorterDuffColorFilter android.support.graphics.drawable.VectorDrawableCompat.updateTintFilter(android.graphics.PorterDuffColorFilter, android.content.res.ColorStateList, android.graphics.PorterDuff$Mode) would have incorrectly overridden the package-private method in android.graphics.drawable.Drawable
03-28 17:42:08.638 24839 24880 I Adreno  : QUALCOMM build                   : 7d18700, I8ee426a9a2
03-28 17:42:08.638 24839 24880 I Adreno  : Build Date                       : 10/07/16
03-28 17:42:08.638 24839 24880 I Adreno  : OpenGL ES Shader Compiler Version: XE031.09.00.03
03-28 17:42:08.638 24839 24880 I Adreno  : Local Branch                     : 
03-28 17:42:08.638 24839 24880 I Adreno  : Remote Branch                    : quic/LA.BR.1.3.6_rb1.6
03-28 17:42:08.638 24839 24880 I Adreno  : Remote Branch                    : NONE
03-28 17:42:08.638 24839 24880 I Adreno  : Reconstruct Branch               : NOTHING
03-28 17:42:08.646 24839 24880 I OpenGLRenderer: Initialized EGL, version 1.4
03-28 17:42:08.647 24839 24880 D OpenGLRenderer: Swap behavior 1
03-28 17:42:08.716 24839 24839 W art     : Before Android 4.1, method int android.support.v7.widget.ListViewCompat.lookForSelectablePosition(int, boolean) would have incorrectly overridden the package-private method in android.widget.ListView
03-28 17:42:08.787 24839 24839 I Timeline: Timeline: Activity_idle id: android.os.BinderProxy@7571e94 time:5304710
03-28 17:42:09.389  1260  1311 I BroadcastQueue: am_broadcast_enqueue: [background,1,Intent { act=android.net.conn.DATA_ACTIVITY_CHANGE flg=0x10 (has extras) },1]
03-28 17:42:09.391  1260  4330 I BroadcastQueue: am_broadcast_finished: [background,1,Intent { act=android.net.conn.DATA_ACTIVITY_CHANGE flg=0x10 (has extras) }]
03-28 17:42:12.812  1260  1311 I BroadcastQueue: am_broadcast_enqueue: [background,1,Intent { act=android.net.conn.DATA_ACTIVITY_CHANGE flg=0x10 (has extras) },1]
03-28 17:42:12.814  1260  4186 I BroadcastQueue: am_broadcast_finished: [background,1,Intent { act=android.net.conn.DATA_ACTIVITY_CHANGE flg=0x10 (has extras) }]
03-28 17:42:22.310 16165 16165 I Atfwd_Daemon: 
03-28 17:42:22.310 16165 16165 I Atfwd_Daemon:  Out of sleep...
03-28 17:42:22.311 16165 16165 I Atfwd_Daemon: 
03-28 17:42:22.311 16165 16165 I Atfwd_Daemon:  Back to main.
03-28 17:42:22.311 16165 16165 I Atfwd_Daemon:  tryinit complete with connectresult: -1
03-28 17:42:22.311 16165 16165 I Atfwd_Daemon: QCCI not supported for target msm8952, use legacy QCCI
03-28 17:42:22.316 16165 16168 E QC-QMI  : qmi_client [16165] 7d: failed to locate client data
03-28 17:42:22.317   888   888 E QC-DS-LIB: qmuxd: RX on fd=18 returned error=0 errno[2:No such file or directory]
03-28 17:42:22.318   888   888 E QC-QMI  : QMUX qmux_client_id=7d not found in qmux client list, unable to remove
03-28 17:42:22.318 16165 16165 I Atfwd_Daemon: Stop the daemon....
03-28 17:42:22.380 25076 25076 I chatty  : uid=1000(system) /system/bin/ATFWD-daemon expire 42 lines
03-28 17:42:27.821   463   463 I QNS     : QNS: soc=36, v=3853, i=362, t=300
03-28 17:42:27.821   463   463 I QNS     : QNS: requested charging current: 2400
03-28 17:42:27.829  1260  1311 I BroadcastQueue: am_broadcast_enqueue: [background,1,Intent { act=android.net.conn.DATA_ACTIVITY_CHANGE flg=0x10 (has extras) },1]
03-28 17:42:27.832  1260  4186 I BroadcastQueue: am_broadcast_finished: [background,1,Intent { act=android.net.conn.DATA_ACTIVITY_CHANGE flg=0x10 (has extras) }]
03-28 17:42:46.601  1260  1311 I BroadcastQueue: am_broadcast_enqueue: [background,1,Intent { act=android.net.conn.DATA_ACTIVITY_CHANGE flg=0x10 (has extras) },1]
03-28 17:42:46.604  1260  3213 I BroadcastQueue: am_broadcast_finished: [background,1,Intent { act=android.net.conn.DATA_ACTIVITY_CHANGE flg=0x10 (has extras) }]
03-28 17:42:57.835   463   463 I QNS     : QNS: soc=36, v=3852, i=340, t=297
03-28 17:42:57.836   463   463 I QNS     : QNS: requested charging current: 2400
03-28 17:43:07.400 25076 25076 I chatty  : uid=1000(system) /system/bin/ATFWD-daemon expire 12 lines
03-28 17:43:12.990  1260  1311 I BroadcastQueue: am_broadcast_enqueue: [background,1,Intent { act=android.net.conn.DATA_ACTIVITY_CHANGE flg=0x10 (has extras) },1]
03-28 17:43:12.992  1260  6812 I BroadcastQueue: am_broadcast_finished: [background,1,Intent { act=android.net.conn.DATA_ACTIVITY_CHANGE flg=0x10 (has extras) }]
03-28 17:43:27.851   463   463 I QNS     : QNS: soc=36, v=3854, i=364, t=297
03-28 17:43:27.851   463   463 I QNS     : QNS: requested charging current: 2400
03-28 17:43:32.039  1260  1260 I BroadcastQueue: am_broadcast_enqueue: [background,0,Intent { act=android.intent.action.BATTERY_CHANGED flg=0x60000010 (has extras) },20]
03-28 17:43:32.042  3287  3287 D KeyguardUpdateMonitor: received broadcast android.intent.action.BATTERY_CHANGED
03-28 17:43:32.042  3287  3287 D KeyguardUpdateMonitor: handleBatteryUpdate
03-28 17:43:32.042  3495  3495 D VideoCall_LowBattery: BatteryIntent received: android.intent.action.BATTERY_CHANGED
03-28 17:43:32.042  3495  3495 D VideoCall_LowBattery:  allowVideoCallsInLowBattery: true isCarrierOneSupported: false mIsLowbattery: false
03-28 17:43:32.051  1260  1290 I BroadcastQueue: am_broadcast_finished: [background,0,Intent { act=android.intent.action.BATTERY_CHANGED flg=0x60000010 (has extras) }]
03-28 17:43:32.053  1260  1290 E KernelCpuSpeedReader: Failed to read cpu-freq: /sys/devices/system/cpu/cpu4/cpufreq/stats/time_in_state (No such file or directory)
03-28 17:43:32.054  4118  4221 W QCNEJ   : |CORE| CNE received unexpected action: android.intent.action.BATTERY_CHANGED
03-28 17:43:32.074  1260  1294 E BatteryStatsService: no controller energy info supplied
03-28 17:43:32.087  1260  1294 E KernelCpuSpeedReader: Failed to read cpu-freq: /sys/devices/system/cpu/cpu4/cpufreq/stats/time_in_state (No such file or directory)
03-28 17:43:32.182  1260  1290 W ProcessCpuTracker: Skipping unknown process pid 26061
03-28 17:43:39.134  1260  1311 I BroadcastQueue: am_broadcast_enqueue: [background,1,Intent { act=android.net.conn.DATA_ACTIVITY_CHANGE flg=0x10 (has extras) },1]
03-28 17:43:39.136  1260  4162 I BroadcastQueue: am_broadcast_finished: [background,1,Intent { act=android.net.conn.DATA_ACTIVITY_CHANGE flg=0x10 (has extras) }]
03-28 17:43:44.438  1260  1314 W ProcessCpuTracker: Skipping unknown process pid 26233
03-28 17:43:44.464  1260  1294 E BatteryStatsService: no controller energy info supplied
03-28 17:43:44.479  1260  1294 E KernelCpuSpeedReader: Failed to read cpu-freq: /sys/devices/system/cpu/cpu4/cpufreq/stats/time_in_state (No such file or directory)
03-28 17:43:57.866   463   463 I QNS     : QNS: soc=37, v=3855, i=362, t=295
03-28 17:43:57.866   463   463 I QNS     : QNS: requested charging current: 2400
03-28 17:43:58.070  1260  1311 I BroadcastQueue: am_broadcast_enqueue: [background,1,Intent { act=android.net.conn.DATA_ACTIVITY_CHANGE flg=0x10 (has extras) },1]
03-28 17:43:58.078  1260  1275 I BroadcastQueue: am_broadcast_finished: [background,1,Intent { act=android.net.conn.DATA_ACTIVITY_CHANGE flg=0x10 (has extras) }]
03-28 17:44:02.405 25076 25076 I chatty  : uid=1000(system) /system/bin/ATFWD-daemon expire 18 lines
03-28 17:44:27.881   463   463 I QNS     : QNS: soc=37, v=3855, i=361, t=295
03-28 17:44:27.881   463   463 I QNS     : QNS: requested charging current: 2400
03-28 17:44:28.185  1260  1311 I BroadcastQueue: am_broadcast_enqueue: [background,1,Intent { act=android.net.conn.DATA_ACTIVITY_CHANGE flg=0x10 (has extras) },1]
03-28 17:44:28.198  1260  3533 I BroadcastQueue: am_broadcast_finished: [background,1,Intent { act=android.net.conn.DATA_ACTIVITY_CHANGE flg=0x10 (has extras) }]
03-28 17:44:28.222  1260  1290 I ProcessStatsService: Prepared write state in 21ms
03-28 17:44:28.222  1260  1290 I ProcessStatsService: Prepared write state in 0ms
03-28 17:44:28.288  1260  1289 I ProcessStatsService: Pruning old procstats: /data/system/procstats/state-2017-03-26-21-06-45.bin
03-28 17:44:32.410 25076 25076 I chatty  : uid=1000(system) /system/bin/ATFWD-daemon expire 12 lines
03-28 17:44:50.269  1260  1311 I BroadcastQueue: am_broadcast_enqueue: [background,1,Intent { act=android.net.conn.DATA_ACTIVITY_CHANGE flg=0x10 (has extras) },1]
03-28 17:44:50.272  1260  6810 I BroadcastQueue: am_broadcast_finished: [background,1,Intent { act=android.net.conn.DATA_ACTIVITY_CHANGE flg=0x10 (has extras) }]
03-28 17:44:50.363  1260  1314 W ProcessCpuTracker: Skipping unknown process pid 27162
03-28 17:44:57.895   463   463 I QNS     : QNS: soc=37, v=3855, i=347, t=295
03-28 17:44:57.896   463   463 I QNS     : QNS: requested charging current: 2400
03-28 17:45:13.344  1260  1311 I BroadcastQueue: am_broadcast_enqueue: [background,1,Intent { act=android.net.conn.DATA_ACTIVITY_CHANGE flg=0x10 (has extras) },1]
03-28 17:45:13.358  1260  3616 I BroadcastQueue: am_broadcast_finished: [background,1,Intent { act=android.net.conn.DATA_ACTIVITY_CHANGE flg=0x10 (has extras) }]
03-28 17:45:16.278 27514 27514 D SomcExtendedUtils: SomcExtendedUtils()
03-28 17:45:16.286 27514 27514 D AndroidRuntime: >>>>>> START com.android.internal.os.RuntimeInit uid 2000 <<<<<<
03-28 17:45:16.292 27514 27514 D AndroidRuntime: CheckJNI is OFF
03-28 17:45:16.409 27514 27514 D ICU     : No timezone override file found: /data/misc/zoneinfo/current/icu/icu_tzdata.dat
03-28 17:45:16.439  1260  2838 I PowerManagerService: Waking up from sleep (uid 1000)...
03-28 17:45:16.440  1260  2838 I chatty  : uid=1000(system) InputReader expire 5 lines
03-28 17:45:16.441  1260  1260 I chatty  : uid=1000 system_server expire 2 lines
03-28 17:45:16.442  1260  1260 I BroadcastQueue: am_broadcast_enqueue: [foreground,1,Intent { act=android.intent.action.SCREEN_ON flg=0x50000010 },37]
03-28 17:45:16.442  1260  1317 I DisplayPowerController: Blocking screen on until initial contents have been drawn.
03-28 17:45:16.442  3287  3306 D KeyguardViewMediator: onStartedWakingUp, seq = 21
03-28 17:45:16.442  3287  3306 D KeyguardViewMediator: notifyStartedWakingUp
03-28 17:45:16.442  3287  3287 D KeyguardViewMediator: handleNotifyWakingUp
03-28 17:45:16.444  3287  3287 V KeyguardUpdateMonitor: startListeningForFingerprint()
03-28 17:45:16.444  1260  1313 I DisplayManagerService: Display device changed state: "cran intgr", ON
03-28 17:45:16.445  3287  3535 D KeyguardViewMediator: notifyScreenOn
03-28 17:45:16.448   582   582 D SurfaceFlinger: Set power mode=2, type=0 flinger=0x7fa7049040
03-28 17:45:16.448   582   582 D qdhwcomposer: hwc_setPowerMode: Setting mode 2 on display: 0
03-28 17:45:16.452  3287  3287 V KeyguardStatusView: Enable transport text marquee
03-28 17:45:16.460 27514 27514 I Radio-JNI: register_android_hardware_Radio DONE
03-28 17:45:16.468  1260  1260 I BroadcastQueue: am_broadcast_enqueue: [foreground,1,Intent { act=android.intent.action.TIME_TICK flg=0x50000014 (has extras) },15]
03-28 17:45:16.478  3287  3287 D KeyguardViewMediator: handleNotifyScreenTurningOn
03-28 17:45:16.478 27514 27514 D AndroidRuntime: Calling main entry com.android.commands.am.Am
03-28 17:45:16.489  1260  4164 I ActivityManager: Force stopping uqac.gestionvieetu appid=10216 user=0: from pid 27514
03-28 17:45:16.489  1260  4164 I ActivityManager: Killing 24839:uqac.gestionvieetu/u0a216 (adj 0): stop uqac.gestionvieetu
03-28 17:45:16.489  1260  4164 D ActivityManager: cleanUpApplicationRecord -- 24839
03-28 17:45:16.495  1260  4164 W ActivityManager: Scheduling restart of crashed service uqac.gestionvieetu/com.android.tools.fd.runtime.InstantRunService in 1000ms
03-28 17:45:16.510  1260  4164 I ActivityManager: Start proc 27539:uqac.gestionvieetu/u0a216 for activity uqac.gestionvieetu/.MainActivity
03-28 17:45:16.511  1260  4164 I ActivityManager:   Force finishing activity ActivityRecord{3696189 u0 uqac.gestionvieetu/.MainActivity t1941}
03-28 17:45:16.515  1260  6813 I WindowManager: WIN DEATH: Window{f35a866 u0 uqac.gestionvieetu/uqac.gestionvieetu.MainActivity}
03-28 17:45:16.515  1260  6813 I WindowManager: Destroying surface Surface(name=uqac.gestionvieetu/uqac.gestionvieetu.MainActivity) called by com.android.server.wm.WindowStateAnimator.destroySurface:2022 com.android.server.wm.WindowStateAnimator.destroySurfaceLocked:889 com.android.server.wm.WindowState.removeLocked:1449 com.android.server.wm.WindowManagerService.removeWindowInnerLocked:2501 com.android.server.wm.WindowManagerService.removeWindowLocked:2459 com.android.server.wm.WindowState$DeathRecipient.binderDied:1780 android.os.BinderProxy.sendDeathNotice:688 <bottom of call stack> 
03-28 17:45:16.519 27539 27539 I art     : Late-enabling -Xcheck:jni
03-28 17:45:16.527  1260  4164 I ActivityManager:   Force finishing activity ActivityRecord{3696189 u0 uqac.gestionvieetu/.MainActivity t1941 f}
03-28 17:45:16.527  1260  4164 W ActivityManager: Duplicate finish request for ActivityRecord{3696189 u0 uqac.gestionvieetu/.MainActivity t1941 f}
03-28 17:45:16.527  1260  4164 I ActivityManager:   Force stopping service ServiceRecord{8160353 u0 uqac.gestionvieetu/com.android.tools.fd.runtime.InstantRunService}
03-28 17:45:16.529  1260  4164 I BroadcastQueue: am_broadcast_enqueue: [background,0,Intent { act=android.intent.action.PACKAGE_RESTARTED dat=package:uqac.gestionvieetu flg=0x10 (has extras) },32]
03-28 17:45:16.529 27514 27514 D AndroidRuntime: Shutting down VM
03-28 17:45:16.531  1260  6808 I chatty  : uid=1000(system) Binder:1260_12 expire 1 line
03-28 17:45:16.538  1260  1290 I BroadcastQueue: am_broadcast_finished: [background,0,Intent { act=android.intent.action.PACKAGE_RESTARTED dat=package:uqac.gestionvieetu flg=0x10 (has extras) }]
03-28 17:45:16.542  3495  3495 D CarrierSvcBindHelper: No carrier app for: 0
03-28 17:45:16.556  4132  4132 D NfcService: GetDefaultRouteEntry :19
03-28 17:45:16.556  4132  4132 D NfcService: GetDefaultRouteLoc  :0
03-28 17:45:16.556  4132  4132 D NfcService: GetDefaultRouteEntry :19
03-28 17:45:16.556  4132  4132 D NfcService: GetDefaultRouteLoc  :0
03-28 17:45:16.556  4132  4132 D NfcService: GetDefaultRouteEntry :19
03-28 17:45:16.556  4132  4132 D NfcService: GetDefaultRouteLoc  :0
03-28 17:45:16.636   582   671 I qdhwcomposer: handle_blank_event: dpy:0 panel power state: 1
03-28 17:45:16.636   582   582 D qdhwcomposer: hwc_setPowerMode: Done setting mode 2 on display 0
03-28 17:45:16.645   769  1183 D audio_hw_primary: adev_set_parameters: enter: screen_state=on
03-28 17:45:16.645   769  1183 D audio_hw_extn: audio_extn_set_anc_parameters: anc_enabled:0
03-28 17:45:16.645   769  1183 D audio_hw_extn: audio_extn_get_anc_enabled: anc_enabled:0
03-28 17:45:16.650  3287  3287 D SomcAutoSwipeHelper: <checkFingerprintRegistered()>
03-28 17:45:16.650  3287  3287 D SomcAutoSwipeHelper: -------------------------------------------
03-28 17:45:16.650  3287  3287 D SomcAutoSwipeHelper:   mRegisteredSensor              : false
03-28 17:45:16.650  3287  3287 D SomcAutoSwipeHelper:   mKeyguardShowing               : true
03-28 17:45:16.650  3287  3287 D SomcAutoSwipeHelper:   mBouncerShowing                : false
03-28 17:45:16.650  3287  3287 D SomcAutoSwipeHelper:   mIsTouchedAfterWakingUp        : true
03-28 17:45:16.650  3287  3287 D SomcAutoSwipeHelper:   mIsFingerprintHardwareDetected : true
03-28 17:45:16.650  3287  3287 D SomcAutoSwipeHelper:   mIsFingerprintRegistered       : false
03-28 17:45:16.650  3287  3287 D SomcAutoSwipeHelper:   mSleep                         : false
03-28 17:45:16.650  3287  3287 D SomcAutoSwipeHelper: -------------------------------------------
03-28 17:45:16.650  3287  3287 D SomcAutoSwipeHelper: 
03-28 17:45:16.651  1260  6814 I chatty  : uid=1000(system) Binder:1260_17 expire 6 lines
03-28 17:45:16.652   796  4043 I chatty  : uid=1000(system) /system/bin/fingerprintd expire 9 lines
03-28 17:45:16.652  1260  4042 I chatty  : uid=1000(system) Binder:1260_8 expire 5 lines
03-28 17:45:16.652  3287  3287 D SomcAutoSwipeHelper: <registSensorListener()>
03-28 17:45:16.652  3287  3287 D SomcAutoSwipeHelper: -------------------------------------------
03-28 17:45:16.652  3287  3287 D SomcAutoSwipeHelper:   mRegisteredSensor              : true
03-28 17:45:16.652  3287  3287 D SomcAutoSwipeHelper:   mKeyguardShowing               : true
03-28 17:45:16.652  3287  3287 D SomcAutoSwipeHelper:   mBouncerShowing                : false
03-28 17:45:16.652  3287  3287 D SomcAutoSwipeHelper:   mIsTouchedAfterWakingUp        : false
03-28 17:45:16.652  3287  3287 D SomcAutoSwipeHelper:   mIsFingerprintHardwareDetected : true
03-28 17:45:16.652  3287  3287 D SomcAutoSwipeHelper:   mIsFingerprintRegistered       : false
03-28 17:45:16.652  3287  3287 D SomcAutoSwipeHelper:   mSleep                         : false
03-28 17:45:16.652  3287  3287 D SomcAutoSwipeHelper: -------------------------------------------
03-28 17:45:16.652  3287  3287 D SomcAutoSwipeHelper: 
03-28 17:45:16.662  4132  4132 D RegisteredNfcFServicesCache: Service unchanged, not updating
03-28 17:45:16.684  1260  1317 I DisplayPowerController: Unblocked screen on after 242 ms
03-28 17:45:16.695  3495  3495 D TransmitPower: PSensorObserver:onPSensorStateChanged() : isNear = false
03-28 17:45:16.697  3495  3495 D TransmitPower: PSensorObserver:onPSensorStateChanged() : isNear = false
03-28 17:45:16.699  3495  3495 D TransmitPower: PSensorObserver:onPSensorStateChanged() : isNear = false
03-28 17:45:16.713  1260  4439 I chatty  : uid=1000(system) IzatServiceBase expire 2 lines
03-28 17:45:16.740   609   609 D illumination-service: 'backlight': Color ff818181, BrMode 0, OnMS 0, OffMS 0, Mode 0
03-28 17:45:16.741   649   656 I touchbacklightd: illum_cb - backlight on
03-28 17:45:16.743   796  3222 I chatty  : uid=1000(system) /system/bin/fingerprintd expire 4 lines
03-28 17:45:16.755  1260  3213 W ActivityManager: Permission Denial: Accessing service ComponentInfo{com.sonyericsson.album/com.sonymobile.somcmediarouter.provider.dlna.DlnaMediaRouteProviderService} from pid=5438, uid=10047 that is not exported from uid 10084
03-28 17:45:16.759   845  3412 E LOWI-7.7.2.4: [LOWIUtils] channelBandToFreq: Invalid band,channel = 1,0
03-28 17:45:16.761  1260  6811 W ActivityManager: Permission Denial: Accessing service ComponentInfo{com.sonyericsson.music/com.sonymobile.somcmediarouter.provider.dlna.DlnaMediaRouteProviderService} from pid=5438, uid=10047 that is not exported from uid 10064
03-28 17:45:16.763  1260  4162 I BroadcastQueue: am_broadcast_finished: [foreground,1,Intent { act=android.intent.action.SCREEN_ON flg=0x50000010 }]
03-28 17:45:16.768  5438  5438 I CastMediaRouteProvider: in onDiscoveryRequestChanged: request=DiscoveryRequest{ selector=MediaRouteSelector{ controlCategories=[com.google.android.gms.cast.CATEGORY_CAST//urn:x-cast:com.google.cast.media] }, activeScan=false, isValid=true }
03-28 17:45:16.788  5438  5438 I CastMediaRouteProvider: Logging initial network connection state.
03-28 17:45:16.790  1260  3189 I chatty  : uid=1000(system) WifiStateMachin expire 11 lines
03-28 17:45:16.793  3287  3287 D KeyguardUpdateMonitor: received broadcast android.intent.action.TIME_TICK
03-28 17:45:16.793  3287  3287 D KeyguardUpdateMonitor: handleTimeUpdate
03-28 17:45:16.795  1260  5387 I BroadcastQueue: am_broadcast_enqueue: [background,0,Intent { act=android.net.conn.CONNECTIVITY_CHANGE flg=0x4000010 (has extras) },1]
03-28 17:45:16.796  1260  1290 I BroadcastQueue: am_broadcast_finished: [background,0,Intent { act=android.net.conn.CONNECTIVITY_CHANGE flg=0x4000010 (has extras) }]
03-28 17:45:16.800  5438  5438 I CastMediaRouteProvider: Network connectivity changed
03-28 17:45:16.808  3287  3535 D KeyguardViewMediator: notifyScreenTurnedOn
03-28 17:45:16.809  3287  3287 D KeyguardViewMediator: handleNotifyScreenTurnedOn
03-28 17:45:16.812  5438  5712 I DeviceScanner: [MDNS] Filter criteria: %urn:x-cast:com.google.cast.media
03-28 17:45:16.812  5438  5712 I DeviceScanner: [MDNS] updateScannerState: No filter criteria was added.
03-28 17:45:16.812  5438  5712 I DeviceScanner: [MDNS] updateScannerState: No filter criteria was removed.
03-28 17:45:16.813  1260  6808 I BroadcastQueue: am_broadcast_enqueue: [background,0,Intent { act=android.net.conn.CONNECTIVITY_CHANGE flg=0x4000010 (has extras) },1]
03-28 17:45:16.814  1260  1290 I BroadcastQueue: am_broadcast_finished: [background,0,Intent { act=android.net.conn.CONNECTIVITY_CHANGE flg=0x4000010 (has extras) }]
03-28 17:45:16.832  5438  5712 W MdnsClient_Cast: #acquireLock. Multicast lock not held. Acquiring. Subtypes:"%9E5E7C8F47989526C9BCD95D24084F6F0B27C5ED"
03-28 17:45:16.840  5438  5712 I DeviceScanner: [CastNearby] Filter criteria: %urn:x-cast:com.google.cast.media
03-28 17:45:16.841  5438  5712 I DeviceScanner: [CastNearby] updateScannerState: No filter criteria was added.
03-28 17:45:16.841  5438  5712 I DeviceScanner: [CastNearby] updateScannerState: No filter criteria was removed.
03-28 17:45:16.842  1260  3908 I BroadcastQueue: am_broadcast_enqueue: [background,0,Intent { act=android.net.conn.CONNECTIVITY_CHANGE flg=0x4000010 (has extras) },1]
03-28 17:45:16.842  1260  1290 I BroadcastQueue: am_broadcast_finished: [background,0,Intent { act=android.net.conn.CONNECTIVITY_CHANGE flg=0x4000010 (has extras) }]
03-28 17:45:16.852  5438  5712 I WifiManager: Process gle.android.gms requested a scan
03-28 17:45:16.878 27539 27539 W System  : ClassLoader referenced unknown path: /data/app/uqac.gestionvieetu-2/lib/arm64
03-28 17:45:16.890  1260  5387 I BroadcastQueue: am_broadcast_finished: [foreground,1,Intent { act=android.intent.action.TIME_TICK flg=0x50000014 (has extras) }]
03-28 17:45:16.919 27553 27553 D SomcExtendedUtils: SomcExtendedUtils()
03-28 17:45:16.924 27553 27553 D AndroidRuntime: >>>>>> START com.android.internal.os.RuntimeInit uid 2000 <<<<<<
03-28 17:45:16.926 27553 27553 D AndroidRuntime: CheckJNI is OFF
03-28 17:45:16.963  5438  5438 V MediaRouter: Dispatching route change: UserRouteInfo{ name=null, description=null, status=null, category=RouteCategory{ name=Appareils types=ROUTE_TYPE_USER  groupable=false }, supportedTypes=ROUTE_TYPE_USER , presentationDisplay=null }
03-28 17:45:16.964  5438  5438 V MediaRouter: Dispatching route change: UserRouteInfo{ name=Salon, description=null, status=null, category=RouteCategory{ name=Appareils types=ROUTE_TYPE_USER  groupable=false }, supportedTypes=ROUTE_TYPE_USER , presentationDisplay=null }
03-28 17:45:16.964  5438  5438 V MediaRouter: Dispatching route change: UserRouteInfo{ name=Salon, description=Chromecast, status=null, category=RouteCategory{ name=Appareils types=ROUTE_TYPE_USER  groupable=false }, supportedTypes=ROUTE_TYPE_USER , presentationDisplay=null }
03-28 17:45:16.964  5438  5438 V MediaRouter: Adding route: UserRouteInfo{ name=Salon, description=Chromecast, status=null, category=RouteCategory{ name=Appareils types=ROUTE_TYPE_USER  groupable=false }, supportedTypes=ROUTE_TYPE_USER , presentationDisplay=null }
03-28 17:45:16.987 27553 27553 D ICU     : No timezone override file found: /data/misc/zoneinfo/current/icu/icu_tzdata.dat
03-28 17:45:17.009 27553 27553 I Radio-JNI: register_android_hardware_Radio DONE
03-28 17:45:17.023 27553 27553 D AndroidRuntime: Calling main entry com.android.commands.pm.Pm
03-28 17:45:17.036 27553 27553 I art     : System.exit called, status: 0
03-28 17:45:17.036 27553 27553 I AndroidRuntime: VM exiting with result code 0.
03-28 17:45:17.041 27553 27579 W MessageQueue: Handler (android.os.Handler) {bc148c} sending message to a Handler on a dead thread
03-28 17:45:17.041 27553 27579 W MessageQueue: java.lang.IllegalStateException: Handler (android.os.Handler) {bc148c} sending message to a Handler on a dead thread
03-28 17:45:17.041 27553 27579 W MessageQueue: 	at android.os.MessageQueue.enqueueMessage(MessageQueue.java:600)
03-28 17:45:17.041 27553 27579 W MessageQueue: 	at android.os.Handler.enqueueMessage(Handler.java:643)
03-28 17:45:17.041 27553 27579 W MessageQueue: 	at android.os.Handler.sendMessageAtTime(Handler.java:612)
03-28 17:45:17.041 27553 27579 W MessageQueue: 	at android.os.Handler.sendMessageDelayed(Handler.java:582)
03-28 17:45:17.041 27553 27579 W MessageQueue: 	at android.os.Handler.post(Handler.java:338)
03-28 17:45:17.041 27553 27579 W MessageQueue: 	at android.os.ResultReceiver$MyResultReceiver.send(ResultReceiver.java:57)
03-28 17:45:17.041 27553 27579 W MessageQueue: 	at com.android.internal.os.IResultReceiver$Stub.onTransact(IResultReceiver.java:58)
03-28 17:45:17.041 27553 27579 W MessageQueue: 	at android.os.Binder.execTransact(Binder.java:565)
03-28 17:45:17.358  3287  3287 D KeyguardSecurityView: showNextSecurityScreenOrFinish(false)
03-28 17:45:17.361  3287  3287 D KeyguardViewMediator: keyguardDone(true)
03-28 17:45:17.361  3287  3287 D PhoneStatusBar: disable: < expand ICONS alerts SYSTEM_INFO back HOME RECENT clock SEARCH quick_settings >
03-28 17:45:17.362  3287  3287 D KeyguardViewMediator: handleKeyguardDone
03-28 17:45:17.362  3287  3287 D KeyguardViewMediator: handleHide
03-28 17:45:17.384  1260  6812 W ActivityManager: Unable to start service Intent { act=com.android.launcher3.WINDOW_OVERLAY dat=app://com.sonyericsson.home:10102?v=0 pkg=com.google.android.googlequicksearchbox } U=0: not found
03-28 17:45:17.387  1260  4162 I BroadcastQueue: am_broadcast_enqueue: [background,1,Intent { act=org.codeaurora.action.stk.idle_screen flg=0x10 (has extras) },1]
03-28 17:45:17.387  3287  3287 D PhoneStatusBar: disable: < expand icons* alerts system_info* back HOME RECENT clock SEARCH quick_settings >
03-28 17:45:17.393  1260  4186 I BroadcastQueue: am_broadcast_finished: [background,1,Intent { act=org.codeaurora.action.stk.idle_screen flg=0x10 (has extras) }]
03-28 17:45:17.406  4225  4225 I Timeline: Timeline: Activity_idle id: android.os.BinderProxy@de08756 time:5493329
03-28 17:45:17.414  3287  3287 V KeyguardDisplayManager: hide
03-28 17:45:17.414  3287  3287 D KeyguardUpdateMonitor: onKeyguardVisibilityChanged(false)
03-28 17:45:17.415  3287  3287 D KeyguardViewMediator: adjustStatusBarLocked: mShowing=false mOccluded=false isSecure=false --> flags=0x0
03-28 17:45:17.416 25076 25076 I chatty  : uid=1000(system) /system/bin/ATFWD-daemon expire 13 lines
03-28 17:45:17.418  1260  4164 I BroadcastQueue: am_broadcast_enqueue: [background,0,Intent { act=android.intent.action.USER_PRESENT flg=0x24000010 },13]
03-28 17:45:17.418  1260  4164 I BroadcastQueue: am_broadcast_enqueue: [background,1,Intent { act=android.intent.action.USER_PRESENT flg=0x24000010 },10]
03-28 17:45:17.423  1260  1290 I BroadcastQueue: am_broadcast_finished: [background,0,Intent { act=android.intent.action.USER_PRESENT flg=0x24000010 }]
03-28 17:45:17.426  4132  4132 I NfcService: isInputSimPinCodeDone(): SIM state: 5
03-28 17:45:17.453  3234  3234 E FullInputEventModel: onStartInput event aborted: com.touchtype.keyboard.d.al: could not obtain extracted text (class com.touchtype.keyboard.d.al)
03-28 17:45:17.457  5438  5438 I DeviceCache: Unable to convert the the network interface's MAC Address to string. MAC address cannot be null.
03-28 17:45:17.458  5438  5438 I DeviceCache: Unable to convert the the network interface's MAC Address to string. MAC address cannot be null.
03-28 17:45:17.467  5438 27600 I Authzen : [DeviceStateSyncManager] The server is in sync with current state. Nothing to do
03-28 17:45:17.470  3287  3287 D SomcAutoSwipeHelper: <unregistSensorListener()>
03-28 17:45:17.470  3287  3287 D SomcAutoSwipeHelper: -------------------------------------------
03-28 17:45:17.470  3287  3287 D SomcAutoSwipeHelper:   mRegisteredSensor              : false
03-28 17:45:17.470  3287  3287 D SomcAutoSwipeHelper:   mKeyguardShowing               : false
03-28 17:45:17.470  3287  3287 D SomcAutoSwipeHelper:   mBouncerShowing                : false
03-28 17:45:17.470  3287  3287 D SomcAutoSwipeHelper:   mIsTouchedAfterWakingUp        : false
03-28 17:45:17.470  3287  3287 D SomcAutoSwipeHelper:   mIsFingerprintHardwareDetected : true
03-28 17:45:17.470  3287  3287 D SomcAutoSwipeHelper:   mIsFingerprintRegistered       : false
03-28 17:45:17.470  3287  3287 D SomcAutoSwipeHelper:   mSleep                         : false
03-28 17:45:17.470  3287  3287 D SomcAutoSwipeHelper: -------------------------------------------
03-28 17:45:17.470  3287  3287 D SomcAutoSwipeHelper: 
03-28 17:45:17.470  3287  3287 D PhoneStatusBar: disable: < expand icons alerts system_info back home* recent* clock search* quick_settings >
03-28 17:45:17.489  1260  3616 I ActivityManager: Start proc 27608:com.sonymobile.entrance/u0a88 for broadcast com.sonymobile.entrance/com.sonymobile.ree.service.UserPresentReceiver
03-28 17:45:17.527 27608 27608 I art     : Starting a blocking GC AddRemoveAppImageSpace
03-28 17:45:17.559 27608 27608 I LoadedApk: No resource references to update in package alias:android.res.overlay_305
03-28 17:45:17.560 27608 27608 I LoadedApk: No resource references to update in package alias:android.res.overlay_310_141
03-28 17:45:17.560 27608 27608 I LoadedApk: No resource references to update in package alias:com.sonymobile.dummy
03-28 17:45:17.665 27608 27608 I GAv4    : Google Analytics 8.1.15 is starting up. To enable debug logging on a device run:
03-28 17:45:17.665 27608 27608 I GAv4    :   adb shell setprop log.tag.GAv4 DEBUG
03-28 17:45:17.665 27608 27608 I GAv4    :   adb logcat -s GAv4
03-28 17:45:17.715 27608 27608 W GAv4    : CampaignTrackingReceiver is not registered, not exported or is disabled. Installation campaign tracking is not possible. See http://goo.gl/8Rd3yj for instructions.
03-28 17:45:17.769 27597 27597 D SomcExtendedUtils: SomcExtendedUtils()
03-28 17:45:17.774 27597 27597 D AndroidRuntime: >>>>>> START com.android.internal.os.RuntimeInit uid 2000 <<<<<<
03-28 17:45:17.777 27597 27597 D AndroidRuntime: CheckJNI is OFF
03-28 17:45:17.796 27608 27608 E GoogleTagManager: Invalid macro: _gtm.loadEventEnabled
