04-19 11:46:40.615  2270  2641 I chatty  : uid=1000(system) InputDispatcher expire 2 lines
04-19 11:46:40.656  2270  2797 I chatty  : uid=1000(system) Binder:2270_6 expire 1 line
04-19 11:46:40.666  2270  3712 I chatty  : uid=1000(system) Binder:2270_14 expire 7 lines
04-19 11:46:44.366  2270  2285 I chatty  : uid=1000(system) Binder:2270_2 expire 4 lines
04-19 11:47:22.810  2270  2335 I chatty  : uid=1000(system) PackageManager expire 12 lines
04-19 11:47:25.061  2270 12883 I chatty  : uid=1000(system) Binder:2270_1F expire 2 lines
04-19 11:47:25.607 18519 18519 W ContextImpl: Calling a method in the system process without a qualified user: android.app.ContextImpl.startService:1362 android.content.ContextWrapper.startService:613 android.content.ContextWrapper.startService:613 com.android.keychain.KeyChainBroadcastReceiver.onReceive:12 android.app.ActivityThread.handleReceiver:3085 
04-19 11:47:26.114 18549 18605 E ActivityThread: Failed to find provider info for com.facebook.appmanager.oxygen.nekodirect.progress
04-19 11:47:26.253  2270  3436 I chatty  : uid=1000(system) backup expire 1 line
04-19 11:47:26.508  2270  3693 I chatty  : uid=1000(system) Binder:2270_F expire 1 line
04-19 11:47:26.508  2270  2294 I chatty  : uid=1000(system) ActivityManager expire 4 lines
04-19 11:47:26.521  2270 11358 I chatty  : uid=1000(system) Binder:2270_17 expire 1 line
04-19 11:47:26.609  2270  2692 I chatty  : uid=1000(system) Binder:2270_3 expire 4 lines
04-19 11:47:26.634  2270  3632 I chatty  : uid=1000(system) Binder:2270_9 expire 2 lines
04-19 11:47:26.687  2270  2790 I chatty  : uid=1000(system) Binder:2270_5 expire 2 lines
04-19 11:47:27.392  2270  3479 I chatty  : uid=1000(system) Binder:2270_7 expire 2 lines
04-19 11:47:27.667  2270  3711 I chatty  : uid=1000(system) Binder:2270_13 expire 2 lines
04-19 11:47:27.776  2270 24013 I chatty  : uid=1000(system) Binder:2270_1C expire 3 lines
04-19 11:47:27.797  2270 11557 I chatty  : uid=1000(system) Binder:2270_19 expire 1 line
04-19 11:47:28.547 18575 18575 E AndroidRuntime: FATAL EXCEPTION: main
04-19 11:47:28.547 18575 18575 E AndroidRuntime: Process: uqac.gestionvieetu, PID: 18575
04-19 11:47:28.547 18575 18575 E AndroidRuntime: java.lang.NullPointerException: Attempt to invoke virtual method 'void com.roomorama.caldroid.CaldroidFragment.setBackgroundDrawableForDate(android.graphics.drawable.Drawable, java.util.Date)' on a null object reference
04-19 11:47:28.547 18575 18575 E AndroidRuntime: 	at uqac.gestionvieetu.Etudes.EtudesFragment.getEvenements(EtudesFragment.java:125)
04-19 11:47:28.547 18575 18575 E AndroidRuntime: 	at uqac.gestionvieetu.Etudes.EtudesFragment.onCreateView(EtudesFragment.java:44)
04-19 11:47:28.547 18575 18575 E AndroidRuntime: 	at android.support.v4.app.Fragment.performCreateView(Fragment.java:2184)
04-19 11:47:28.547 18575 18575 E AndroidRuntime: 	at android.support.v4.app.FragmentManagerImpl.moveToState(FragmentManager.java:1298)
04-19 11:47:28.547 18575 18575 E AndroidRuntime: 	at android.support.v4.app.FragmentManagerImpl.moveFragmentsToInvisible(FragmentManager.java:2323)
04-19 11:47:28.547 18575 18575 E AndroidRuntime: 	at android.support.v4.app.FragmentManagerImpl.executeOpsTogether(FragmentManager.java:2136)
04-19 11:47:28.547 18575 18575 E AndroidRuntime: 	at android.support.v4.app.FragmentManagerImpl.optimizeAndExecuteOps(FragmentManager.java:2092)
04-19 11:47:28.547 18575 18575 E AndroidRuntime: 	at android.support.v4.app.FragmentManagerImpl.execPendingActions(FragmentManager.java:1998)
04-19 11:47:28.547 18575 18575 E AndroidRuntime: 	at android.support.v4.app.FragmentManagerImpl$1.run(FragmentManager.java:709)
04-19 11:47:28.547 18575 18575 E AndroidRuntime: 	at android.os.Handler.handleCallback(Handler.java:751)
04-19 11:47:28.547 18575 18575 E AndroidRuntime: 	at android.os.Handler.dispatchMessage(Handler.java:95)
04-19 11:47:28.547 18575 18575 E AndroidRuntime: 	at android.os.Looper.loop(Looper.java:241)
04-19 11:47:28.547 18575 18575 E AndroidRuntime: 	at android.app.ActivityThread.main(ActivityThread.java:6217)
04-19 11:47:28.547 18575 18575 E AndroidRuntime: 	at java.lang.reflect.Method.invoke(Native Method)
04-19 11:47:28.547 18575 18575 E AndroidRuntime: 	at com.android.internal.os.ZygoteInit$MethodAndArgsCaller.run(ZygoteInit.java:865)
04-19 11:47:28.547 18575 18575 E AndroidRuntime: 	at com.android.internal.os.ZygoteInit.main(ZygoteInit.java:755)
04-19 11:47:28.616  2270  2314 I chatty  : uid=1000(system) FileObserver expire 1 line
04-19 11:47:28.985  2270  3689 I chatty  : uid=1000(system) Binder:2270_E expire 2 lines
04-19 11:47:29.056  2270 16877 I chatty  : uid=1000(system) Binder:2270_1D expire 6 lines
04-19 11:47:29.142  2270 20441 I chatty  : uid=1000(system) Binder:2270_1E expire 7 lines
04-19 11:47:29.145  2270  3697 I chatty  : uid=1000(system) Binder:2270_10 expire 9 lines
04-19 11:47:29.150  2270  3631 I chatty  : uid=1000(system) Binder:2270_8 expire 4 lines
04-19 11:47:29.219  2270  3633 I chatty  : uid=1000(system) Binder:2270_A expire 4 lines
04-19 11:47:29.238  2270 11357 I chatty  : uid=1000(system) Binder:2270_16 expire 2 lines
04-19 11:47:29.377  2270 11556 I chatty  : uid=1000(system) Binder:2270_18 expire 4 lines
04-19 11:47:29.460  2270  2270 I chatty  : uid=1000 system_server expire 8 lines
04-19 11:47:29.583  2270  2284 I chatty  : uid=1000(system) Binder:2270_1 expire 3 lines
04-19 11:47:29.604  2270  3709 I chatty  : uid=1000(system) Binder:2270_12 expire 7 lines
04-19 11:47:29.977  2270 12883 I chatty  : uid=1000(system) Binder:2270_1F expire 6 lines
04-19 11:47:30.004  2270  3632 I chatty  : uid=1000(system) Binder:2270_9 expire 8 lines
04-19 11:47:30.218  2270 11557 I chatty  : uid=1000(system) Binder:2270_19 expire 4 lines
04-19 11:47:30.230  2270  2668 I chatty  : uid=1000(system) WifiStateMachin expire 2 lines
04-19 11:47:30.237  2270  2294 I chatty  : uid=1000(system) ActivityManager expire 34 lines
04-19 11:47:30.267  2270  3658 I chatty  : uid=1000(system) Binder:2270_C expire 3 lines
04-19 11:47:30.427  2270  3693 I chatty  : uid=1000(system) Binder:2270_F expire 6 lines
04-19 11:47:30.523  2270  3479 I chatty  : uid=1000(system) Binder:2270_7 expire 3 lines
04-19 11:47:30.567  2270  3706 I chatty  : uid=1000(system) Binder:2270_11 expire 6 lines
04-19 11:47:30.660  2270  3689 I chatty  : uid=1000(system) Binder:2270_E expire 4 lines
04-19 11:47:30.696  2270  3711 I chatty  : uid=1000(system) Binder:2270_13 expire 2 lines
04-19 11:47:30.845  2270 12884 I chatty  : uid=1000(system) Binder:2270_20 expire 4 lines
04-19 11:47:30.876  2270 11358 I chatty  : uid=1000(system) Binder:2270_17 expire 1 line
04-19 11:47:31.008 19176 19206 E ActivityThread: Failed to find provider info for com.facebook.appmanager.oxygen.nekodirect.progress
04-19 11:47:31.422  2270  2797 I chatty  : uid=1000(system) Binder:2270_6 expire 3 lines
04-19 11:47:31.499  2270  2790 I chatty  : uid=1000(system) Binder:2270_5 expire 3 lines
04-19 11:47:31.761  2270  2692 I chatty  : uid=1000(system) Binder:2270_3 expire 3 lines
04-19 11:47:32.113  2270  2788 I chatty  : uid=1000(system) Binder:2270_4 expire 4 lines
04-19 11:47:36.665  2270  3688 I chatty  : uid=1000(system) Binder:2270_D expire 2 lines
04-19 11:47:40.576  2270  2640 I chatty  : uid=1000(system) AlarmManager expire 4 lines
04-19 11:47:44.240  2270  2285 I chatty  : uid=1000(system) Binder:2270_2 expire 2 lines
04-19 11:47:53.158  2270  3654 I chatty  : uid=1000(system) Binder:2270_B expire 1 line
04-19 11:47:53.370  2270  2318 I chatty  : uid=1000(system) android.display expire 4 lines
04-19 11:47:55.587  2270  2642 I chatty  : uid=1000(system) InputReader expire 1 line
04-19 11:47:56.199  2270  2322 I chatty  : uid=1000(system) PowerManagerSer expire 3 lines
04-19 11:47:56.325  2773  2773 V KeyguardStatusView: refresh statusview showing:true
04-19 11:47:56.336  2773  2773 V KeyguardDisplayManager: show
04-19 11:48:02.731  2270 24012 I chatty  : uid=1000(system) Binder:2270_1B expire 6 lines
04-19 11:48:02.732  2270  2294 I chatty  : uid=1000(system) ActivityManager expire 11 lines
04-19 11:48:15.443  2270  2316 I chatty  : uid=1000(system) android.fg expire 6 lines
04-19 11:48:15.446  2270 10250 I chatty  : uid=1000(system) Binder:2270_15 expire 1 line
04-19 11:50:59.561  2270  2297 I chatty  : uid=1000(system) batterystats-sy expire 2 lines
04-19 11:50:59.767  2270  2270 I chatty  : uid=1000 system_server expire 8 lines
04-19 11:50:59.770  2270 11557 I chatty  : uid=1000(system) Binder:2270_19 expire 7 lines
04-19 11:50:59.779  2270  2294 I chatty  : uid=1000(system) ActivityManager expire 35 lines
04-19 11:50:59.781  2270  2284 I chatty  : uid=1000(system) Binder:2270_1 expire 3 lines
04-19 11:50:59.794  2270 24012 I chatty  : uid=1000(system) Binder:2270_1B expire 8 lines
04-19 11:50:59.842  2270  2293 I chatty  : uid=1000(system) android.bg expire 1 line
04-19 11:50:59.846  2270  3706 I chatty  : uid=1000(system) Binder:2270_11 expire 3 lines
04-19 11:50:59.881  2270 12883 I chatty  : uid=1000(system) Binder:2270_1F expire 10 lines
04-19 11:50:59.884  2270  2322 I chatty  : uid=1000(system) PowerManagerSer expire 1 line
04-19 11:50:59.889  2270  2797 I chatty  : uid=1000(system) Binder:2270_6 expire 3 lines
04-19 11:50:59.924 19832 19832 W ContextImpl: Calling a method in the system process without a qualified user: android.app.ContextImpl.startService:1362 android.content.ContextWrapper.startService:613 android.content.ContextWrapper.startService:613 com.sonymobile.smartcharger.SmartChargeReceiver.onReceive:45 android.app.ActivityThread.handleReceiver:3085 
04-19 11:50:59.944  2270  2788 I chatty  : uid=1000(system) Binder:2270_4 expire 2 lines
04-19 11:50:59.950  2270 10250 I chatty  : uid=1000(system) Binder:2270_15 expire 4 lines
04-19 11:51:00.068  2270  3688 I chatty  : uid=1000(system) Binder:2270_D expire 4 lines
04-19 11:51:00.072 19845 19845 D ActivityThread: Loading provider com.whatsapp.provider.contact: com.whatsapp.contact.ContactProvider
04-19 11:51:00.148  2270  3712 I chatty  : uid=1000(system) Binder:2270_14 expire 1 line
04-19 11:51:00.152  2270  3633 I chatty  : uid=1000(system) Binder:2270_A expire 2 lines
04-19 11:51:00.177  2270 20441 I chatty  : uid=1000(system) Binder:2270_1E expire 11 lines
04-19 11:51:00.183  2270  3711 I chatty  : uid=1000(system) Binder:2270_13 expire 14 lines
04-19 11:51:00.201  2270  3479 I chatty  : uid=1000(system) Binder:2270_7 expire 2 lines
04-19 11:51:00.321  2270  3632 I chatty  : uid=1000(system) Binder:2270_9 expire 1 line
04-19 11:51:00.362  2270  2285 I chatty  : uid=1000(system) Binder:2270_2 expire 6 lines
04-19 11:51:00.375  2270  3693 I chatty  : uid=1000(system) Binder:2270_F expire 4 lines
04-19 11:51:00.505 19832 19832 W ContextImpl: Calling a method in the system process without a qualified user: android.app.ContextImpl.startService:1362 android.content.ContextWrapper.startService:613 com.sonymobile.smartcharger.ChargerPlugFilterService$1.run:174 android.os.Handler.handleCallback:751 android.os.Handler.dispatchMessage:95 
04-19 11:51:00.511  2270  3709 I chatty  : uid=1000(system) Binder:2270_12 expire 2 lines
04-19 11:51:00.522  2270  2692 I chatty  : uid=1000(system) Binder:2270_3 expire 2 lines
04-19 11:51:00.580  2270 11358 I chatty  : uid=1000(system) Binder:2270_17 expire 9 lines
04-19 11:51:00.593 19832 19832 W ContextImpl: Calling a method in the system process without a qualified user: android.app.ContextImpl.startService:1362 android.content.ContextWrapper.startService:613 com.sonymobile.smartcharger.SmartChargeService.deleteNotif:1177 com.sonymobile.smartcharger.SmartChargeService.offState:955 com.sonymobile.smartcharger.SmartChargeService.onStartCommand:437 
04-19 11:51:00.596 19832 19832 W ContextImpl: Calling a method in the system process without a qualified user: android.app.ContextImpl.sendBroadcast:882 com.sonymobile.smartcharger.SmartChargeService.deleteDialog:1206 com.sonymobile.smartcharger.SmartChargeService.offState:956 com.sonymobile.smartcharger.SmartChargeService.onStartCommand:437 android.app.ActivityThread.handleServiceArgs:3371 
04-19 11:51:00.599 16639 16639 W ContextImpl: Calling a method in the system process without a qualified user: android.app.ContextImpl.stopService:1368 android.content.ContextWrapper.stopService:618 android.content.ContextWrapper.stopService:618 com.sonymobile.enterprise.service.UsbReceiver.onReceive:28 android.app.ActivityThread.handleReceiver:3085 
04-19 11:51:00.642  2270  3654 I chatty  : uid=1000(system) Binder:2270_B expire 3 lines
04-19 11:51:00.663  2270 12884 I chatty  : uid=1000(system) Binder:2270_20 expire 5 lines
04-19 11:51:00.666  2270  2790 I chatty  : uid=1000(system) Binder:2270_5 expire 10 lines
04-19 11:51:00.716  2270  3631 I chatty  : uid=1000(system) Binder:2270_8 expire 3 lines
04-19 11:51:00.731  2270 11558 I chatty  : uid=1000(system) Binder:2270_1A expire 1 line
04-19 11:51:00.753  2270  3697 I chatty  : uid=1000(system) Binder:2270_10 expire 1 line
04-19 11:51:01.440  2270 16877 I chatty  : uid=1000(system) Binder:2270_1D expire 3 lines
04-19 11:51:03.448  2270  2642 I chatty  : uid=1000(system) InputReader expire 2 lines
04-19 11:51:03.494  2270  2688 I chatty  : uid=1000(system) AudioService expire 12 lines
04-19 11:51:03.540  2270  3121 I chatty  : uid=1000(system) uteStateMachine expire 5 lines
04-19 11:51:03.766  2270 11556 I chatty  : uid=1000(system) Binder:2270_18 expire 1 line
04-19 11:51:04.217  2270  2668 I chatty  : uid=1000(system) WifiStateMachin expire 5 lines
04-19 11:51:05.194  2773  2773 V KeyguardDisplayManager: hide
04-19 11:51:05.981  2270  2294 I chatty  : uid=1000(system) ActivityManager expire 17 lines
04-19 11:51:05.997  2270  3632 I chatty  : uid=1000(system) Binder:2270_9 expire 5 lines
04-19 11:51:06.023  2270 24012 I chatty  : uid=1000(system) Binder:2270_1B expire 3 lines
04-19 11:51:07.374  2270 12884 I chatty  : uid=1000(system) Binder:2270_20 expire 4 lines
04-19 11:51:08.340  2270  2285 I chatty  : uid=1000(system) Binder:2270_2 expire 3 lines
04-19 11:51:08.389  2270  3631 I chatty  : uid=1000(system) Binder:2270_8 expire 7 lines
04-19 11:51:08.753  2270  3689 I chatty  : uid=1000(system) Binder:2270_E expire 2 lines
04-19 11:51:08.792  2270  2790 I chatty  : uid=1000(system) Binder:2270_5 expire 7 lines
04-19 11:51:08.816  2270 24013 I chatty  : uid=1000(system) Binder:2270_1C expire 1 line
04-19 11:51:09.056  2270 10250 I chatty  : uid=1000(system) Binder:2270_15 expire 8 lines
04-19 11:51:09.323  2270  3693 I chatty  : uid=1000(system) Binder:2270_F expire 2 lines
04-19 11:51:09.422  2270 12883 I chatty  : uid=1000(system) Binder:2270_1F expire 9 lines
04-19 11:51:09.480  2270  2317 I chatty  : uid=1000(system) android.io expire 4 lines
04-19 11:51:09.494  2270 11357 I chatty  : uid=1000(system) Binder:2270_16 expire 1 line
04-19 11:51:09.655  2270  3709 I chatty  : uid=1000(system) Binder:2270_12 expire 5 lines
04-19 11:51:09.659  2270 16877 I chatty  : uid=1000(system) Binder:2270_1D expire 3 lines
04-19 11:51:12.140  2270  2788 I chatty  : uid=1000(system) Binder:2270_4 expire 8 lines
04-19 11:51:13.151  2270  3633 I chatty  : uid=1000(system) Binder:2270_A expire 4 lines
04-19 11:51:13.214  2270  3688 I chatty  : uid=1000(system) Binder:2270_D expire 2 lines
04-19 11:51:13.442  2270  2318 I chatty  : uid=1000(system) android.display expire 4 lines
04-19 11:51:14.386  2270  3654 I chatty  : uid=1000(system) Binder:2270_B expire 3 lines
04-19 11:51:16.156  2270 20441 I chatty  : uid=1000(system) Binder:2270_1E expire 5 lines
04-19 11:51:19.931  2270  2640 I chatty  : uid=1000(system) AlarmManager expire 10 lines
04-19 11:51:19.970  2270  2692 I chatty  : uid=1000(system) Binder:2270_3 expire 2 lines
04-19 11:51:22.414  2270  2270 I chatty  : uid=1000 system_server expire 9 lines
04-19 11:52:08.858  2270  2642 I chatty  : uid=1000(system) InputReader expire 2 lines
04-19 11:52:09.366  2270 11358 I chatty  : uid=1000(system) Binder:2270_17 expire 2 lines
04-19 11:52:09.475  2270  2322 I chatty  : uid=1000(system) PowerManagerSer expire 4 lines
04-19 11:52:09.627  2773  2773 V KeyguardStatusView: refresh statusview showing:true
04-19 11:52:09.640  2773  2773 V KeyguardDisplayManager: show
04-19 11:52:14.319  2270  2294 I chatty  : uid=1000(system) ActivityManager expire 15 lines
04-19 11:52:31.940  2270  2284 I chatty  : uid=1000(system) Binder:2270_1 expire 6 lines
04-19 11:52:51.616  2270  2316 I chatty  : uid=1000(system) android.fg expire 4 lines
04-19 11:52:51.617  2270  2297 I chatty  : uid=1000(system) batterystats-sy expire 8 lines
04-19 11:52:51.619  2270  3711 I chatty  : uid=1000(system) Binder:2270_13 expire 3 lines
04-19 11:53:51.743  2270 11558 I chatty  : uid=1000(system) Binder:2270_1A expire 1 line
04-19 11:54:05.651  2270  3697 I chatty  : uid=1000(system) Binder:2270_10 expire 2 lines
04-19 11:54:05.678  2270  3706 I chatty  : uid=1000(system) Binder:2270_11 expire 2 lines
04-19 11:54:05.707  2270 11556 I chatty  : uid=1000(system) Binder:2270_18 expire 2 lines
04-19 11:54:05.791  2270  3658 I chatty  : uid=1000(system) Binder:2270_C expire 1 line
04-19 11:54:05.861  2270  3479 I chatty  : uid=1000(system) Binder:2270_7 expire 1 line
04-19 11:54:05.891  2270  3712 I chatty  : uid=1000(system) Binder:2270_14 expire 1 line
04-19 11:54:06.013  2270 11557 I chatty  : uid=1000(system) Binder:2270_19 expire 1 line
04-19 11:54:06.887  2773  2773 V KeyguardDisplayManager: hide
04-19 11:54:06.898  2270  2294 I chatty  : uid=1000(system) ActivityManager expire 30 lines
04-19 11:54:06.989  2270  3688 I chatty  : uid=1000(system) Binder:2270_D expire 9 lines
04-19 11:54:07.001  2270 11557 I chatty  : uid=1000(system) Binder:2270_19 expire 5 lines
04-19 11:54:07.017  2270 11357 I chatty  : uid=1000(system) Binder:2270_16 expire 3 lines
04-19 11:54:08.695  2270  2641 I chatty  : uid=1000(system) InputDispatcher expire 4 lines
04-19 11:54:08.815  2270  3633 I chatty  : uid=1000(system) Binder:2270_A expire 7 lines
04-19 11:54:08.816  2270  3712 I chatty  : uid=1000(system) Binder:2270_14 expire 4 lines
04-19 11:54:08.974  2270  2285 I chatty  : uid=1000(system) Binder:2270_2 expire 1 line
04-19 11:54:08.979  2270  2790 I chatty  : uid=1000(system) Binder:2270_5 expire 2 lines
04-19 11:54:08.982  2270 11558 I chatty  : uid=1000(system) Binder:2270_1A expire 12 lines
04-19 11:54:09.735  2270  2668 I chatty  : uid=1000(system) WifiStateMachin expire 7 lines
04-19 11:54:09.863  2270  2318 I chatty  : uid=1000(system) android.display expire 3 lines
04-19 11:54:11.078  2270  3693 I chatty  : uid=1000(system) Binder:2270_F expire 7 lines
04-19 11:54:11.081  2270  2284 I chatty  : uid=1000(system) Binder:2270_1 expire 5 lines
04-19 11:54:11.114  2270 11556 I chatty  : uid=1000(system) Binder:2270_18 expire 2 lines
04-19 11:54:12.048  2270 10250 I chatty  : uid=1000(system) Binder:2270_15 expire 2 lines
04-19 11:54:13.386  2270 24012 I chatty  : uid=1000(system) Binder:2270_1B expire 4 lines
04-19 11:54:13.425  2270  3631 I chatty  : uid=1000(system) Binder:2270_8 expire 4 lines
04-19 11:54:14.458  2270 12884 I chatty  : uid=1000(system) Binder:2270_20 expire 6 lines
04-19 11:54:14.518  2270  2293 I chatty  : uid=1000(system) android.bg expire 2 lines
04-19 11:54:14.812  2270  3706 I chatty  : uid=1000(system) Binder:2270_11 expire 5 lines
04-19 11:54:15.010  2270  3632 I chatty  : uid=1000(system) Binder:2270_9 expire 3 lines
04-19 11:54:15.102  2270  2692 I chatty  : uid=1000(system) Binder:2270_3 expire 6 lines
04-19 11:54:15.154  2270  2797 I chatty  : uid=1000(system) Binder:2270_6 expire 8 lines
04-19 11:54:15.156  2270  2681 I chatty  : uid=1000(system) ConnectivitySer expire 5 lines
04-19 11:54:15.190  2270 24013 I chatty  : uid=1000(system) Binder:2270_1C expire 3 lines
04-19 11:54:15.212  2270  3689 I chatty  : uid=1000(system) Binder:2270_E expire 5 lines
04-19 11:54:17.209  2270  3479 I chatty  : uid=1000(system) Binder:2270_7 expire 4 lines
04-19 11:54:17.280  2270  3711 I chatty  : uid=1000(system) Binder:2270_13 expire 2 lines
04-19 11:54:17.280  2270  3658 I chatty  : uid=1000(system) Binder:2270_C expire 3 lines
04-19 11:54:17.281  2270  3654 I chatty  : uid=1000(system) Binder:2270_B expire 3 lines
04-19 11:54:17.282  2270 16877 I chatty  : uid=1000(system) Binder:2270_1D expire 4 lines
04-19 11:54:17.453  2270  2317 I chatty  : uid=1000(system) android.io expire 2 lines
04-19 11:54:17.456  2270 12883 I chatty  : uid=1000(system) Binder:2270_1F expire 1 line
04-19 11:54:17.621  2270  3709 I chatty  : uid=1000(system) Binder:2270_12 expire 3 lines
04-19 11:54:20.561  2270  2788 I chatty  : uid=1000(system) Binder:2270_4 expire 1 line
04-19 11:54:24.378  2270 11358 I chatty  : uid=1000(system) Binder:2270_17 expire 5 lines
04-19 11:54:26.138  2270 20441 I chatty  : uid=1000(system) Binder:2270_1E expire 2 lines
04-19 11:54:26.154  2270  2640 I chatty  : uid=1000(system) AlarmManager expire 6 lines
04-19 11:54:58.869  2270  3697 I chatty  : uid=1000(system) Binder:2270_10 expire 3 lines
04-19 11:55:03.291  2270  2285 I chatty  : uid=1000(system) Binder:2270_2 expire 15 lines
04-19 11:55:03.696  2270  3711 I chatty  : uid=1000(system) Binder:2270_13 expire 16 lines
04-19 11:55:03.698  2270  2294 I chatty  : uid=1000(system) ActivityManager expire 35 lines
04-19 11:55:03.700  2270  2788 I chatty  : uid=1000(system) Binder:2270_4 expire 4 lines
04-19 11:55:03.733  2270 24012 I chatty  : uid=1000(system) Binder:2270_1B expire 5 lines
04-19 11:55:04.255  3683  3770 W ContextImpl: Calling a method in the system process without a qualified user: android.app.ContextImpl.bindService:1426 android.content.ContextWrapper.bindService:636 com.google.android.gms.ads.identifier.AdvertisingIdClient.h:-1 com.google.android.gms.ads.identifier.AdvertisingIdClient.b:-1 com.google.android.gms.ads.identifier.AdvertisingIdClient.getAdvertisingIdInfo:-1 
04-19 11:55:05.915  2270  3632 I chatty  : uid=1000(system) Binder:2270_9 expire 2 lines
04-19 11:55:13.843  2270 16877 I chatty  : uid=1000(system) Binder:2270_1D expire 2 lines
04-19 11:55:14.444  2270 11557 I chatty  : uid=1000(system) Binder:2270_19 expire 1 line
04-19 11:55:16.454  2270 12883 I chatty  : uid=1000(system) Binder:2270_1F expire 3 lines
04-19 11:55:28.298  2270 11558 I chatty  : uid=1000(system) Binder:2270_1A expire 7 lines
04-19 11:55:39.480  2270 11357 I chatty  : uid=1000(system) Binder:2270_16 expire 6 lines
04-19 11:55:41.594  2270 11358 I chatty  : uid=1000(system) Binder:2270_17 expire 6 lines
04-19 11:55:48.720  2270  2640 I chatty  : uid=1000(system) AlarmManager expire 2 lines
04-19 11:55:48.723  2270  3712 I chatty  : uid=1000(system) Binder:2270_14 expire 2 lines
04-19 11:55:48.789  2270  3689 I chatty  : uid=1000(system) Binder:2270_E expire 11 lines
04-19 11:55:58.794  2270  3706 I chatty  : uid=1000(system) Binder:2270_11 expire 2 lines
04-19 11:55:59.085  2270  2692 I chatty  : uid=1000(system) Binder:2270_3 expire 4 lines
04-19 11:55:59.285  2270  3658 I chatty  : uid=1000(system) Binder:2270_C expire 15 lines
04-19 11:56:00.154  2270 10250 I chatty  : uid=1000(system) Binder:2270_15 expire 6 lines
04-19 11:56:00.189  2270 11556 I chatty  : uid=1000(system) Binder:2270_18 expire 4 lines
04-19 11:56:01.153  2270  2641 I chatty  : uid=1000(system) InputDispatcher expire 2 lines
04-19 11:56:01.248  2270  3654 I chatty  : uid=1000(system) Binder:2270_B expire 3 lines
04-19 11:56:03.256  2270  2668 I chatty  : uid=1000(system) WifiStateMachin expire 2 lines
04-19 11:56:07.403  2270 24013 I chatty  : uid=1000(system) Binder:2270_1C expire 2 lines
04-19 11:56:07.515  2270  2797 I chatty  : uid=1000(system) Binder:2270_6 expire 10 lines
04-19 11:56:10.592  2270  2659 I chatty  : uid=1000(system) NetworkStats expire 3 lines
04-19 11:56:11.552  2270  3479 I chatty  : uid=1000(system) Binder:2270_7 expire 3 lines
04-19 11:56:11.641  2270 20441 I chatty  : uid=1000(system) Binder:2270_1E expire 2 lines
04-19 11:56:11.650  2270  2790 I chatty  : uid=1000(system) Binder:2270_5 expire 3 lines
04-19 11:56:19.568  2270  2318 I chatty  : uid=1000(system) android.display expire 2 lines
04-19 11:56:20.797  2270  3688 I chatty  : uid=1000(system) Binder:2270_D expire 9 lines
04-19 11:56:21.842  2270  3633 I chatty  : uid=1000(system) Binder:2270_A expire 5 lines
04-19 11:56:26.848  2270  2317 I chatty  : uid=1000(system) android.io expire 2 lines
04-19 11:56:55.790  2270  2270 I chatty  : uid=1000 system_server expire 1 line
04-19 11:56:55.800  2270  2297 I chatty  : uid=1000(system) batterystats-sy expire 4 lines
04-19 11:56:55.806  2270  2294 I chatty  : uid=1000(system) ActivityManager expire 64 lines
04-19 11:57:00.001  2270  2640 I chatty  : uid=1000(system) AlarmManager expire 4 lines
04-19 11:57:00.126  2270 24013 I chatty  : uid=1000(system) Binder:2270_1C expire 1 line
04-19 11:57:01.661  2270  2659 I chatty  : uid=1000(system) NetworkStats expire 15 lines
04-19 11:57:01.970  2270  3711 I chatty  : uid=1000(system) Binder:2270_13 expire 2 lines
04-19 11:57:02.003  2270 24012 I chatty  : uid=1000(system) Binder:2270_1B expire 1 line
04-19 11:57:02.232  2270 11557 I chatty  : uid=1000(system) Binder:2270_19 expire 6 lines
04-19 11:57:02.238  2270  2285 I chatty  : uid=1000(system) Binder:2270_2 expire 1 line
04-19 11:57:02.241  2270 16877 I chatty  : uid=1000(system) Binder:2270_1D expire 2 lines
04-19 11:57:04.486  2270  3632 I chatty  : uid=1000(system) Binder:2270_9 expire 5 lines
04-19 11:57:04.623  2270 11558 I chatty  : uid=1000(system) Binder:2270_1A expire 3 lines
04-19 11:57:04.677  2270  3689 I chatty  : uid=1000(system) Binder:2270_E expire 4 lines
04-19 11:57:04.718  2270  3712 I chatty  : uid=1000(system) Binder:2270_14 expire 2 lines
04-19 11:57:05.116  2270  2318 I chatty  : uid=1000(system) android.display expire 2 lines
04-19 11:57:09.536  2270  3479 I chatty  : uid=1000(system) Binder:2270_7 expire 6 lines
04-19 11:57:09.765  2270  3697 I chatty  : uid=1000(system) Binder:2270_10 expire 3 lines
04-19 11:57:09.952  2270 11556 I chatty  : uid=1000(system) Binder:2270_18 expire 3 lines
04-19 11:57:37.632  2270  2790 I chatty  : uid=1000(system) Binder:2270_5 expire 5 lines
04-19 11:57:39.341  2270  3693 I chatty  : uid=1000(system) Binder:2270_F expire 12 lines
04-19 11:57:40.562  2270  2284 I chatty  : uid=1000(system) Binder:2270_1 expire 3 lines
04-19 11:57:40.563  2270  2788 I chatty  : uid=1000(system) Binder:2270_4 expire 2 lines
04-19 11:57:40.563  2270  2692 I chatty  : uid=1000(system) Binder:2270_3 expire 1 line
04-19 11:57:40.569  2270  2681 I chatty  : uid=1000(system) ConnectivitySer expire 4 lines
04-19 11:57:40.711  2270  3633 I chatty  : uid=1000(system) Binder:2270_A expire 5 lines
04-19 11:57:40.861  2270 12884 I chatty  : uid=1000(system) Binder:2270_20 expire 5 lines
04-19 11:57:43.082  2270  3631 I chatty  : uid=1000(system) Binder:2270_8 expire 4 lines
04-19 11:57:44.341  2270 11357 I chatty  : uid=1000(system) Binder:2270_16 expire 1 line
04-19 11:58:00.152  2270 10250 I chatty  : uid=1000(system) Binder:2270_15 expire 5 lines
04-19 11:58:40.879  2270  2270 I chatty  : uid=1000 system_server expire 1 line
04-19 11:59:00.183  2270 12883 I chatty  : uid=1000(system) Binder:2270_1F expire 6 lines
04-19 11:59:15.699  2270  2641 I chatty  : uid=1000(system) InputDispatcher expire 2 lines
04-19 11:59:17.066  2270 11358 I chatty  : uid=1000(system) Binder:2270_17 expire 3 lines
04-19 11:59:20.367  2270  3654 I chatty  : uid=1000(system) Binder:2270_B expire 6 lines
04-19 11:59:20.440  2270  2797 I chatty  : uid=1000(system) Binder:2270_6 expire 2 lines
04-19 11:59:22.081  2270 20441 I chatty  : uid=1000(system) Binder:2270_1E expire 6 lines
04-19 11:59:27.413  2270  3706 I chatty  : uid=1000(system) Binder:2270_11 expire 1 line
04-19 11:59:27.420  2270  3658 I chatty  : uid=1000(system) Binder:2270_C expire 3 lines
04-19 11:59:30.050  2270  2294 I chatty  : uid=1000(system) ActivityManager expire 67 lines
04-19 11:59:30.123  2270  2797 I chatty  : uid=1000(system) Binder:2270_6 expire 1 line
04-19 11:59:30.146  2270 12883 I chatty  : uid=1000(system) Binder:2270_1F expire 3 lines
04-19 11:59:31.110  2270  2692 I chatty  : uid=1000(system) Binder:2270_3 expire 3 lines
04-19 11:59:31.463  2270  3633 I chatty  : uid=1000(system) Binder:2270_A expire 3 lines
04-19 11:59:31.691  2270  3632 I chatty  : uid=1000(system) Binder:2270_9 expire 2 lines
04-19 11:59:32.046  2270  3689 I chatty  : uid=1000(system) Binder:2270_E expire 3 lines
04-19 11:59:32.088  2270  3706 I chatty  : uid=1000(system) Binder:2270_11 expire 1 line
04-19 11:59:33.154  2270  3711 I chatty  : uid=1000(system) Binder:2270_13 expire 4 lines
04-19 11:59:33.731  2270  3712 I chatty  : uid=1000(system) Binder:2270_14 expire 4 lines
04-19 11:59:34.139  2270  2659 I chatty  : uid=1000(system) NetworkStats expire 39 lines
04-19 11:59:35.672  2270 10250 I chatty  : uid=1000(system) Binder:2270_15 expire 3 lines
04-19 11:59:35.675  2270 11556 I chatty  : uid=1000(system) Binder:2270_18 expire 2 lines
04-19 11:59:37.372  2270 24012 I chatty  : uid=1000(system) Binder:2270_1B expire 12 lines
04-19 11:59:37.755  2270  2284 I chatty  : uid=1000(system) Binder:2270_1 expire 3 lines
04-19 11:59:39.801  2270 24013 I chatty  : uid=1000(system) Binder:2270_1C expire 2 lines
04-19 11:59:41.774  2270  2285 I chatty  : uid=1000(system) Binder:2270_2 expire 3 lines
04-19 11:59:44.443  2270  2318 I chatty  : uid=1000(system) android.display expire 1 line
04-19 11:59:47.828  2270  3631 I chatty  : uid=1000(system) Binder:2270_8 expire 4 lines
04-19 11:59:48.001  2270  3693 I chatty  : uid=1000(system) Binder:2270_F expire 2 lines
04-19 11:59:48.006  2270 16877 I chatty  : uid=1000(system) Binder:2270_1D expire 2 lines
04-19 11:59:48.515  2270  3479 I chatty  : uid=1000(system) Binder:2270_7 expire 1 line
04-19 11:59:49.560  2270 11358 I chatty  : uid=1000(system) Binder:2270_17 expire 3 lines
04-19 11:59:53.430  2270 11558 I chatty  : uid=1000(system) Binder:2270_1A expire 3 lines
04-19 12:00:00.001  2270  2640 I chatty  : uid=1000(system) AlarmManager expire 16 lines
04-19 12:00:00.441  2270  2790 I chatty  : uid=1000(system) Binder:2270_5 expire 1 line
04-19 12:00:04.016  2270  2668 I chatty  : uid=1000(system) WifiStateMachin expire 2 lines
04-19 12:00:17.328  2270  2270 I chatty  : uid=1000 system_server expire 4 lines
04-19 12:00:31.840  2270  3654 I chatty  : uid=1000(system) Binder:2270_B expire 2 lines
04-19 12:00:31.850  2270  3697 I chatty  : uid=1000(system) Binder:2270_10 expire 3 lines
04-19 12:01:22.412  2270  2297 I chatty  : uid=1000(system) batterystats-sy expire 4 lines
04-19 12:03:00.157  2270  3688 I chatty  : uid=1000(system) Binder:2270_D expire 1 line
04-19 12:03:37.949  2270  3709 I chatty  : uid=1000(system) Binder:2270_12 expire 2 lines
04-19 12:05:15.293  2270  2294 I chatty  : uid=1000(system) ActivityManager expire 37 lines
04-19 12:05:15.897  2270  2270 I chatty  : uid=1000 system_server expire 9 lines
04-19 12:05:15.909  2270  2297 I chatty  : uid=1000(system) batterystats-sy expire 14 lines
04-19 12:05:24.211  2270  2659 I chatty  : uid=1000(system) NetworkStats expire 32 lines
04-19 12:06:00.000  2270  2640 I chatty  : uid=1000(system) AlarmManager expire 15 lines
04-19 12:06:00.136  2270  2790 I chatty  : uid=1000(system) Binder:2270_5 expire 1 line
04-19 12:06:06.277  2270  3479 I chatty  : uid=1000(system) Binder:2270_7 expire 1 line
04-19 12:07:00.177  2270  3711 I chatty  : uid=1000(system) Binder:2270_13 expire 1 line
04-19 12:07:22.950  2270  2293 I chatty  : uid=1000(system) android.bg expire 1 line
04-19 12:07:28.009  2270 11558 I chatty  : uid=1000(system) Binder:2270_1A expire 6 lines
04-19 12:09:00.153  2270  3632 I chatty  : uid=1000(system) Binder:2270_9 expire 2 lines
04-19 12:10:00.135  2270 12883 I chatty  : uid=1000(system) Binder:2270_1F expire 2 lines
04-19 12:10:04.357  3683  3770 W ContextImpl: Calling a method in the system process without a qualified user: android.app.ContextImpl.bindService:1426 android.content.ContextWrapper.bindService:636 com.google.android.gms.ads.identifier.AdvertisingIdClient.h:-1 com.google.android.gms.ads.identifier.AdvertisingIdClient.b:-1 com.google.android.gms.ads.identifier.AdvertisingIdClient.getAdvertisingIdInfo:-1 
04-19 12:10:08.159  2270  2659 I chatty  : uid=1000(system) NetworkStats expire 5 lines
04-19 12:10:08.159  2270  2294 I chatty  : uid=1000(system) ActivityManager expire 20 lines
04-19 12:10:33.967  2270 11557 I chatty  : uid=1000(system) Binder:2270_19 expire 2 lines
04-19 12:10:33.973  2270 11357 I chatty  : uid=1000(system) Binder:2270_16 expire 3 lines
04-19 12:10:34.282  2270  3693 I chatty  : uid=1000(system) Binder:2270_F expire 10 lines
04-19 12:10:34.286  2270  3633 I chatty  : uid=1000(system) Binder:2270_A expire 2 lines
04-19 12:10:36.181  2270  2642 I chatty  : uid=1000(system) InputReader expire 3 lines
04-19 12:10:36.918  2270  2688 I chatty  : uid=1000(system) AudioService expire 13 lines
04-19 12:10:36.970  2270  3121 I chatty  : uid=1000(system) uteStateMachine expire 6 lines
04-19 12:10:38.558  2270  2318 I chatty  : uid=1000(system) android.display expire 1 line
04-19 12:10:38.576  2270 11556 I chatty  : uid=1000(system) Binder:2270_18 expire 3 lines
04-19 12:10:38.761  2270  2322 I chatty  : uid=1000(system) PowerManagerSer expire 1 line
04-19 12:10:38.947  2773  2773 V KeyguardStatusView: refresh statusview showing:true
04-19 12:10:38.966  2773  2773 V KeyguardDisplayManager: show
04-19 12:10:39.081  2270  2797 I chatty  : uid=1000(system) Binder:2270_6 expire 2 lines
04-19 12:11:05.585  2270  2316 I chatty  : uid=1000(system) android.fg expire 4 lines
04-19 12:11:05.588  2270 20441 I chatty  : uid=1000(system) Binder:2270_1E expire 2 lines
04-19 12:11:19.436  2270 24013 I chatty  : uid=1000(system) Binder:2270_1C expire 2 lines
04-19 12:11:19.617  2270  3689 I chatty  : uid=1000(system) Binder:2270_E expire 1 line
04-19 12:11:23.434  2270  2294 I chatty  : uid=1000(system) ActivityManager expire 7 lines
04-19 12:12:32.238  2270  2284 I chatty  : uid=1000(system) Binder:2270_1 expire 1 line
04-19 12:12:32.253  2270 24012 I chatty  : uid=1000(system) Binder:2270_1B expire 1 line
04-19 12:12:32.301  2270  3688 I chatty  : uid=1000(system) Binder:2270_D expire 3 lines
04-19 12:12:38.865  2270 12884 I chatty  : uid=1000(system) Binder:2270_20 expire 8 lines
04-19 12:12:38.889  2270  2640 I chatty  : uid=1000(system) AlarmManager expire 7 lines
04-19 12:12:38.905  2270 20441 I chatty  : uid=1000(system) Binder:2270_1E expire 5 lines
04-19 12:12:43.842  2270  2294 I chatty  : uid=1000(system) ActivityManager expire 20 lines
04-19 12:12:47.007  2270 11557 I chatty  : uid=1000(system) Binder:2270_19 expire 22 lines
04-19 12:12:48.260  2270  3479 I chatty  : uid=1000(system) Binder:2270_7 expire 11 lines
04-19 12:12:49.294  2270  3631 I chatty  : uid=1000(system) Binder:2270_8 expire 5 lines
04-19 12:12:49.331  2270 24012 I chatty  : uid=1000(system) Binder:2270_1B expire 4 lines
04-19 12:12:49.342  2270  2790 I chatty  : uid=1000(system) Binder:2270_5 expire 4 lines
04-19 12:12:49.353  2270  3632 I chatty  : uid=1000(system) Binder:2270_9 expire 4 lines
04-19 12:12:49.354  2270 24013 I chatty  : uid=1000(system) Binder:2270_1C expire 2 lines
04-19 12:12:51.210  2270 11357 I chatty  : uid=1000(system) Binder:2270_16 expire 4 lines
04-19 12:12:51.279  2270  3712 I chatty  : uid=1000(system) Binder:2270_14 expire 3 lines
04-19 12:12:57.601  2270  3697 I chatty  : uid=1000(system) Binder:2270_10 expire 11 lines
04-19 12:12:57.618  2270  3689 I chatty  : uid=1000(system) Binder:2270_E expire 13 lines
04-19 12:12:58.904  2270 11358 I chatty  : uid=1000(system) Binder:2270_17 expire 3 lines
04-19 12:12:58.941  2270 11556 I chatty  : uid=1000(system) Binder:2270_18 expire 5 lines
04-19 12:12:58.942  2270 10250 I chatty  : uid=1000(system) Binder:2270_15 expire 4 lines
04-19 12:13:30.174  2270  2297 I chatty  : uid=1000(system) batterystats-sy expire 16 lines
04-19 12:13:30.174  2270  2316 I chatty  : uid=1000(system) android.fg expire 8 lines
04-19 12:13:37.754  2270  3693 I chatty  : uid=1000(system) Binder:2270_F expire 2 lines
04-19 12:14:23.228  2270  2788 I chatty  : uid=1000(system) Binder:2270_4 expire 3 lines
04-19 12:14:40.970  2270  2284 I chatty  : uid=1000(system) Binder:2270_1 expire 4 lines
04-19 12:14:41.493  2270  3633 I chatty  : uid=1000(system) Binder:2270_A expire 4 lines
04-19 12:15:15.754  2270 16877 I chatty  : uid=1000(system) Binder:2270_1D expire 4 lines
04-19 12:15:32.847  2270  3706 I chatty  : uid=1000(system) Binder:2270_11 expire 4 lines
04-19 12:15:36.228  2270  3658 I chatty  : uid=1000(system) Binder:2270_C expire 3 lines
04-19 12:15:36.351  2270  2692 I chatty  : uid=1000(system) Binder:2270_3 expire 4 lines
04-19 12:15:49.053  2270  3654 I chatty  : uid=1000(system) Binder:2270_B expire 5 lines
04-19 12:15:49.144  2270 11558 I chatty  : uid=1000(system) Binder:2270_1A expire 4 lines
04-19 12:15:49.337  2270  2293 I chatty  : uid=1000(system) android.bg expire 2 lines
04-19 12:16:00.936  2270 12883 I chatty  : uid=1000(system) Binder:2270_1F expire 3 lines
04-19 12:16:11.505  2270  3709 I chatty  : uid=1000(system) Binder:2270_12 expire 1 line
04-19 12:16:12.506  2270  2285 I chatty  : uid=1000(system) Binder:2270_2 expire 4 lines
04-19 12:16:17.756  2270  3711 I chatty  : uid=1000(system) Binder:2270_13 expire 2 lines
04-19 12:16:33.712  2270  2797 I chatty  : uid=1000(system) Binder:2270_6 expire 9 lines
04-19 12:16:36.513  2270  3688 I chatty  : uid=1000(system) Binder:2270_D expire 5 lines
04-19 12:16:36.514  2270  2294 I chatty  : uid=1000(system) ActivityManager expire 32 lines
04-19 12:16:36.640  2270 11556 I chatty  : uid=1000(system) Binder:2270_18 expire 2 lines
04-19 12:16:36.654  2270 24012 I chatty  : uid=1000(system) Binder:2270_1B expire 3 lines
04-19 12:16:37.595  2270 11557 I chatty  : uid=1000(system) Binder:2270_19 expire 3 lines
04-19 12:16:37.609  2270 11358 I chatty  : uid=1000(system) Binder:2270_17 expire 3 lines
04-19 12:16:37.623  2270 11558 I chatty  : uid=1000(system) Binder:2270_1A expire 5 lines
04-19 12:16:37.691  2270  3711 I chatty  : uid=1000(system) Binder:2270_13 expire 3 lines
04-19 12:16:37.723  2270  3706 I chatty  : uid=1000(system) Binder:2270_11 expire 7 lines
04-19 12:17:01.128  2270  2316 I chatty  : uid=1000(system) android.fg expire 10 lines
04-19 12:17:01.130  2270  2297 I chatty  : uid=1000(system) batterystats-sy expire 18 lines
04-19 12:17:01.131  2270  3697 I chatty  : uid=1000(system) Binder:2270_10 expire 6 lines
04-19 12:17:18.546  2270 11357 I chatty  : uid=1000(system) Binder:2270_16 expire 7 lines
04-19 12:17:18.565  2270  3709 I chatty  : uid=1000(system) Binder:2270_12 expire 2 lines
04-19 12:17:18.573  2270 12883 I chatty  : uid=1000(system) Binder:2270_1F expire 4 lines
04-19 12:17:29.025  2270  3689 I chatty  : uid=1000(system) Binder:2270_E expire 4 lines
04-19 12:17:29.139  2270  2285 I chatty  : uid=1000(system) Binder:2270_2 expire 7 lines
04-19 12:17:29.148  2270  3632 I chatty  : uid=1000(system) Binder:2270_9 expire 5 lines
04-19 12:17:35.052  2270  3631 I chatty  : uid=1000(system) Binder:2270_8 expire 4 lines
04-19 12:17:35.069  2270  2790 I chatty  : uid=1000(system) Binder:2270_5 expire 7 lines
04-19 12:17:35.226  2270 10250 I chatty  : uid=1000(system) Binder:2270_15 expire 1 line
04-19 12:17:43.040  2270 12884 I chatty  : uid=1000(system) Binder:2270_20 expire 1 line
04-19 12:17:43.090  2270  2692 I chatty  : uid=1000(system) Binder:2270_3 expire 5 lines
04-19 12:17:43.216  2270  3633 I chatty  : uid=1000(system) Binder:2270_A expire 4 lines
04-19 12:17:46.132  2270  3693 I chatty  : uid=1000(system) Binder:2270_F expire 3 lines
04-19 12:17:46.272  2270 16877 I chatty  : uid=1000(system) Binder:2270_1D expire 2 lines
04-19 12:17:46.322  2270  3658 I chatty  : uid=1000(system) Binder:2270_C expire 8 lines
04-19 12:17:48.266  2270 20441 I chatty  : uid=1000(system) Binder:2270_1E expire 1 line
04-19 12:18:27.661  2270 24013 I chatty  : uid=1000(system) Binder:2270_1C expire 2 lines
04-19 12:18:27.736  2270  3654 I chatty  : uid=1000(system) Binder:2270_B expire 6 lines
04-19 12:18:27.767  2270  3712 I chatty  : uid=1000(system) Binder:2270_14 expire 4 lines
04-19 12:18:27.889  2270  2284 I chatty  : uid=1000(system) Binder:2270_1 expire 3 lines
04-19 12:19:04.936  2270  2788 I chatty  : uid=1000(system) Binder:2270_4 expire 3 lines
04-19 12:19:07.344  2270  2642 I chatty  : uid=1000(system) InputReader expire 1 line
04-19 12:19:07.357  2270  2270 I chatty  : uid=1000 system_server expire 7 lines
04-19 12:19:07.378  2270  2322 I chatty  : uid=1000(system) PowerManagerSer expire 2 lines
04-19 12:19:07.379  2270  2318 I chatty  : uid=1000(system) android.display expire 1 line
04-19 12:19:07.547  2270  2293 I chatty  : uid=1000(system) android.bg expire 2 lines
04-19 12:19:09.870  2773  2773 V KeyguardDisplayManager: hide
04-19 12:19:09.882  2270  2294 I chatty  : uid=1000(system) ActivityManager expire 6 lines
04-19 12:19:10.222  2270  3479 I chatty  : uid=1000(system) Binder:2270_7 expire 1 line
04-19 12:19:10.453  2270  2668 I chatty  : uid=1000(system) WifiStateMachin expire 3 lines
04-19 12:19:11.462  2270  2641 I chatty  : uid=1000(system) InputDispatcher expire 2 lines
04-19 12:19:13.031 23021 23021 D ActivityThread: Loading provider contacts;com.android.contacts: com.android.providers.contacts.SemcContactsProvider2
04-19 12:19:13.197  2270  2681 I chatty  : uid=1000(system) ConnectivitySer expire 1 line
04-19 12:19:16.555  2270  2294 I chatty  : uid=1000(system) ActivityManager expire 17 lines
04-19 12:19:16.692  2270  3688 I chatty  : uid=1000(system) Binder:2270_D expire 4 lines
04-19 12:19:16.709  2270  3697 I chatty  : uid=1000(system) Binder:2270_10 expire 9 lines
04-19 12:19:17.066  2270  3711 I chatty  : uid=1000(system) Binder:2270_13 expire 10 lines
04-19 12:19:17.069  2270 11357 I chatty  : uid=1000(system) Binder:2270_16 expire 14 lines
04-19 12:19:17.088  2270 16877 I chatty  : uid=1000(system) Binder:2270_1D expire 12 lines
04-19 12:19:17.096  2270 10250 I chatty  : uid=1000(system) Binder:2270_15 expire 9 lines
04-19 12:19:17.208  2270  3658 I chatty  : uid=1000(system) Binder:2270_C expire 4 lines
04-19 12:19:17.225  2270  3712 I chatty  : uid=1000(system) Binder:2270_14 expire 3 lines
04-19 12:19:17.309  2270  2790 I chatty  : uid=1000(system) Binder:2270_5 expire 6 lines
04-19 12:19:17.354  2270  2318 I chatty  : uid=1000(system) android.display expire 3 lines
04-19 12:19:17.385  2270  2284 I chatty  : uid=1000(system) Binder:2270_1 expire 4 lines
04-19 12:19:17.391  2270  3689 I chatty  : uid=1000(system) Binder:2270_E expire 2 lines
04-19 12:19:18.459  2270  3706 I chatty  : uid=1000(system) Binder:2270_11 expire 3 lines
04-19 12:19:18.566  2270 24012 I chatty  : uid=1000(system) Binder:2270_1B expire 11 lines
04-19 12:19:18.837  2270  2285 I chatty  : uid=1000(system) Binder:2270_2 expire 4 lines
04-19 12:19:19.480  2270  2668 I chatty  : uid=1000(system) WifiStateMachin expire 8 lines
04-19 12:19:23.533  2270 20441 I chatty  : uid=1000(system) Binder:2270_1E expire 5 lines
04-19 12:19:24.850  2270  3632 I chatty  : uid=1000(system) Binder:2270_9 expire 6 lines
04-19 12:19:24.856  2270  3654 I chatty  : uid=1000(system) Binder:2270_B expire 5 lines
04-19 12:19:26.578  2270 11558 I chatty  : uid=1000(system) Binder:2270_1A expire 5 lines
04-19 12:19:26.961  2270 11358 I chatty  : uid=1000(system) Binder:2270_17 expire 2 lines
04-19 12:19:27.001  2270  3633 I chatty  : uid=1000(system) Binder:2270_A expire 3 lines
04-19 12:19:27.015  2270  3709 I chatty  : uid=1000(system) Binder:2270_12 expire 2 lines
04-19 12:19:27.839  2270  2788 I chatty  : uid=1000(system) Binder:2270_4 expire 5 lines
04-19 12:19:27.863  2270 12883 I chatty  : uid=1000(system) Binder:2270_1F expire 10 lines
04-19 12:19:28.131  2270  2659 I chatty  : uid=1000(system) NetworkStats expire 1 line
04-19 12:19:40.812  2270 12884 I chatty  : uid=1000(system) Binder:2270_20 expire 1 line
04-19 12:19:41.833  2270  3693 I chatty  : uid=1000(system) Binder:2270_F expire 1 line
04-19 12:19:42.228  2270  2797 I chatty  : uid=1000(system) Binder:2270_6 expire 2 lines
04-19 12:19:43.053  2270 24013 I chatty  : uid=1000(system) Binder:2270_1C expire 3 lines
04-19 12:19:43.064  2270  3631 I chatty  : uid=1000(system) Binder:2270_8 expire 1 line
04-19 12:20:00.001  2270  2640 I chatty  : uid=1000(system) AlarmManager expire 3 lines
04-19 12:20:03.115  2270  2297 I chatty  : uid=1000(system) batterystats-sy expire 6 lines
04-19 12:20:10.307  2270  2642 I chatty  : uid=1000(system) InputReader expire 2 lines
04-19 12:20:10.875  2270  2322 I chatty  : uid=1000(system) PowerManagerSer expire 3 lines
04-19 12:20:10.886  2270  2270 I chatty  : uid=1000 system_server expire 7 lines
04-19 12:20:11.007  2773  2773 V KeyguardStatusView: refresh statusview showing:true
04-19 12:20:11.024  2773  2773 V KeyguardDisplayManager: show
04-19 12:20:11.358  2270 16877 I chatty  : uid=1000(system) Binder:2270_1D expire 3 lines
04-19 12:20:32.691  2270  2316 I chatty  : uid=1000(system) android.fg expire 2 lines
04-19 12:20:42.595  2270 24012 I chatty  : uid=1000(system) Binder:2270_1B expire 2 lines
04-19 12:20:42.596  2270  2294 I chatty  : uid=1000(system) ActivityManager expire 7 lines
04-19 12:20:42.602  2270  3711 I chatty  : uid=1000(system) Binder:2270_13 expire 1 line
04-19 12:20:42.614  2270 11357 I chatty  : uid=1000(system) Binder:2270_16 expire 12 lines
04-19 12:20:42.728  2270  2294 I chatty  : uid=1000(system) ActivityManager expire 10 lines
04-19 12:20:42.738  2270 24012 I chatty  : uid=1000(system) Binder:2270_1B expire 4 lines
04-19 12:20:42.743  2270  3658 I chatty  : uid=1000(system) Binder:2270_C expire 7 lines
04-19 12:20:42.751  2270  3693 I chatty  : uid=1000(system) Binder:2270_F expire 3 lines
04-19 12:20:42.776  2270 10250 I chatty  : uid=1000(system) Binder:2270_15 expire 2 lines
04-19 12:20:42.826  2270  2284 I chatty  : uid=1000(system) Binder:2270_1 expire 5 lines
04-19 12:20:42.844  2270 11557 I chatty  : uid=1000(system) Binder:2270_19 expire 2 lines
04-19 12:20:42.863  2270  2797 I chatty  : uid=1000(system) Binder:2270_6 expire 2 lines
04-19 12:20:42.866  2270  2285 I chatty  : uid=1000(system) Binder:2270_2 expire 2 lines
04-19 12:20:42.887  2270 12883 I chatty  : uid=1000(system) Binder:2270_1F expire 5 lines
04-19 12:20:43.311  2773  2773 V KeyguardDisplayManager: hide
04-19 12:20:43.317  2270  2788 I chatty  : uid=1000(system) Binder:2270_4 expire 3 lines
04-19 12:20:43.327  2270 11556 I chatty  : uid=1000(system) Binder:2270_18 expire 10 lines
04-19 12:20:43.350  2270 16877 I chatty  : uid=1000(system) Binder:2270_1D expire 11 lines
04-19 12:20:43.395  2270  2692 I chatty  : uid=1000(system) Binder:2270_3 expire 1 line
04-19 12:20:43.410  2270  3479 I chatty  : uid=1000(system) Binder:2270_7 expire 3 lines
04-19 12:20:45.556  2270  2668 I chatty  : uid=1000(system) WifiStateMachin expire 2 lines
04-19 12:21:00.002  2270  2640 I chatty  : uid=1000(system) AlarmManager expire 11 lines
04-19 12:21:06.782  2270  2642 I chatty  : uid=1000(system) InputReader expire 2 lines
04-19 12:21:07.171  2270  2318 I chatty  : uid=1000(system) android.display expire 2 lines
04-19 12:21:07.362  2270  2322 I chatty  : uid=1000(system) PowerManagerSer expire 3 lines
04-19 12:21:07.364  2270  2270 I chatty  : uid=1000 system_server expire 9 lines
04-19 12:21:07.486  2773  2773 V KeyguardStatusView: refresh statusview showing:true
04-19 12:21:07.501  2773  2773 V KeyguardDisplayManager: show
04-19 12:21:07.579  2270  3709 I chatty  : uid=1000(system) Binder:2270_12 expire 5 lines
04-19 12:21:07.832  2270  3689 I chatty  : uid=1000(system) Binder:2270_E expire 3 lines
04-19 12:21:23.438  2270  2294 I chatty  : uid=1000(system) ActivityManager expire 21 lines
04-19 12:22:08.491  2270 12884 I chatty  : uid=1000(system) Binder:2270_20 expire 4 lines
04-19 12:22:08.495  2270  2297 I chatty  : uid=1000(system) batterystats-sy expire 28 lines
04-19 12:22:08.496  2270  2316 I chatty  : uid=1000(system) android.fg expire 14 lines
04-19 12:22:08.499  2270  3688 I chatty  : uid=1000(system) Binder:2270_D expire 2 lines
04-19 12:22:32.810  2270  3654 I chatty  : uid=1000(system) Binder:2270_B expire 2 lines
04-19 12:22:32.838  2270  3697 I chatty  : uid=1000(system) Binder:2270_10 expire 3 lines
04-19 12:22:32.943 23452 23509 E ActivityThread: Failed to find provider info for com.facebook.appmanager.oxygen.nekodirect.progress
04-19 12:22:33.424  2270 11558 I chatty  : uid=1000(system) Binder:2270_1A expire 4 lines
04-19 12:24:39.493  2270  2790 I chatty  : uid=1000(system) Binder:2270_5 expire 3 lines
04-19 12:24:43.677  2270  3632 I chatty  : uid=1000(system) Binder:2270_9 expire 2 lines
04-19 12:25:29.705  2270  3631 I chatty  : uid=1000(system) Binder:2270_8 expire 3 lines
04-19 12:25:29.907  2270  3706 I chatty  : uid=1000(system) Binder:2270_11 expire 1 line
04-19 12:25:37.135  2270 24013 I chatty  : uid=1000(system) Binder:2270_1C expire 4 lines
04-19 12:25:37.313  2270 11357 I chatty  : uid=1000(system) Binder:2270_16 expire 1 line
04-19 12:25:37.405  2270  3633 I chatty  : uid=1000(system) Binder:2270_A expire 1 line
04-19 12:25:37.428  2270  3711 I chatty  : uid=1000(system) Binder:2270_13 expire 11 lines
04-19 12:25:37.463  2270 24012 I chatty  : uid=1000(system) Binder:2270_1B expire 3 lines
04-19 12:25:37.471  2270 11556 I chatty  : uid=1000(system) Binder:2270_18 expire 3 lines
04-19 12:25:37.472  2270  2294 I chatty  : uid=1000(system) ActivityManager expire 8 lines
04-19 12:25:37.504  2270 24013 I chatty  : uid=1000(system) Binder:2270_1C expire 6 lines
04-19 12:25:37.526  2270  3706 I chatty  : uid=1000(system) Binder:2270_11 expire 13 lines
04-19 12:25:37.543  2270  3689 I chatty  : uid=1000(system) Binder:2270_E expire 4 lines
