04-19 04:43:50.191  2270  3709 I chatty  : uid=1000(system) Binder:2270_12 expire 8 lines
04-19 05:21:24.981  2270  2297 I chatty  : uid=1000(system) batterystats-sy expire 4 lines
04-19 05:21:25.012  2270  2294 I chatty  : uid=1000(system) ActivityManager expire 25 lines
04-19 05:22:33.391  2270  2640 I chatty  : uid=1000(system) AlarmManager expire 26 lines
04-19 05:22:33.438  2270 11357 I chatty  : uid=1000(system) Binder:2270_16 expire 4 lines
04-19 05:22:33.439  2270  2270 I chatty  : uid=1000 system_server expire 10 lines
04-19 05:31:31.878  2270  3658 I chatty  : uid=1000(system) Binder:2270_C expire 4 lines
04-19 05:31:31.883  2270  3693 I chatty  : uid=1000(system) Binder:2270_F expire 7 lines
04-19 05:31:31.885  2270  3712 I chatty  : uid=1000(system) Binder:2270_14 expire 2 lines
04-19 05:31:31.891  2270  2284 I chatty  : uid=1000(system) Binder:2270_1 expire 1 line
04-19 05:32:32.956  2270  3631 I chatty  : uid=1000(system) Binder:2270_8 expire 5 lines
04-19 05:32:33.016  2270 11358 I chatty  : uid=1000(system) Binder:2270_17 expire 1 line
04-19 05:32:33.020  2270  2788 I chatty  : uid=1000(system) Binder:2270_4 expire 4 lines
04-19 05:32:33.025  2270  2285 I chatty  : uid=1000(system) Binder:2270_2 expire 1 line
04-19 05:39:20.322  2270  3633 I chatty  : uid=1000(system) Binder:2270_A expire 2 lines
04-19 05:42:58.532  2270 11557 I chatty  : uid=1000(system) Binder:2270_19 expire 4 lines
04-19 05:42:58.581  2270 11558 I chatty  : uid=1000(system) Binder:2270_1A expire 4 lines
04-19 05:42:58.620  2270  2659 I chatty  : uid=1000(system) NetworkStats expire 4 lines
04-19 05:42:58.631  2270  3711 I chatty  : uid=1000(system) Binder:2270_13 expire 3 lines
04-19 05:52:32.779  2270  3689 I chatty  : uid=1000(system) Binder:2270_E expire 4 lines
04-19 06:02:32.551  2270 16877 I chatty  : uid=1000(system) Binder:2270_1D expire 4 lines
04-19 06:12:33.262  2270  2692 I chatty  : uid=1000(system) Binder:2270_3 expire 4 lines
04-19 06:20:30.453  2270  2642 I chatty  : uid=1000(system) InputReader expire 2 lines
04-19 06:20:30.490  2270  2322 I chatty  : uid=1000(system) PowerManagerSer expire 2 lines
04-19 06:20:30.494  2270  2318 I chatty  : uid=1000(system) android.display expire 2 lines
04-19 06:20:30.569  2270  3654 I chatty  : uid=1000(system) Binder:2270_B expire 6 lines
04-19 06:20:30.599  2270  3706 I chatty  : uid=1000(system) Binder:2270_11 expire 3 lines
04-19 06:20:30.610  2270  2790 I chatty  : uid=1000(system) Binder:2270_5 expire 6 lines
04-19 06:20:30.673  2270  2293 I chatty  : uid=1000(system) android.bg expire 2 lines
04-19 06:20:30.684  2270  3688 I chatty  : uid=1000(system) Binder:2270_D expire 5 lines
04-19 06:20:30.860  2270 10250 I chatty  : uid=1000(system) Binder:2270_15 expire 3 lines
04-19 06:20:30.920  2270 11556 I chatty  : uid=1000(system) Binder:2270_18 expire 3 lines
04-19 06:20:31.199  2270  2797 I chatty  : uid=1000(system) Binder:2270_6 expire 2 lines
04-19 06:20:31.210  2270 24012 I chatty  : uid=1000(system) Binder:2270_1B expire 2 lines
04-19 06:20:31.274  2270 20441 I chatty  : uid=1000(system) Binder:2270_1E expire 1 line
04-19 06:20:31.305  2270  3479 I chatty  : uid=1000(system) Binder:2270_7 expire 1 line
04-19 06:20:31.356  2773  2773 V KeyguardDisplayManager: hide
04-19 06:20:31.771  2270  2294 I chatty  : uid=1000(system) ActivityManager expire 4 lines
04-19 06:20:32.041  2270  3697 I chatty  : uid=1000(system) Binder:2270_10 expire 3 lines
04-19 06:20:32.118  2270 11556 I chatty  : uid=1000(system) Binder:2270_18 expire 4 lines
04-19 06:20:32.249  2270  2285 I chatty  : uid=1000(system) Binder:2270_2 expire 5 lines
04-19 06:20:32.279  2270 20441 I chatty  : uid=1000(system) Binder:2270_1E expire 8 lines
04-19 06:20:32.359  2270 11357 I chatty  : uid=1000(system) Binder:2270_16 expire 9 lines
04-19 06:20:32.361  2270 10250 I chatty  : uid=1000(system) Binder:2270_15 expire 12 lines
04-19 06:20:32.369  2270  2790 I chatty  : uid=1000(system) Binder:2270_5 expire 5 lines
04-19 06:20:32.558  2270 16877 I chatty  : uid=1000(system) Binder:2270_1D expire 3 lines
04-19 06:20:32.564  2270  3706 I chatty  : uid=1000(system) Binder:2270_11 expire 6 lines
04-19 06:20:32.578  2270  2318 I chatty  : uid=1000(system) android.display expire 5 lines
04-19 06:20:32.591  2270  3654 I chatty  : uid=1000(system) Binder:2270_B expire 4 lines
04-19 06:20:33.125  2270 24013 I chatty  : uid=1000(system) Binder:2270_1C expire 4 lines
04-19 06:20:33.126  2270  3633 I chatty  : uid=1000(system) Binder:2270_A expire 4 lines
04-19 06:20:35.735  2270  3709 I chatty  : uid=1000(system) Binder:2270_12 expire 5 lines
04-19 06:20:35.747  2270 11558 I chatty  : uid=1000(system) Binder:2270_1A expire 1 line
04-19 06:20:35.941  2270  3693 I chatty  : uid=1000(system) Binder:2270_F expire 6 lines
04-19 06:20:35.974  2270 24012 I chatty  : uid=1000(system) Binder:2270_1B expire 5 lines
04-19 06:20:36.001  2270  3689 I chatty  : uid=1000(system) Binder:2270_E expire 7 lines
04-19 06:20:36.053  2270  2284 I chatty  : uid=1000(system) Binder:2270_1 expire 2 lines
04-19 06:20:36.141  2270  3712 I chatty  : uid=1000(system) Binder:2270_14 expire 6 lines
04-19 06:20:36.141  2270  2294 I chatty  : uid=1000(system) ActivityManager expire 14 lines
04-19 06:20:36.925  2270  3631 I chatty  : uid=1000(system) Binder:2270_8 expire 1 line
04-19 06:20:36.927  2270  3688 I chatty  : uid=1000(system) Binder:2270_D expire 3 lines
04-19 06:20:37.901  2270  2797 I chatty  : uid=1000(system) Binder:2270_6 expire 3 lines
04-19 06:20:37.915  2270  2692 I chatty  : uid=1000(system) Binder:2270_3 expire 5 lines
04-19 06:20:37.917  2270 11358 I chatty  : uid=1000(system) Binder:2270_17 expire 2 lines
04-19 06:20:37.984  2270  3632 I chatty  : uid=1000(system) Binder:2270_9 expire 3 lines
04-19 06:20:38.513  2270  2270 I chatty  : uid=1000 system_server expire 3 lines
04-19 06:20:38.768  2270  2641 I chatty  : uid=1000(system) InputDispatcher expire 2 lines
04-19 06:20:38.835  2270  2788 I chatty  : uid=1000(system) Binder:2270_4 expire 1 line
04-19 06:20:38.858  2270 11557 I chatty  : uid=1000(system) Binder:2270_19 expire 3 lines
04-19 06:20:40.225  2270  2642 I chatty  : uid=1000(system) InputReader expire 1 line
04-19 06:20:40.806  2270  2322 I chatty  : uid=1000(system) PowerManagerSer expire 1 line
04-19 06:20:40.890  2773  2773 V KeyguardStatusView: refresh statusview showing:true
04-19 06:20:40.899  2773  2773 V KeyguardDisplayManager: show
04-19 06:21:01.570  2270  2640 I chatty  : uid=1000(system) AlarmManager expire 18 lines
04-19 06:21:02.318   475   485 D VoldCryptCmdListener: cryptfs getpwtype
04-19 06:21:02.318  2270  2645 I chatty  : uid=1000(system) CryptdConnector expire 1 line
04-19 06:21:02.611  2270  3479 I chatty  : uid=1000(system) Binder:2270_7 expire 5 lines
04-19 06:25:44.797  2270  3711 I chatty  : uid=1000(system) Binder:2270_13 expire 2 lines
04-19 06:28:33.912  2270  2293 I chatty  : uid=1000(system) android.bg expire 2 lines
04-19 06:41:25.152  2270  2297 I chatty  : uid=1000(system) batterystats-sy expire 4 lines
04-19 06:42:37.634  2270  2640 I chatty  : uid=1000(system) AlarmManager expire 38 lines
04-19 06:42:37.670  2270  2659 I chatty  : uid=1000(system) NetworkStats expire 4 lines
04-19 06:42:37.672  2270  2294 I chatty  : uid=1000(system) ActivityManager expire 13 lines
04-19 06:42:37.734  2270 20441 I chatty  : uid=1000(system) Binder:2270_1E expire 4 lines
04-19 06:42:37.744  2270  3479 I chatty  : uid=1000(system) Binder:2270_7 expire 3 lines
04-19 06:42:37.828  2270  3654 I chatty  : uid=1000(system) Binder:2270_B expire 2 lines
04-19 06:42:37.845  2270  2293 I chatty  : uid=1000(system) android.bg expire 12 lines
04-19 06:42:37.869  2270  2270 I chatty  : uid=1000 system_server expire 10 lines
04-19 06:42:38.851  2270 11558 I chatty  : uid=1000(system) Binder:2270_1A expire 3 lines
04-19 06:42:38.853  2270  2788 I chatty  : uid=1000(system) Binder:2270_4 expire 5 lines
04-19 06:42:42.118  2270  3633 I chatty  : uid=1000(system) Binder:2270_A expire 5 lines
04-19 06:42:42.122  2270  3693 I chatty  : uid=1000(system) Binder:2270_F expire 5 lines
04-19 06:42:42.123  2270 24013 I chatty  : uid=1000(system) Binder:2270_1C expire 5 lines
04-19 06:51:20.986  2270  2790 I chatty  : uid=1000(system) Binder:2270_5 expire 2 lines
04-19 06:51:22.831  2270  3658 I chatty  : uid=1000(system) Binder:2270_C expire 4 lines
04-19 06:51:22.834  2270  3712 I chatty  : uid=1000(system) Binder:2270_14 expire 2 lines
04-19 06:51:22.837  2270 11557 I chatty  : uid=1000(system) Binder:2270_19 expire 3 lines
04-19 06:54:04.029  2270  2285 I chatty  : uid=1000(system) Binder:2270_2 expire 4 lines
04-19 06:54:04.035  2270  3689 I chatty  : uid=1000(system) Binder:2270_E expire 1 line
04-19 06:54:04.097  2270  3631 I chatty  : uid=1000(system) Binder:2270_8 expire 3 lines
04-19 06:54:04.104  2270 11357 I chatty  : uid=1000(system) Binder:2270_16 expire 3 lines
04-19 06:54:04.127  2270  3697 I chatty  : uid=1000(system) Binder:2270_10 expire 4 lines
04-19 06:54:04.136  2270  3688 I chatty  : uid=1000(system) Binder:2270_D expire 2 lines
04-19 06:54:04.211  2270  3709 I chatty  : uid=1000(system) Binder:2270_12 expire 1 line
04-19 07:00:07.115  2270  2797 I chatty  : uid=1000(system) Binder:2270_6 expire 1 line
04-19 07:06:45.762  2270  3706 I chatty  : uid=1000(system) Binder:2270_11 expire 1 line
04-19 07:14:30.876  2270 16877 I chatty  : uid=1000(system) Binder:2270_1D expire 2 lines
04-19 07:14:30.907  2270  3711 I chatty  : uid=1000(system) Binder:2270_13 expire 11 lines
04-19 07:14:31.074  2270 10250 I chatty  : uid=1000(system) Binder:2270_15 expire 11 lines
04-19 07:14:31.079  2270  3632 I chatty  : uid=1000(system) Binder:2270_9 expire 2 lines
04-19 07:20:37.432  2270 11358 I chatty  : uid=1000(system) Binder:2270_17 expire 1 line
04-19 07:20:37.445  2270  2692 I chatty  : uid=1000(system) Binder:2270_3 expire 1 line
04-19 07:20:37.596  2270 24012 I chatty  : uid=1000(system) Binder:2270_1B expire 2 lines
04-19 07:30:02.625  2270  2640 I chatty  : uid=1000(system) AlarmManager expire 17 lines
04-19 07:30:02.689  2270  3654 I chatty  : uid=1000(system) Binder:2270_B expire 2 lines
04-19 07:30:02.766  2270  3688 I chatty  : uid=1000(system) Binder:2270_D expire 8 lines
04-19 07:31:22.379  2270  2662 I chatty  : uid=1000(system) NetworkPolicy expire 2 lines
04-19 07:31:22.472  2270 11558 I chatty  : uid=1000(system) Binder:2270_1A expire 5 lines
04-19 07:32:45.430  2270  3479 I chatty  : uid=1000(system) Binder:2270_7 expire 3 lines
04-19 07:32:45.433  2270  3709 I chatty  : uid=1000(system) Binder:2270_12 expire 4 lines
04-19 07:32:45.452  2270  3658 I chatty  : uid=1000(system) Binder:2270_C expire 5 lines
04-19 07:32:45.452  2270  2270 I chatty  : uid=1000 system_server expire 12 lines
04-19 07:32:45.540  2270 11557 I chatty  : uid=1000(system) Binder:2270_19 expire 2 lines
04-19 07:32:45.552  2270  2284 I chatty  : uid=1000(system) Binder:2270_1 expire 3 lines
04-19 07:32:45.616  2270  2797 I chatty  : uid=1000(system) Binder:2270_6 expire 3 lines
04-19 07:32:45.624  2270 24013 I chatty  : uid=1000(system) Binder:2270_1C expire 4 lines
04-19 07:32:45.631  2270  3631 I chatty  : uid=1000(system) Binder:2270_8 expire 3 lines
04-19 07:32:45.637  2270  3697 I chatty  : uid=1000(system) Binder:2270_10 expire 3 lines
04-19 07:32:45.642  2270 16877 I chatty  : uid=1000(system) Binder:2270_1D expire 6 lines
04-19 07:32:45.671  2270  2293 I chatty  : uid=1000(system) android.bg expire 6 lines
04-19 07:32:45.700  2270  2692 I chatty  : uid=1000(system) Binder:2270_3 expire 2 lines
04-19 07:32:45.721  2270 11556 I chatty  : uid=1000(system) Binder:2270_18 expire 2 lines
04-19 07:32:46.485  2270  3633 I chatty  : uid=1000(system) Binder:2270_A expire 3 lines
04-19 07:32:47.868  2270  3689 I chatty  : uid=1000(system) Binder:2270_E expire 3 lines
04-19 07:32:49.634  2270  2294 I chatty  : uid=1000(system) ActivityManager expire 27 lines
04-19 07:32:50.686  2270  2285 I chatty  : uid=1000(system) Binder:2270_2 expire 3 lines
04-19 07:32:50.690  2270  3712 I chatty  : uid=1000(system) Binder:2270_14 expire 8 lines
04-19 07:39:28.053  2270  3693 I chatty  : uid=1000(system) Binder:2270_F expire 4 lines
04-19 07:42:48.020  2270  2659 I chatty  : uid=1000(system) NetworkStats expire 2 lines
04-19 07:42:48.056  2270 11357 I chatty  : uid=1000(system) Binder:2270_16 expire 2 lines
04-19 07:43:13.820  2270  2642 I chatty  : uid=1000(system) InputReader expire 3 lines
04-19 07:43:13.852  2270  2322 I chatty  : uid=1000(system) PowerManagerSer expire 4 lines
04-19 07:43:13.856  2270  2318 I chatty  : uid=1000(system) android.display expire 3 lines
04-19 07:43:14.033  2270  3706 I chatty  : uid=1000(system) Binder:2270_11 expire 5 lines
04-19 07:43:14.302  2270  3711 I chatty  : uid=1000(system) Binder:2270_13 expire 1 line
04-19 07:43:14.418  2270  2790 I chatty  : uid=1000(system) Binder:2270_5 expire 1 line
04-19 07:43:15.532  2270 20441 I chatty  : uid=1000(system) Binder:2270_1E expire 1 line
04-19 07:43:15.537  2270 10250 I chatty  : uid=1000(system) Binder:2270_15 expire 1 line
04-19 07:43:16.171  2270 11358 I chatty  : uid=1000(system) Binder:2270_17 expire 1 line
04-19 07:43:16.389  2270  3632 I chatty  : uid=1000(system) Binder:2270_9 expire 4 lines
04-19 07:43:16.447  2270 11558 I chatty  : uid=1000(system) Binder:2270_1A expire 3 lines
04-19 07:43:16.454  2270  2294 I chatty  : uid=1000(system) ActivityManager expire 23 lines
04-19 07:43:16.455  2270  2322 I chatty  : uid=1000(system) PowerManagerSer expire 4 lines
04-19 07:43:16.468  2270  3479 I chatty  : uid=1000(system) Binder:2270_7 expire 2 lines
04-19 07:43:16.471  2270  2692 I chatty  : uid=1000(system) Binder:2270_3 expire 4 lines
04-19 07:43:16.480  2270  3706 I chatty  : uid=1000(system) Binder:2270_11 expire 5 lines
04-19 07:43:16.484  2270 24013 I chatty  : uid=1000(system) Binder:2270_1C expire 4 lines
04-19 07:43:16.490  2270  2790 I chatty  : uid=1000(system) Binder:2270_5 expire 1 line
04-19 07:43:16.493  2270  3712 I chatty  : uid=1000(system) Binder:2270_14 expire 10 lines
04-19 07:43:16.593  2270  3711 I chatty  : uid=1000(system) Binder:2270_13 expire 2 lines
04-19 07:43:18.892  2270  2642 I chatty  : uid=1000(system) InputReader expire 2 lines
04-19 07:43:19.183  2270  2318 I chatty  : uid=1000(system) android.display expire 3 lines
04-19 07:43:19.356  2270 20441 I chatty  : uid=1000(system) Binder:2270_1E expire 6 lines
04-19 07:43:19.358  2270  3709 I chatty  : uid=1000(system) Binder:2270_12 expire 3 lines
04-19 07:43:19.382  2270  2270 I chatty  : uid=1000 system_server expire 10 lines
04-19 07:43:19.610  2270 16877 I chatty  : uid=1000(system) Binder:2270_1D expire 3 lines
04-19 07:44:02.482  2270  2640 I chatty  : uid=1000(system) AlarmManager expire 11 lines
04-19 07:44:02.675  2270 10250 I chatty  : uid=1000(system) Binder:2270_15 expire 1 line
04-19 07:45:21.236  2270  2788 I chatty  : uid=1000(system) Binder:2270_4 expire 2 lines
04-19 07:45:21.251  2270  3693 I chatty  : uid=1000(system) Binder:2270_F expire 1 line
04-19 07:45:21.256  2270  2293 I chatty  : uid=1000(system) android.bg expire 8 lines
04-19 07:45:21.355  2270 11357 I chatty  : uid=1000(system) Binder:2270_16 expire 1 line
04-19 07:49:07.367  2270  2285 I chatty  : uid=1000(system) Binder:2270_2 expire 4 lines
04-19 07:49:09.669  2270 11556 I chatty  : uid=1000(system) Binder:2270_18 expire 3 lines
04-19 07:49:09.672  2270  2797 I chatty  : uid=1000(system) Binder:2270_6 expire 2 lines
04-19 07:49:09.673  2270  3658 I chatty  : uid=1000(system) Binder:2270_C expire 4 lines
04-19 07:50:57.551  2270  2284 I chatty  : uid=1000(system) Binder:2270_1 expire 7 lines
04-19 07:52:33.947  2270 11358 I chatty  : uid=1000(system) Binder:2270_17 expire 4 lines
04-19 07:55:25.221  2270  3654 I chatty  : uid=1000(system) Binder:2270_B expire 4 lines
04-19 07:55:25.257  2270  3633 I chatty  : uid=1000(system) Binder:2270_A expire 4 lines
04-19 07:55:25.297  2270  3631 I chatty  : uid=1000(system) Binder:2270_8 expire 4 lines
04-19 07:55:25.423  2270  3697 I chatty  : uid=1000(system) Binder:2270_10 expire 2 lines
04-19 07:55:25.450  2270  3689 I chatty  : uid=1000(system) Binder:2270_E expire 1 line
04-19 07:55:25.546  2270 24012 I chatty  : uid=1000(system) Binder:2270_1B expire 2 lines
04-19 07:55:26.961  2773  2773 V KeyguardDisplayManager: hide
04-19 07:55:26.968  2270  2294 I chatty  : uid=1000(system) ActivityManager expire 5 lines
04-19 07:55:27.374  2270  3688 I chatty  : uid=1000(system) Binder:2270_D expire 2 lines
04-19 07:55:30.321  2270 11557 I chatty  : uid=1000(system) Binder:2270_19 expire 2 lines
04-19 07:55:30.855  2270  3633 I chatty  : uid=1000(system) Binder:2270_A expire 13 lines
04-19 07:55:31.195  2270 24013 I chatty  : uid=1000(system) Binder:2270_1C expire 2 lines
04-19 07:55:31.196  2270  2294 I chatty  : uid=1000(system) ActivityManager expire 35 lines
04-19 07:55:31.498  2270  2788 I chatty  : uid=1000(system) Binder:2270_4 expire 2 lines
04-19 07:55:31.503  2270 11558 I chatty  : uid=1000(system) Binder:2270_1A expire 5 lines
04-19 07:55:31.852  2270  2285 I chatty  : uid=1000(system) Binder:2270_2 expire 1 line
04-19 07:55:31.876  2270  2318 I chatty  : uid=1000(system) android.display expire 2 lines
04-19 07:55:32.001  2270 11358 I chatty  : uid=1000(system) Binder:2270_17 expire 2 lines
04-19 07:55:32.191  2270  2790 I chatty  : uid=1000(system) Binder:2270_5 expire 2 lines
04-19 07:55:32.579  2270 24012 I chatty  : uid=1000(system) Binder:2270_1B expire 4 lines
04-19 07:55:32.583  2270  3712 I chatty  : uid=1000(system) Binder:2270_14 expire 3 lines
04-19 07:55:33.193  2270  2317 I chatty  : uid=1000(system) android.io expire 2 lines
04-19 07:55:33.271  2270  2797 I chatty  : uid=1000(system) Binder:2270_6 expire 7 lines
04-19 07:55:34.036  2270 10250 I chatty  : uid=1000(system) Binder:2270_15 expire 1 line
04-19 07:55:34.630  2270  3631 I chatty  : uid=1000(system) Binder:2270_8 expire 4 lines
04-19 07:55:34.639  2270  3632 I chatty  : uid=1000(system) Binder:2270_9 expire 2 lines
04-19 07:55:34.641  2270 20441 I chatty  : uid=1000(system) Binder:2270_1E expire 2 lines
04-19 07:55:34.691  2270  3688 I chatty  : uid=1000(system) Binder:2270_D expire 7 lines
04-19 07:55:35.872  2270  2641 I chatty  : uid=1000(system) InputDispatcher expire 2 lines
04-19 07:55:35.932  2270  2284 I chatty  : uid=1000(system) Binder:2270_1 expire 3 lines
04-19 07:55:36.154  2270  3658 I chatty  : uid=1000(system) Binder:2270_C expire 1 line
04-19 07:55:36.154  2270  3706 I chatty  : uid=1000(system) Binder:2270_11 expire 2 lines
04-19 07:55:38.943  2270  2668 I chatty  : uid=1000(system) WifiStateMachin expire 26 lines
04-19 07:55:39.184  2270  2270 I chatty  : uid=1000 system_server expire 18 lines
04-19 07:55:39.275  2270  2664 I chatty  : uid=1000(system) WifiP2pService expire 6 lines
04-19 07:55:39.332  2270  2297 I chatty  : uid=1000(system) batterystats-sy expire 1 line
04-19 07:55:39.707  2270  3711 I chatty  : uid=1000(system) Binder:2270_13 expire 1 line
04-19 07:55:39.942  2270  3709 I chatty  : uid=1000(system) Binder:2270_12 expire 5 lines
04-19 07:55:41.011  2270  2270 I chatty  : uid=1000 system_server expire 17 lines
04-19 07:55:41.025  2270  2668 I chatty  : uid=1000(system) WifiStateMachin expire 14 lines
04-19 07:55:41.027  2270  2294 I chatty  : uid=1000(system) ActivityManager expire 22 lines
04-19 07:55:41.028  2270  2681 I chatty  : uid=1000(system) ConnectivitySer expire 12 lines
04-19 07:55:42.180  2270 11557 I chatty  : uid=1000(system) Binder:2270_19 expire 2 lines
04-19 07:55:42.785  2270  3654 I chatty  : uid=1000(system) Binder:2270_B expire 2 lines
04-19 07:55:42.788  2270  2692 I chatty  : uid=1000(system) Binder:2270_3 expire 5 lines
04-19 07:55:42.791  2270  3479 I chatty  : uid=1000(system) Binder:2270_7 expire 8 lines
04-19 07:55:42.794  2270  3688 I chatty  : uid=1000(system) Binder:2270_D expire 3 lines
04-19 07:55:44.110  2270  3689 I chatty  : uid=1000(system) Binder:2270_E expire 5 lines
04-19 07:55:44.277  2270  2316 I chatty  : uid=1000(system) android.fg expire 1 line
04-19 07:55:44.279  2270  3632 I chatty  : uid=1000(system) Binder:2270_9 expire 3 lines
04-19 07:55:44.280  2270  2297 I chatty  : uid=1000(system) batterystats-sy expire 1 line
04-19 07:55:44.332  2270  2788 I chatty  : uid=1000(system) Binder:2270_4 expire 5 lines
04-19 07:55:44.340  2270  2284 I chatty  : uid=1000(system) Binder:2270_1 expire 12 lines
04-19 07:55:44.394  2270  2293 I chatty  : uid=1000(system) android.bg expire 2 lines
04-19 07:55:44.403  2270 28721 I chatty  : uid=1000 system_server expire 1 line
04-19 07:55:44.455  2270  3658 I chatty  : uid=1000(system) Binder:2270_C expire 11 lines
04-19 07:55:44.558  2270 24013 I chatty  : uid=1000(system) Binder:2270_1C expire 2 lines
04-19 07:55:44.604  2270 11358 I chatty  : uid=1000(system) Binder:2270_17 expire 3 lines
04-19 07:55:44.608  2270 24012 I chatty  : uid=1000(system) Binder:2270_1B expire 2 lines
04-19 07:55:44.678  2270 11558 I chatty  : uid=1000(system) Binder:2270_1A expire 2 lines
04-19 07:55:44.680  2270  2285 I chatty  : uid=1000(system) Binder:2270_2 expire 3 lines
04-19 07:55:44.895  2270  3706 I chatty  : uid=1000(system) Binder:2270_11 expire 3 lines
04-19 07:55:45.038  2270  3633 I chatty  : uid=1000(system) Binder:2270_A expire 6 lines
04-19 07:55:45.040  2270  3711 I chatty  : uid=1000(system) Binder:2270_13 expire 2 lines
04-19 07:55:45.042  2270 20441 I chatty  : uid=1000(system) Binder:2270_1E expire 2 lines
04-19 07:55:45.072  2270 11357 I chatty  : uid=1000(system) Binder:2270_16 expire 2 lines
04-19 07:55:45.099  2270  3697 I chatty  : uid=1000(system) Binder:2270_10 expire 3 lines
04-19 07:55:45.352  2270 10250 I chatty  : uid=1000(system) Binder:2270_15 expire 1 line
04-19 07:55:45.366 28893 28893 D ActivityThread: Loading provider contacts;com.android.contacts: com.android.providers.contacts.SemcContactsProvider2
04-19 07:55:45.607  2270  3631 I chatty  : uid=1000(system) Binder:2270_8 expire 1 line
04-19 07:55:45.712  2270  2797 I chatty  : uid=1000(system) Binder:2270_6 expire 2 lines
04-19 07:55:46.025   475   485 D VoldCryptCmdListener: cryptfs getpwtype
04-19 07:55:46.026  2270  2645 I chatty  : uid=1000(system) CryptdConnector expire 1 line
04-19 07:55:46.059  2270  2790 I chatty  : uid=1000(system) Binder:2270_5 expire 8 lines
04-19 07:55:46.076  2270  3479 I chatty  : uid=1000(system) Binder:2270_7 expire 10 lines
04-19 07:55:46.084  2270  3693 I chatty  : uid=1000(system) Binder:2270_F expire 5 lines
04-19 07:55:46.114  2270  3709 I chatty  : uid=1000(system) Binder:2270_12 expire 8 lines
04-19 07:55:46.115  2270  2294 I chatty  : uid=1000(system) ActivityManager expire 29 lines
04-19 07:55:46.142  2270  2788 I chatty  : uid=1000(system) Binder:2270_4 expire 10 lines
04-19 07:55:46.166  2270  2692 I chatty  : uid=1000(system) Binder:2270_3 expire 2 lines
04-19 07:55:46.187  2270 20441 I chatty  : uid=1000(system) Binder:2270_1E expire 10 lines
04-19 07:55:46.205  2270  2797 I chatty  : uid=1000(system) Binder:2270_6 expire 6 lines
04-19 07:55:46.292  2270  3706 I chatty  : uid=1000(system) Binder:2270_11 expire 2 lines
04-19 07:55:46.305 28994 29059 E ActivityThread: Failed to find provider info for com.facebook.appmanager.oxygen.nekodirect.progress
04-19 07:55:46.312  2270 11358 I chatty  : uid=1000(system) Binder:2270_17 expire 3 lines
04-19 07:55:46.321  2270 11357 I chatty  : uid=1000(system) Binder:2270_16 expire 4 lines
04-19 07:55:46.356  2270  2285 I chatty  : uid=1000(system) Binder:2270_2 expire 3 lines
04-19 07:55:46.361  2270  3697 I chatty  : uid=1000(system) Binder:2270_10 expire 2 lines
04-19 07:55:46.390  2270  3689 I chatty  : uid=1000(system) Binder:2270_E expire 3 lines
04-19 07:55:46.466  2270  2284 I chatty  : uid=1000(system) Binder:2270_1 expire 5 lines
04-19 07:55:46.499  2270  3632 I chatty  : uid=1000(system) Binder:2270_9 expire 5 lines
04-19 07:55:46.604  2270  3688 I chatty  : uid=1000(system) Binder:2270_D expire 6 lines
04-19 07:55:46.615  2270  3654 I chatty  : uid=1000(system) Binder:2270_B expire 5 lines
04-19 07:55:46.690  2270  3633 I chatty  : uid=1000(system) Binder:2270_A expire 3 lines
04-19 07:55:46.703  2270 24012 I chatty  : uid=1000(system) Binder:2270_1B expire 5 lines
04-19 07:55:46.723  2270 11558 I chatty  : uid=1000(system) Binder:2270_1A expire 2 lines
04-19 07:55:46.787  2270 24013 I chatty  : uid=1000(system) Binder:2270_1C expire 3 lines
04-19 07:55:46.830  2270 16877 I chatty  : uid=1000(system) Binder:2270_1D expire 3 lines
04-19 07:55:46.897  2270 11557 I chatty  : uid=1000(system) Binder:2270_19 expire 2 lines
04-19 07:55:46.940  2270  3658 I chatty  : uid=1000(system) Binder:2270_C expire 4 lines
04-19 07:55:46.971  2270 10250 I chatty  : uid=1000(system) Binder:2270_15 expire 7 lines
04-19 07:55:47.062  2270  2668 I chatty  : uid=1000(system) WifiStateMachin expire 1 line
04-19 07:55:47.124  2270  3631 I chatty  : uid=1000(system) Binder:2270_8 expire 8 lines
04-19 07:55:47.140  2270 11556 I chatty  : uid=1000(system) Binder:2270_18 expire 3 lines
04-19 07:55:47.481  2270  3712 I chatty  : uid=1000(system) Binder:2270_14 expire 3 lines
04-19 07:55:49.394  2270 11556 I chatty  : uid=1000(system) Binder:2270_18 expire 5 lines
04-19 07:55:49.395   475   485 D VoldCryptCmdListener: cryptfs getpwtype
04-19 07:55:49.396  2270  2645 I chatty  : uid=1000(system) CryptdConnector expire 1 line
04-19 07:55:49.429  2270 24012 I chatty  : uid=1000(system) Binder:2270_1B expire 3 lines
04-19 07:55:49.430  2270  2294 I chatty  : uid=1000(system) ActivityManager expire 23 lines
04-19 07:55:49.631  2270  3631 I chatty  : uid=1000(system) Binder:2270_8 expire 6 lines
04-19 07:55:49.640  2270  2790 I chatty  : uid=1000(system) Binder:2270_5 expire 6 lines
04-19 07:55:49.677  2270 10250 I chatty  : uid=1000(system) Binder:2270_15 expire 8 lines
04-19 07:55:49.746  2270 11357 I chatty  : uid=1000(system) Binder:2270_16 expire 6 lines
04-19 07:55:49.757  2270 11557 I chatty  : uid=1000(system) Binder:2270_19 expire 4 lines
04-19 07:55:49.760  2270  3654 I chatty  : uid=1000(system) Binder:2270_B expire 5 lines
04-19 07:55:49.767  2270  3633 I chatty  : uid=1000(system) Binder:2270_A expire 2 lines
04-19 07:55:49.770  2270  3479 I chatty  : uid=1000(system) Binder:2270_7 expire 6 lines
04-19 07:55:49.773  2270  2692 I chatty  : uid=1000(system) Binder:2270_3 expire 5 lines
04-19 07:55:49.778  2270  3709 I chatty  : uid=1000(system) Binder:2270_12 expire 6 lines
04-19 07:55:49.883  2270  3711 I chatty  : uid=1000(system) Binder:2270_13 expire 5 lines
04-19 07:55:49.985  2270  3632 I chatty  : uid=1000(system) Binder:2270_9 expire 5 lines
04-19 07:55:50.033  2270 16877 I chatty  : uid=1000(system) Binder:2270_1D expire 3 lines
04-19 07:55:50.037  2270  3689 I chatty  : uid=1000(system) Binder:2270_E expire 7 lines
04-19 07:55:50.050  2270 24013 I chatty  : uid=1000(system) Binder:2270_1C expire 8 lines
04-19 07:55:50.072  2270  2668 I chatty  : uid=1000(system) WifiStateMachin expire 2 lines
04-19 07:55:50.217  2270  3697 I chatty  : uid=1000(system) Binder:2270_10 expire 6 lines
04-19 07:55:50.220  2270  3706 I chatty  : uid=1000(system) Binder:2270_11 expire 2 lines
04-19 07:55:50.275  2270  2788 I chatty  : uid=1000(system) Binder:2270_4 expire 3 lines
04-19 07:55:50.547  2270 11558 I chatty  : uid=1000(system) Binder:2270_1A expire 9 lines
04-19 07:55:50.690  2270  2284 I chatty  : uid=1000(system) Binder:2270_1 expire 6 lines
04-19 07:55:51.123  2270 11358 I chatty  : uid=1000(system) Binder:2270_17 expire 5 lines
04-19 07:55:51.390  2270  3693 I chatty  : uid=1000(system) Binder:2270_F expire 7 lines
04-19 07:55:51.428  2270  3658 I chatty  : uid=1000(system) Binder:2270_C expire 7 lines
04-19 07:55:51.579  2270  2285 I chatty  : uid=1000(system) Binder:2270_2 expire 3 lines
04-19 07:55:51.839  2270  2797 I chatty  : uid=1000(system) Binder:2270_6 expire 1 line
04-19 07:55:51.893  2270 20441 I chatty  : uid=1000(system) Binder:2270_1E expire 3 lines
04-19 07:55:53.742  2270  3688 I chatty  : uid=1000(system) Binder:2270_D expire 8 lines
04-19 07:55:54.368  2270 11556 I chatty  : uid=1000(system) Binder:2270_18 expire 7 lines
04-19 07:55:54.561  2270 11557 I chatty  : uid=1000(system) Binder:2270_19 expire 5 lines
04-19 07:55:54.576  2270 24013 I chatty  : uid=1000(system) Binder:2270_1C expire 3 lines
04-19 07:55:54.581  2270  3711 I chatty  : uid=1000(system) Binder:2270_13 expire 6 lines
04-19 07:55:54.592  2270  3658 I chatty  : uid=1000(system) Binder:2270_C expire 5 lines
04-19 07:55:54.735  2270 10250 I chatty  : uid=1000(system) Binder:2270_15 expire 10 lines
04-19 07:55:55.429  2270  3654 I chatty  : uid=1000(system) Binder:2270_B expire 2 lines
04-19 07:55:55.434  2270 16877 I chatty  : uid=1000(system) Binder:2270_1D expire 6 lines
04-19 07:55:55.441  2270  3697 I chatty  : uid=1000(system) Binder:2270_10 expire 6 lines
04-19 07:55:55.441  2270  2797 I chatty  : uid=1000(system) Binder:2270_6 expire 7 lines
04-19 07:55:55.447  2270  3631 I chatty  : uid=1000(system) Binder:2270_8 expire 5 lines
04-19 07:55:56.329  2270  2284 I chatty  : uid=1000(system) Binder:2270_1 expire 6 lines
04-19 07:55:56.337  2270 11358 I chatty  : uid=1000(system) Binder:2270_17 expire 4 lines
04-19 07:55:56.716  2270 20441 I chatty  : uid=1000(system) Binder:2270_1E expire 4 lines
04-19 07:55:56.717  2270  2294 I chatty  : uid=1000(system) ActivityManager expire 20 lines
04-19 07:55:59.105  2270  2668 I chatty  : uid=1000(system) WifiStateMachin expire 4 lines
04-19 07:55:59.757  2270  3633 I chatty  : uid=1000(system) Binder:2270_A expire 2 lines
04-19 07:55:59.853  2270  2640 I chatty  : uid=1000(system) AlarmManager expire 4 lines
04-19 07:55:59.938  2270  3712 I chatty  : uid=1000(system) Binder:2270_14 expire 3 lines
04-19 07:55:59.978  2270  3693 I chatty  : uid=1000(system) Binder:2270_F expire 10 lines
04-19 07:56:00.115  2270 24012 I chatty  : uid=1000(system) Binder:2270_1B expire 5 lines
04-19 07:56:02.892  2270  3632 I chatty  : uid=1000(system) Binder:2270_9 expire 7 lines
04-19 07:56:04.662  2270  2270 I chatty  : uid=1000 system_server expire 1 line
04-19 07:56:05.419   475   485 D VoldCryptCmdListener: cryptfs getpwtype
04-19 07:56:05.420  2270  2645 I chatty  : uid=1000(system) CryptdConnector expire 1 line
04-19 07:56:05.490  2270  3709 I chatty  : uid=1000(system) Binder:2270_12 expire 6 lines
04-19 07:56:05.774  2270  3479 I chatty  : uid=1000(system) Binder:2270_7 expire 5 lines
04-19 07:56:05.899  2270  3706 I chatty  : uid=1000(system) Binder:2270_11 expire 2 lines
04-19 07:56:06.035  2270 11357 I chatty  : uid=1000(system) Binder:2270_16 expire 1 line
04-19 07:56:06.063  2270 11558 I chatty  : uid=1000(system) Binder:2270_1A expire 4 lines
04-19 07:56:07.256  2270 10250 I chatty  : uid=1000(system) Binder:2270_15 expire 2 lines
04-19 07:56:07.265  2270  2285 I chatty  : uid=1000(system) Binder:2270_2 expire 4 lines
04-19 07:56:08.942  2270  2692 I chatty  : uid=1000(system) Binder:2270_3 expire 2 lines
04-19 07:56:09.536  2270  2788 I chatty  : uid=1000(system) Binder:2270_4 expire 4 lines
04-19 07:56:12.608  2270  2790 I chatty  : uid=1000(system) Binder:2270_5 expire 1 line
04-19 07:56:14.095  2270  3689 I chatty  : uid=1000(system) Binder:2270_E expire 4 lines
04-19 07:56:22.750  2270  3631 I chatty  : uid=1000(system) Binder:2270_8 expire 3 lines
04-19 07:56:22.930  2270 11357 I chatty  : uid=1000(system) Binder:2270_16 expire 14 lines
04-19 07:56:22.934  2270  3697 I chatty  : uid=1000(system) Binder:2270_10 expire 3 lines
04-19 07:56:22.954  2270  3706 I chatty  : uid=1000(system) Binder:2270_11 expire 11 lines
04-19 07:56:22.959  2270  3711 I chatty  : uid=1000(system) Binder:2270_13 expire 10 lines
04-19 07:56:22.971  2270 24013 I chatty  : uid=1000(system) Binder:2270_1C expire 7 lines
04-19 07:56:22.978  2270 11358 I chatty  : uid=1000(system) Binder:2270_17 expire 9 lines
04-19 07:56:23.999  2270 24012 I chatty  : uid=1000(system) Binder:2270_1B expire 3 lines
04-19 07:56:25.533  2270  3709 I chatty  : uid=1000(system) Binder:2270_12 expire 5 lines
04-19 07:56:25.768  2270 16877 I chatty  : uid=1000(system) Binder:2270_1D expire 3 lines
04-19 07:56:25.957  2270 11558 I chatty  : uid=1000(system) Binder:2270_1A expire 6 lines
04-19 07:56:25.961  2270  2294 I chatty  : uid=1000(system) ActivityManager expire 17 lines
04-19 07:56:25.965  2270  3693 I chatty  : uid=1000(system) Binder:2270_F expire 3 lines
04-19 07:56:26.005  2270 20441 I chatty  : uid=1000(system) Binder:2270_1E expire 4 lines
04-19 07:56:26.224  2270  2668 I chatty  : uid=1000(system) WifiStateMachin expire 2 lines
04-19 07:56:26.761  2270  3712 I chatty  : uid=1000(system) Binder:2270_14 expire 3 lines
04-19 07:56:26.861  2270  3632 I chatty  : uid=1000(system) Binder:2270_9 expire 14 lines
04-19 07:56:28.137  2270  2692 I chatty  : uid=1000(system) Binder:2270_3 expire 4 lines
04-19 07:56:28.645  2270 11556 I chatty  : uid=1000(system) Binder:2270_18 expire 7 lines
04-19 07:56:29.216  2270  3633 I chatty  : uid=1000(system) Binder:2270_A expire 8 lines
04-19 07:56:32.053  2270  2790 I chatty  : uid=1000(system) Binder:2270_5 expire 3 lines
04-19 07:56:32.074  2270  3654 I chatty  : uid=1000(system) Binder:2270_B expire 3 lines
04-19 07:56:33.953  2270  3479 I chatty  : uid=1000(system) Binder:2270_7 expire 5 lines
04-19 07:56:36.056  2270 10250 I chatty  : uid=1000(system) Binder:2270_15 expire 4 lines
04-19 07:56:36.062  2270 11557 I chatty  : uid=1000(system) Binder:2270_19 expire 5 lines
04-19 07:56:41.193  2270  2285 I chatty  : uid=1000(system) Binder:2270_2 expire 4 lines
04-19 07:56:43.132  2270  3658 I chatty  : uid=1000(system) Binder:2270_C expire 1 line
04-19 07:56:43.146  2270  2284 I chatty  : uid=1000(system) Binder:2270_1 expire 2 lines
04-19 07:56:43.358  2270  2797 I chatty  : uid=1000(system) Binder:2270_6 expire 2 lines
04-19 07:56:51.745  2270  2788 I chatty  : uid=1000(system) Binder:2270_4 expire 3 lines
04-19 07:56:52.962  2270  2318 I chatty  : uid=1000(system) android.display expire 1 line
04-19 07:56:53.076  2270  3688 I chatty  : uid=1000(system) Binder:2270_D expire 1 line
04-19 07:56:55.644  2270  2659 I chatty  : uid=1000(system) NetworkStats expire 5 lines
04-19 07:56:56.277  2270  3658 I chatty  : uid=1000(system) Binder:2270_C expire 3 lines
04-19 07:56:56.278  2270  2681 I chatty  : uid=1000(system) ConnectivitySer expire 1 line
04-19 07:56:56.279  2270 20441 I chatty  : uid=1000(system) Binder:2270_1E expire 4 lines
04-19 07:56:59.221  2270 16877 I chatty  : uid=1000(system) Binder:2270_1D expire 1 line
04-19 07:56:59.221  2270  2294 I chatty  : uid=1000(system) ActivityManager expire 59 lines
04-19 07:56:59.273  2270  2692 I chatty  : uid=1000(system) Binder:2270_3 expire 3 lines
04-19 07:56:59.489  2270  2640 I chatty  : uid=1000(system) AlarmManager expire 8 lines
04-19 07:56:59.499  2270  3709 I chatty  : uid=1000(system) Binder:2270_12 expire 6 lines
04-19 07:57:00.143  2270 10250 I chatty  : uid=1000(system) Binder:2270_15 expire 2 lines
04-19 07:57:01.677  2270  2284 I chatty  : uid=1000(system) Binder:2270_1 expire 2 lines
04-19 07:57:07.160  2270  3711 I chatty  : uid=1000(system) Binder:2270_13 expire 4 lines
04-19 07:57:08.922  2270  2318 I chatty  : uid=1000(system) android.display expire 3 lines
04-19 07:57:09.136  2270  2285 I chatty  : uid=1000(system) Binder:2270_2 expire 6 lines
04-19 07:57:09.370  2270  3688 I chatty  : uid=1000(system) Binder:2270_D expire 1 line
04-19 07:57:10.184  2270  3632 I chatty  : uid=1000(system) Binder:2270_9 expire 3 lines
04-19 07:57:10.381  2270 11558 I chatty  : uid=1000(system) Binder:2270_1A expire 3 lines
04-19 07:57:10.388  2270  3479 I chatty  : uid=1000(system) Binder:2270_7 expire 5 lines
04-19 07:57:10.583  2270 11556 I chatty  : uid=1000(system) Binder:2270_18 expire 4 lines
04-19 07:57:10.593  2270 11557 I chatty  : uid=1000(system) Binder:2270_19 expire 5 lines
04-19 07:57:13.715  2270 24012 I chatty  : uid=1000(system) Binder:2270_1B expire 2 lines
04-19 07:57:14.250  2270  3693 I chatty  : uid=1000(system) Binder:2270_F expire 5 lines
04-19 07:57:14.425  2270  2788 I chatty  : uid=1000(system) Binder:2270_4 expire 4 lines
04-19 07:57:30.092  2270  2790 I chatty  : uid=1000(system) Binder:2270_5 expire 2 lines
04-19 07:57:42.281  2270  3689 I chatty  : uid=1000(system) Binder:2270_E expire 5 lines
04-19 07:57:51.609  2270  2797 I chatty  : uid=1000(system) Binder:2270_6 expire 4 lines
04-19 07:57:51.906  2270  3654 I chatty  : uid=1000(system) Binder:2270_B expire 2 lines
04-19 07:57:59.721  2270  2668 I chatty  : uid=1000(system) WifiStateMachin expire 6 lines
04-19 07:58:00.170  2270  3633 I chatty  : uid=1000(system) Binder:2270_A expire 3 lines
04-19 07:58:02.761  2270  3712 I chatty  : uid=1000(system) Binder:2270_14 expire 5 lines
04-19 07:58:32.667  2270  2270 I chatty  : uid=1000 system_server expire 2 lines
04-19 07:58:33.281  2270  2297 I chatty  : uid=1000(system) batterystats-sy expire 3 lines
04-19 07:58:39.366  2270  3706 I chatty  : uid=1000(system) Binder:2270_11 expire 2 lines
04-19 07:58:58.631  2270 11358 I chatty  : uid=1000(system) Binder:2270_17 expire 9 lines
04-19 07:59:31.727  2270  2797 I chatty  : uid=1000(system) Binder:2270_6 expire 4 lines
04-19 07:59:31.730  2270  2294 I chatty  : uid=1000(system) ActivityManager expire 73 lines
04-19 07:59:32.201  2270  2659 I chatty  : uid=1000(system) NetworkStats expire 23 lines
04-19 07:59:35.459  2270  3654 I chatty  : uid=1000(system) Binder:2270_B expire 3 lines
04-19 07:59:36.547  2270  3689 I chatty  : uid=1000(system) Binder:2270_E expire 3 lines
04-19 07:59:38.871  2270  2692 I chatty  : uid=1000(system) Binder:2270_3 expire 3 lines
04-19 07:59:43.027  2270  3711 I chatty  : uid=1000(system) Binder:2270_13 expire 5 lines
04-19 07:59:45.600  2270  3693 I chatty  : uid=1000(system) Binder:2270_F expire 5 lines
04-19 07:59:52.723  2270  3633 I chatty  : uid=1000(system) Binder:2270_A expire 3 lines
04-19 07:59:53.191  2270  3632 I chatty  : uid=1000(system) Binder:2270_9 expire 3 lines
04-19 07:59:53.197  2270  3712 I chatty  : uid=1000(system) Binder:2270_14 expire 2 lines
04-19 07:59:57.052  2270  2788 I chatty  : uid=1000(system) Binder:2270_4 expire 1 line
04-19 07:59:59.709  2270  3697 I chatty  : uid=1000(system) Binder:2270_10 expire 3 lines
04-19 08:00:00.001  2270  2640 I chatty  : uid=1000(system) AlarmManager expire 6 lines
04-19 08:00:00.079  2270  3631 I chatty  : uid=1000(system) Binder:2270_8 expire 3 lines
04-19 08:00:00.332  2270 11558 I chatty  : uid=1000(system) Binder:2270_1A expire 3 lines
04-19 08:00:00.356  2270 20441 I chatty  : uid=1000(system) Binder:2270_1E expire 6 lines
04-19 08:00:00.398  2270 24012 I chatty  : uid=1000(system) Binder:2270_1B expire 1 line
04-19 08:00:00.406  2270  3706 I chatty  : uid=1000(system) Binder:2270_11 expire 1 line
04-19 08:00:00.411  2270  3688 I chatty  : uid=1000(system) Binder:2270_D expire 4 lines
04-19 08:00:00.758  2270  2681 I chatty  : uid=1000(system) ConnectivitySer expire 1 line
04-19 08:00:00.808  2270 10250 I chatty  : uid=1000(system) Binder:2270_15 expire 3 lines
04-19 08:00:01.414  2270 11557 I chatty  : uid=1000(system) Binder:2270_19 expire 1 line
04-19 08:00:13.508  2270  3479 I chatty  : uid=1000(system) Binder:2270_7 expire 1 line
04-19 08:00:17.737  2270 11357 I chatty  : uid=1000(system) Binder:2270_16 expire 2 lines
04-19 08:00:31.634  2270  3709 I chatty  : uid=1000(system) Binder:2270_12 expire 6 lines
04-19 08:00:35.707  2270 11556 I chatty  : uid=1000(system) Binder:2270_18 expire 1 line
04-19 08:00:57.011  2270 24013 I chatty  : uid=1000(system) Binder:2270_1C expire 1 line
04-19 08:00:59.351  2270  2284 I chatty  : uid=1000(system) Binder:2270_1 expire 1 line
04-19 08:01:04.849  2270  2790 I chatty  : uid=1000(system) Binder:2270_5 expire 2 lines
04-19 08:01:22.181  2270  2270 I chatty  : uid=1000 system_server expire 1 line
04-19 08:01:41.810  2270 16877 I chatty  : uid=1000(system) Binder:2270_1D expire 5 lines
04-19 08:02:15.875  2270  3632 I chatty  : uid=1000(system) Binder:2270_9 expire 2 lines
04-19 08:02:15.876  2270  2294 I chatty  : uid=1000(system) ActivityManager expire 63 lines
04-19 08:02:21.254  2270  2659 I chatty  : uid=1000(system) NetworkStats expire 13 lines
04-19 08:02:23.719  2270  3712 I chatty  : uid=1000(system) Binder:2270_14 expire 1 line
04-19 08:02:29.207  2270 11357 I chatty  : uid=1000(system) Binder:2270_16 expire 2 lines
04-19 08:02:31.323  2270 11556 I chatty  : uid=1000(system) Binder:2270_18 expire 2 lines
04-19 08:02:34.253  2270  2668 I chatty  : uid=1000(system) WifiStateMachin expire 2 lines
04-19 08:02:36.191  2270  3689 I chatty  : uid=1000(system) Binder:2270_E expire 2 lines
04-19 08:02:36.198  2270  2797 I chatty  : uid=1000(system) Binder:2270_6 expire 5 lines
04-19 08:02:38.202  2270  3706 I chatty  : uid=1000(system) Binder:2270_11 expire 1 line
04-19 08:02:38.829  2270  2285 I chatty  : uid=1000(system) Binder:2270_2 expire 2 lines
04-19 08:02:40.835  2270 20441 I chatty  : uid=1000(system) Binder:2270_1E expire 2 lines
04-19 08:02:42.026  2270  2788 I chatty  : uid=1000(system) Binder:2270_4 expire 3 lines
04-19 08:02:42.346  2270  2284 I chatty  : uid=1000(system) Binder:2270_1 expire 4 lines
04-19 08:02:49.549  2270 11358 I chatty  : uid=1000(system) Binder:2270_17 expire 1 line
04-19 08:02:49.867  2270 11557 I chatty  : uid=1000(system) Binder:2270_19 expire 6 lines
04-19 08:02:51.479  2270  3688 I chatty  : uid=1000(system) Binder:2270_D expire 2 lines
04-19 08:02:55.039  2270  3658 I chatty  : uid=1000(system) Binder:2270_C expire 6 lines
04-19 08:02:57.314  2270 11558 I chatty  : uid=1000(system) Binder:2270_1A expire 4 lines
04-19 08:03:00.000  2270  2640 I chatty  : uid=1000(system) AlarmManager expire 2 lines
04-19 08:03:00.072  2270 24013 I chatty  : uid=1000(system) Binder:2270_1C expire 2 lines
04-19 08:03:00.160  2270  2692 I chatty  : uid=1000(system) Binder:2270_3 expire 3 lines
04-19 08:03:02.046  2270  3633 I chatty  : uid=1000(system) Binder:2270_A expire 2 lines
04-19 08:03:02.695  2270  2270 I chatty  : uid=1000 system_server expire 1 line
04-19 08:03:10.057  2270  3479 I chatty  : uid=1000(system) Binder:2270_7 expire 1 line
04-19 08:03:23.780  2270  3654 I chatty  : uid=1000(system) Binder:2270_B expire 2 lines
04-19 08:03:26.076  2270  3697 I chatty  : uid=1000(system) Binder:2270_10 expire 2 lines
04-19 08:03:39.806  2270  3693 I chatty  : uid=1000(system) Binder:2270_F expire 2 lines
04-19 08:03:54.973  2773  2773 V DeadZone: consuming errant click: (713.0,17.0)
04-19 08:03:56.187  2270  2294 I chatty  : uid=1000(system) ActivityManager expire 26 lines
04-19 08:03:56.374  2270  3631 I chatty  : uid=1000(system) Binder:2270_8 expire 2 lines
04-19 08:03:58.134  2270  2659 I chatty  : uid=1000(system) NetworkStats expire 8 lines
04-19 08:04:00.137  2270 24012 I chatty  : uid=1000(system) Binder:2270_1B expire 2 lines
04-19 08:04:03.646  2270  3711 I chatty  : uid=1000(system) Binder:2270_13 expire 1 line
04-19 08:04:27.395  2270  2659 I chatty  : uid=1000(system) NetworkStats expire 8 lines
04-19 08:04:27.395  2270  2294 I chatty  : uid=1000(system) ActivityManager expire 26 lines
04-19 08:04:29.832  2270  3712 I chatty  : uid=1000(system) Binder:2270_14 expire 2 lines
04-19 08:04:31.968  2270  2640 I chatty  : uid=1000(system) AlarmManager expire 9 lines
04-19 08:04:32.046  2270  3632 I chatty  : uid=1000(system) Binder:2270_9 expire 5 lines
04-19 08:04:32.056  2270  3693 I chatty  : uid=1000(system) Binder:2270_F expire 4 lines
04-19 08:04:32.060  2270  3631 I chatty  : uid=1000(system) Binder:2270_8 expire 1 line
04-19 08:04:32.675  2270  3709 I chatty  : uid=1000(system) Binder:2270_12 expire 4 lines
04-19 08:04:32.814  2270  3706 I chatty  : uid=1000(system) Binder:2270_11 expire 11 lines
04-19 08:04:36.335  2270 11557 I chatty  : uid=1000(system) Binder:2270_19 expire 13 lines
04-19 08:04:43.114  2270 11358 I chatty  : uid=1000(system) Binder:2270_17 expire 11 lines
04-19 08:04:44.251  2270  3633 I chatty  : uid=1000(system) Binder:2270_A expire 13 lines
04-19 08:04:53.047  2270 11558 I chatty  : uid=1000(system) Binder:2270_1A expire 4 lines
04-19 08:05:01.427  2270 24013 I chatty  : uid=1000(system) Binder:2270_1C expire 1 line
04-19 08:05:06.587  2270  3658 I chatty  : uid=1000(system) Binder:2270_C expire 1 line
04-19 08:05:09.176  2270  2797 I chatty  : uid=1000(system) Binder:2270_6 expire 2 lines
04-19 08:05:14.569  2270  2790 I chatty  : uid=1000(system) Binder:2270_5 expire 2 lines
04-19 08:05:17.907  2270  2641 I chatty  : uid=1000(system) InputDispatcher expire 2 lines
04-19 08:05:18.125  2270  3654 I chatty  : uid=1000(system) Binder:2270_B expire 1 line
04-19 08:05:19.216  2270  2642 I chatty  : uid=1000(system) InputReader expire 1 line
04-19 08:05:19.626  2270  2318 I chatty  : uid=1000(system) android.display expire 1 line
04-19 08:05:19.822  2270  2322 I chatty  : uid=1000(system) PowerManagerSer expire 1 line
04-19 08:05:19.823  2270  2270 I chatty  : uid=1000 system_server expire 1 line
04-19 08:05:19.988  2773  2773 V KeyguardStatusView: refresh statusview showing:true
04-19 08:05:20.000  2773  2773 V KeyguardDisplayManager: show
04-19 08:05:21.774  2270  3688 I chatty  : uid=1000(system) Binder:2270_D expire 2 lines
04-19 08:05:24.318 20677 20738 E ActivityThread: Failed to find provider info for com.whatsapp.provider.phoneid
04-19 08:05:24.321  2270  3479 I chatty  : uid=1000(system) Binder:2270_7 expire 1 line
04-19 08:05:24.348  2270  2284 I chatty  : uid=1000(system) Binder:2270_1 expire 2 lines
04-19 08:05:24.639  2270  2294 I chatty  : uid=1000(system) ActivityManager expire 4 lines
04-19 08:05:45.219  2270 11556 I chatty  : uid=1000(system) Binder:2270_18 expire 10 lines
04-19 08:05:45.355  2270 20441 I chatty  : uid=1000(system) Binder:2270_1E expire 12 lines
04-19 08:05:46.252  2270 11357 I chatty  : uid=1000(system) Binder:2270_16 expire 11 lines
04-19 08:06:11.922  2270  3689 I chatty  : uid=1000(system) Binder:2270_E expire 1 line
04-19 08:06:11.928  2270  3697 I chatty  : uid=1000(system) Binder:2270_10 expire 1 line
04-19 08:06:56.544  2270  2316 I chatty  : uid=1000(system) android.fg expire 4 lines
04-19 08:06:56.546  2270  2297 I chatty  : uid=1000(system) batterystats-sy expire 8 lines
04-19 08:06:56.550  2270  2692 I chatty  : uid=1000(system) Binder:2270_3 expire 1 line
04-19 08:07:16.556  2270 16877 I chatty  : uid=1000(system) Binder:2270_1D expire 3 lines
04-19 08:08:16.006  2270  2316 I chatty  : uid=1000(system) android.fg expire 14 lines
04-19 08:08:16.007  2270  2297 I chatty  : uid=1000(system) batterystats-sy expire 31 lines
04-19 08:08:16.011  2270  3706 I chatty  : uid=1000(system) Binder:2270_11 expire 7 lines
04-19 08:08:16.627  2270  2797 I chatty  : uid=1000(system) Binder:2270_6 expire 4 lines
04-19 08:08:57.084  2270  3632 I chatty  : uid=1000(system) Binder:2270_9 expire 5 lines
04-19 08:09:03.826  2270 20441 I chatty  : uid=1000(system) Binder:2270_1E expire 7 lines
04-19 08:09:53.488  2270  2294 I chatty  : uid=1000(system) ActivityManager expire 22 lines
04-19 08:09:53.673  2270  2692 I chatty  : uid=1000(system) Binder:2270_3 expire 1 line
04-19 08:09:56.555  2270  3479 I chatty  : uid=1000(system) Binder:2270_7 expire 3 lines
04-19 08:10:16.532  2270  2788 I chatty  : uid=1000(system) Binder:2270_4 expire 10 lines
04-19 08:10:43.906  2270  3631 I chatty  : uid=1000(system) Binder:2270_8 expire 3 lines
04-19 08:11:23.161  2270  2640 I chatty  : uid=1000(system) AlarmManager expire 6 lines
04-19 08:11:23.162  2270  2270 I chatty  : uid=1000 system_server expire 7 lines
04-19 08:11:23.393  2270  3633 I chatty  : uid=1000(system) Binder:2270_A expire 2 lines
04-19 08:12:26.478  2270 11358 I chatty  : uid=1000(system) Binder:2270_17 expire 2 lines
04-19 08:12:32.308  2270  2659 I chatty  : uid=1000(system) NetworkStats expire 2 lines
04-19 08:12:32.642  2270  2293 I chatty  : uid=1000(system) android.bg expire 4 lines
04-19 08:12:32.694  2270  2284 I chatty  : uid=1000(system) Binder:2270_1 expire 4 lines
04-19 08:12:32.695  2270  3693 I chatty  : uid=1000(system) Binder:2270_F expire 5 lines
04-19 08:12:32.701  2270  3688 I chatty  : uid=1000(system) Binder:2270_D expire 5 lines
04-19 08:12:32.721  2270  3712 I chatty  : uid=1000(system) Binder:2270_14 expire 1 line
04-19 08:12:43.722  2270  2642 I chatty  : uid=1000(system) InputReader expire 1 line
04-19 08:12:43.764  2270  2322 I chatty  : uid=1000(system) PowerManagerSer expire 2 lines
04-19 08:12:43.774  2270  2318 I chatty  : uid=1000(system) android.display expire 1 line
04-19 08:12:43.858  2270  2668 I chatty  : uid=1000(system) WifiStateMachin expire 3 lines
04-19 08:12:43.879  2270 24012 I chatty  : uid=1000(system) Binder:2270_1B expire 4 lines
04-19 08:12:43.955  2270 11357 I chatty  : uid=1000(system) Binder:2270_16 expire 2 lines
04-19 08:12:43.969  2270 11556 I chatty  : uid=1000(system) Binder:2270_18 expire 1 line
04-19 08:12:44.076  2270  3711 I chatty  : uid=1000(system) Binder:2270_13 expire 1 line
04-19 08:12:44.133  2270  2790 I chatty  : uid=1000(system) Binder:2270_5 expire 1 line
04-19 08:12:44.208  2270  3658 I chatty  : uid=1000(system) Binder:2270_C expire 1 line
04-19 08:12:44.541  2270  2681 I chatty  : uid=1000(system) ConnectivitySer expire 1 line
04-19 08:12:45.006  2773  2773 V KeyguardDisplayManager: hide
04-19 08:12:45.014  2270  2294 I chatty  : uid=1000(system) ActivityManager expire 7 lines
04-19 08:12:45.233  2270  3697 I chatty  : uid=1000(system) Binder:2270_10 expire 1 line
04-19 08:12:45.302  2270  3654 I chatty  : uid=1000(system) Binder:2270_B expire 2 lines
04-19 08:12:45.331  2270  3689 I chatty  : uid=1000(system) Binder:2270_E expire 2 lines
04-19 08:12:45.714  2270 10250 I chatty  : uid=1000(system) Binder:2270_15 expire 2 lines
