04-19 08:12:50.242  2270  2285 I chatty  : uid=1000(system) Binder:2270_2 expire 1 line
04-19 08:12:51.058 31369 31369 D ActivityThread: Loading provider contacts;com.android.contacts: com.android.providers.contacts.SemcContactsProvider2
04-19 08:12:51.102  2270 11558 I chatty  : uid=1000(system) Binder:2270_1A expire 11 lines
04-19 08:12:51.167  2270  2790 I chatty  : uid=1000(system) Binder:2270_5 expire 3 lines
04-19 08:12:51.168  2270  2294 I chatty  : uid=1000(system) ActivityManager expire 14 lines
04-19 08:12:51.198  2270  2788 I chatty  : uid=1000(system) Binder:2270_4 expire 9 lines
04-19 08:12:51.201  2270 24012 I chatty  : uid=1000(system) Binder:2270_1B expire 10 lines
04-19 08:12:51.509  2270  2318 I chatty  : uid=1000(system) android.display expire 5 lines
04-19 08:12:51.626  2270  3689 I chatty  : uid=1000(system) Binder:2270_E expire 1 line
04-19 08:12:51.875  2270  3693 I chatty  : uid=1000(system) Binder:2270_F expire 12 lines
04-19 08:12:53.519  2270  3631 I chatty  : uid=1000(system) Binder:2270_8 expire 5 lines
04-19 08:12:53.704  2270 11556 I chatty  : uid=1000(system) Binder:2270_18 expire 14 lines
04-19 08:12:53.804  2270  2692 I chatty  : uid=1000(system) Binder:2270_3 expire 2 lines
04-19 08:12:53.838  2270  3688 I chatty  : uid=1000(system) Binder:2270_D expire 5 lines
04-19 08:12:53.839  2270  2285 I chatty  : uid=1000(system) Binder:2270_2 expire 5 lines
04-19 08:12:53.841  2270  3706 I chatty  : uid=1000(system) Binder:2270_11 expire 3 lines
04-19 08:12:54.061  2270 11357 I chatty  : uid=1000(system) Binder:2270_16 expire 1 line
04-19 08:12:54.088  2270 20441 I chatty  : uid=1000(system) Binder:2270_1E expire 2 lines
04-19 08:12:54.099  2270  3633 I chatty  : uid=1000(system) Binder:2270_A expire 3 lines
04-19 08:12:54.226  2270  3632 I chatty  : uid=1000(system) Binder:2270_9 expire 2 lines
04-19 08:12:54.282  2270 11557 I chatty  : uid=1000(system) Binder:2270_19 expire 7 lines
04-19 08:12:58.938  2270  2668 I chatty  : uid=1000(system) WifiStateMachin expire 2 lines
04-19 08:13:00.001  2270  2640 I chatty  : uid=1000(system) AlarmManager expire 2 lines
04-19 08:13:04.975  2270  2295 I chatty  : uid=1000(system) android.ui expire 6 lines
04-19 08:13:06.884  2270  3479 I chatty  : uid=1000(system) Binder:2270_7 expire 1 line
04-19 08:13:07.329  2270 10250 I chatty  : uid=1000(system) Binder:2270_15 expire 5 lines
04-19 08:13:07.598  2270  2270 I chatty  : uid=1000 system_server expire 3 lines
04-19 08:13:10.083  2270  2641 I chatty  : uid=1000(system) InputDispatcher expire 2 lines
04-19 08:13:10.162  2270 11358 I chatty  : uid=1000(system) Binder:2270_17 expire 3 lines
04-19 08:13:10.168  2270  3711 I chatty  : uid=1000(system) Binder:2270_13 expire 5 lines
04-19 08:13:10.341  2270  3654 I chatty  : uid=1000(system) Binder:2270_B expire 10 lines
04-19 08:13:10.767  2270  3709 I chatty  : uid=1000(system) Binder:2270_12 expire 1 line
04-19 08:13:11.440  2270  3712 I chatty  : uid=1000(system) Binder:2270_14 expire 3 lines
04-19 08:13:12.620  2270  2797 I chatty  : uid=1000(system) Binder:2270_6 expire 2 lines
04-19 08:13:12.673  2270  3697 I chatty  : uid=1000(system) Binder:2270_10 expire 3 lines
04-19 08:13:20.420   475   485 D VoldCryptCmdListener: cryptfs getpwtype
04-19 08:13:20.421  2270  2645 I chatty  : uid=1000(system) CryptdConnector expire 1 line
04-19 08:13:20.550  2270  2294 I chatty  : uid=1000(system) ActivityManager expire 7 lines
04-19 08:13:20.625  2270  2284 I chatty  : uid=1000(system) Binder:2270_1 expire 1 line
04-19 08:13:30.146  2270  3654 I chatty  : uid=1000(system) Binder:2270_B expire 2 lines
04-19 08:13:37.863  2270  2293 I chatty  : uid=1000(system) android.bg expire 2 lines
04-19 08:13:38.154  2270  3658 I chatty  : uid=1000(system) Binder:2270_C expire 1 line
04-19 08:13:39.341  2270 24013 I chatty  : uid=1000(system) Binder:2270_1C expire 12 lines
04-19 08:13:41.468  2270  2294 I chatty  : uid=1000(system) ActivityManager expire 22 lines
04-19 08:13:41.473  2270  3693 I chatty  : uid=1000(system) Binder:2270_F expire 2 lines
04-19 08:13:41.478  2270  3711 I chatty  : uid=1000(system) Binder:2270_13 expire 5 lines
04-19 08:13:41.575  2270  3631 I chatty  : uid=1000(system) Binder:2270_8 expire 4 lines
04-19 08:13:41.583  2270 11357 I chatty  : uid=1000(system) Binder:2270_16 expire 3 lines
04-19 08:13:41.739  2270  2285 I chatty  : uid=1000(system) Binder:2270_2 expire 12 lines
04-19 08:13:41.743  2270  3688 I chatty  : uid=1000(system) Binder:2270_D expire 11 lines
04-19 08:13:41.777  2270  2692 I chatty  : uid=1000(system) Binder:2270_3 expire 3 lines
04-19 08:13:41.896  2270  2790 I chatty  : uid=1000(system) Binder:2270_5 expire 1 line
04-19 08:13:41.966  2270  3709 I chatty  : uid=1000(system) Binder:2270_12 expire 5 lines
04-19 08:13:42.542  2270 16877 I chatty  : uid=1000(system) Binder:2270_1D expire 4 lines
04-19 08:13:42.588  2270 10250 I chatty  : uid=1000(system) Binder:2270_15 expire 5 lines
04-19 08:13:42.999  2270  3689 I chatty  : uid=1000(system) Binder:2270_E expire 2 lines
04-19 08:13:43.223  2270  3633 I chatty  : uid=1000(system) Binder:2270_A expire 13 lines
04-19 08:13:43.500  2270  2318 I chatty  : uid=1000(system) android.display expire 7 lines
04-19 08:13:43.590  2270  3712 I chatty  : uid=1000(system) Binder:2270_14 expire 12 lines
04-19 08:13:43.632  2270  3658 I chatty  : uid=1000(system) Binder:2270_C expire 4 lines
04-19 08:13:43.645  2270 11558 I chatty  : uid=1000(system) Binder:2270_1A expire 3 lines
04-19 08:13:43.704  2270  3479 I chatty  : uid=1000(system) Binder:2270_7 expire 3 lines
04-19 08:13:43.808  2270  2317 I chatty  : uid=1000(system) android.io expire 2 lines
04-19 08:13:44.601  2270 24012 I chatty  : uid=1000(system) Binder:2270_1B expire 3 lines
04-19 08:13:44.853  2270 20441 I chatty  : uid=1000(system) Binder:2270_1E expire 6 lines
04-19 08:13:44.855  2270  2788 I chatty  : uid=1000(system) Binder:2270_4 expire 4 lines
04-19 08:13:44.880  2270  2797 I chatty  : uid=1000(system) Binder:2270_6 expire 11 lines
04-19 08:13:48.205  2270  2641 I chatty  : uid=1000(system) InputDispatcher expire 4 lines
04-19 08:13:48.293  2270  3632 I chatty  : uid=1000(system) Binder:2270_9 expire 2 lines
04-19 08:13:55.899  2270  2640 I chatty  : uid=1000(system) AlarmManager expire 2 lines
04-19 08:13:56.387  2270 11557 I chatty  : uid=1000(system) Binder:2270_19 expire 1 line
04-19 08:14:00.180  2270 11358 I chatty  : uid=1000(system) Binder:2270_17 expire 4 lines
04-19 08:14:00.186  2270  2284 I chatty  : uid=1000(system) Binder:2270_1 expire 2 lines
04-19 08:14:00.434  2270  3654 I chatty  : uid=1000(system) Binder:2270_B expire 1 line
04-19 08:14:02.341  2270  2668 I chatty  : uid=1000(system) WifiStateMachin expire 4 lines
04-19 08:14:03.358  2270  2659 I chatty  : uid=1000(system) NetworkStats expire 2 lines
04-19 08:14:07.940  2270 11556 I chatty  : uid=1000(system) Binder:2270_18 expire 2 lines
04-19 08:14:25.795  3683  3770 W ContextImpl: Calling a method in the system process without a qualified user: android.app.ContextImpl.bindService:1426 android.content.ContextWrapper.bindService:636 com.google.android.gms.ads.identifier.AdvertisingIdClient.h:-1 com.google.android.gms.ads.identifier.AdvertisingIdClient.b:-1 com.google.android.gms.ads.identifier.AdvertisingIdClient.getAdvertisingIdInfo:-1 
04-19 08:14:31.458  2270  3697 I chatty  : uid=1000(system) Binder:2270_10 expire 4 lines
04-19 08:14:39.349  2270  2692 I chatty  : uid=1000(system) Binder:2270_3 expire 7 lines
04-19 08:14:40.797  2270  2659 I chatty  : uid=1000(system) NetworkStats expire 1 line
04-19 08:14:40.797  2270  2294 I chatty  : uid=1000(system) ActivityManager expire 37 lines
04-19 08:14:41.922  2270 20441 I chatty  : uid=1000(system) Binder:2270_1E expire 6 lines
04-19 08:14:43.799  2270  2640 I chatty  : uid=1000(system) AlarmManager expire 13 lines
04-19 08:14:43.840  2270  3658 I chatty  : uid=1000(system) Binder:2270_C expire 2 lines
04-19 08:14:43.968  2270 24013 I chatty  : uid=1000(system) Binder:2270_1C expire 4 lines
04-19 08:14:56.576  2270  3479 I chatty  : uid=1000(system) Binder:2270_7 expire 5 lines
04-19 08:15:00.171  2270  2797 I chatty  : uid=1000(system) Binder:2270_6 expire 5 lines
04-19 08:15:03.571  2270  2641 I chatty  : uid=1000(system) InputDispatcher expire 4 lines
04-19 08:15:03.640  2270 11557 I chatty  : uid=1000(system) Binder:2270_19 expire 1 line
04-19 08:15:03.642  2270  2790 I chatty  : uid=1000(system) Binder:2270_5 expire 3 lines
04-19 08:15:03.910  2270  3706 I chatty  : uid=1000(system) Binder:2270_11 expire 7 lines
04-19 08:15:04.336  2270  2285 I chatty  : uid=1000(system) Binder:2270_2 expire 5 lines
04-19 08:15:06.614  2270  3709 I chatty  : uid=1000(system) Binder:2270_12 expire 5 lines
04-19 08:15:14.719  2270  3689 I chatty  : uid=1000(system) Binder:2270_E expire 5 lines
04-19 08:15:14.724  2270 11558 I chatty  : uid=1000(system) Binder:2270_1A expire 6 lines
04-19 08:15:20.802  2270  3693 I chatty  : uid=1000(system) Binder:2270_F expire 6 lines
04-19 08:15:23.702  2270 11357 I chatty  : uid=1000(system) Binder:2270_16 expire 2 lines
04-19 08:15:23.703   475   485 D VoldCryptCmdListener: cryptfs getpwtype
04-19 08:15:23.703  2270  2645 I chatty  : uid=1000(system) CryptdConnector expire 1 line
04-19 08:15:24.135  2270 24012 I chatty  : uid=1000(system) Binder:2270_1B expire 6 lines
04-19 08:15:24.202  2270  2318 I chatty  : uid=1000(system) android.display expire 2 lines
04-19 08:15:24.246  2270 10250 I chatty  : uid=1000(system) Binder:2270_15 expire 5 lines
04-19 08:15:24.654  2270  3633 I chatty  : uid=1000(system) Binder:2270_A expire 8 lines
04-19 08:15:25.165  2270 11556 I chatty  : uid=1000(system) Binder:2270_18 expire 8 lines
04-19 08:15:26.279  2270  3688 I chatty  : uid=1000(system) Binder:2270_D expire 4 lines
04-19 08:15:34.258  2270  3632 I chatty  : uid=1000(system) Binder:2270_9 expire 3 lines
04-19 08:15:34.338  2270  3712 I chatty  : uid=1000(system) Binder:2270_14 expire 1 line
04-19 08:15:34.453  2270  2681 I chatty  : uid=1000(system) ConnectivitySer expire 2 lines
04-19 08:15:34.454  2270  3711 I chatty  : uid=1000(system) Binder:2270_13 expire 4 lines
04-19 08:15:36.072  2270  2293 I chatty  : uid=1000(system) android.bg expire 1 line
04-19 08:15:41.706  2270  3654 I chatty  : uid=1000(system) Binder:2270_B expire 5 lines
04-19 08:15:51.087  2270  3631 I chatty  : uid=1000(system) Binder:2270_8 expire 1 line
04-19 08:15:51.280  2270 16877 I chatty  : uid=1000(system) Binder:2270_1D expire 3 lines
04-19 08:15:52.053  2270  2284 I chatty  : uid=1000(system) Binder:2270_1 expire 6 lines
04-19 08:16:01.115  2270  2692 I chatty  : uid=1000(system) Binder:2270_3 expire 6 lines
04-19 08:16:01.725  2270  2640 I chatty  : uid=1000(system) AlarmManager expire 9 lines
04-19 08:16:02.132  2270  2294 I chatty  : uid=1000(system) ActivityManager expire 19 lines
04-19 08:16:02.363  2270  2285 I chatty  : uid=1000(system) Binder:2270_2 expire 4 lines
04-19 08:16:02.687  2270  3697 I chatty  : uid=1000(system) Binder:2270_10 expire 9 lines
04-19 08:16:02.764  2270 11558 I chatty  : uid=1000(system) Binder:2270_1A expire 3 lines
04-19 08:16:02.827  2270 24012 I chatty  : uid=1000(system) Binder:2270_1B expire 3 lines
04-19 08:16:02.955  2270 20441 I chatty  : uid=1000(system) Binder:2270_1E expire 4 lines
04-19 08:16:03.002  2270 16877 I chatty  : uid=1000(system) Binder:2270_1D expire 2 lines
04-19 08:16:03.026  2270  3631 I chatty  : uid=1000(system) Binder:2270_8 expire 15 lines
04-19 08:16:05.187  2270  2788 I chatty  : uid=1000(system) Binder:2270_4 expire 1 line
04-19 08:16:05.303   645   645 D ActivityThread: Loading provider contacts;com.android.contacts: com.android.providers.contacts.SemcContactsProvider2
04-19 08:16:05.386  2270  3479 I chatty  : uid=1000(system) Binder:2270_7 expire 15 lines
04-19 08:16:05.665  2270  3654 I chatty  : uid=1000(system) Binder:2270_B expire 9 lines
04-19 08:16:06.746  2270  3693 I chatty  : uid=1000(system) Binder:2270_F expire 2 lines
04-19 08:16:06.797  2270  3688 I chatty  : uid=1000(system) Binder:2270_D expire 3 lines
04-19 08:16:06.959  2270  2681 I chatty  : uid=1000(system) ConnectivitySer expire 2 lines
04-19 08:16:08.191   711   730 D ActivityThread: Loading provider me.bluemail.mail.provider;me.bluemail.mail.notifier: com.android.emaileas.provider.EmailProvider
04-19 08:16:08.194   711   733 D ActivityThread: Loading provider me.bluemail.mail.provider;me.bluemail.mail.notifier: com.android.emaileas.provider.EmailProvider
04-19 08:16:08.195   711   731 D ActivityThread: Loading provider me.bluemail.mail.provider;me.bluemail.mail.notifier: com.android.emaileas.provider.EmailProvider
04-19 08:16:09.160  2270  3709 I chatty  : uid=1000(system) Binder:2270_12 expire 19 lines
04-19 08:16:09.335  2270 11358 I chatty  : uid=1000(system) Binder:2270_17 expire 3 lines
04-19 08:16:13.329  2270  3706 I chatty  : uid=1000(system) Binder:2270_11 expire 11 lines
04-19 08:16:13.465  2270  2790 I chatty  : uid=1000(system) Binder:2270_5 expire 2 lines
04-19 08:16:13.473  2270  3632 I chatty  : uid=1000(system) Binder:2270_9 expire 1 line
04-19 08:16:21.425  2270 10250 I chatty  : uid=1000(system) Binder:2270_15 expire 1 line
04-19 08:16:22.795  2270  3689 I chatty  : uid=1000(system) Binder:2270_E expire 2 lines
04-19 08:17:08.775  2270  2270 I chatty  : uid=1000 system_server expire 14 lines
04-19 08:17:08.779  2270  2297 I chatty  : uid=1000(system) batterystats-sy expire 4 lines
04-19 08:17:31.073  2270  2659 I chatty  : uid=1000(system) NetworkStats expire 1 line
04-19 08:18:00.138  2270  3711 I chatty  : uid=1000(system) Binder:2270_13 expire 1 line
04-19 08:18:00.197  2270  2797 I chatty  : uid=1000(system) Binder:2270_6 expire 1 line
04-19 08:18:00.274  2270 11556 I chatty  : uid=1000(system) Binder:2270_18 expire 1 line
04-19 08:18:01.904  2270 11557 I chatty  : uid=1000(system) Binder:2270_19 expire 1 line
04-19 08:18:02.389  2270  2318 I chatty  : uid=1000(system) android.display expire 2 lines
04-19 08:18:02.904  2270 24013 I chatty  : uid=1000(system) Binder:2270_1C expire 2 lines
04-19 08:18:02.961  2270  3712 I chatty  : uid=1000(system) Binder:2270_14 expire 1 line
04-19 08:18:22.795  2270  2642 I chatty  : uid=1000(system) InputReader expire 2 lines
04-19 08:18:23.395  2270  2322 I chatty  : uid=1000(system) PowerManagerSer expire 1 line
04-19 08:18:23.622  2773  2773 V KeyguardStatusView: refresh statusview showing:true
04-19 08:18:23.637  2773  2773 V KeyguardDisplayManager: show
04-19 08:18:48.292  2270  2316 I chatty  : uid=1000(system) android.fg expire 1 line
04-19 08:18:48.295  2270  2270 I chatty  : uid=1000 system_server expire 7 lines
04-19 08:18:48.309  2270  2297 I chatty  : uid=1000(system) batterystats-sy expire 2 lines
04-19 08:18:48.317  2270 24012 I chatty  : uid=1000(system) Binder:2270_1B expire 3 lines
04-19 08:18:48.328  2270  2322 I chatty  : uid=1000(system) PowerManagerSer expire 2 lines
04-19 08:18:48.352  2270  2318 I chatty  : uid=1000(system) android.display expire 1 line
04-19 08:18:48.446  2270  2316 I chatty  : uid=1000(system) android.fg expire 1 line
04-19 08:18:48.448  2270 16877 I chatty  : uid=1000(system) Binder:2270_1D expire 5 lines
04-19 08:18:48.450  2270  2692 I chatty  : uid=1000(system) Binder:2270_3 expire 7 lines
04-19 08:18:48.480  2270  3688 I chatty  : uid=1000(system) Binder:2270_D expire 4 lines
04-19 08:18:48.501  2270  2294 I chatty  : uid=1000(system) ActivityManager expire 30 lines
04-19 08:18:48.504  2270  2788 I chatty  : uid=1000(system) Binder:2270_4 expire 5 lines
04-19 08:18:48.519  2270  3711 I chatty  : uid=1000(system) Binder:2270_13 expire 4 lines
04-19 08:18:48.541  2270 11357 I chatty  : uid=1000(system) Binder:2270_16 expire 6 lines
04-19 08:18:48.573  2270  3706 I chatty  : uid=1000(system) Binder:2270_11 expire 7 lines
04-19 08:18:48.619  2270 11556 I chatty  : uid=1000(system) Binder:2270_18 expire 6 lines
04-19 08:18:48.633  2270  3697 I chatty  : uid=1000(system) Binder:2270_10 expire 4 lines
04-19 08:18:48.698  2270  3479 I chatty  : uid=1000(system) Binder:2270_7 expire 1 line
04-19 08:18:48.705  2270  2797 I chatty  : uid=1000(system) Binder:2270_6 expire 8 lines
04-19 08:18:48.706  2270 20441 I chatty  : uid=1000(system) Binder:2270_1E expire 7 lines
04-19 08:18:48.780  2270  3654 I chatty  : uid=1000(system) Binder:2270_B expire 6 lines
04-19 08:18:48.795  2270 11358 I chatty  : uid=1000(system) Binder:2270_17 expire 2 lines
04-19 08:18:48.855  2270  3633 I chatty  : uid=1000(system) Binder:2270_A expire 3 lines
04-19 08:18:48.933  2270  2790 I chatty  : uid=1000(system) Binder:2270_5 expire 4 lines
04-19 08:18:48.950  2270  3709 I chatty  : uid=1000(system) Binder:2270_12 expire 5 lines
04-19 08:18:48.965  2270  3632 I chatty  : uid=1000(system) Binder:2270_9 expire 5 lines
04-19 08:18:49.594  2773  2773 V KeyguardDisplayManager: hide
04-19 08:18:49.763  2270 11557 I chatty  : uid=1000(system) Binder:2270_19 expire 11 lines
04-19 08:18:50.381  2270 24013 I chatty  : uid=1000(system) Binder:2270_1C expire 2 lines
04-19 08:18:51.005  2270  3631 I chatty  : uid=1000(system) Binder:2270_8 expire 2 lines
04-19 08:18:52.232  2270  2668 I chatty  : uid=1000(system) WifiStateMachin expire 1 line
04-19 08:19:00.002  2270  2640 I chatty  : uid=1000(system) AlarmManager expire 11 lines
04-19 08:19:04.824  2270  2659 I chatty  : uid=1000(system) NetworkStats expire 2 lines
04-19 08:19:42.564  2270 11558 I chatty  : uid=1000(system) Binder:2270_1A expire 3 lines
04-19 08:19:43.130  2270  2285 I chatty  : uid=1000(system) Binder:2270_2 expire 1 line
04-19 08:19:45.343  2270  3658 I chatty  : uid=1000(system) Binder:2270_C expire 4 lines
04-19 08:19:47.705  2270 28721 I chatty  : uid=1000 system_server expire 1 line
04-19 08:19:47.706  2270  2681 I chatty  : uid=1000(system) ConnectivitySer expire 1 line
04-19 08:19:48.875  2270  3712 I chatty  : uid=1000(system) Binder:2270_14 expire 2 lines
04-19 08:19:48.995  2270  2293 I chatty  : uid=1000(system) android.bg expire 1 line
04-19 08:19:49.074  2270  3693 I chatty  : uid=1000(system) Binder:2270_F expire 1 line
04-19 08:19:49.473  2270  2284 I chatty  : uid=1000(system) Binder:2270_1 expire 2 lines
04-19 08:19:50.292  2270 10250 I chatty  : uid=1000(system) Binder:2270_15 expire 5 lines
04-19 08:21:26.558  2270 11557 I chatty  : uid=1000(system) Binder:2270_19 expire 6 lines
04-19 08:21:26.777  2270  2270 I chatty  : uid=1000 system_server expire 8 lines
04-19 08:21:26.781  2270  2297 I chatty  : uid=1000(system) batterystats-sy expire 15 lines
04-19 08:21:26.874  2270  2294 I chatty  : uid=1000(system) ActivityManager expire 19 lines
04-19 08:21:34.164  2270  2668 I chatty  : uid=1000(system) WifiStateMachin expire 2 lines
04-19 08:21:36.609  2270 11556 I chatty  : uid=1000(system) Binder:2270_18 expire 1 line
04-19 08:21:37.179  2270  2642 I chatty  : uid=1000(system) InputReader expire 2 lines
04-19 08:21:37.520  2270  2318 I chatty  : uid=1000(system) android.display expire 2 lines
04-19 08:21:37.714  2270  2322 I chatty  : uid=1000(system) PowerManagerSer expire 2 lines
04-19 08:21:37.849  2773  2773 V KeyguardStatusView: refresh statusview showing:true
04-19 08:21:37.865  2773  2773 V KeyguardDisplayManager: show
04-19 08:21:37.964  2270  3654 I chatty  : uid=1000(system) Binder:2270_B expire 4 lines
04-19 08:21:38.235  2270  3658 I chatty  : uid=1000(system) Binder:2270_C expire 10 lines
04-19 08:21:40.414  2270 24013 I chatty  : uid=1000(system) Binder:2270_1C expire 14 lines
04-19 08:21:43.180  2270  3689 I chatty  : uid=1000(system) Binder:2270_E expire 2 lines
04-19 08:21:43.186  2270  3706 I chatty  : uid=1000(system) Binder:2270_11 expire 11 lines
04-19 08:21:46.737  2270  3632 I chatty  : uid=1000(system) Binder:2270_9 expire 1 line
04-19 08:21:48.539  2270 24012 I chatty  : uid=1000(system) Binder:2270_1B expire 10 lines
04-19 08:21:49.548  2270  2692 I chatty  : uid=1000(system) Binder:2270_3 expire 1 line
04-19 08:21:49.594  2270 11558 I chatty  : uid=1000(system) Binder:2270_1A expire 7 lines
04-19 08:21:49.600  2270 11357 I chatty  : uid=1000(system) Binder:2270_16 expire 1 line
04-19 08:21:49.608  2270  3479 I chatty  : uid=1000(system) Binder:2270_7 expire 2 lines
04-19 08:21:49.612  2270  3712 I chatty  : uid=1000(system) Binder:2270_14 expire 3 lines
04-19 08:21:56.220  2270  2790 I chatty  : uid=1000(system) Binder:2270_5 expire 9 lines
04-19 08:21:56.226  2270  3711 I chatty  : uid=1000(system) Binder:2270_13 expire 10 lines
04-19 08:22:00.602  2270  3633 I chatty  : uid=1000(system) Binder:2270_A expire 1 line
04-19 08:22:00.607  2270  3709 I chatty  : uid=1000(system) Binder:2270_12 expire 2 lines
04-19 08:22:00.614  2270  3688 I chatty  : uid=1000(system) Binder:2270_D expire 4 lines
04-19 08:22:00.633  2270  2797 I chatty  : uid=1000(system) Binder:2270_6 expire 3 lines
04-19 08:22:09.422  2270  2640 I chatty  : uid=1000(system) AlarmManager expire 12 lines
04-19 08:22:09.432  2270 20441 I chatty  : uid=1000(system) Binder:2270_1E expire 3 lines
04-19 08:22:29.948  2270  2316 I chatty  : uid=1000(system) android.fg expire 6 lines
04-19 08:22:29.951  2270  3697 I chatty  : uid=1000(system) Binder:2270_10 expire 1 line
04-19 08:23:59.990  2270 11358 I chatty  : uid=1000(system) Binder:2270_17 expire 2 lines
04-19 08:24:58.933  2270  3693 I chatty  : uid=1000(system) Binder:2270_F expire 2 lines
04-19 08:25:34.539  2270 16877 I chatty  : uid=1000(system) Binder:2270_1D expire 8 lines
04-19 08:25:34.623  2270  2294 I chatty  : uid=1000(system) ActivityManager expire 25 lines
04-19 08:25:34.628  2270  3688 I chatty  : uid=1000(system) Binder:2270_D expire 2 lines
04-19 08:25:34.631  2270 10250 I chatty  : uid=1000(system) Binder:2270_15 expire 2 lines
04-19 08:25:34.637  2270  2797 I chatty  : uid=1000(system) Binder:2270_6 expire 3 lines
04-19 08:25:34.644  2270  3709 I chatty  : uid=1000(system) Binder:2270_12 expire 2 lines
04-19 08:25:34.781  2270  3693 I chatty  : uid=1000(system) Binder:2270_F expire 6 lines
04-19 08:25:34.793  2270  2322 I chatty  : uid=1000(system) PowerManagerSer expire 2 lines
04-19 08:25:34.915  2270  3632 I chatty  : uid=1000(system) Binder:2270_9 expire 10 lines
04-19 08:25:34.939  2270  2788 I chatty  : uid=1000(system) Binder:2270_4 expire 2 lines
04-19 08:25:34.946  2270  3658 I chatty  : uid=1000(system) Binder:2270_C expire 3 lines
04-19 08:25:34.958  2270  3712 I chatty  : uid=1000(system) Binder:2270_14 expire 5 lines
04-19 08:25:34.975  2270  2692 I chatty  : uid=1000(system) Binder:2270_3 expire 3 lines
04-19 08:25:34.992  2270  3633 I chatty  : uid=1000(system) Binder:2270_A expire 4 lines
04-19 08:25:34.996  2270 24012 I chatty  : uid=1000(system) Binder:2270_1B expire 6 lines
04-19 08:25:36.995  2773  2773 V KeyguardDisplayManager: hide
04-19 08:25:37.117  2270  2790 I chatty  : uid=1000(system) Binder:2270_5 expire 2 lines
04-19 08:25:37.178  2270  2285 I chatty  : uid=1000(system) Binder:2270_2 expire 4 lines
04-19 08:25:37.278  2270 11357 I chatty  : uid=1000(system) Binder:2270_16 expire 3 lines
04-19 08:25:37.330  2270  2284 I chatty  : uid=1000(system) Binder:2270_1 expire 8 lines
04-19 08:25:37.489  2270  3711 I chatty  : uid=1000(system) Binder:2270_13 expire 6 lines
04-19 08:25:37.500  2270  2668 I chatty  : uid=1000(system) WifiStateMachin expire 11 lines
04-19 08:25:37.986  2270 24013 I chatty  : uid=1000(system) Binder:2270_1C expire 1 line
04-19 08:25:43.063  2270  3697 I chatty  : uid=1000(system) Binder:2270_10 expire 4 lines
04-19 08:25:43.123  2270  3706 I chatty  : uid=1000(system) Binder:2270_11 expire 1 line
04-19 08:25:43.152  2270 20441 I chatty  : uid=1000(system) Binder:2270_1E expire 3 lines
04-19 08:25:43.553  2270  3689 I chatty  : uid=1000(system) Binder:2270_E expire 1 line
04-19 08:25:43.831  2270  2318 I chatty  : uid=1000(system) android.display expire 2 lines
04-19 08:25:44.078  2270  3654 I chatty  : uid=1000(system) Binder:2270_B expire 4 lines
04-19 08:25:44.107  2270  3631 I chatty  : uid=1000(system) Binder:2270_8 expire 2 lines
04-19 08:25:50.070  2270  2640 I chatty  : uid=1000(system) AlarmManager expire 13 lines
04-19 08:27:40.395  2270 11557 I chatty  : uid=1000(system) Binder:2270_19 expire 1 line
04-19 08:27:40.404  2270 11358 I chatty  : uid=1000(system) Binder:2270_17 expire 4 lines
04-19 08:28:47.415  2270  2642 I chatty  : uid=1000(system) InputReader expire 1 line
04-19 08:28:48.033  2270  2270 I chatty  : uid=1000 system_server expire 2 lines
04-19 08:28:48.199  2773  2773 V KeyguardStatusView: refresh statusview showing:true
04-19 08:28:48.217  2773  2773 V KeyguardDisplayManager: show
04-19 08:29:06.439  2270  2316 I chatty  : uid=1000(system) android.fg expire 5 lines
04-19 08:29:06.441  2270  2297 I chatty  : uid=1000(system) batterystats-sy expire 11 lines
04-19 08:29:48.723  2270  2294 I chatty  : uid=1000(system) ActivityManager expire 6 lines
04-19 08:30:20.089  2270  3479 I chatty  : uid=1000(system) Binder:2270_7 expire 10 lines
04-19 08:32:22.806  2270  2297 I chatty  : uid=1000(system) batterystats-sy expire 16 lines
04-19 08:32:22.807  2270  2316 I chatty  : uid=1000(system) android.fg expire 9 lines
04-19 08:32:22.811  2270 11556 I chatty  : uid=1000(system) Binder:2270_18 expire 6 lines
04-19 08:32:22.976  2270  3693 I chatty  : uid=1000(system) Binder:2270_F expire 3 lines
04-19 08:32:31.799  2270  2640 I chatty  : uid=1000(system) AlarmManager expire 6 lines
04-19 08:32:31.816  2270 24013 I chatty  : uid=1000(system) Binder:2270_1C expire 4 lines
04-19 08:32:31.857  2270 24012 I chatty  : uid=1000(system) Binder:2270_1B expire 1 line
04-19 08:32:31.872  2270  3631 I chatty  : uid=1000(system) Binder:2270_8 expire 6 lines
04-19 08:32:31.908  2270  2270 I chatty  : uid=1000 system_server expire 9 lines
04-19 08:32:31.931  2270  3709 I chatty  : uid=1000(system) Binder:2270_12 expire 8 lines
04-19 08:32:32.325  2768  2768 D ActivityThread: Loading provider contacts;com.android.contacts: com.android.providers.contacts.SemcContactsProvider2
04-19 08:33:35.361  2270  2642 I chatty  : uid=1000(system) InputReader expire 2 lines
04-19 08:33:35.392  2270  2322 I chatty  : uid=1000(system) PowerManagerSer expire 3 lines
04-19 08:33:35.394  2270  2318 I chatty  : uid=1000(system) android.display expire 3 lines
04-19 08:33:35.469  2270  2668 I chatty  : uid=1000(system) WifiStateMachin expire 4 lines
04-19 08:33:35.470  2270  2294 I chatty  : uid=1000(system) ActivityManager expire 26 lines
04-19 08:33:35.476  2270 11358 I chatty  : uid=1000(system) Binder:2270_17 expire 2 lines
04-19 08:33:35.487  2270  3689 I chatty  : uid=1000(system) Binder:2270_E expire 2 lines
04-19 08:33:35.491  2270  3654 I chatty  : uid=1000(system) Binder:2270_B expire 5 lines
04-19 08:33:35.508  2270  3711 I chatty  : uid=1000(system) Binder:2270_13 expire 3 lines
04-19 08:33:35.518  2270  3706 I chatty  : uid=1000(system) Binder:2270_11 expire 6 lines
04-19 08:33:35.582  2270 20441 I chatty  : uid=1000(system) Binder:2270_1E expire 4 lines
04-19 08:33:35.603  2270  3697 I chatty  : uid=1000(system) Binder:2270_10 expire 2 lines
04-19 08:33:35.606  2270  3632 I chatty  : uid=1000(system) Binder:2270_9 expire 2 lines
04-19 08:33:35.610  2270  2284 I chatty  : uid=1000(system) Binder:2270_1 expire 2 lines
04-19 08:33:35.618  2270  3633 I chatty  : uid=1000(system) Binder:2270_A expire 2 lines
04-19 08:33:35.638  2270  3712 I chatty  : uid=1000(system) Binder:2270_14 expire 4 lines
04-19 08:33:35.746  2270  2790 I chatty  : uid=1000(system) Binder:2270_5 expire 4 lines
04-19 08:33:35.766  2270  3658 I chatty  : uid=1000(system) Binder:2270_C expire 2 lines
04-19 08:33:35.772  2270 10250 I chatty  : uid=1000(system) Binder:2270_15 expire 2 lines
04-19 08:33:35.800  2270  3688 I chatty  : uid=1000(system) Binder:2270_D expire 1 line
04-19 08:33:36.429  2773  2773 V KeyguardDisplayManager: hide
04-19 08:33:36.436  2270 11558 I chatty  : uid=1000(system) Binder:2270_1A expire 6 lines
04-19 08:33:36.459  2270  2788 I chatty  : uid=1000(system) Binder:2270_4 expire 2 lines
04-19 08:33:36.521  2270  2285 I chatty  : uid=1000(system) Binder:2270_2 expire 3 lines
04-19 08:33:37.056  2270  2641 I chatty  : uid=1000(system) InputDispatcher expire 2 lines
04-19 08:33:40.939  2270 11557 I chatty  : uid=1000(system) Binder:2270_19 expire 1 line
04-19 08:33:42.246  2270  2797 I chatty  : uid=1000(system) Binder:2270_6 expire 1 line
04-19 08:33:42.282  2270 16877 I chatty  : uid=1000(system) Binder:2270_1D expire 2 lines
04-19 08:33:48.538  2773  2773 V KeyguardStatusView: refresh statusview showing:true
04-19 08:33:48.549  2773  2773 V KeyguardDisplayManager: show
04-19 08:33:50.334  2270  2294 I chatty  : uid=1000(system) ActivityManager expire 3 lines
04-19 08:34:13.885  2270 11357 I chatty  : uid=1000(system) Binder:2270_16 expire 1 line
04-19 08:35:25.126  2270  2692 I chatty  : uid=1000(system) Binder:2270_3 expire 2 lines
04-19 08:35:46.159  2270  2640 I chatty  : uid=1000(system) AlarmManager expire 5 lines
04-19 08:35:46.172  2270  3709 I chatty  : uid=1000(system) Binder:2270_12 expire 3 lines
04-19 08:35:46.364  2270 11556 I chatty  : uid=1000(system) Binder:2270_18 expire 6 lines
04-19 08:35:46.399  2270 10250 I chatty  : uid=1000(system) Binder:2270_15 expire 10 lines
04-19 08:35:47.288  2270  2294 I chatty  : uid=1000(system) ActivityManager expire 25 lines
04-19 08:35:48.496  2270  3711 I chatty  : uid=1000(system) Binder:2270_13 expire 5 lines
04-19 08:35:48.530  2270  2797 I chatty  : uid=1000(system) Binder:2270_6 expire 3 lines
04-19 08:36:00.189  2270  2284 I chatty  : uid=1000(system) Binder:2270_1 expire 11 lines
04-19 08:36:02.466  2270  3712 I chatty  : uid=1000(system) Binder:2270_14 expire 11 lines
04-19 08:36:03.567  2270  3631 I chatty  : uid=1000(system) Binder:2270_8 expire 5 lines
04-19 08:36:03.579  2270  2285 I chatty  : uid=1000(system) Binder:2270_2 expire 8 lines
04-19 08:36:03.585  2270  3688 I chatty  : uid=1000(system) Binder:2270_D expire 1 line
04-19 08:36:04.118  2270  3654 I chatty  : uid=1000(system) Binder:2270_B expire 11 lines
04-19 08:36:11.797  2270  3689 I chatty  : uid=1000(system) Binder:2270_E expire 10 lines
04-19 08:36:11.811  2270 11558 I chatty  : uid=1000(system) Binder:2270_1A expire 12 lines
04-19 08:36:45.554  2270  2316 I chatty  : uid=1000(system) android.fg expire 4 lines
04-19 08:36:45.556  2270  2297 I chatty  : uid=1000(system) batterystats-sy expire 6 lines
04-19 08:36:45.665  2270  3706 I chatty  : uid=1000(system) Binder:2270_11 expire 4 lines
04-19 08:36:45.669  2270 24012 I chatty  : uid=1000(system) Binder:2270_1B expire 1 line
04-19 08:36:45.693  2270 20441 I chatty  : uid=1000(system) Binder:2270_1E expire 1 line
04-19 08:36:45.706  2270  3479 I chatty  : uid=1000(system) Binder:2270_7 expire 2 lines
04-19 08:36:52.681  2270  3693 I chatty  : uid=1000(system) Binder:2270_F expire 3 lines
04-19 08:36:53.301  2270  3697 I chatty  : uid=1000(system) Binder:2270_10 expire 1 line
04-19 08:36:53.457  2270  3633 I chatty  : uid=1000(system) Binder:2270_A expire 4 lines
04-19 08:36:53.461  2270  3658 I chatty  : uid=1000(system) Binder:2270_C expire 1 line
04-19 08:36:53.570   475   485 D VoldCryptCmdListener: cryptfs getpwtype
04-19 08:36:53.571  2270  2645 I chatty  : uid=1000(system) CryptdConnector expire 1 line
04-19 08:36:53.995  2270 16877 I chatty  : uid=1000(system) Binder:2270_1D expire 2 lines
04-19 08:36:54.006  2270 11557 I chatty  : uid=1000(system) Binder:2270_19 expire 1 line
04-19 08:36:54.006  2270 11358 I chatty  : uid=1000(system) Binder:2270_17 expire 2 lines
04-19 08:36:54.010  2270  3712 I chatty  : uid=1000(system) Binder:2270_14 expire 5 lines
04-19 08:36:54.120  2270  2284 I chatty  : uid=1000(system) Binder:2270_1 expire 1 line
04-19 08:36:54.242  2270 24013 I chatty  : uid=1000(system) Binder:2270_1C expire 2 lines
04-19 08:36:54.575  2270 10250 I chatty  : uid=1000(system) Binder:2270_15 expire 1 line
04-19 08:36:54.881  2270  3689 I chatty  : uid=1000(system) Binder:2270_E expire 1 line
04-19 08:37:11.051  2270  2681 I chatty  : uid=1000(system) ConnectivitySer expire 6 lines
04-19 08:37:11.053  2270  2668 I chatty  : uid=1000(system) WifiStateMachin expire 4 lines
04-19 08:37:11.372  2270  2790 I chatty  : uid=1000(system) Binder:2270_5 expire 4 lines
04-19 08:37:11.534  2270  2285 I chatty  : uid=1000(system) Binder:2270_2 expire 9 lines
04-19 08:37:11.637  2270  3654 I chatty  : uid=1000(system) Binder:2270_B expire 9 lines
04-19 08:37:11.655  2270  2270 I chatty  : uid=1000 system_server expire 15 lines
04-19 08:37:11.682  2270  3693 I chatty  : uid=1000(system) Binder:2270_F expire 1 line
04-19 08:37:11.683   475   485 D VoldCryptCmdListener: cryptfs getpwtype
04-19 08:37:11.684  2270  2645 I chatty  : uid=1000(system) CryptdConnector expire 2 lines
04-19 08:37:11.704  2270  3633 I chatty  : uid=1000(system) Binder:2270_A expire 10 lines
04-19 08:37:11.718  2270  3658 I chatty  : uid=1000(system) Binder:2270_C expire 2 lines
04-19 08:37:11.750  2270  3632 I chatty  : uid=1000(system) Binder:2270_9 expire 1 line
04-19 08:37:11.753  2270 16877 I chatty  : uid=1000(system) Binder:2270_1D expire 1 line
04-19 08:37:11.756  2270  3706 I chatty  : uid=1000(system) Binder:2270_11 expire 5 lines
04-19 08:37:11.763  2270  3631 I chatty  : uid=1000(system) Binder:2270_8 expire 3 lines
04-19 08:37:11.765  2270 24012 I chatty  : uid=1000(system) Binder:2270_1B expire 4 lines
04-19 08:37:11.770  2270  2797 I chatty  : uid=1000(system) Binder:2270_6 expire 2 lines
04-19 08:37:11.780  2270 11556 I chatty  : uid=1000(system) Binder:2270_18 expire 4 lines
04-19 08:37:11.780  2270  2294 I chatty  : uid=1000(system) ActivityManager expire 16 lines
04-19 08:37:17.972  2270  2640 I chatty  : uid=1000(system) AlarmManager expire 17 lines
04-19 08:37:57.986  2270  3688 I chatty  : uid=1000(system) Binder:2270_D expire 4 lines
04-19 08:38:50.655  2270 11558 I chatty  : uid=1000(system) Binder:2270_1A expire 2 lines
04-19 08:38:51.272  2270 10250 I chatty  : uid=1000(system) Binder:2270_15 expire 2 lines
04-19 08:40:40.666  2270  3709 I chatty  : uid=1000(system) Binder:2270_12 expire 2 lines
04-19 08:40:40.863  2270 20441 I chatty  : uid=1000(system) Binder:2270_1E expire 3 lines
04-19 08:41:12.622  2270  2297 I chatty  : uid=1000(system) batterystats-sy expire 3 lines
04-19 08:42:32.605  2270 11357 I chatty  : uid=1000(system) Binder:2270_16 expire 1 line
04-19 08:42:32.616  2270  2659 I chatty  : uid=1000(system) NetworkStats expire 3 lines
04-19 08:42:32.822  2270  3689 I chatty  : uid=1000(system) Binder:2270_E expire 2 lines
04-19 08:42:32.849  2270  2293 I chatty  : uid=1000(system) android.bg expire 5 lines
04-19 08:42:33.592  2270  3711 I chatty  : uid=1000(system) Binder:2270_13 expire 3 lines
04-19 08:46:27.552  2270  2642 I chatty  : uid=1000(system) InputReader expire 1 line
04-19 08:46:27.588  2270  2322 I chatty  : uid=1000(system) PowerManagerSer expire 2 lines
04-19 08:46:27.594  2270  2318 I chatty  : uid=1000(system) android.display expire 3 lines
04-19 08:46:27.679  2270  2668 I chatty  : uid=1000(system) WifiStateMachin expire 4 lines
04-19 08:46:27.762  2270  3697 I chatty  : uid=1000(system) Binder:2270_10 expire 7 lines
04-19 08:46:27.770  2270 11557 I chatty  : uid=1000(system) Binder:2270_19 expire 4 lines
04-19 08:46:27.814  2270  3479 I chatty  : uid=1000(system) Binder:2270_7 expire 3 lines
04-19 08:46:27.871  2270 11358 I chatty  : uid=1000(system) Binder:2270_17 expire 4 lines
04-19 08:46:27.967  2270  3712 I chatty  : uid=1000(system) Binder:2270_14 expire 2 lines
04-19 08:46:28.679  2773  2773 V KeyguardDisplayManager: hide
04-19 08:46:28.686  2270  2294 I chatty  : uid=1000(system) ActivityManager expire 8 lines
04-19 08:46:29.192  2270  2270 I chatty  : uid=1000 system_server expire 2 lines
04-19 08:46:29.386  2270  2641 I chatty  : uid=1000(system) InputDispatcher expire 2 lines
04-19 08:46:29.537  2270  2692 I chatty  : uid=1000(system) Binder:2270_3 expire 1 line
04-19 08:46:29.654  2270  3633 I chatty  : uid=1000(system) Binder:2270_A expire 3 lines
04-19 08:46:32.131   475   485 D VoldCryptCmdListener: cryptfs getpwtype
04-19 08:46:38.009  2270  2668 I chatty  : uid=1000(system) WifiStateMachin expire 35 lines
04-19 08:46:38.013  2270  2294 I chatty  : uid=1000(system) ActivityManager expire 26 lines
04-19 08:46:38.024  2270  2270 I chatty  : uid=1000 system_server expire 35 lines
04-19 08:46:38.053  2270 10250 I chatty  : uid=1000(system) Binder:2270_15 expire 1 line
04-19 08:46:38.365  2270  3697 I chatty  : uid=1000(system) Binder:2270_10 expire 1 line
04-19 08:46:38.994  2270 11358 I chatty  : uid=1000(system) Binder:2270_17 expire 4 lines
04-19 08:46:39.308  2270 11558 I chatty  : uid=1000(system) Binder:2270_1A expire 3 lines
04-19 08:46:39.611  2270  3688 I chatty  : uid=1000(system) Binder:2270_D expire 3 lines
04-19 08:46:42.795  2270  2797 I chatty  : uid=1000(system) Binder:2270_6 expire 2 lines
04-19 08:46:49.044  2270  2284 I chatty  : uid=1000(system) Binder:2270_1 expire 3 lines
04-19 08:46:52.127  2270 20441 I chatty  : uid=1000(system) Binder:2270_1E expire 2 lines
04-19 08:46:54.537  2270  2642 I chatty  : uid=1000(system) InputReader expire 1 line
04-19 08:46:54.938  2270  2318 I chatty  : uid=1000(system) android.display expire 1 line
04-19 08:46:55.070  2270 16877 I chatty  : uid=1000(system) Binder:2270_1D expire 2 lines
04-19 08:46:55.086  2270  3632 I chatty  : uid=1000(system) Binder:2270_9 expire 4 lines
04-19 08:46:55.130  2270  2322 I chatty  : uid=1000(system) PowerManagerSer expire 1 line
04-19 08:46:55.354  2773  2773 V KeyguardStatusView: refresh statusview showing:true
04-19 08:46:55.372  2773  2773 V KeyguardDisplayManager: show
04-19 08:46:55.663  2270 11556 I chatty  : uid=1000(system) Binder:2270_18 expire 3 lines
04-19 08:48:35.697  2270  2640 I chatty  : uid=1000(system) AlarmManager expire 11 lines
04-19 08:48:35.867  2270  3709 I chatty  : uid=1000(system) Binder:2270_12 expire 3 lines
04-19 08:48:56.397  2270  3479 I chatty  : uid=1000(system) Binder:2270_7 expire 2 lines
04-19 08:51:25.107  2270  3689 I chatty  : uid=1000(system) Binder:2270_E expire 2 lines
04-19 08:52:32.986  2270  2293 I chatty  : uid=1000(system) android.bg expire 2 lines
04-19 08:53:03.370  2270  2681 I chatty  : uid=1000(system) ConnectivitySer expire 12 lines
04-19 08:53:03.835  2270  2316 I chatty  : uid=1000(system) android.fg expire 1 line
04-19 08:53:03.837  2270  2297 I chatty  : uid=1000(system) batterystats-sy expire 2 lines
04-19 08:53:03.918  2270  3973 I chatty  : uid=1000 system_server expire 2 lines
04-19 08:53:03.918  2270  3658 I chatty  : uid=1000(system) Binder:2270_C expire 1 line
04-19 08:53:03.919  2270  2285 I chatty  : uid=1000(system) Binder:2270_2 expire 1 line
04-19 08:53:03.920  2270  3712 I chatty  : uid=1000(system) Binder:2270_14 expire 1 line
04-19 08:53:03.920  2270  3693 I chatty  : uid=1000(system) Binder:2270_F expire 1 line
04-19 08:53:03.941  2270 24012 I chatty  : uid=1000(system) Binder:2270_1B expire 9 lines
04-19 08:53:04.049  2270  2692 I chatty  : uid=1000(system) Binder:2270_3 expire 2 lines
04-19 08:53:04.051  2270  2681 I chatty  : uid=1000(system) ConnectivitySer expire 1 line
04-19 08:53:04.057  2270  2788 I chatty  : uid=1000(system) Binder:2270_4 expire 2 lines
04-19 08:53:04.064  2270  3658 I chatty  : uid=1000(system) Binder:2270_C expire 3 lines
04-19 08:53:04.096  2270  3688 I chatty  : uid=1000(system) Binder:2270_D expire 5 lines
04-19 08:53:04.314  2270  2640 I chatty  : uid=1000(system) AlarmManager expire 2 lines
04-19 08:53:35.414  2270  2316 I chatty  : uid=1000(system) android.fg expire 6 lines
04-19 08:53:35.416  2270  2297 I chatty  : uid=1000(system) batterystats-sy expire 11 lines
04-19 08:53:35.416  2270  3706 I chatty  : uid=1000(system) Binder:2270_11 expire 1 line
04-19 08:53:35.670  2270  2668 I chatty  : uid=1000(system) WifiStateMachin expire 13 lines
04-19 08:53:35.671  2270  2294 I chatty  : uid=1000(system) ActivityManager expire 23 lines
04-19 08:53:35.698  2270  2270 I chatty  : uid=1000 system_server expire 17 lines
04-19 08:53:38.685  2270 20441 I chatty  : uid=1000(system) Binder:2270_1E expire 9 lines
04-19 08:54:04.556  2270 11558 I chatty  : uid=1000(system) Binder:2270_1A expire 3 lines
04-19 08:54:22.582  2270  2797 I chatty  : uid=1000(system) Binder:2270_6 expire 4 lines
04-19 08:54:26.749  2270  2642 I chatty  : uid=1000(system) InputReader expire 1 line
04-19 08:54:26.780  2270  2322 I chatty  : uid=1000(system) PowerManagerSer expire 2 lines
04-19 08:54:26.791  2270  2318 I chatty  : uid=1000(system) android.display expire 1 line
04-19 08:54:26.892  2270  3633 I chatty  : uid=1000(system) Binder:2270_A expire 4 lines
04-19 08:54:26.901  2270  2284 I chatty  : uid=1000(system) Binder:2270_1 expire 3 lines
04-19 08:54:26.927  2270  2790 I chatty  : uid=1000(system) Binder:2270_5 expire 4 lines
04-19 08:54:26.943  2270 10250 I chatty  : uid=1000(system) Binder:2270_15 expire 7 lines
04-19 08:54:26.956  2270  3693 I chatty  : uid=1000(system) Binder:2270_F expire 6 lines
04-19 08:54:26.976  2270  3709 I chatty  : uid=1000(system) Binder:2270_12 expire 2 lines
04-19 08:54:26.984  2270  3632 I chatty  : uid=1000(system) Binder:2270_9 expire 2 lines
04-19 08:54:27.020  2270 16877 I chatty  : uid=1000(system) Binder:2270_1D expire 4 lines
04-19 08:54:27.022  2270  2293 I chatty  : uid=1000(system) android.bg expire 2 lines
04-19 08:54:27.026  2270  3712 I chatty  : uid=1000(system) Binder:2270_14 expire 11 lines
04-19 08:54:27.053  2270 11358 I chatty  : uid=1000(system) Binder:2270_17 expire 4 lines
04-19 08:54:27.061  2270  3479 I chatty  : uid=1000(system) Binder:2270_7 expire 2 lines
04-19 08:54:27.066  2270  3711 I chatty  : uid=1000(system) Binder:2270_13 expire 2 lines
04-19 08:54:27.109  2270  3697 I chatty  : uid=1000(system) Binder:2270_10 expire 1 line
04-19 08:54:27.225  2270  3689 I chatty  : uid=1000(system) Binder:2270_E expire 1 line
04-19 08:54:27.439  4127  4127 D ActivityThread: Loading provider contacts;com.android.contacts: com.android.providers.contacts.SemcContactsProvider2
04-19 08:54:27.539  2270  2294 I chatty  : uid=1000(system) ActivityManager expire 16 lines
04-19 08:54:28.954  2773  2773 V KeyguardDisplayManager: hide
04-19 08:54:29.026  2270 24013 I chatty  : uid=1000(system) Binder:2270_1C expire 2 lines
04-19 08:54:29.027   475   485 D VoldCryptCmdListener: cryptfs getpwtype
04-19 08:54:29.028  2270  2645 I chatty  : uid=1000(system) CryptdConnector expire 1 line
04-19 08:54:29.102  2270 11357 I chatty  : uid=1000(system) Binder:2270_16 expire 1 line
04-19 08:54:29.156  2270  3654 I chatty  : uid=1000(system) Binder:2270_B expire 3 lines
04-19 08:54:29.714  2270  2641 I chatty  : uid=1000(system) InputDispatcher expire 2 lines
04-19 08:54:29.869  2270  2668 I chatty  : uid=1000(system) WifiStateMachin expire 1 line
04-19 08:54:30.082  2270 11557 I chatty  : uid=1000(system) Binder:2270_19 expire 1 line
04-19 08:54:31.922  2270  2659 I chatty  : uid=1000(system) NetworkStats expire 2 lines
04-19 08:54:33.049  2270  3709 I chatty  : uid=1000(system) Binder:2270_12 expire 3 lines
04-19 08:54:33.050  2270  2294 I chatty  : uid=1000(system) ActivityManager expire 11 lines
04-19 08:54:33.941  2270 11556 I chatty  : uid=1000(system) Binder:2270_18 expire 11 lines
04-19 08:54:33.946  2270  3631 I chatty  : uid=1000(system) Binder:2270_8 expire 12 lines
04-19 08:54:33.947  2270  2284 I chatty  : uid=1000(system) Binder:2270_1 expire 4 lines
04-19 08:54:33.952  2270  3658 I chatty  : uid=1000(system) Binder:2270_C expire 4 lines
04-19 08:54:34.147  2270  3654 I chatty  : uid=1000(system) Binder:2270_B expire 5 lines
04-19 08:54:34.150  2270  3688 I chatty  : uid=1000(system) Binder:2270_D expire 3 lines
04-19 08:54:34.196  2270 20441 I chatty  : uid=1000(system) Binder:2270_1E expire 5 lines
04-19 08:54:35.155  2270  3711 I chatty  : uid=1000(system) Binder:2270_13 expire 2 lines
04-19 08:54:35.890  2270  2668 I chatty  : uid=1000(system) WifiStateMachin expire 8 lines
04-19 08:54:37.101  2270  3689 I chatty  : uid=1000(system) Binder:2270_E expire 3 lines
04-19 08:54:37.256  2270  3632 I chatty  : uid=1000(system) Binder:2270_9 expire 6 lines
04-19 08:54:37.276  2270  2285 I chatty  : uid=1000(system) Binder:2270_2 expire 14 lines
04-19 08:54:37.350  2270 11357 I chatty  : uid=1000(system) Binder:2270_16 expire 15 lines
04-19 08:54:37.369  2270 11358 I chatty  : uid=1000(system) Binder:2270_17 expire 6 lines
04-19 08:54:38.442  2270 11558 I chatty  : uid=1000(system) Binder:2270_1A expire 3 lines
04-19 08:54:38.455  2270  2790 I chatty  : uid=1000(system) Binder:2270_5 expire 5 lines
04-19 08:54:43.389  2270  2270 I chatty  : uid=1000 system_server expire 12 lines
04-19 08:54:43.423  2270  3633 I chatty  : uid=1000(system) Binder:2270_A expire 6 lines
04-19 08:54:43.454  2270 24013 I chatty  : uid=1000(system) Binder:2270_1C expire 2 lines
04-19 08:54:43.484  2270 16877 I chatty  : uid=1000(system) Binder:2270_1D expire 4 lines
04-19 08:54:45.899  2270  2642 I chatty  : uid=1000(system) InputReader expire 2 lines
04-19 08:54:46.304  2270  2318 I chatty  : uid=1000(system) android.display expire 2 lines
04-19 08:54:46.500  2270  2322 I chatty  : uid=1000(system) PowerManagerSer expire 3 lines
04-19 08:54:46.690  2773  2773 V KeyguardStatusView: refresh statusview showing:true
04-19 08:54:46.709  2773  2773 V KeyguardDisplayManager: show
04-19 08:54:47.116  2270 24012 I chatty  : uid=1000(system) Binder:2270_1B expire 10 lines
04-19 08:54:51.329  2270  2294 I chatty  : uid=1000(system) ActivityManager expire 9 lines
04-19 08:54:51.443  2270  2692 I chatty  : uid=1000(system) Binder:2270_3 expire 3 lines
04-19 08:54:51.445  2270  2681 I chatty  : uid=1000(system) ConnectivitySer expire 1 line
04-19 08:55:06.748  2270  2788 I chatty  : uid=1000(system) Binder:2270_4 expire 1 line
04-19 08:55:07.845  2270 11557 I chatty  : uid=1000(system) Binder:2270_19 expire 2 lines
04-19 08:55:07.850  2270  2797 I chatty  : uid=1000(system) Binder:2270_6 expire 1 line
04-19 08:55:09.997  2270  3706 I chatty  : uid=1000(system) Binder:2270_11 expire 1 line
04-19 08:55:11.093  2270  3693 I chatty  : uid=1000(system) Binder:2270_F expire 1 line
04-19 08:55:19.550  2270  3712 I chatty  : uid=1000(system) Binder:2270_14 expire 1 line
04-19 08:55:19.558  2270 10250 I chatty  : uid=1000(system) Binder:2270_15 expire 1 line
04-19 08:55:26.225  3683  3770 W ContextImpl: Calling a method in the system process without a qualified user: android.app.ContextImpl.bindService:1426 android.content.ContextWrapper.bindService:636 com.google.android.gms.ads.identifier.AdvertisingIdClient.h:-1 com.google.android.gms.ads.identifier.AdvertisingIdClient.b:-1 com.google.android.gms.ads.identifier.AdvertisingIdClient.getAdvertisingIdInfo:-1 
04-19 08:55:26.299  2270  2293 I chatty  : uid=1000(system) android.bg expire 1 line
04-19 08:55:33.573  2270  2640 I chatty  : uid=1000(system) AlarmManager expire 1 line
04-19 08:56:07.136  2270  2316 I chatty  : uid=1000(system) android.fg expire 1 line
04-19 08:56:07.143  2270  2297 I chatty  : uid=1000(system) batterystats-sy expire 1 line
04-19 08:56:07.323  2270  3479 I chatty  : uid=1000(system) Binder:2270_7 expire 4 lines
04-19 08:56:07.356  2270  2790 I chatty  : uid=1000(system) Binder:2270_5 expire 2 lines
04-19 08:56:07.356  2270  2294 I chatty  : uid=1000(system) ActivityManager expire 43 lines
04-19 08:56:07.359  2270  2270 I chatty  : uid=1000 system_server expire 21 lines
04-19 08:56:07.361  2270  3689 I chatty  : uid=1000(system) Binder:2270_E expire 8 lines
04-19 08:56:07.375  2270  3658 I chatty  : uid=1000(system) Binder:2270_C expire 3 lines
04-19 08:56:07.384  2270  3688 I chatty  : uid=1000(system) Binder:2270_D expire 4 lines
04-19 08:56:07.421  2270  3709 I chatty  : uid=1000(system) Binder:2270_12 expire 3 lines
04-19 08:56:07.437  2270  3711 I chatty  : uid=1000(system) Binder:2270_13 expire 3 lines
04-19 08:56:07.449  2270  3697 I chatty  : uid=1000(system) Binder:2270_10 expire 2 lines
04-19 08:56:07.454  2270 24013 I chatty  : uid=1000(system) Binder:2270_1C expire 4 lines
04-19 08:56:07.461  2270 11557 I chatty  : uid=1000(system) Binder:2270_19 expire 10 lines
04-19 08:56:07.467  2270  2797 I chatty  : uid=1000(system) Binder:2270_6 expire 3 lines
04-19 08:56:07.501  2270  2788 I chatty  : uid=1000(system) Binder:2270_4 expire 3 lines
04-19 08:56:07.507  2270  3633 I chatty  : uid=1000(system) Binder:2270_A expire 4 lines
04-19 08:56:07.572  2270  2322 I chatty  : uid=1000(system) PowerManagerSer expire 2 lines
04-19 08:56:07.713  2270  2668 I chatty  : uid=1000(system) WifiStateMachin expire 24 lines
04-19 08:56:09.649  2773  2773 V KeyguardDisplayManager: hide
04-19 08:56:09.797  2270  2297 I chatty  : uid=1000(system) batterystats-sy expire 3 lines
04-19 08:56:09.816  2270  2316 I chatty  : uid=1000(system) android.fg expire 2 lines
04-19 08:56:09.817  2270  2284 I chatty  : uid=1000(system) Binder:2270_1 expire 2 lines
04-19 08:56:14.895  2270  2642 I chatty  : uid=1000(system) InputReader expire 1 line
04-19 08:56:15.199  2270  2318 I chatty  : uid=1000(system) android.display expire 1 line
04-19 08:56:15.222  2270 11556 I chatty  : uid=1000(system) Binder:2270_18 expire 4 lines
04-19 08:56:15.565  2773  2773 V KeyguardStatusView: refresh statusview showing:true
04-19 08:56:15.585  2773  2773 V KeyguardDisplayManager: show
04-19 08:56:15.630  2270  3654 I chatty  : uid=1000(system) Binder:2270_B expire 1 line
04-19 08:56:20.786  2270  2681 I chatty  : uid=1000(system) ConnectivitySer expire 6 lines
04-19 08:56:20.856  2270  2692 I chatty  : uid=1000(system) Binder:2270_3 expire 2 lines
04-19 08:56:20.865  2270  3632 I chatty  : uid=1000(system) Binder:2270_9 expire 2 lines
04-19 08:56:20.876  2270 20441 I chatty  : uid=1000(system) Binder:2270_1E expire 1 line
