04-19 09:22:18.182  2270  8205 I chatty  : uid=1000 system_server expire 1 line
04-19 09:22:18.201  2270 11557 I chatty  : uid=1000(system) Binder:2270_19 expire 2 lines
04-19 09:22:18.206  2270  3632 I chatty  : uid=1000(system) Binder:2270_9 expire 9 lines
04-19 09:22:18.244  2270  2790 I chatty  : uid=1000(system) Binder:2270_5 expire 1 line
04-19 09:22:18.267  2270  3658 I chatty  : uid=1000(system) Binder:2270_C expire 1 line
04-19 09:22:18.275  2270  3697 I chatty  : uid=1000(system) Binder:2270_10 expire 11 lines
04-19 09:22:18.309  2270  2788 I chatty  : uid=1000(system) Binder:2270_4 expire 10 lines
04-19 09:22:18.481  2270 11357 I chatty  : uid=1000(system) Binder:2270_16 expire 3 lines
04-19 09:22:18.567  2270  2692 I chatty  : uid=1000(system) Binder:2270_3 expire 2 lines
04-19 09:22:18.674  2270  3709 I chatty  : uid=1000(system) Binder:2270_12 expire 2 lines
04-19 09:22:18.764  2270  3693 I chatty  : uid=1000(system) Binder:2270_F expire 2 lines
04-19 09:22:18.791  2270  3711 I chatty  : uid=1000(system) Binder:2270_13 expire 1 line
04-19 09:22:18.805  2270  3688 I chatty  : uid=1000(system) Binder:2270_D expire 1 line
04-19 09:22:18.808  2270  3706 I chatty  : uid=1000(system) Binder:2270_11 expire 2 lines
04-19 09:22:18.831  2270  3479 I chatty  : uid=1000(system) Binder:2270_7 expire 2 lines
04-19 09:22:19.060  2270  2284 I chatty  : uid=1000(system) Binder:2270_1 expire 2 lines
04-19 09:22:19.317  2270  3712 I chatty  : uid=1000(system) Binder:2270_14 expire 1 line
04-19 09:22:19.322  2270  2285 I chatty  : uid=1000(system) Binder:2270_2 expire 1 line
04-19 09:22:20.401  2270 20441 I chatty  : uid=1000(system) Binder:2270_1E expire 1 line
04-19 09:22:20.485  2270 11558 I chatty  : uid=1000(system) Binder:2270_1A expire 1 line
04-19 09:22:21.214  2270 11556 I chatty  : uid=1000(system) Binder:2270_18 expire 4 lines
04-19 09:22:21.841  2270  3632 I chatty  : uid=1000(system) Binder:2270_9 expire 1 line
04-19 09:22:21.958  2270  2284 I chatty  : uid=1000(system) Binder:2270_1 expire 10 lines
04-19 09:22:22.241  2270  3697 I chatty  : uid=1000(system) Binder:2270_10 expire 1 line
04-19 09:22:23.291  2270  3706 I chatty  : uid=1000(system) Binder:2270_11 expire 4 lines
04-19 09:22:23.421  2270  3712 I chatty  : uid=1000(system) Binder:2270_14 expire 2 lines
04-19 09:22:23.421  2270  2692 I chatty  : uid=1000(system) Binder:2270_3 expire 3 lines
04-19 09:22:23.422  2270  2681 I chatty  : uid=1000(system) ConnectivitySer expire 1 line
04-19 09:22:23.457  2270  3633 I chatty  : uid=1000(system) Binder:2270_A expire 2 lines
04-19 09:22:23.699  2270  3688 I chatty  : uid=1000(system) Binder:2270_D expire 8 lines
04-19 09:22:24.019  2270  2788 I chatty  : uid=1000(system) Binder:2270_4 expire 14 lines
04-19 09:22:24.945  2270 10250 I chatty  : uid=1000(system) Binder:2270_15 expire 2 lines
04-19 09:22:25.783  2270 11358 I chatty  : uid=1000(system) Binder:2270_17 expire 8 lines
04-19 09:22:26.054  2270  3693 I chatty  : uid=1000(system) Binder:2270_F expire 1 line
04-19 09:22:26.646  2270 11557 I chatty  : uid=1000(system) Binder:2270_19 expire 1 line
04-19 09:22:27.468  2270  2642 I chatty  : uid=1000(system) InputReader expire 3 lines
04-19 09:22:27.513  2270  3654 I chatty  : uid=1000(system) Binder:2270_B expire 1 line
04-19 09:22:27.840  2270  2318 I chatty  : uid=1000(system) android.display expire 3 lines
04-19 09:22:28.054  2270  2322 I chatty  : uid=1000(system) PowerManagerSer expire 4 lines
04-19 09:22:28.072  2270  2270 I chatty  : uid=1000 system_server expire 12 lines
04-19 09:22:28.233  2270  2797 I chatty  : uid=1000(system) Binder:2270_6 expire 11 lines
04-19 09:22:28.233  2773  2773 V KeyguardStatusView: refresh statusview showing:true
04-19 09:22:28.249  2773  2773 V KeyguardDisplayManager: show
04-19 09:22:28.322  2270  3711 I chatty  : uid=1000(system) Binder:2270_13 expire 2 lines
04-19 09:22:28.459  2270  3689 I chatty  : uid=1000(system) Binder:2270_E expire 4 lines
04-19 09:22:30.988  2270 24013 I chatty  : uid=1000(system) Binder:2270_1C expire 2 lines
04-19 09:22:30.989  2270  2294 I chatty  : uid=1000(system) ActivityManager expire 17 lines
04-19 09:22:31.004  2270 24012 I chatty  : uid=1000(system) Binder:2270_1B expire 2 lines
04-19 09:22:31.016  2270  3658 I chatty  : uid=1000(system) Binder:2270_C expire 4 lines
04-19 09:22:31.027  2270  2790 I chatty  : uid=1000(system) Binder:2270_5 expire 6 lines
04-19 09:22:31.125  2270 16877 I chatty  : uid=1000(system) Binder:2270_1D expire 1 line
04-19 09:22:31.134  2270 11558 I chatty  : uid=1000(system) Binder:2270_1A expire 2 lines
04-19 09:22:31.138  2270  3479 I chatty  : uid=1000(system) Binder:2270_7 expire 3 lines
04-19 09:22:31.223  2270 20441 I chatty  : uid=1000(system) Binder:2270_1E expire 1 line
04-19 09:22:31.243  2270  3631 I chatty  : uid=1000(system) Binder:2270_8 expire 13 lines
04-19 09:22:59.842  2270 11358 I chatty  : uid=1000(system) Binder:2270_17 expire 6 lines
04-19 09:23:00.072  2270 10250 I chatty  : uid=1000(system) Binder:2270_15 expire 1 line
04-19 09:23:00.080  2270  3688 I chatty  : uid=1000(system) Binder:2270_D expire 5 lines
04-19 09:23:00.842  2270  3711 I chatty  : uid=1000(system) Binder:2270_13 expire 2 lines
04-19 09:23:00.850  2270  3658 I chatty  : uid=1000(system) Binder:2270_C expire 4 lines
04-19 09:23:00.882  2270  2692 I chatty  : uid=1000(system) Binder:2270_3 expire 7 lines
04-19 09:23:00.894  2270  3709 I chatty  : uid=1000(system) Binder:2270_12 expire 3 lines
04-19 09:23:00.895  2270 16877 I chatty  : uid=1000(system) Binder:2270_1D expire 6 lines
04-19 09:23:03.752  2270  2294 I chatty  : uid=1000(system) ActivityManager expire 15 lines
04-19 09:23:10.830  2270 24013 I chatty  : uid=1000(system) Binder:2270_1C expire 11 lines
04-19 09:23:10.840  2270  3632 I chatty  : uid=1000(system) Binder:2270_9 expire 9 lines
04-19 09:23:10.876  2270 11357 I chatty  : uid=1000(system) Binder:2270_16 expire 6 lines
04-19 09:23:10.998  2270  2270 I chatty  : uid=1000 system_server expire 9 lines
04-19 09:23:11.841  2270  3633 I chatty  : uid=1000(system) Binder:2270_A expire 3 lines
04-19 09:23:42.491  2270  2642 I chatty  : uid=1000(system) InputReader expire 1 line
04-19 09:23:42.514  2270  2322 I chatty  : uid=1000(system) PowerManagerSer expire 2 lines
04-19 09:23:42.516  2270  2318 I chatty  : uid=1000(system) android.display expire 1 line
04-19 09:23:42.599  2270  3689 I chatty  : uid=1000(system) Binder:2270_E expire 5 lines
04-19 09:23:42.619  2270  2797 I chatty  : uid=1000(system) Binder:2270_6 expire 3 lines
04-19 09:23:42.638  2270  2285 I chatty  : uid=1000(system) Binder:2270_2 expire 6 lines
04-19 09:23:42.654  2270  2788 I chatty  : uid=1000(system) Binder:2270_4 expire 5 lines
04-19 09:23:42.745  2270  3479 I chatty  : uid=1000(system) Binder:2270_7 expire 5 lines
04-19 09:23:42.772  2270 11556 I chatty  : uid=1000(system) Binder:2270_18 expire 2 lines
04-19 09:23:42.795  2270  3697 I chatty  : uid=1000(system) Binder:2270_10 expire 2 lines
04-19 09:23:42.814  2270 11557 I chatty  : uid=1000(system) Binder:2270_19 expire 2 lines
04-19 09:23:42.952  2270 11558 I chatty  : uid=1000(system) Binder:2270_1A expire 3 lines
04-19 09:23:43.657  2773  2773 V KeyguardDisplayManager: hide
04-19 09:23:43.670  2270  2294 I chatty  : uid=1000(system) ActivityManager expire 5 lines
04-19 09:23:45.128  2270 20441 I chatty  : uid=1000(system) Binder:2270_1E expire 3 lines
04-19 09:23:53.283  2270  2790 I chatty  : uid=1000(system) Binder:2270_5 expire 5 lines
04-19 09:23:54.400  2270 24012 I chatty  : uid=1000(system) Binder:2270_1B expire 2 lines
04-19 09:23:56.776  2270  2668 I chatty  : uid=1000(system) WifiStateMachin expire 1 line
04-19 09:23:59.307  2773  2773 V DeadZone: consuming errant click: (36.0,14.0)
04-19 09:23:59.385  2270  3693 I chatty  : uid=1000(system) Binder:2270_F expire 1 line
04-19 09:23:59.805  2270  3654 I chatty  : uid=1000(system) Binder:2270_B expire 2 lines
04-19 09:24:00.002  2270  2640 I chatty  : uid=1000(system) AlarmManager expire 5 lines
04-19 09:24:01.178  2270  3712 I chatty  : uid=1000(system) Binder:2270_14 expire 3 lines
04-19 09:24:10.841  2270  3706 I chatty  : uid=1000(system) Binder:2270_11 expire 1 line
04-19 09:24:14.163  2270  2284 I chatty  : uid=1000(system) Binder:2270_1 expire 4 lines
04-19 09:24:21.509  2270  3709 I chatty  : uid=1000(system) Binder:2270_12 expire 7 lines
04-19 09:24:22.398  2270  3688 I chatty  : uid=1000(system) Binder:2270_D expire 2 lines
04-19 09:24:24.189  2270 11556 I chatty  : uid=1000(system) Binder:2270_18 expire 5 lines
04-19 09:24:25.202  2270  3632 I chatty  : uid=1000(system) Binder:2270_9 expire 3 lines
04-19 09:24:25.326  2270  2790 I chatty  : uid=1000(system) Binder:2270_5 expire 4 lines
04-19 09:24:25.666  2270 11558 I chatty  : uid=1000(system) Binder:2270_1A expire 3 lines
04-19 09:24:25.818  2270 11358 I chatty  : uid=1000(system) Binder:2270_17 expire 2 lines
04-19 09:24:27.112  2270  3697 I chatty  : uid=1000(system) Binder:2270_10 expire 7 lines
04-19 09:24:29.444  2270  2318 I chatty  : uid=1000(system) android.display expire 5 lines
04-19 09:24:34.655  2270 24013 I chatty  : uid=1000(system) Binder:2270_1C expire 3 lines
04-19 09:24:36.095  2270  3633 I chatty  : uid=1000(system) Binder:2270_A expire 1 line
04-19 09:24:37.119  2270 10250 I chatty  : uid=1000(system) Binder:2270_15 expire 8 lines
04-19 09:24:37.371  2270  2797 I chatty  : uid=1000(system) Binder:2270_6 expire 8 lines
04-19 09:24:39.450  2270  2788 I chatty  : uid=1000(system) Binder:2270_4 expire 6 lines
04-19 09:24:40.244  2270  2285 I chatty  : uid=1000(system) Binder:2270_2 expire 5 lines
04-19 09:24:43.275  2270 20441 I chatty  : uid=1000(system) Binder:2270_1E expire 8 lines
04-19 09:24:44.158  2270  2692 I chatty  : uid=1000(system) Binder:2270_3 expire 5 lines
04-19 09:24:44.650  2270  3631 I chatty  : uid=1000(system) Binder:2270_8 expire 7 lines
04-19 09:24:44.723  2270  3658 I chatty  : uid=1000(system) Binder:2270_C expire 6 lines
04-19 09:24:44.978  2270  3711 I chatty  : uid=1000(system) Binder:2270_13 expire 3 lines
04-19 09:24:45.808  2270  3654 I chatty  : uid=1000(system) Binder:2270_B expire 4 lines
04-19 09:24:46.846  2270  3693 I chatty  : uid=1000(system) Binder:2270_F expire 5 lines
04-19 09:24:47.588  2270  3479 I chatty  : uid=1000(system) Binder:2270_7 expire 3 lines
04-19 09:24:52.865  2270 11357 I chatty  : uid=1000(system) Binder:2270_16 expire 4 lines
04-19 09:24:55.585  2270 16877 I chatty  : uid=1000(system) Binder:2270_1D expire 3 lines
04-19 09:24:57.517  2270  3706 I chatty  : uid=1000(system) Binder:2270_11 expire 2 lines
04-19 09:24:59.005  2270 11557 I chatty  : uid=1000(system) Binder:2270_19 expire 4 lines
04-19 09:24:59.515  2270  2297 I chatty  : uid=1000(system) batterystats-sy expire 2 lines
04-19 09:25:00.001  2270  2640 I chatty  : uid=1000(system) AlarmManager expire 1 line
04-19 09:25:07.641  2270 24012 I chatty  : uid=1000(system) Binder:2270_1B expire 1 line
04-19 09:25:10.769  2270  2294 I chatty  : uid=1000(system) ActivityManager expire 21 lines
04-19 09:25:16.497  2270  2642 I chatty  : uid=1000(system) InputReader expire 2 lines
04-19 09:25:17.038  2270  2322 I chatty  : uid=1000(system) PowerManagerSer expire 3 lines
04-19 09:25:17.042  2270  2270 I chatty  : uid=1000 system_server expire 12 lines
04-19 09:25:17.152  2773  2773 V KeyguardStatusView: refresh statusview showing:true
04-19 09:25:17.164  2773  2773 V KeyguardDisplayManager: show
04-19 09:26:32.485  2270  3712 I chatty  : uid=1000(system) Binder:2270_14 expire 4 lines
04-19 09:26:33.058  2270 11358 I chatty  : uid=1000(system) Binder:2270_17 expire 2 lines
04-19 09:26:33.062  2270 24013 I chatty  : uid=1000(system) Binder:2270_1C expire 6 lines
04-19 09:26:33.749  2270  3658 I chatty  : uid=1000(system) Binder:2270_C expire 5 lines
04-19 09:26:33.756  2270 24012 I chatty  : uid=1000(system) Binder:2270_1B expire 5 lines
04-19 09:26:33.759  2270  3706 I chatty  : uid=1000(system) Binder:2270_11 expire 11 lines
04-19 09:26:33.777  2270  2284 I chatty  : uid=1000(system) Binder:2270_1 expire 6 lines
04-19 09:26:33.888  2270  2270 I chatty  : uid=1000 system_server expire 15 lines
04-19 09:26:34.824  2773  2773 V KeyguardDisplayManager: hide
04-19 09:26:34.831  2270  2797 I chatty  : uid=1000(system) Binder:2270_6 expire 5 lines
04-19 09:26:34.836  2270  2294 I chatty  : uid=1000(system) ActivityManager expire 19 lines
04-19 09:26:34.984  2270  2788 I chatty  : uid=1000(system) Binder:2270_4 expire 2 lines
04-19 09:26:35.114  2270 10250 I chatty  : uid=1000(system) Binder:2270_15 expire 2 lines
04-19 09:26:35.148  2270 11556 I chatty  : uid=1000(system) Binder:2270_18 expire 3 lines
04-19 09:26:36.774  2270  2285 I chatty  : uid=1000(system) Binder:2270_2 expire 8 lines
04-19 09:26:36.822  2270 11557 I chatty  : uid=1000(system) Binder:2270_19 expire 2 lines
04-19 09:26:37.131  2270 11558 I chatty  : uid=1000(system) Binder:2270_1A expire 17 lines
04-19 09:26:46.539  2270  2668 I chatty  : uid=1000(system) WifiStateMachin expire 8 lines
04-19 09:26:55.236  2270  2642 I chatty  : uid=1000(system) InputReader expire 2 lines
04-19 09:26:55.599  2270  2318 I chatty  : uid=1000(system) android.display expire 2 lines
04-19 09:26:55.800  2270  2322 I chatty  : uid=1000(system) PowerManagerSer expire 3 lines
04-19 09:26:55.989  2773  2773 V KeyguardStatusView: refresh statusview showing:true
04-19 09:26:56.011  2773  2773 V KeyguardDisplayManager: show
04-19 09:26:56.031  2270  2790 I chatty  : uid=1000(system) Binder:2270_5 expire 4 lines
04-19 09:26:56.033  2270  2692 I chatty  : uid=1000(system) Binder:2270_3 expire 3 lines
04-19 09:26:56.280  2270  3709 I chatty  : uid=1000(system) Binder:2270_12 expire 1 line
04-19 09:27:02.146  2270 16877 I chatty  : uid=1000(system) Binder:2270_1D expire 1 line
04-19 09:27:02.156  2270  3633 I chatty  : uid=1000(system) Binder:2270_A expire 2 lines
04-19 09:27:04.339  2270  3711 I chatty  : uid=1000(system) Binder:2270_13 expire 3 lines
04-19 09:27:04.398  2270  3654 I chatty  : uid=1000(system) Binder:2270_B expire 1 line
04-19 09:27:04.413  2270  3689 I chatty  : uid=1000(system) Binder:2270_E expire 5 lines
04-19 09:27:05.495  2270  3693 I chatty  : uid=1000(system) Binder:2270_F expire 3 lines
04-19 09:28:34.996  2270  3631 I chatty  : uid=1000(system) Binder:2270_8 expire 2 lines
04-19 09:28:35.090  2270  3632 I chatty  : uid=1000(system) Binder:2270_9 expire 4 lines
04-19 09:28:35.124  2270 20441 I chatty  : uid=1000(system) Binder:2270_1E expire 2 lines
04-19 09:28:35.594  2270  3479 I chatty  : uid=1000(system) Binder:2270_7 expire 1 line
04-19 09:28:36.442  2773  2773 V KeyguardDisplayManager: hide
04-19 09:28:36.457  2270  2294 I chatty  : uid=1000(system) ActivityManager expire 18 lines
04-19 09:28:36.534  2270  3688 I chatty  : uid=1000(system) Binder:2270_D expire 2 lines
04-19 09:28:37.845  2270  2681 I chatty  : uid=1000(system) ConnectivitySer expire 6 lines
04-19 09:28:37.972  2270  2316 I chatty  : uid=1000(system) android.fg expire 1 line
04-19 09:28:37.973  2270  2297 I chatty  : uid=1000(system) batterystats-sy expire 1 line
04-19 09:28:38.190  2270  2270 I chatty  : uid=1000 system_server expire 7 lines
04-19 09:28:38.378  2270  3697 I chatty  : uid=1000(system) Binder:2270_10 expire 2 lines
04-19 09:28:38.432  2270  2692 I chatty  : uid=1000(system) Binder:2270_3 expire 1 line
04-19 09:28:38.434  2270  2294 I chatty  : uid=1000(system) ActivityManager expire 30 lines
04-19 09:28:38.907  2270 11558 I chatty  : uid=1000(system) Binder:2270_1A expire 4 lines
04-19 09:28:38.917  2270 24013 I chatty  : uid=1000(system) Binder:2270_1C expire 2 lines
04-19 09:28:44.575  2270  2642 I chatty  : uid=1000(system) InputReader expire 2 lines
04-19 09:28:44.622  2270  3658 I chatty  : uid=1000(system) Binder:2270_C expire 3 lines
04-19 09:28:44.942  2270  2318 I chatty  : uid=1000(system) android.display expire 1 line
04-19 09:28:45.141  2270  2322 I chatty  : uid=1000(system) PowerManagerSer expire 1 line
04-19 09:28:45.155  2270  2270 I chatty  : uid=1000 system_server expire 30 lines
04-19 09:28:45.268  2270  3689 I chatty  : uid=1000(system) Binder:2270_E expire 4 lines
04-19 09:28:45.277  2270  3709 I chatty  : uid=1000(system) Binder:2270_12 expire 5 lines
04-19 09:28:45.331  2270  2788 I chatty  : uid=1000(system) Binder:2270_4 expire 2 lines
04-19 09:28:45.380  2773  2773 V KeyguardStatusView: refresh statusview showing:true
04-19 09:28:45.394  2773  2773 V KeyguardDisplayManager: show
04-19 09:28:45.435  2270  3632 I chatty  : uid=1000(system) Binder:2270_9 expire 4 lines
04-19 09:28:45.502  2270  3633 I chatty  : uid=1000(system) Binder:2270_A expire 3 lines
04-19 09:28:45.636  2270  2668 I chatty  : uid=1000(system) WifiStateMachin expire 32 lines
04-19 09:28:45.782  2270  2640 I chatty  : uid=1000(system) AlarmManager expire 5 lines
04-19 09:28:45.787  2270  3654 I chatty  : uid=1000(system) Binder:2270_B expire 2 lines
04-19 09:28:46.208  2270  2681 I chatty  : uid=1000(system) ConnectivitySer expire 13 lines
04-19 09:28:46.690  2270  2316 I chatty  : uid=1000(system) android.fg expire 1 line
04-19 09:28:46.692  2270  2297 I chatty  : uid=1000(system) batterystats-sy expire 2 lines
04-19 09:28:46.700  2270  3688 I chatty  : uid=1000(system) Binder:2270_D expire 1 line
04-19 09:28:46.778  2270  3631 I chatty  : uid=1000(system) Binder:2270_8 expire 11 lines
04-19 09:28:46.802  2270  9481 I chatty  : uid=1000 system_server expire 2 lines
04-19 09:28:46.823  2270 11556 I chatty  : uid=1000(system) Binder:2270_18 expire 1 line
04-19 09:28:46.843  2270  2797 I chatty  : uid=1000(system) Binder:2270_6 expire 9 lines
04-19 09:28:46.982  2270  3711 I chatty  : uid=1000(system) Binder:2270_13 expire 3 lines
04-19 09:28:47.004  2270  3706 I chatty  : uid=1000(system) Binder:2270_11 expire 2 lines
04-19 09:28:47.008  2270 11358 I chatty  : uid=1000(system) Binder:2270_17 expire 1 line
04-19 09:28:47.072  2270 20441 I chatty  : uid=1000(system) Binder:2270_1E expire 1 line
04-19 09:28:48.179  2270 11357 I chatty  : uid=1000(system) Binder:2270_16 expire 1 line
04-19 09:28:51.500  2270  2284 I chatty  : uid=1000(system) Binder:2270_1 expire 2 lines
04-19 09:28:51.508  2270 11557 I chatty  : uid=1000(system) Binder:2270_19 expire 2 lines
04-19 09:29:01.564  2270  3693 I chatty  : uid=1000(system) Binder:2270_F expire 1 line
04-19 09:29:41.194  2270  3479 I chatty  : uid=1000(system) Binder:2270_7 expire 1 line
04-19 09:29:42.302  2270  2790 I chatty  : uid=1000(system) Binder:2270_5 expire 2 lines
04-19 09:29:47.392  2270  2285 I chatty  : uid=1000(system) Binder:2270_2 expire 1 line
04-19 09:29:49.048  9625  9625 D ActivityThread: Loading provider contacts;com.android.contacts: com.android.providers.contacts.SemcContactsProvider2
04-19 09:29:52.182  2270  2294 I chatty  : uid=1000(system) ActivityManager expire 1 line
04-19 09:29:56.094  2270  2270 I chatty  : uid=1000 system_server expire 16 lines
04-19 09:29:56.122  2270  2322 I chatty  : uid=1000(system) PowerManagerSer expire 7 lines
04-19 09:29:56.127  2270  2318 I chatty  : uid=1000(system) android.display expire 5 lines
04-19 09:29:56.221  2270  2284 I chatty  : uid=1000(system) Binder:2270_1 expire 6 lines
04-19 09:29:56.222  2270  2294 I chatty  : uid=1000(system) ActivityManager expire 31 lines
04-19 09:29:56.226  2270 24012 I chatty  : uid=1000(system) Binder:2270_1B expire 5 lines
04-19 09:29:56.242  2270  3654 I chatty  : uid=1000(system) Binder:2270_B expire 4 lines
04-19 09:29:56.254  2270 10250 I chatty  : uid=1000(system) Binder:2270_15 expire 5 lines
04-19 09:29:56.262  2270  3712 I chatty  : uid=1000(system) Binder:2270_14 expire 6 lines
04-19 09:29:56.279  2270  2788 I chatty  : uid=1000(system) Binder:2270_4 expire 5 lines
04-19 09:29:56.304  2270 11358 I chatty  : uid=1000(system) Binder:2270_17 expire 6 lines
04-19 09:29:56.314  2270  3633 I chatty  : uid=1000(system) Binder:2270_A expire 4 lines
04-19 09:29:56.340  2270  2790 I chatty  : uid=1000(system) Binder:2270_5 expire 6 lines
04-19 09:29:56.356  2270  3631 I chatty  : uid=1000(system) Binder:2270_8 expire 7 lines
04-19 09:29:56.360  2270  3689 I chatty  : uid=1000(system) Binder:2270_E expire 4 lines
04-19 09:29:56.387  2270  2797 I chatty  : uid=1000(system) Binder:2270_6 expire 3 lines
04-19 09:29:56.392  2270 11558 I chatty  : uid=1000(system) Binder:2270_1A expire 3 lines
04-19 09:29:56.397  2270 16877 I chatty  : uid=1000(system) Binder:2270_1D expire 3 lines
04-19 09:29:56.399  2270 20441 I chatty  : uid=1000(system) Binder:2270_1E expire 1 line
04-19 09:29:56.402  2270 11357 I chatty  : uid=1000(system) Binder:2270_16 expire 5 lines
04-19 09:29:56.495  2270 11557 I chatty  : uid=1000(system) Binder:2270_19 expire 4 lines
04-19 09:29:57.050  2773  2773 V KeyguardDisplayManager: hide
04-19 09:29:57.180  2270  3706 I chatty  : uid=1000(system) Binder:2270_11 expire 2 lines
04-19 09:29:58.633  2270  2285 I chatty  : uid=1000(system) Binder:2270_2 expire 3 lines
04-19 09:29:58.923  2270  3693 I chatty  : uid=1000(system) Binder:2270_F expire 6 lines
04-19 09:29:59.354  2270  2640 I chatty  : uid=1000(system) AlarmManager expire 6 lines
04-19 09:30:03.419  2270  2642 I chatty  : uid=1000(system) InputReader expire 4 lines
04-19 09:30:04.072  2773  2773 V KeyguardStatusView: refresh statusview showing:true
04-19 09:30:04.085  2773  2773 V KeyguardDisplayManager: show
04-19 09:30:20.117  2270  3688 I chatty  : uid=1000(system) Binder:2270_D expire 1 line
04-19 09:30:54.953  2270  2297 I chatty  : uid=1000(system) batterystats-sy expire 3 lines
04-19 09:31:27.992  2270  3709 I chatty  : uid=1000(system) Binder:2270_12 expire 2 lines
04-19 09:31:28.031  2270  3711 I chatty  : uid=1000(system) Binder:2270_13 expire 2 lines
04-19 09:31:28.043  2270  3697 I chatty  : uid=1000(system) Binder:2270_10 expire 4 lines
04-19 09:31:28.054  2270  3479 I chatty  : uid=1000(system) Binder:2270_7 expire 6 lines
04-19 09:31:28.173  2270 11556 I chatty  : uid=1000(system) Binder:2270_18 expire 2 lines
04-19 09:31:28.792  2773  2773 V KeyguardDisplayManager: hide
04-19 09:31:28.808  2270  2294 I chatty  : uid=1000(system) ActivityManager expire 11 lines
04-19 09:31:30.281  2270  2692 I chatty  : uid=1000(system) Binder:2270_3 expire 1 line
04-19 09:31:31.355  2270  3658 I chatty  : uid=1000(system) Binder:2270_C expire 1 line
04-19 09:31:33.156  2270  2270 I chatty  : uid=1000 system_server expire 7 lines
04-19 09:31:33.287  2773  2773 V KeyguardStatusView: refresh statusview showing:true
04-19 09:31:33.300  2773  2773 V KeyguardDisplayManager: show
04-19 09:33:49.524  2270  2659 I chatty  : uid=1000(system) NetworkStats expire 2 lines
04-19 09:34:44.885  2270 11358 I chatty  : uid=1000(system) Binder:2270_17 expire 12 lines
04-19 09:34:44.887  2270  2294 I chatty  : uid=1000(system) ActivityManager expire 17 lines
04-19 09:34:44.891  2270  2270 I chatty  : uid=1000 system_server expire 9 lines
04-19 09:34:44.898  2270  3633 I chatty  : uid=1000(system) Binder:2270_A expire 2 lines
04-19 09:34:44.905  2270  3711 I chatty  : uid=1000(system) Binder:2270_13 expire 1 line
04-19 09:34:44.911  2270  2284 I chatty  : uid=1000(system) Binder:2270_1 expire 12 lines
04-19 09:34:44.921  2270  2322 I chatty  : uid=1000(system) PowerManagerSer expire 2 lines
04-19 09:34:44.944  2270  2692 I chatty  : uid=1000(system) Binder:2270_3 expire 6 lines
04-19 09:34:44.969  2270  2285 I chatty  : uid=1000(system) Binder:2270_2 expire 2 lines
04-19 09:34:44.972  2270  3654 I chatty  : uid=1000(system) Binder:2270_B expire 4 lines
04-19 09:34:44.972  2270 11556 I chatty  : uid=1000(system) Binder:2270_18 expire 2 lines
04-19 09:34:44.978  2270  3709 I chatty  : uid=1000(system) Binder:2270_12 expire 2 lines
04-19 09:34:44.986  2270  3697 I chatty  : uid=1000(system) Binder:2270_10 expire 2 lines
04-19 09:34:44.991  2270 16877 I chatty  : uid=1000(system) Binder:2270_1D expire 6 lines
04-19 09:34:45.009  2270 11558 I chatty  : uid=1000(system) Binder:2270_1A expire 3 lines
04-19 09:34:45.025  2270  2797 I chatty  : uid=1000(system) Binder:2270_6 expire 6 lines
04-19 09:34:45.109  2270 20441 I chatty  : uid=1000(system) Binder:2270_1E expire 3 lines
04-19 09:34:45.249  2270  3632 I chatty  : uid=1000(system) Binder:2270_9 expire 1 line
04-19 09:34:47.095  2270  2642 I chatty  : uid=1000(system) InputReader expire 1 line
04-19 09:34:47.375  2270  2318 I chatty  : uid=1000(system) android.display expire 1 line
04-19 09:34:47.841  2270  3712 I chatty  : uid=1000(system) Binder:2270_14 expire 13 lines
04-19 09:35:14.826  2270  2297 I chatty  : uid=1000(system) batterystats-sy expire 8 lines
04-19 09:35:14.833  2270  2316 I chatty  : uid=1000(system) android.fg expire 4 lines
04-19 09:35:14.836  2270 24012 I chatty  : uid=1000(system) Binder:2270_1B expire 4 lines
04-19 09:35:14.954  2270 24013 I chatty  : uid=1000(system) Binder:2270_1C expire 6 lines
04-19 09:35:46.676  2270  2640 I chatty  : uid=1000(system) AlarmManager expire 10 lines
04-19 09:35:46.807  2270  2790 I chatty  : uid=1000(system) Binder:2270_5 expire 10 lines
04-19 09:36:41.175  2270  3631 I chatty  : uid=1000(system) Binder:2270_8 expire 11 lines
04-19 09:36:42.219  2270  3693 I chatty  : uid=1000(system) Binder:2270_F expire 2 lines
04-19 09:36:47.640  2270 10250 I chatty  : uid=1000(system) Binder:2270_15 expire 1 line
04-19 09:36:47.684  2270  3706 I chatty  : uid=1000(system) Binder:2270_11 expire 1 line
04-19 09:36:50.251  2270  3658 I chatty  : uid=1000(system) Binder:2270_C expire 10 lines
04-19 09:36:50.255  2270  2788 I chatty  : uid=1000(system) Binder:2270_4 expire 9 lines
04-19 09:36:51.254  2270  3689 I chatty  : uid=1000(system) Binder:2270_E expire 2 lines
04-19 09:37:14.933  3683  3770 W ContextImpl: Calling a method in the system process without a qualified user: android.app.ContextImpl.bindService:1426 android.content.ContextWrapper.bindService:636 com.google.android.gms.ads.identifier.AdvertisingIdClient.h:-1 com.google.android.gms.ads.identifier.AdvertisingIdClient.b:-1 com.google.android.gms.ads.identifier.AdvertisingIdClient.getAdvertisingIdInfo:-1 
04-19 09:37:14.956  2270  2294 I chatty  : uid=1000(system) ActivityManager expire 3 lines
04-19 09:37:38.065  2270  2293 I chatty  : uid=1000(system) android.bg expire 1 line
04-19 09:38:47.110  2270  2640 I chatty  : uid=1000(system) AlarmManager expire 5 lines
04-19 09:38:47.302  2270  3658 I chatty  : uid=1000(system) Binder:2270_C expire 1 line
04-19 09:39:27.962  2270  3479 I chatty  : uid=1000(system) Binder:2270_7 expire 1 line
04-19 09:40:32.651  2270  2668 I chatty  : uid=1000(system) WifiStateMachin expire 3 lines
04-19 09:40:32.651  2270 11358 I chatty  : uid=1000(system) Binder:2270_17 expire 5 lines
04-19 09:40:32.660  2270  2294 I chatty  : uid=1000(system) ActivityManager expire 65 lines
04-19 09:40:32.671  2270  2270 I chatty  : uid=1000 system_server expire 18 lines
04-19 09:40:43.685  2270  2659 I chatty  : uid=1000(system) NetworkStats expire 3 lines
04-19 09:41:31.837  2270  2642 I chatty  : uid=1000(system) InputReader expire 2 lines
04-19 09:41:31.864  2270  2322 I chatty  : uid=1000(system) PowerManagerSer expire 3 lines
04-19 09:41:31.865  2270  2318 I chatty  : uid=1000(system) android.display expire 2 lines
04-19 09:41:31.963  2270  2790 I chatty  : uid=1000(system) Binder:2270_5 expire 7 lines
04-19 09:41:31.968  2270  3654 I chatty  : uid=1000(system) Binder:2270_B expire 5 lines
04-19 09:41:31.986  2270  3706 I chatty  : uid=1000(system) Binder:2270_11 expire 3 lines
04-19 09:41:32.003  2270  2285 I chatty  : uid=1000(system) Binder:2270_2 expire 4 lines
04-19 09:41:32.009  2270 11557 I chatty  : uid=1000(system) Binder:2270_19 expire 6 lines
04-19 09:41:32.015  2270  3632 I chatty  : uid=1000(system) Binder:2270_9 expire 3 lines
04-19 09:41:32.033  2270 11558 I chatty  : uid=1000(system) Binder:2270_1A expire 2 lines
04-19 09:41:32.040  2270 11357 I chatty  : uid=1000(system) Binder:2270_16 expire 5 lines
04-19 09:41:32.051  2270  3693 I chatty  : uid=1000(system) Binder:2270_F expire 4 lines
04-19 09:41:32.086  2270  3689 I chatty  : uid=1000(system) Binder:2270_E expire 2 lines
04-19 09:41:32.098  2270  2284 I chatty  : uid=1000(system) Binder:2270_1 expire 4 lines
04-19 09:41:32.111  2270  3711 I chatty  : uid=1000(system) Binder:2270_13 expire 1 line
04-19 09:41:32.113  2270  3697 I chatty  : uid=1000(system) Binder:2270_10 expire 2 lines
04-19 09:41:32.141  2270 11556 I chatty  : uid=1000(system) Binder:2270_18 expire 3 lines
04-19 09:41:32.161  2270 16877 I chatty  : uid=1000(system) Binder:2270_1D expire 4 lines
04-19 09:41:32.235  2270 20441 I chatty  : uid=1000(system) Binder:2270_1E expire 6 lines
04-19 09:41:32.364  2270 24013 I chatty  : uid=1000(system) Binder:2270_1C expire 2 lines
04-19 09:41:35.947  2270 10250 I chatty  : uid=1000(system) Binder:2270_15 expire 4 lines
04-19 09:42:33.684  2270  2640 I chatty  : uid=1000(system) AlarmManager expire 8 lines
04-19 09:42:34.090  2270  3658 I chatty  : uid=1000(system) Binder:2270_C expire 4 lines
04-19 09:42:34.325  2270  3709 I chatty  : uid=1000(system) Binder:2270_12 expire 6 lines
04-19 09:44:03.401  2270  3479 I chatty  : uid=1000(system) Binder:2270_7 expire 6 lines
04-19 09:44:03.426  2270  3712 I chatty  : uid=1000(system) Binder:2270_14 expire 5 lines
04-19 09:44:03.613  2270  2692 I chatty  : uid=1000(system) Binder:2270_3 expire 1 line
04-19 09:44:03.626  2270  3688 I chatty  : uid=1000(system) Binder:2270_D expire 2 lines
04-19 09:44:03.645  2270 24012 I chatty  : uid=1000(system) Binder:2270_1B expire 1 line
04-19 09:44:05.190  2270  3631 I chatty  : uid=1000(system) Binder:2270_8 expire 15 lines
04-19 09:44:05.335  2270 16877 I chatty  : uid=1000(system) Binder:2270_1D expire 4 lines
04-19 09:44:05.336  2270  2294 I chatty  : uid=1000(system) ActivityManager expire 52 lines
04-19 09:44:05.345  2270  3632 I chatty  : uid=1000(system) Binder:2270_9 expire 5 lines
04-19 09:44:05.353  2270  2284 I chatty  : uid=1000(system) Binder:2270_1 expire 1 line
04-19 09:44:05.358  2270  3688 I chatty  : uid=1000(system) Binder:2270_D expire 1 line
04-19 09:44:05.363  2270 11558 I chatty  : uid=1000(system) Binder:2270_1A expire 3 lines
04-19 09:44:05.368  2270 24012 I chatty  : uid=1000(system) Binder:2270_1B expire 1 line
04-19 09:44:07.242  2270  2640 I chatty  : uid=1000(system) AlarmManager expire 3 lines
04-19 09:44:07.276  2270 20441 I chatty  : uid=1000(system) Binder:2270_1E expire 3 lines
04-19 09:44:07.461  2270  3706 I chatty  : uid=1000(system) Binder:2270_11 expire 4 lines
04-19 09:44:09.055  2270  2270 I chatty  : uid=1000 system_server expire 24 lines
04-19 09:44:30.779  2270  3479 I chatty  : uid=1000(system) Binder:2270_7 expire 6 lines
04-19 09:44:32.859  2270  3711 I chatty  : uid=1000(system) Binder:2270_13 expire 3 lines
04-19 09:45:53.222  2270  2297 I chatty  : uid=1000(system) batterystats-sy expire 5 lines
04-19 09:46:14.410  2270  2642 I chatty  : uid=1000(system) InputReader expire 3 lines
04-19 09:46:14.433  2270  2322 I chatty  : uid=1000(system) PowerManagerSer expire 6 lines
04-19 09:46:14.434  2270  2318 I chatty  : uid=1000(system) android.display expire 3 lines
04-19 09:46:14.528  2270  2790 I chatty  : uid=1000(system) Binder:2270_5 expire 5 lines
04-19 09:46:14.536  2270  3654 I chatty  : uid=1000(system) Binder:2270_B expire 3 lines
04-19 09:46:14.543  2270  3697 I chatty  : uid=1000(system) Binder:2270_10 expire 5 lines
04-19 09:46:14.553  2270  2285 I chatty  : uid=1000(system) Binder:2270_2 expire 5 lines
04-19 09:46:14.564  2270  3633 I chatty  : uid=1000(system) Binder:2270_A expire 4 lines
04-19 09:46:14.571  2270  2668 I chatty  : uid=1000(system) WifiStateMachin expire 8 lines
04-19 09:46:14.602  2270  3693 I chatty  : uid=1000(system) Binder:2270_F expire 2 lines
04-19 09:46:14.628  2270  3689 I chatty  : uid=1000(system) Binder:2270_E expire 3 lines
04-19 09:46:14.652  2270 10250 I chatty  : uid=1000(system) Binder:2270_15 expire 2 lines
04-19 09:46:14.668  2270 11357 I chatty  : uid=1000(system) Binder:2270_16 expire 2 lines
04-19 09:46:14.685  2270  2797 I chatty  : uid=1000(system) Binder:2270_6 expire 2 lines
04-19 09:46:16.195  2270 11556 I chatty  : uid=1000(system) Binder:2270_18 expire 1 line
04-19 09:46:16.457  2270  2681 I chatty  : uid=1000(system) ConnectivitySer expire 6 lines
04-19 09:46:16.550  2270  3658 I chatty  : uid=1000(system) Binder:2270_C expire 2 lines
04-19 09:46:16.566  2270 11358 I chatty  : uid=1000(system) Binder:2270_17 expire 3 lines
04-19 09:46:16.581  2270  2316 I chatty  : uid=1000(system) android.fg expire 1 line
04-19 09:46:16.656  2270 11557 I chatty  : uid=1000(system) Binder:2270_19 expire 3 lines
04-19 09:46:18.876  2270  3712 I chatty  : uid=1000(system) Binder:2270_14 expire 8 lines
04-19 09:46:22.843  2270  2640 I chatty  : uid=1000(system) AlarmManager expire 5 lines
04-19 09:46:22.851  2270  3711 I chatty  : uid=1000(system) Binder:2270_13 expire 3 lines
04-19 09:46:26.456  2270  2668 I chatty  : uid=1000(system) WifiStateMachin expire 41 lines
04-19 09:46:26.464  2270  2294 I chatty  : uid=1000(system) ActivityManager expire 37 lines
04-19 09:46:26.475  2270  2270 I chatty  : uid=1000 system_server expire 39 lines
04-19 09:46:29.207  2270  3706 I chatty  : uid=1000(system) Binder:2270_11 expire 1 line
04-19 09:46:34.330  2270  2322 I chatty  : uid=1000(system) PowerManagerSer expire 8 lines
04-19 09:46:34.634  2270  2318 I chatty  : uid=1000(system) android.display expire 4 lines
04-19 09:46:35.079  2270 11557 I chatty  : uid=1000(system) Binder:2270_19 expire 2 lines
04-19 09:46:35.556  2270 11558 I chatty  : uid=1000(system) Binder:2270_1A expire 3 lines
04-19 09:47:00.960  2270  3693 I chatty  : uid=1000(system) Binder:2270_F expire 1 line
04-19 09:47:01.176  2270 16877 I chatty  : uid=1000(system) Binder:2270_1D expire 2 lines
04-19 09:47:17.877  2270  2642 I chatty  : uid=1000(system) InputReader expire 3 lines
04-19 09:47:18.023  2270  2285 I chatty  : uid=1000(system) Binder:2270_2 expire 3 lines
04-19 09:47:18.060  2270 11357 I chatty  : uid=1000(system) Binder:2270_16 expire 2 lines
04-19 09:47:18.073  2270  3632 I chatty  : uid=1000(system) Binder:2270_9 expire 4 lines
04-19 09:47:18.088  2270 24013 I chatty  : uid=1000(system) Binder:2270_1C expire 3 lines
04-19 09:47:18.116  2270 11556 I chatty  : uid=1000(system) Binder:2270_18 expire 2 lines
04-19 09:47:18.129  2270 24012 I chatty  : uid=1000(system) Binder:2270_1B expire 2 lines
04-19 09:47:18.148  2270  3697 I chatty  : uid=1000(system) Binder:2270_10 expire 2 lines
04-19 09:47:18.173  2270  3479 I chatty  : uid=1000(system) Binder:2270_7 expire 2 lines
04-19 09:47:18.175  2270  2788 I chatty  : uid=1000(system) Binder:2270_4 expire 2 lines
04-19 09:47:18.178  2270  3631 I chatty  : uid=1000(system) Binder:2270_8 expire 1 line
04-19 09:47:19.466  2773  2773 V KeyguardDisplayManager: hide
04-19 09:47:19.470  2270  3658 I chatty  : uid=1000(system) Binder:2270_C expire 2 lines
04-19 09:47:19.475  2270  2294 I chatty  : uid=1000(system) ActivityManager expire 7 lines
04-19 09:47:19.511  2270  2668 I chatty  : uid=1000(system) WifiStateMachin expire 3 lines
04-19 09:47:19.563  2270  3688 I chatty  : uid=1000(system) Binder:2270_D expire 1 line
04-19 09:47:19.609  2270  2797 I chatty  : uid=1000(system) Binder:2270_6 expire 2 lines
04-19 09:47:19.666  2270 11358 I chatty  : uid=1000(system) Binder:2270_17 expire 1 line
04-19 09:47:19.724  2270  2284 I chatty  : uid=1000(system) Binder:2270_1 expire 1 line
04-19 09:47:20.178  2270  2270 I chatty  : uid=1000 system_server expire 15 lines
04-19 09:47:20.699  2773  2773 V KeyguardStatusView: refresh statusview showing:true
04-19 09:47:20.713  2773  2773 V KeyguardDisplayManager: show
04-19 09:48:45.325  2270  2294 I chatty  : uid=1000(system) ActivityManager expire 50 lines
04-19 09:48:45.338  2270  2668 I chatty  : uid=1000(system) WifiStateMachin expire 44 lines
04-19 09:48:45.341  2270 24012 I chatty  : uid=1000(system) Binder:2270_1B expire 3 lines
04-19 09:48:45.353  2270 16877 I chatty  : uid=1000(system) Binder:2270_1D expire 2 lines
04-19 09:48:45.354  2270  2322 I chatty  : uid=1000(system) PowerManagerSer expire 1 line
04-19 09:48:45.365  2270  3706 I chatty  : uid=1000(system) Binder:2270_11 expire 1 line
04-19 09:48:45.371  2270  3632 I chatty  : uid=1000(system) Binder:2270_9 expire 2 lines
04-19 09:48:45.392  2270 11556 I chatty  : uid=1000(system) Binder:2270_18 expire 3 lines
04-19 09:48:45.412  2270  3693 I chatty  : uid=1000(system) Binder:2270_F expire 5 lines
04-19 09:48:45.444  2270 20441 I chatty  : uid=1000(system) Binder:2270_1E expire 4 lines
04-19 09:48:45.465  2270  3709 I chatty  : uid=1000(system) Binder:2270_12 expire 1 line
04-19 09:48:45.481  2270  3712 I chatty  : uid=1000(system) Binder:2270_14 expire 2 lines
04-19 09:48:45.496  2270 11357 I chatty  : uid=1000(system) Binder:2270_16 expire 1 line
04-19 09:48:45.642  2270  3689 I chatty  : uid=1000(system) Binder:2270_E expire 3 lines
04-19 09:48:45.664  2270  3631 I chatty  : uid=1000(system) Binder:2270_8 expire 4 lines
04-19 09:48:45.668  2270 10250 I chatty  : uid=1000(system) Binder:2270_15 expire 1 line
04-19 09:48:45.671  2270  3633 I chatty  : uid=1000(system) Binder:2270_A expire 2 lines
04-19 09:48:45.678  2270 24013 I chatty  : uid=1000(system) Binder:2270_1C expire 1 line
04-19 09:48:52.018  2773  2773 V KeyguardDisplayManager: hide
04-19 09:48:52.096  2270  3688 I chatty  : uid=1000(system) Binder:2270_D expire 2 lines
04-19 09:48:52.137  2270 11557 I chatty  : uid=1000(system) Binder:2270_19 expire 1 line
04-19 09:48:52.146  2270  3658 I chatty  : uid=1000(system) Binder:2270_C expire 2 lines
04-19 09:48:52.155  2270  3479 I chatty  : uid=1000(system) Binder:2270_7 expire 2 lines
04-19 09:48:52.170  2270  3711 I chatty  : uid=1000(system) Binder:2270_13 expire 2 lines
04-19 09:48:55.874  2270  2270 I chatty  : uid=1000 system_server expire 29 lines
04-19 09:48:59.347  2270  2297 I chatty  : uid=1000(system) batterystats-sy expire 2 lines
04-19 09:48:59.369  2270  2664 I chatty  : uid=1000(system) WifiP2pService expire 7 lines
04-19 09:48:59.371  2270  2318 I chatty  : uid=1000(system) android.display expire 2 lines
04-19 09:48:59.373  2270  3697 I chatty  : uid=1000(system) Binder:2270_10 expire 5 lines
04-19 09:48:59.412  2270  2788 I chatty  : uid=1000(system) Binder:2270_4 expire 2 lines
04-19 09:49:00.000  2270  2640 I chatty  : uid=1000(system) AlarmManager expire 1 line
04-19 09:49:00.117  2270 11358 I chatty  : uid=1000(system) Binder:2270_17 expire 3 lines
04-19 09:49:00.620  2270  2797 I chatty  : uid=1000(system) Binder:2270_6 expire 1 line
04-19 09:49:02.255  2270  2681 I chatty  : uid=1000(system) ConnectivitySer expire 13 lines
04-19 09:49:02.261  2270  2294 I chatty  : uid=1000(system) ActivityManager expire 28 lines
04-19 09:49:02.265  2270  2270 I chatty  : uid=1000 system_server expire 12 lines
04-19 09:49:02.274  2270  2668 I chatty  : uid=1000(system) WifiStateMachin expire 12 lines
04-19 09:49:02.401  2270  3693 I chatty  : uid=1000(system) Binder:2270_F expire 6 lines
04-19 09:49:02.589  2270  2316 I chatty  : uid=1000(system) android.fg expire 1 line
04-19 09:49:02.591  2270  2297 I chatty  : uid=1000(system) batterystats-sy expire 1 line
04-19 09:49:02.591  2270  2285 I chatty  : uid=1000(system) Binder:2270_2 expire 2 lines
04-19 09:49:02.662  2270  3709 I chatty  : uid=1000(system) Binder:2270_12 expire 17 lines
04-19 09:49:02.836  2270 11243 I chatty  : uid=1000 system_server expire 1 line
04-19 09:49:02.887  2270 24013 I chatty  : uid=1000(system) Binder:2270_1C expire 10 lines
04-19 09:49:02.915  2270 11557 I chatty  : uid=1000(system) Binder:2270_19 expire 10 lines
04-19 09:49:02.925  2270  3632 I chatty  : uid=1000(system) Binder:2270_9 expire 5 lines
04-19 09:49:02.929  2270 11357 I chatty  : uid=1000(system) Binder:2270_16 expire 1 line
04-19 09:49:02.942  2270  2692 I chatty  : uid=1000(system) Binder:2270_3 expire 4 lines
04-19 09:49:02.943  2270 11556 I chatty  : uid=1000(system) Binder:2270_18 expire 8 lines
04-19 09:49:02.950  2270  3688 I chatty  : uid=1000(system) Binder:2270_D expire 2 lines
04-19 09:49:03.650  2270  3689 I chatty  : uid=1000(system) Binder:2270_E expire 3 lines
04-19 09:49:03.656  2270  3631 I chatty  : uid=1000(system) Binder:2270_8 expire 2 lines
04-19 09:49:03.754  2270  2284 I chatty  : uid=1000(system) Binder:2270_1 expire 4 lines
04-19 09:49:03.995  2270 10250 I chatty  : uid=1000(system) Binder:2270_15 expire 6 lines
04-19 09:49:04.448  2270  3712 I chatty  : uid=1000(system) Binder:2270_14 expire 5 lines
04-19 09:49:04.563  2270  3697 I chatty  : uid=1000(system) Binder:2270_10 expire 3 lines
04-19 09:49:04.565  2270  2797 I chatty  : uid=1000(system) Binder:2270_6 expire 5 lines
04-19 09:49:04.577  2270  2788 I chatty  : uid=1000(system) Binder:2270_4 expire 4 lines
04-19 09:49:04.591  2270 11358 I chatty  : uid=1000(system) Binder:2270_17 expire 5 lines
04-19 09:49:04.642  2270 16877 I chatty  : uid=1000(system) Binder:2270_1D expire 4 lines
04-19 09:49:04.971  2270  2318 I chatty  : uid=1000(system) android.display expire 1 line
04-19 09:49:05.140  2270 24012 I chatty  : uid=1000(system) Binder:2270_1B expire 5 lines
04-19 09:49:05.233  2270  2641 I chatty  : uid=1000(system) InputDispatcher expire 2 lines
04-19 09:49:05.304  2270 20441 I chatty  : uid=1000(system) Binder:2270_1E expire 2 lines
04-19 09:49:09.760  2270  3654 I chatty  : uid=1000(system) Binder:2270_B expire 2 lines
04-19 09:49:10.777  2270  3479 I chatty  : uid=1000(system) Binder:2270_7 expire 1 line
04-19 09:49:10.869  2270  2790 I chatty  : uid=1000(system) Binder:2270_5 expire 3 lines
04-19 09:49:11.159  2270  3633 I chatty  : uid=1000(system) Binder:2270_A expire 1 line
04-19 09:49:12.159  2270  2293 I chatty  : uid=1000(system) android.bg expire 1 line
04-19 09:49:12.687  2270  3706 I chatty  : uid=1000(system) Binder:2270_11 expire 1 line
04-19 09:49:12.690  2270 11558 I chatty  : uid=1000(system) Binder:2270_1A expire 1 line
04-19 09:49:12.697  2270  3658 I chatty  : uid=1000(system) Binder:2270_C expire 1 line
04-19 09:49:12.784  2270  3711 I chatty  : uid=1000(system) Binder:2270_13 expire 2 lines
04-19 09:49:12.797   475   485 D VoldCryptCmdListener: cryptfs getpwtype
04-19 09:49:12.798  2270  2645 I chatty  : uid=1000(system) CryptdConnector expire 1 line
04-19 09:49:14.266  2270  2659 I chatty  : uid=1000(system) NetworkStats expire 2 lines
04-19 09:49:14.266  2270  2294 I chatty  : uid=1000(system) ActivityManager expire 11 lines
04-19 09:49:15.233  2270 11558 I chatty  : uid=1000(system) Binder:2270_1A expire 1 line
04-19 09:49:15.705  2270  2659 I chatty  : uid=1000(system) NetworkStats expire 1 line
04-19 09:49:16.003  2270  3697 I chatty  : uid=1000(system) Binder:2270_10 expire 12 lines
04-19 09:49:16.008  2270  3658 I chatty  : uid=1000(system) Binder:2270_C expire 4 lines
04-19 09:49:19.340  2270  2270 I chatty  : uid=1000 system_server expire 3 lines
04-19 09:49:19.938  2270  3632 I chatty  : uid=1000(system) Binder:2270_9 expire 3 lines
04-19 09:49:19.944  2270  3631 I chatty  : uid=1000(system) Binder:2270_8 expire 3 lines
04-19 09:49:19.949  2270 24013 I chatty  : uid=1000(system) Binder:2270_1C expire 3 lines
04-19 09:49:19.954  2270  3712 I chatty  : uid=1000(system) Binder:2270_14 expire 3 lines
04-19 09:49:20.033  2270  2641 I chatty  : uid=1000(system) InputDispatcher expire 2 lines
04-19 09:49:20.101  2270  3693 I chatty  : uid=1000(system) Binder:2270_F expire 10 lines
04-19 09:49:20.154  2270 11358 I chatty  : uid=1000(system) Binder:2270_17 expire 3 lines
04-19 09:49:20.159  2270  3633 I chatty  : uid=1000(system) Binder:2270_A expire 15 lines
04-19 09:49:20.161  2270  2285 I chatty  : uid=1000(system) Binder:2270_2 expire 15 lines
04-19 09:49:20.164  2270  3479 I chatty  : uid=1000(system) Binder:2270_7 expire 5 lines
04-19 09:49:24.489  2270  2642 I chatty  : uid=1000(system) InputReader expire 1 line
04-19 09:49:24.929  2270  2318 I chatty  : uid=1000(system) android.display expire 1 line
04-19 09:49:25.130  2270  2322 I chatty  : uid=1000(system) PowerManagerSer expire 1 line
04-19 09:49:25.273  2773  2773 V KeyguardStatusView: refresh statusview showing:true
04-19 09:49:25.294  2773  2773 V KeyguardDisplayManager: show
04-19 09:49:25.324  2270 24012 I chatty  : uid=1000(system) Binder:2270_1B expire 12 lines
04-19 09:49:32.857  2270  2640 I chatty  : uid=1000(system) AlarmManager expire 9 lines
04-19 09:49:45.104  2270  2790 I chatty  : uid=1000(system) Binder:2270_5 expire 3 lines
04-19 09:49:45.114  2270  3688 I chatty  : uid=1000(system) Binder:2270_D expire 4 lines
04-19 09:49:45.923  2270 10250 I chatty  : uid=1000(system) Binder:2270_15 expire 1 line
04-19 09:49:45.933  2270 11557 I chatty  : uid=1000(system) Binder:2270_19 expire 4 lines
04-19 09:49:45.996  2270  3709 I chatty  : uid=1000(system) Binder:2270_12 expire 1 line
04-19 09:49:46.032  2270  3654 I chatty  : uid=1000(system) Binder:2270_B expire 3 lines
04-19 09:49:46.049  2270 11556 I chatty  : uid=1000(system) Binder:2270_18 expire 3 lines
04-19 09:50:15.203  2270  2316 I chatty  : uid=1000(system) android.fg expire 14 lines
04-19 09:50:15.206  2270 16877 I chatty  : uid=1000(system) Binder:2270_1D expire 3 lines
04-19 09:50:15.212  2270  2297 I chatty  : uid=1000(system) batterystats-sy expire 28 lines
04-19 09:50:46.428 11734 11734 D ActivityThread: Loading provider contacts;com.android.contacts: com.android.providers.contacts.SemcContactsProvider2
04-19 09:51:20.006  2270  3706 I chatty  : uid=1000(system) Binder:2270_11 expire 9 lines
04-19 09:51:22.646  2270  3689 I chatty  : uid=1000(system) Binder:2270_E expire 2 lines
04-19 09:51:22.666  2270 11357 I chatty  : uid=1000(system) Binder:2270_16 expire 3 lines
04-19 09:51:25.287  2270  2692 I chatty  : uid=1000(system) Binder:2270_3 expire 1 line
04-19 09:52:13.545  2270  2797 I chatty  : uid=1000(system) Binder:2270_6 expire 8 lines
04-19 09:55:09.232  2270  2294 I chatty  : uid=1000(system) ActivityManager expire 30 lines
04-19 09:55:09.401  2270 11556 I chatty  : uid=1000(system) Binder:2270_18 expire 2 lines
04-19 09:55:09.435  2270 11557 I chatty  : uid=1000(system) Binder:2270_19 expire 9 lines
04-19 09:55:09.821  2270  3693 I chatty  : uid=1000(system) Binder:2270_F expire 4 lines
04-19 09:55:10.127  2270  3658 I chatty  : uid=1000(system) Binder:2270_C expire 3 lines
04-19 09:55:10.135  2270  3654 I chatty  : uid=1000(system) Binder:2270_B expire 2 lines
04-19 09:55:45.444  2270  2640 I chatty  : uid=1000(system) AlarmManager expire 10 lines
04-19 09:55:45.456  2270  2297 I chatty  : uid=1000(system) batterystats-sy expire 15 lines
04-19 09:55:45.528  2270  2316 I chatty  : uid=1000(system) android.fg expire 9 lines
04-19 09:55:45.682  2270  3631 I chatty  : uid=1000(system) Binder:2270_8 expire 2 lines
04-19 09:55:45.690  2270  3688 I chatty  : uid=1000(system) Binder:2270_D expire 3 lines
04-19 09:55:45.692  2270 11358 I chatty  : uid=1000(system) Binder:2270_17 expire 3 lines
04-19 09:55:45.744  2270  3706 I chatty  : uid=1000(system) Binder:2270_11 expire 3 lines
04-19 09:55:45.758  2270 24012 I chatty  : uid=1000(system) Binder:2270_1B expire 13 lines
04-19 09:55:45.778  2270  2293 I chatty  : uid=1000(system) android.bg expire 4 lines
04-19 09:55:45.868  2270  3632 I chatty  : uid=1000(system) Binder:2270_9 expire 1 line
04-19 09:55:45.874  2270  3689 I chatty  : uid=1000(system) Binder:2270_E expire 1 line
04-19 09:55:46.385  2270  2788 I chatty  : uid=1000(system) Binder:2270_4 expire 2 lines
04-19 09:58:04.688  2270  2642 I chatty  : uid=1000(system) InputReader expire 3 lines
04-19 09:58:04.695  2270  2270 I chatty  : uid=1000 system_server expire 18 lines
04-19 09:58:04.737  2270  2322 I chatty  : uid=1000(system) PowerManagerSer expire 4 lines
04-19 09:58:04.739  2270  2318 I chatty  : uid=1000(system) android.display expire 3 lines
04-19 09:58:04.844  2270  2692 I chatty  : uid=1000(system) Binder:2270_3 expire 2 lines
04-19 09:58:04.906  2270  3697 I chatty  : uid=1000(system) Binder:2270_10 expire 7 lines
04-19 09:58:04.936  2270 24013 I chatty  : uid=1000(system) Binder:2270_1C expire 7 lines
04-19 09:58:04.946  2270 11558 I chatty  : uid=1000(system) Binder:2270_1A expire 2 lines
04-19 09:58:04.991  2270  3479 I chatty  : uid=1000(system) Binder:2270_7 expire 4 lines
04-19 09:58:05.016  2270 10250 I chatty  : uid=1000(system) Binder:2270_15 expire 1 line
04-19 09:58:05.029  2270  2790 I chatty  : uid=1000(system) Binder:2270_5 expire 1 line
04-19 09:58:05.036  2270  3633 I chatty  : uid=1000(system) Binder:2270_A expire 1 line
04-19 09:58:05.180  2270  2285 I chatty  : uid=1000(system) Binder:2270_2 expire 3 lines
04-19 09:58:05.219  2270 16877 I chatty  : uid=1000(system) Binder:2270_1D expire 2 lines
04-19 09:58:05.260  2270  3711 I chatty  : uid=1000(system) Binder:2270_13 expire 1 line
04-19 09:58:05.551  2270  3712 I chatty  : uid=1000(system) Binder:2270_14 expire 4 lines
04-19 09:59:59.497  2270 20441 I chatty  : uid=1000(system) Binder:2270_1E expire 3 lines
04-19 10:00:31.180  2270  2284 I chatty  : uid=1000(system) Binder:2270_1 expire 5 lines
04-19 10:00:31.229  2270  3706 I chatty  : uid=1000(system) Binder:2270_11 expire 3 lines
04-19 10:00:31.239  2270  2270 I chatty  : uid=1000 system_server expire 69 lines
04-19 10:00:31.239  2270  2294 I chatty  : uid=1000(system) ActivityManager expire 19 lines
04-19 10:00:31.258  2270 10250 I chatty  : uid=1000(system) Binder:2270_15 expire 8 lines
04-19 10:00:31.265  2270  3632 I chatty  : uid=1000(system) Binder:2270_9 expire 3 lines
04-19 10:00:31.282  2270  3631 I chatty  : uid=1000(system) Binder:2270_8 expire 5 lines
04-19 10:00:31.301  2270  3711 I chatty  : uid=1000(system) Binder:2270_13 expire 1 line
04-19 10:00:31.302  2270 24012 I chatty  : uid=1000(system) Binder:2270_1B expire 1 line
